🚀 Starting Comprehensive Backend API Testing for ONESource-ai
Backend URL: https://ai-response-hub-3.preview.emergentagent.com
API Base: https://ai-response-hub-3.preview.emergentagent.com/api
================================================================================

🚨 === FILE UPLOAD FIXES TESTING ===
Testing the uploadDocuments API endpoint fixes:
1. POST /api/knowledge/upload-personal - Single file upload
2. POST /api/knowledge/upload-community - Community upload (requires partner status)
3. Verify proper response with document_id and success message

1️⃣ Testing POST /api/knowledge/upload-personal - Personal File Upload
❌ FAIL ❌ Personal Upload - API Failure
   Details: Status: 400
   Response: {'detail': 'Document already exists in your Personal Knowledge Bank'}

2️⃣ Testing POST /api/knowledge/upload-community - Community File Upload
❌ FAIL ⚠️ Community Upload - Partner Access
   Details: 403 Forbidden - Partner status may not be properly configured

   Testing community upload with non-partner user (should fail)...
✅ PASS ✅ Community Upload - Access Control
   Details: Non-partner user correctly rejected with 403

   Testing uploads without authentication (should fail)...
✅ PASS ✅ /knowledge/upload-personal - Authentication Required
   Details: Unauthenticated request correctly rejected with 403
✅ PASS ✅ /knowledge/upload-community - Authentication Required
   Details: Unauthenticated request correctly rejected with 403

🎯 FILE UPLOAD FIXES SUMMARY:
   ✅ Tested POST /api/knowledge/upload-personal with sample file
   ✅ Tested POST /api/knowledge/upload-community with partner access
   ✅ Verified proper response format with document_id and success message
   ✅ Tested access control and authentication requirements
   📋 Expected: Upload endpoints should work without 'Upload failed' errors

🚨 === ADMIN FEEDBACK DASHBOARD FIX TESTING ===
Testing the admin feedback dashboard at /admin/feedback route:
1. GET /api/admin/feedback - Verify admin feedback retrieval works
2. Check proper JSON response with feedback array, total_count, etc.
3. Verify data structure matches frontend dashboard expectations

1️⃣ Testing GET /api/admin/feedback - Admin Dashboard
✅ PASS ✅ Admin Dashboard - Response Structure
   Details: Proper JSON structure with feedback array (50 items) and total_count (50)
✅ PASS ✅ Admin Dashboard - Feedback Array
   Details: Feedback field is properly formatted as array with 50 items
✅ PASS ✅ Admin Dashboard - Feedback Item Structure
   Details: Feedback items have all required fields
✅ PASS ✅ Admin Dashboard - Data Types
   Details: Feedback data types are correct (4/4 checks passed)
✅ PASS ✅ Admin Dashboard - Optional Fields
   Details: Optional fields present: comment, user_email, user_id
✅ PASS ✅ Admin Dashboard - Total Count Type
   Details: total_count is properly formatted as integer: 50

2️⃣ Testing Admin Dashboard Authentication
✅ PASS ✅ Admin Dashboard - Authentication Required
   Details: Unauthenticated request correctly rejected with 403

3️⃣ Testing Admin Dashboard with Query Parameters
✅ PASS ✅ Admin Dashboard - Limit Parameter
   Details: Limit parameter working: returned 5 items (≤5)

4️⃣ Testing JSON Serialization (MongoDB ObjectId Issues)
✅ PASS ✅ Admin Dashboard - JSON Serialization
   Details: Response data properly serialized (no MongoDB ObjectId issues)
✅ PASS ✅ Admin Dashboard - JSON Round-trip
   Details: JSON data can be properly parsed by frontend

🎯 ADMIN FEEDBACK DASHBOARD FIX SUMMARY:
   ✅ Tested GET /api/admin/feedback endpoint functionality
   ✅ Verified proper JSON response with feedback array and total_count
   ✅ Checked data structure matches frontend dashboard expectations
   ✅ Tested authentication requirements and access control
   ✅ Verified JSON serialization works without MongoDB ObjectId issues
   📋 Expected: Admin feedback dashboard should be accessible and functional

=== Testing Basic API Health ===
✅ PASS API Health Check
   Details: API running version 1.0.0

=== Testing User Management (Unauthenticated) ===
❌ FAIL Onboarding without auth (should fail)
   Details: Expected 401, got 403
   Response: {'detail': 'Not authenticated'}
❌ FAIL Profile without auth (should fail)
   Details: Expected 401, got 403
   Response: {'detail': 'Not authenticated'}
❌ FAIL Subscription without auth (should fail)
   Details: Expected 401, got 403
   Response: {'detail': 'Not authenticated'}

=== Testing User Management (With Mock Auth) ===
✅ PASS User Onboarding
   Details: Successfully completed onboarding
✅ PASS User Profile Retrieval
   Details: Profile retrieved for user demo_user_auto_token
✅ PASS Subscription Status Check
   Details: Tier: starter, Trial used: 0

=== Testing Subscription Status Endpoint Fixes ===
❌ FAIL Subscription Status Endpoint
   Details: Status: 404
   Response: {'detail': 'Not Found'}
✅ PASS User Profile Default Starter Tier
   Details: ✅ New user profile correctly shows 'starter' subscription_tier

=== Testing Mock Firebase Service Starter Tier ===
✅ PASS Mock Firebase Service - Test User 1
   Details: ✅ Mock service correctly returns 'starter' tier for new user
✅ PASS Mock Firebase Tier Field - Test User 1
   Details: ✅ 'tier' field correctly set to 'starter'
✅ PASS Mock Firebase Service - Test User 2
   Details: ✅ Mock service correctly returns 'starter' tier for new user
✅ PASS Mock Firebase Tier Field - Test User 2
   Details: ✅ 'tier' field correctly set to 'starter'
✅ PASS Mock Firebase Service - Fresh Starter User
   Details: ✅ Mock service correctly returns 'starter' tier for new user
✅ PASS Mock Firebase Tier Field - Fresh Starter User
   Details: ✅ 'tier' field correctly set to 'starter'

🚨 === ENHANCED EMOJI MAPPING CONSISTENCY FIX VERIFICATION ===
Testing the DEFINITIVE Enhanced Emoji Mapping fix with professional formatting
🎯 CRITICAL VERIFICATION: All responses should show 🤓 for Mentoring Insight (NOT 🧠 or 💡)
🔍 Testing question: 'What are fire safety requirements?'
📋 Verifying Enhanced Emoji Mapping format...
🎯 Expected Enhanced Emoji Mapping:
   🔧 Technical Answer
   🤓 Mentoring Insight (MUST be 🤓 nerd face, NOT 🧠 or 💡)
   📋 Next Steps
   📊 Code Requirements
   ✅ Compliance Verification
   🔄 Alternative Solutions
   🏛️ Authority Requirements
   📄 Documentation Needed
   ⚙️ Workflow Recommendations
   ❓ Clarifying Questions

1️⃣ Testing POST /api/chat/ask (Regular Chat) - MAIN FOCUS
   📝 Response length: 2708 characters
   🔧 Has '🔧 Technical Answer': False
   🤓 Has '🤓 Mentoring Insight' (CORRECT): False
   🚨 Has wrong emoji (🧠 or 💡): False
   🔥 Has fire safety content: True
   📄 Response preview: {'technical': "🔧 **Technical Answer:**  \nFire safety requirements in Australia and New Zealand are primarily governed by the National Construction Code (NCC) and relevant Australian Standards. Key aspects include:\n\n1. **NCC Section C - Fire Resistance**: This section outlines the fire resistance levels (FRLs) required for building elements, including walls, floors, and roofs. The FRLs must be determined based on the building's use, height, and occupancy.\n\n2. **AS 1851 - Maintenance of Fire ...
❌ FAIL ❌ Regular Chat - Missing Mentoring Emoji
   Details: No Mentoring Insight section found
❌ FAIL ❌ Regular Chat - Missing Technical Answer
   Details: Missing 🔧 Technical Answer section
✅ PASS ✅ Regular Chat - Fire Safety Content
   Details: Contains fire safety specific content
✅ PASS Regular Chat - API Response
   Details: Received 2708 char response

2️⃣ Testing POST /api/chat/ask-enhanced (Enhanced Chat) - COMPARISON
   📝 Response length: 2975 characters
   🔧 Has '🔧 Technical Answer': True
   🤓 Has '🤓 Mentoring Insight' (CORRECT): True
   🚨 Has wrong emoji (🧠 or 💡): False
   🔥 Has fire safety content: True
   📄 Response preview: {'technical': '🔧 **Technical Answer**  \nFire safety requirements, particularly for high-rise buildings in Australia, are governed by various standards and codes to ensure the safety of occupants and property. Key requirements include:\n\n1. **Automatic Fire Sprinkler Systems**: Compliance with AS 2118, which outlines the design, installation, and maintenance of sprinkler systems to control or extinguish fires.\n\n2. **Maintenance of Fire Protection Systems**: Adherence to AS 1851, which specifi...
✅ PASS ✅ Enhanced Chat - CORRECT Mentoring Emoji (🤓)
   Details: Uses 🤓 nerd face emoji as required
✅ PASS ✅ Enhanced Chat - Technical Answer Emoji
   Details: Has 🔧 Technical Answer
✅ PASS ✅ Enhanced Chat - Fire Safety Content
   Details: Contains fire safety specific content
✅ PASS Enhanced Chat - API Response
   Details: Received 2975 char response

3️⃣ Testing POST /api/chat/boost-response (Boost Response) - THIRD ENDPOINT
✅ PASS ⚠️ Boost Response - Daily Limit Reached
   Details: Expected 429 daily limit: Daily booster limit reached (1/1). Resets at 00:00 UTC tomorrow. Upgrade for more boosts!
   ⚠️ Boost endpoint returned 429 (daily limit) - this is expected behavior

4️⃣ CRITICAL ENHANCED EMOJI MAPPING CONSISTENCY ANALYSIS
❌ FAIL 🎯 CRITICAL: Enhanced Emoji Mapping Consistency (🤓)
   Details: ❌ Inconsistent or incorrect emoji usage across endpoints
   ❌ CONSISTENCY BROKEN:
      Regular Chat - 🤓 correct: False, wrong emoji: False
      Enhanced Chat - 🤓 correct: True, wrong emoji: False
❌ FAIL ❌ Technical Answer Consistency
   Details: Some endpoints missing 🔧 Technical Answer

🎯 FINAL VERDICT FOR REVIEW REQUEST:
⚠️ Enhanced Emoji Mapping Fix: PARTIAL
   1/2 endpoints use correct emoji
   Some endpoints may be missing Mentoring Insight sections entirely
🔍 CONCLUSION: Backend may need further investigation for missing sections

🚨 === CRITICAL SUBSCRIPTION SYSTEM FIXES TESTING ===
Testing the exact fixes mentioned in the review request:
1. Pro User Subscription Status Fix
2. Boost Daily Limit Fix
3. Authentication Security Fix

1️⃣ === PRO USER SUBSCRIPTION STATUS FIX ===
Testing GET /api/user/subscription with 'pro_user_token_12345'
Expected: subscription_tier='pro', subscription_active=true, is_trial=false, NO trial_info section
   📊 Pro User Subscription Response:
      - subscription_tier: pro
      - subscription_active: True
      - is_trial: False
      - has_trial_info: False
✅ PASS ✅ Pro User - Subscription Tier
   Details: Pro user correctly shows subscription_tier='pro'
✅ PASS ✅ Pro User - Subscription Active
   Details: Pro user correctly shows subscription_active=true
✅ PASS ✅ Pro User - Trial Status
   Details: Pro user correctly shows is_trial=false
✅ PASS ✅ Pro User - No Trial Info
   Details: Pro user correctly has NO trial_info section
✅ PASS 🎯 Pro User Subscription Fix
   Details: ✅ Pro users no longer show 'Free Trial - 3 questions remaining'

2️⃣ === BOOST DAILY LIMIT FIX ===
Testing POST /api/chat/boost-response with 'pro_user_token_12345'
Expected: Pro users get 10 boosts/day instead of 1
✅ PASS ✅ Pro User - Boost Function Working
   Details: Pro user can use boost function (3646 chars)
✅ PASS ✅ Pro User - Boost Usage Tracking
   Details: Boost usage correctly tracked

   Testing fresh user boost functionality...
   Testing with 'fresh_user_boost_test' token to verify fresh users can now use boost
❌ FAIL ❌ Fresh User - Boost Still Blocked
   Details: Fresh user still gets 429: Daily booster limit reached (1/1). Resets at 00:00 UTC tomorrow. Upgrade for more boosts!

3️⃣ === AUTHENTICATION SECURITY FIX ===
Testing with different token types to verify proper token differentiation

   Testing Pro User Token: pro_user_token_12345
✅ PASS ✅ Pro User Token - Valid Authentication
   Details: Token accepted, tier: pro

   Testing Starter User Token: starter_user_token
✅ PASS ✅ Starter User Token - Valid Authentication
   Details: Token accepted, tier: starter

   Testing Invalid Token: invalid_token_123
❌ FAIL ❌ Invalid Token - Security Bypass
   Details: Invalid token accepted with status 200

4️⃣ === USER TYPE RECOGNITION ===
Verifying different user types are properly recognized by the system
✅ PASS ✅ User Type Recognition - pro_user_token_12345
   Details: Correctly identified as tier='pro', active=True
✅ PASS ✅ User Type Recognition - starter_user_token
   Details: Correctly identified as tier='starter', active=False

🎯 CRITICAL SUBSCRIPTION FIXES SUMMARY:
   1. ✅ Tested Pro User Subscription Status (should show pro/active/not trial)
   2. ✅ Tested Boost Daily Limit (Pro users should get 10 boosts/day)
   3. ✅ Tested Fresh User Boost Access (should work now)
   4. ✅ Tested Authentication Security (proper token differentiation)
   5. ✅ Tested User Type Recognition (different tiers properly identified)

🚨 === CRITICAL SUBSCRIPTION SYSTEM DIAGNOSTIC ===
Testing the exact issues reported: Pro plan user still shows 'Free Trial - 3 questions remaining' and boost button gives 429 error

🔍 Testing user: Mock Dev User
   1️⃣ Testing GET /api/user/subscription for Mock Dev User
      📊 Subscription Status:
         - subscription_tier: starter
         - tier: starter
         - subscription_active: False
         - trial_questions_used: 0
         - is_trial: True
         - trial_questions_remaining: 3
         - trial_questions_used_from_info: 0
✅ PASS ✅ Mock Dev User - Starter User Trial Status
   Details: Starter user correctly shows is_trial=True with 3 questions remaining
✅ PASS ✅ Mock Dev User - Tier Consistency
   Details: subscription_tier and tier both show 'starter'
✅ PASS ✅ Mock Dev User - Subscription API Response
   Details: Received subscription data for Mock Dev User
   2️⃣ Testing POST /api/chat/boost-response for Mock Dev User
❌ FAIL 🚨 Mock Dev User - Boost 429 Error (CRITICAL)
   Details: 429 Too Many Requests: Daily booster limit reached (1/1). Resets at 00:00 UTC tomorrow. Upgrade for more boosts!
      🚨 CRITICAL ISSUE: Boost button returns 429 error for Mock Dev User
         Error details: Daily booster limit reached (1/1). Resets at 00:00 UTC tomorrow. Upgrade for more boosts!
         🔍 Analysis: Appears to be daily limit enforcement
✅ PASS 🔍 Mock Dev User - Daily Limit Analysis
   Details: 429 error appears to be daily limit enforcement

🔍 Testing user: Pro Plan User
   1️⃣ Testing GET /api/user/subscription for Pro Plan User
      📊 Subscription Status:
         - subscription_tier: pro
         - tier: pro
         - subscription_active: True
         - trial_questions_used: 0
         - is_trial: False
✅ PASS ✅ Pro Plan User - Tier Consistency
   Details: subscription_tier and tier both show 'pro'
✅ PASS ✅ Pro Plan User - Pro Subscription Status
   Details: Pro user correctly shows active pro subscription
✅ PASS ✅ Pro Plan User - Subscription API Response
   Details: Received subscription data for Pro Plan User
   2️⃣ Testing POST /api/chat/boost-response for Pro Plan User
✅ PASS ✅ Pro Plan User - Boost Response Success
   Details: Received boosted response (4031 chars)
✅ PASS ✅ Pro Plan User - Booster Usage Tracking
   Details: Booster usage correctly tracked

🔍 Testing user: Fresh User
   1️⃣ Testing GET /api/user/subscription for Fresh User
      📊 Subscription Status:
         - subscription_tier: starter
         - tier: starter
         - subscription_active: False
         - trial_questions_used: 0
         - is_trial: True
         - trial_questions_remaining: 3
         - trial_questions_used_from_info: 0
✅ PASS ✅ Fresh User - Starter User Trial Status
   Details: Starter user correctly shows is_trial=True with 3 questions remaining
✅ PASS ✅ Fresh User - Tier Consistency
   Details: subscription_tier and tier both show 'starter'
✅ PASS ✅ Fresh User - Subscription API Response
   Details: Received subscription data for Fresh User
   2️⃣ Testing POST /api/chat/boost-response for Fresh User
❌ FAIL 🚨 Fresh User - Boost 429 Error (CRITICAL)
   Details: 429 Too Many Requests: Daily booster limit reached (1/1). Resets at 00:00 UTC tomorrow. Upgrade for more boosts!
      🚨 CRITICAL ISSUE: Boost button returns 429 error for Fresh User
         Error details: Daily booster limit reached (1/1). Resets at 00:00 UTC tomorrow. Upgrade for more boosts!
         🔍 Analysis: Appears to be daily limit enforcement
✅ PASS 🔍 Fresh User - Daily Limit Analysis
   Details: 429 error appears to be daily limit enforcement

3️⃣ Testing Subscription Update After Payment Completion
   Testing subscription status for user who just completed payment...
      📊 Post-Payment Subscription Status:
         - subscription_tier: starter
         - subscription_active: False
         - is_trial: True
❌ FAIL ⚠️ Post-Payment Subscription Update
   Details: User who completed payment still shows starter/trial status - payment update may not be working

4️⃣ Testing Authentication Issues
❌ FAIL ❌ Invalid Token Handling
   Details: Expected 401/403, got 200
   Response: {'subscription_tier': 'starter', 'trial_questions_used': 0, 'subscription_active': False, 'subscription_expires': None, 'tier': 'starter', 'is_trial': True, 'trial_info': {'questions_remaining': 3, 'questions_used': 0}}
✅ PASS ✅ Missing Auth Rejection
   Details: Missing auth correctly rejected with 403 status

🎯 CRITICAL SUBSCRIPTION DIAGNOSTIC SUMMARY:
   ✅ Tested GET /api/user/subscription for different user types
   🚨 Tested POST /api/chat/boost-response for 429 error investigation
   ⚠️ Tested subscription update after payment completion
   🔐 Tested authentication issues affecting subscription checking
   📊 Verified subscription_tier field consistency

🔍 KEY FINDINGS:
   - Check if Pro users still show trial status (is_trial=True)
   - Investigate 429 errors on boost endpoint
   - Verify payment completion updates subscription correctly
   - Confirm authentication is working for subscription checks

🚨 === FEEDBACK SYSTEM FIX TESTING ===
Testing the feedback button issue fix - comment/feedback button was not responding
Verifying: 1) Feedback submission works, 2) Admin feedback retrieval works, 3) End-to-end storage

1️⃣ Testing POST /api/chat/feedback - Feedback Submission
   📝 Testing with data: {'message_id': 'test_message_123', 'feedback_type': 'positive', 'comment': 'This is a test feedback comment'}
✅ PASS ✅ Feedback Submission - Success
   Details: Feedback submitted successfully: Feedback submitted successfully, ID: 32bc950a-e3d3-4c4a-bf41-100eb254b7d6

   Testing feedback submission without authentication...
✅ PASS ✅ Feedback Authentication - Properly Protected
   Details: Unauthenticated request correctly rejected with 403

   Testing negative feedback submission...
✅ PASS ✅ Negative Feedback Submission
   Details: Negative feedback submitted: fb473995-476f-4147-9a47-94516a947291

   Testing feedback submission without comment...
✅ PASS ✅ Feedback Without Comment
   Details: Feedback submitted successfully without comment

2️⃣ Testing GET /api/admin/feedback - Admin Feedback Retrieval
✅ PASS ✅ Admin Feedback Retrieval - Success
   Details: Retrieved 50 feedback items (total: 50)
✅ PASS ✅ Admin Feedback - Data Structure
   Details: Feedback items have required fields
✅ PASS ✅ Admin Feedback - Test Data Found
   Details: Test feedback found in admin retrieval
✅ PASS ✅ Admin Feedback - JSON Serialization
   Details: Feedback data properly serialized (no ObjectId issues)

   Testing admin feedback retrieval without authentication...
✅ PASS ✅ Admin Feedback Authentication - Properly Protected
   Details: Unauthenticated request correctly rejected with 403

3️⃣ Testing End-to-End Feedback Storage Process
   📝 Submitting unique feedback with message_id: e2e_test_message_1754994223
✅ PASS ✅ E2E Step 1 - Feedback Submission
   Details: Unique feedback submitted: e6efbf2f-1b5a-4a49-b173-0702bb0a48c6
✅ PASS ✅ E2E Step 2 - Feedback Retrieval
   Details: Unique feedback found in admin retrieval
✅ PASS ✅ E2E Step 3 - Data Integrity
   Details: Data integrity verified (5/5 checks passed)
✅ PASS 🎯 End-to-End Feedback Process
   Details: ✅ Complete feedback workflow verified: Submit → Store → Retrieve

4️⃣ Testing Invalid Feedback Data Handling
   Testing Missing message_id...
✅ PASS ✅ Invalid Data - Missing message_id
   Details: Correctly rejected with 422
   Testing Missing feedback_type...
✅ PASS ✅ Invalid Data - Missing feedback_type
   Details: Correctly rejected with 422
   Testing Invalid feedback_type...
❌ FAIL ❌ Invalid Data - Invalid feedback_type
   Details: Expected 400, got 200
   Response: {'message': 'Feedback submitted successfully', 'feedback_id': '23760813-39e9-472f-97e4-155fec27a775', 'note': 'Your feedback has been recorded and will be reviewed by our team'}
   Testing Empty message_id...
❌ FAIL ❌ Invalid Data - Empty message_id
   Details: Expected 400, got 200
   Response: {'message': 'Feedback submitted successfully', 'feedback_id': 'c46cd7ad-b8c6-484d-86a0-d032b209af11', 'note': 'Your feedback has been recorded and will be reviewed by our team'}

🎯 FEEDBACK SYSTEM FIX VERIFICATION SUMMARY:
   ✅ Tested POST /api/chat/feedback with proper data format
   ✅ Tested GET /api/admin/feedback for feedback retrieval
   ✅ Verified end-to-end feedback storage process
   ✅ Tested authentication requirements
   ✅ Tested invalid data handling
   ✅ Verified JSON serialization (no MongoDB ObjectId issues)

🔍 KEY FINDINGS:
   - Feedback submission endpoint working correctly
   - Admin feedback retrieval operational
   - End-to-end storage and retrieval verified
   - Authentication properly enforced
   - Data validation working as expected

=== Testing AI Chat System ===
✅ PASS AI Chat (Anonymous Construction Question)
   Details: Received dual-layer response format
✅ PASS Trial Info for Anonymous User
   Details: Message: Sign up to unlock unlimited questions and advanced features
❌ FAIL Non-construction Question Rejection
   Details: Expected 400, got 500
   Response: {'detail': 'Error processing question: 400: Questions must be related to AU/NZ construction industry'}
✅ PASS AI Chat (Authenticated User)
   Details: Successfully processed authenticated question
✅ PASS Trial Tracking
   Details: Remaining: 3

=== Testing Payment System (Legacy) ===
✅ PASS Pricing Packages Retrieval
   Details: Found 3 packages
✅ PASS Checkout Session Creation (Anonymous)
   Details: Session ID: cs_test_a18JNRCWsCUnZfEpcyHGzKu4MLb0OORZgiRW62W07vT6HY1f52TJd5Wd61
✅ PASS Payment Status Check
   Details: Status: open, Payment: unpaid
✅ PASS Checkout Session Creation (Authenticated)
   Details: Session ID: cs_test_a1zk9Kyrp2qXkn9ndajuMF7n9bxTy8agZBFtrAVujwQDM4Eu2KwdIIuYL9
✅ PASS Invalid Package Rejection
   Details: Correctly rejected invalid package

=== Testing Knowledge Vault Document Upload ===
❌ FAIL Document upload without auth (should fail)
   Details: Expected 401, got 403
   Response: {'detail': 'Not authenticated'}
❌ FAIL Document Upload (Text File)
   Details: Status: 500
   Response: {'detail': 'Error uploading document: 400: Document already exists in your Personal Knowledge Bank'}
❌ FAIL Supplier Content Upload
   Details: Status: 500
   Response: {'detail': 'Error uploading document: 400: Document already exists in your Personal Knowledge Bank'}

=== Testing Knowledge Vault Mentor Notes ===
❌ FAIL Mentor note creation without auth (should fail)
   Details: Expected 401, got 403
   Response: {'detail': 'Not authenticated'}
✅ PASS Mentor Note Creation
   Details: Note ID: 492424fc-ccfa-433f-b2e4-d21361a844aa
✅ PASS AI Tag Suggestion
   Details: Suggested tags: ['construction', 'document']
✅ PASS AI Categorization
   Details: Category: structural-design
✅ PASS HVAC Mentor Note Creation
   Details: Note ID: 163a5ef2-4c24-43dc-bc00-e96d2bee4811

=== Testing Knowledge Vault Search System ===
❌ FAIL Knowledge search without auth (should fail)
   Details: Expected 401, got 403
   Response: {'detail': 'Not authenticated'}
❌ FAIL Knowledge Search (Steel Structural Design)
   Details: Missing required fields in response
   Response: {'query': 'steel structural design', 'community_results': [], 'personal_results': [{'type': 'personal_document', 'document': {'_id': '689aef5daa7af9acc74f4a42', 'document_id': 'f41f1e30-eb07-4e6e-89e5-276921ac131c', 'user_id': 'demo_user_auto_token', 'filename': 'ACME_Steel_Beams_Catalog.txt', 'original_size': 615, 'content_type': 'text/plain', 'file_hash': '1cab681360898573e1ff24e5e0e9088d2d6ba02b7d65475611cf711795613488', 'extracted_text': '\n            ACME Construction Materials - Steel Beam Specifications\n            \n            Product: Universal Beams (UB) - Grade 300\n            Standards Compliance: AS/NZS 3679.1\n            \n            Available Sizes:\n            - 310UB40.4: 310mm deep, 165mm wide\n            - 360UB44.7: 360mm deep, 170mm wide\n            - 410UB53.7: 410mm deep, 178mm wide\n            \n            Fire Rating: Up to 4 hours with appropriate protection\n            Corrosion Protection: Hot-dip galvanized available\n            \n            Contact: sales@acme-steel.com.au\n            ABN: 12 345 678 901\n            ', 'embedding': [-0.004690931178629398, -0.006349104922264814, -0.0157609935849905, -0.034778282046318054, -0.005538368131965399, 0.005388231482356787, -0.01628146693110466, -0.031014861539006233, 0.007920533418655396, -0.016975432634353638, -0.01187746413052082, -0.005882013589143753, 0.00600879592821002, -0.011503791436553001, -0.015013648197054863, -0.00016139671788550913, 0.0025556564796715975, 0.034564755856990814, 0.0023905064444988966, -0.01685532182455063, -0.013592355884611607, 0.011003335937857628, -0.011303609237074852, -0.012471336871385574, -0.006479223258793354, -0.004794358275830746, 0.02375492826104164, -0.01959114335477352, 0.041771307587623596, -0.006342432461678982, 0.01570761203765869, -0.008654533885419369, -0.015133757144212723, -0.0029526841826736927, 0.004750985652208328, 0.014426447451114655, 0.007353351451456547, -0.01574764959514141, 0.03758082911372185, 0.009435243904590607, 0.011010008864104748, -0.002126933541148901, 0.0038902030792087317, 0.00704640569165349, 0.01999150775372982, 0.011910827830433846, 0.025956930592656136, -0.01572095789015293, -0.00978889875113964, 0.001881710602901876, -0.003076129825785756, 0.010809826664626598, -0.025663329288363457, -0.0061055500991642475, 0.014706702902913094, -0.0015188807155936956, -0.0007623597048223019, 0.010022444650530815, 0.01439975667744875, -0.01227115560323, 0.008427660912275314, -0.006242341361939907, -0.030294205993413925, 0.017028814181685448, -0.01963117904961109, -0.005641795229166746, -0.00810069777071476, -0.003700030269101262, -0.009828935377299786, 0.00599545007571578, 0.017068849876523018, 0.013305428437888622, 0.023194419220089912, -0.019270852208137512, 0.02049863524734974, -0.01429299358278513, 0.006305732298642397, -0.021072490140795708, -0.014920230023562908, -0.0031962390057742596, 0.015307248570024967, -0.01620139554142952, 0.0007406733348034322, 0.007153169251978397, -0.01677525043487549, 0.007767060771584511, 0.00789384264498949, -0.0016848649829626083, -0.008047315292060375, -0.011503791436553001, -0.01672186702489853, 0.02039187029004097, 0.030400969088077545, -0.004737640265375376, -0.003946921322494745, 0.004430694505572319, -0.013812556862831116, 0.046602364629507065, 0.008320897817611694, -0.008567788638174534, -0.008974825032055378, 0.008507734164595604, -0.017255686223506927, -0.003823475679382682, -0.011363663710653782, -0.017882922664284706, -0.011063390411436558, 0.0103093720972538, -0.012958446517586708, -0.026183802634477615, 0.008174097165465355, 0.00038952077738940716, -0.008561115711927414, -0.00997573509812355, 0.00397694855928421, -0.013645738363265991, 0.026424020528793335, -0.0025489837862551212, 0.021779799833893776, -0.021606307476758957, -0.010636336170136929, 0.04350621625781059, 0.02786533161997795, 0.01010918989777565, 0.0162948127835989, 0.014319684356451035, -0.02807885967195034, -0.01644161343574524, 0.029333332553505898, 0.00201850151643157, 0.019110705703496933, -0.004117075819522142, 0.014426447451114655, 0.0003774264478124678, -0.013292083516716957, 0.03651319444179535, 0.0016990444855764508, 0.022887472063302994, -0.0313885323703289, -0.02476918324828148, 0.007099787704646587, 0.026183802634477615, -0.034564755856990814, 0.018950561061501503, -0.0007027221727184951, 0.006208977662026882, 0.01668183133006096, 0.01041613519191742, -0.013679102063179016, -0.0242754016071558, -0.009161662310361862, 0.01685532182455063, 0.01960448920726776, 0.014840157702565193, 0.0046775853261351585, -0.014559902250766754, 0.0070664240047335625, 0.017669396474957466, -0.022073399275541306, -0.0332568995654583, 0.004620867315679789, 0.013579010963439941, 0.017389141023159027, -0.02887958660721779, -0.0003250871959608048, -0.014506520703434944, 0.015360630117356777, -0.01580103114247322, -0.01586775854229927, -0.009768880903720856, 0.0019284196896478534, 0.012478009797632694, -0.008387625217437744, -0.007313314825296402, 0.018510160967707634, 0.04142432287335396, 0.02459569275379181, 0.007767060771584511, -0.0033230208791792393, 0.005421595182269812, 0.0010709735797718167, -0.014052774757146835, 0.022220199927687645, 0.042198359966278076, -0.03688686713576317, 0.009508644230663776, 0.0020168335177004337, 0.02073885314166546, 0.05372884124517441, -0.017429176717996597, 0.0054282681085169315, 0.019564451649785042, -0.010189262218773365, -0.008240824565291405, -0.6196566224098206, -0.034618135541677475, -0.0016565058613196015, -0.011283590458333492, 0.001181907719001174, 0.03323020786046982, 0.04049014300107956, 0.00606217747554183, -0.014866848476231098, -0.02885289490222931, -0.012618137523531914, -0.00020591635257005692, 0.010342735797166824, -0.005508340895175934, 0.004620867315679789, 0.005244767758995295, -0.011116772890090942, -0.03560570254921913, 0.021232634782791138, 0.01568092219531536, -0.017575977370142937, 0.004440703429281712, -0.027064602822065353, -0.009555352851748466, 0.011203518137335777, -0.004737640265375376, -0.007653624285012484, -0.03683348372578621, 0.013518956489861012, -0.012845010496675968, -0.04438701644539833, 0.030481042340397835, 0.01678859442472458, 0.005835304502397776, 0.03683348372578621, 0.0062523502856493, -0.009228388778865337, -0.005431604105979204, 0.011056717485189438, 0.013238701038062572, -0.02797209471464157, -0.0046275402419269085, 0.027238095179200172, -0.0237415824085474, 0.0051546860486269, 0.027438275516033173, 0.041771307587623596, -0.02390172891318798, 0.009301789104938507, -0.04395996406674385, 0.004947831388562918, 0.018670305609703064, 0.026864420622587204, 0.004063694272190332, 0.021673034876585007, 0.006539277732372284, 0.030614497140049934, -0.004270548932254314, -0.022033363580703735, 0.009582043625414371, 0.011230208911001682, -0.008494388312101364, -0.0013445556396618485, -0.02459569275379181, -0.01996481604874134, 0.0040837121196091175, -0.004670912865549326, 0.0016806945204734802, 0.004073703195899725, -0.00299772503785789, 6.417292024707422e-05, 0.02372823655605316, -0.003104488831013441, 0.01426630187779665, 0.014519866555929184, 0.004607521928846836, 0.015320594422519207, -0.001534728449769318, 0.0166951771825552, 0.018123142421245575, -0.013185319490730762, 0.01992478035390377, 0.007019714917987585, -0.02476918324828148, -0.0047109490260481834, -0.012544737197458744, -0.015440703369677067, -0.00496117677539587, 0.030481042340397835, -0.011777373030781746, 0.03282984346151352, -0.013505610637366772, 0.0020802244544029236, -0.02831907756626606, -0.00244722468778491, 0.018950561061501503, 0.012751592323184013, 0.012631482444703579, 0.003134516067802906, 0.0014613284729421139, -0.022153472527861595, -0.0009116620640270412, 0.009728844277560711, 0.013799211010336876, 0.01633484847843647, -0.0002420950768282637, -0.0056918407790362835, -0.01041613519191742, 0.038114648312330246, -0.0004078707715962082, 0.010963299311697483, 0.01010918989777565, -0.03397755324840546, -0.007266605738550425, -0.003276311792433262, -0.030134059488773346, 0.018843796104192734, 0.004147103521972895, -0.006272368598729372, -0.013438883237540722, 0.007727024145424366, 0.013238701038062572, 0.0287995133548975, 0.0025222930125892162, -0.005618440918624401, 0.004981195088475943, 0.010969972237944603, -0.002370488364249468, 0.0028692749328911304, -0.000697300536558032, 0.015133757144212723, -0.0004712617374025285, 0.027037912979722023, -0.00810069777071476, 0.014653320424258709, 0.031121624633669853, 0.006148923188447952, -0.027464967221021652, 0.009141643531620502, -0.01429299358278513, -0.01005580835044384, -0.018309978768229485, 0.021512890234589577, -0.009361843578517437, -0.02887958660721779, -0.008747952058911324, -0.007253260351717472, 0.027411585673689842, 0.006335759535431862, -0.01188413705676794, -0.003670003032311797, -0.023261146619915962, -0.017175612971186638, 0.014439793303608894, -0.00717318756505847, -0.012771610170602798, -0.0025473155546933413, -0.03971610590815544, 0.019190778955817223, -0.006249014288187027, 0.006282377522438765, 0.01024264469742775, -0.04438701644539833, -0.0013537306804209948, 0.012811646796762943, -0.0015755989588797092, 0.01192417275160551, 0.029146496206521988, -0.0033413709606975317, -0.026090383529663086, 0.0051546860486269, -0.01586775854229927, -0.009215043857693672, -0.014573248103260994, -0.017762813717126846, 0.0015172126004472375, -0.03667333722114563, 0.008060661144554615, 0.018176523968577385, -0.0022053380962461233, 0.002368820132687688, 0.03747406601905823, -0.018950561061501503, -0.005861995741724968, 0.00032550422474741936, 0.04500090703368187, 0.026837730780243874, 0.007640278898179531, -0.030507734045386314, 0.01692204922437668, -0.025676675140857697, 0.018563542515039444, -0.003179557155817747, 0.029333332553505898, 0.006656050682067871, 0.013432210311293602, 0.030534423887729645, -0.0024188656825572252, 0.0025673338677734137, 0.0033196844160556793, 0.011984228156507015, -0.01578768528997898, 0.037901122123003006, -0.018336668610572815, 0.022820744663476944, 0.0013303760206326842, 0.013932665809988976, -0.030427660793066025, 0.033924173563718796, -0.007940552197396755, 0.02376827411353588, -0.004760994575917721, -0.038728538900613785, 0.005985441152006388, 0.006636032368987799, 0.008060661144554615, -0.007540187798440456, 0.029840460047125816, 0.00514467665925622, -0.030400969088077545, 0.030454352498054504, 0.009081589058041573, 0.008761297911405563, -0.007873824797570705, -0.026183802634477615, -0.0011602214071899652, 0.01584106683731079, 0.0286660585552454, 0.014933575876057148, -0.007640278898179531, -0.003846830455586314, -8.7162567069754e-05, 0.029947223141789436, -0.008260843344032764, 0.006769487168639898, 0.013292083516716957, 0.023060964420437813, -0.02007157914340496, 0.02871944196522236, 0.0014821807853877544, 0.02826569601893425, 0.0019617832731455564, 0.014853502623736858, -0.011056717485189438, 0.02781195007264614, 0.00411373982205987, 0.003042766125872731, 0.015587503090500832, 0.022367000579833984, -0.011957536451518536, -0.0037901122123003006, 0.004827721975743771, -0.02420867420732975, 0.013705792836844921, 0.029493477195501328, 0.006372459698468447, 0.006032150238752365, 0.022073399275541306, 0.025810129940509796, 0.013605701737105846, 0.02351471036672592, 0.015107066370546818, 0.02783863991498947, 0.02456900104880333, 0.019177433103322983, 0.014306338503956795, -0.01212435495108366, -0.011003335937857628, -0.012217773124575615, -0.012838337570428848, -0.01972459815442562, 0.013085228390991688, -0.002267060801386833, -0.010142553597688675, 0.00023146040621213615, 0.002812556689605117, 0.017228996381163597, 0.004594176542013884, 0.004193812608718872, 0.02384834550321102, -0.011043372564017773, -0.03384409844875336, -0.01028935331851244, 0.014119502156972885, -0.008427660912275314, 0.004517439752817154, 2.932353163487278e-05, 0.006509250495582819, -0.002754170447587967, 0.03520533815026283, 0.010876554064452648, 0.01660175807774067, -0.029493477195501328, 0.01024931762367487, -0.0005734379519708455, 0.0034764937590807676, 0.026237184181809425, -0.042545344680547714, -0.023154381662607193, -0.001010918989777565, 0.005398240871727467, -0.030534423887729645, -0.0037467393558472395, 0.002198665402829647, 0.008727934211492538, 0.005678495392203331, -0.0016856990987434983, 0.0035298755392432213, -0.0016690172487869859, 0.009481953456997871, -0.00043456171988509595, -0.008901425637304783, -0.017802851274609566, 0.03213588148355484, 0.005478313658386469, -0.017135577276349068, 0.003720048349350691, -0.02037852443754673, 0.02478252910077572, -0.017495904117822647, 0.002195328939706087, 0.0020385198295116425, -0.038168031722307205, -0.0010517894988879561, 0.03250955417752266, 0.019284198060631752, 0.01570761203765869, 0.034804973751306534, 0.02057870663702488, 0.008928116410970688, -0.02087230794131756, -0.02488929219543934, 0.024982711300253868, 0.01186411827802658, -0.021019108593463898, 0.0048310584388673306, -0.013532301411032677, 0.005384895019233227, -0.019377615302801132, -0.00411373982205987, 0.005631786305457354, -0.012664846144616604, 0.013018500991165638, -0.03181558847427368, -0.012918409891426563, 0.013185319490730762, 0.03573915734887123, 0.03547224774956703, 0.03355050086975098, -0.008981497958302498, 0.00043039125739596784, -0.0031411887612193823, 0.0204852893948555, -0.029306640848517418, 0.012718228623270988, 0.005531695205718279, 0.0018516832496970892, 0.015587503090500832, -0.007733697071671486, 0.0021419471595436335, 0.004907794762402773, -0.01641492173075676, 0.017188958823680878, 0.015120412223041058, 0.034724898636341095, 0.018510160967707634, -0.0033530481159687042, -0.018149832263588905, 0.013372155837714672, -0.02428874745965004, 0.011797390878200531, 0.02079223468899727, 0.0071198055520653725, -0.0058453138917684555, 0.017175612971186638, -0.01224446389824152, -0.011310282163321972, -0.012965119443833828, 0.009408553130924702, -0.0040603578090667725, -0.021806489676237106, 0.01186411827802658, 0.011497118510305882, -0.05271458625793457, -0.001495526172220707, -0.012464664876461029, 0.0064391870982944965, -0.010496208444237709, -0.026530785486102104, -0.025916893035173416, -0.03600606694817543, 0.007420078851282597, -0.031041551381349564, 0.012764937244355679, -0.01199757307767868, 0.004877767525613308, -0.026797693222761154, 0.02443554624915123, 0.01193084567785263, -0.010522899217903614, 0.007353351451456547, -0.0032579617109149694, -0.016948740929365158, 0.023114345967769623, -0.027144676074385643, -0.021072490140795708, -0.018670305609703064, -0.023434637114405632, 0.0017198967980220914, 0.026490747928619385, 0.002789202146232128, -0.016962086781859398, -0.003656657412648201, 0.010963299311697483, 0.001225280575454235, -0.006385805085301399, 0.012858355417847633, -0.027024567127227783, 0.025089474394917488, -0.018777068704366684, -0.0067060962319374084, 0.026637548580765724, -0.011537154205143452, -0.019124051555991173, -0.007593569811433554, -0.014546557329595089, -0.006392478011548519, -0.013432210311293602, 0.013852592557668686, -0.012985137291252613, 0.0001953859464265406, -0.01195086445659399, -0.01588110439479351, -0.022166818380355835, 0.02460903860628605, -0.01984470710158348, 0.010009098798036575, 0.0016439944738522172, -0.03331028297543526, 0.01415953878313303, 0.023221109062433243, 0.014960266649723053, -0.0018316650530323386, -0.022527145221829414, 0.0011326964013278484, -0.04099727049469948, 0.03928904980421066, 0.008487716317176819, -0.00822747964411974, 0.04409341886639595, -0.005241431295871735, -0.0329899899661541, 0.009121625684201717, -0.017896268516778946, 0.01622808538377285, 0.016948740929365158, 0.013258719816803932, -0.001916742417961359, -0.03629966452717781, -0.034911736845970154, -0.0031912343110889196, 0.013579010963439941, 0.006135577801615, -0.02491598390042782, -0.008894752711057663, 0.02057870663702488, -0.029333332553505898, 0.027184711769223213, -0.02826569601893425, -0.02434212900698185, 0.014760084450244904, 0.011130117811262608, -0.002123597078025341, 0.000524226576089859, -0.006395814009010792, 0.006295723374933004, 0.004727630876004696, 0.00016671406046953052, -0.03320351615548134, -0.019457688555121422, 0.004724294878542423, -0.009642099030315876, 0.017962995916604996, 0.021152561530470848, 0.03323020786046982, 0.00019715839880518615, 0.0009383530123159289, 0.00803397037088871, -0.0038134667556732893, -0.00606217747554183, -0.01634819433093071, 0.010789808817207813, -0.02490263804793358, -0.011837427504360676, 0.0407036691904068, 0.009088261984288692, -0.019551105797290802, 0.0033296935725957155, 0.00802729744464159, 0.0413709431886673, -0.003516530152410269, 0.006515923421829939, -0.009034879505634308, -0.02073885314166546, -0.0072999694384634495, -0.0027408248279243708, 0.0016122990055009723, 0.007606915198266506, -0.03253624588251114, -0.02089899778366089, 0.004787685815244913, 0.011397027410566807, 0.004484076518565416, -0.005101304035633802, 0.019057324156165123, -0.034377917647361755, 0.03723384812474251, -0.008667879737913609, 0.05765241011977196, 0.014826811850070953, 0.002468910999596119, -0.02084561623632908, -0.0202183797955513, 0.01231786422431469, 0.013879284262657166, 0.03210918977856636, 0.02430209144949913, -0.027705185115337372, -0.01610797643661499, -0.012237791903316975, -0.01604124903678894, 0.00195844704285264, -0.0010509553831070662, -0.03331028297543526, -0.00521807698532939, -0.01004913542419672, 0.005508340895175934, -0.02799878641963005, 0.007553533185273409, 0.01214437372982502, 0.01673521287739277, 0.02452896535396576, -0.0021035789977759123, -0.008260843344032764, 0.01582772098481655, -0.015107066370546818, 0.04062359780073166, 0.003760084742680192, 0.011583863757550716, 0.004220503382384777, 0.011964209377765656, -0.009335152804851532, -0.0032963298726826906, -0.010442826896905899, 0.014813465997576714, 0.014319684356451035, 0.022193508222699165, -0.00520806759595871, -0.0018199877813458443, 0.03237609937787056, 0.013632392510771751, -0.0040336670354008675, -0.03768759220838547, 0.05271458625793457, -0.0006301561952568591, 0.011850773356854916, 0.007800424471497536, -0.008661206811666489, -0.02362147346138954, -0.0031411887612193823, 0.0006664391839876771, -0.015414012596011162, 0.01592114008963108, -0.008707916364073753, -0.0203518345952034, 0.034724898636341095, -0.012958446517586708, 0.03747406601905823, -0.006592659745365381, -0.005004549399018288, 0.015534121543169022, 0.019124051555991173, -0.00828086119145155, 0.0004987867432646453, -0.0071198055520653725, -0.0030177433509379625, 0.006355777848511934, -0.009154989384114742, 0.022006671875715256, -0.015414012596011162, -0.009255080483853817, -0.00417713075876236, 0.015187139622867107, 0.01665514148771763, -0.03621959313750267, -0.02057870663702488, 0.022607218474149704, -0.003656657412648201, 0.018456777557730675, -0.004707613028585911, -0.013705792836844921, -0.00992902647703886, -0.00796724297106266, -0.007933879271149635, -0.027358204126358032, 0.01569426618516445, -0.018737033009529114, 0.0008833030005916953, 0.0060488320887088776, -0.026797693222761154, 0.00021832347556483, -0.005568395368754864, 0.006015468388795853, -0.03170882537961006, -0.022380344569683075, 0.006752805318683386, -0.00984895322471857, 0.03742068260908127, 0.01181073673069477, -0.00404367595911026, -0.00195844704285264, 0.00587867759168148, -0.021139217540621758, 0.004424021579325199, 0.02885289490222931, 0.014252956956624985, -0.018616924062371254, -0.018670305609703064, -0.008507734164595604, -0.008667879737913609, -0.018096450716257095, -0.012424628250300884, 0.0037133756559342146, -0.004924476612359285, -0.0022136790212243795, 0.021179253235459328, -0.022553836926817894, -0.014052774757146835, 0.011650591157376766, 0.01439975667744875, 0.011316954158246517, -0.010449498891830444, 0.00034969288390129805, 0.016948740929365158, 0.006342432461678982, -0.0002721223863773048, 0.007333333138376474, -0.0316554419696331, 0.011116772890090942, 0.008934789337217808, -0.02084561623632908, 0.0009875644464045763, -0.03747406601905823, -0.0022370335645973682, 0.005968759302049875, 0.018283287063241005, -0.0017932968912646174, -0.025916893035173416, -0.034484680742025375, -0.009935698471963406, -0.010943281464278698, 0.00104178034234792, -0.0031161662191152573, 0.010336062870919704, 0.018790414556860924, -0.0033997572027146816, 0.0165617223829031, 0.02834576740860939, -0.00992235355079174, -0.004944494925439358, -0.014893539249897003, 0.00703973276540637, -0.03344373404979706, -0.013412192463874817, 0.023541400209069252, 0.02423536404967308, 0.00800727866590023, -0.02455565519630909, -0.030427660793066025, 0.017282377928495407, -0.03744737431406975, 0.012751592323184013, 0.003251289017498493, 0.021446162834763527, 0.008908097632229328, 0.029253259301185608, -0.003720048349350691, 0.015067029744386673, -0.009535335004329681, 0.004016985185444355, -0.021005762740969658, 0.01435972098261118, 0.01389262918382883, 0.002193660940974951, -0.011917500756680965, -0.013312101364135742, -0.06267030537128448, -0.002762511372566223, 0.03237609937787056, -0.0286660585552454, 0.005034576635807753, 0.04334606975317001, 0.006142250262200832, -0.005705186165869236, -0.0030060659628361464, -0.0027258112095296383, -0.004300576169043779, 0.009602062404155731, 0.03960933908820152, -0.05148680508136749, 0.004764331039041281, -0.0013445556396618485, 0.021045798435807228, 0.012571427971124649, 0.014746738597750664, 0.01201091893017292, 0.005658477079123259, 0.027545040473341942, 0.0038601758424192667, -0.005054594948887825, -0.017282377928495407, -0.005892022978514433, 0.02911980450153351, 0.017616014927625656, 0.011230208911001682, 0.02045859768986702, 0.009488625451922417, 0.001741583226248622, -0.0026991204358637333, 0.026330603286623955, -0.0237415824085474, 0.006946314591914415, 0.017442522570490837, -0.02383500151336193, -0.0029076433274894953, -0.042892325669527054, -0.0026674249675124884, 0.01453321147710085, -0.01646830327808857, 0.003206247929483652, -0.00783378817141056, -0.022220199927687645, 0.022660600021481514, 0.0038902030792087317, -0.03589930012822151, -0.022286927327513695, 0.01636154018342495, -0.030347587540745735, -0.012277827598154545, -0.012558083049952984, 0.021579617634415627, -0.003900212235748768, -0.0013845920329913497, 0.015053684823215008, -0.04387988895177841, -0.010516226291656494, 0.013759174384176731, -0.01636154018342495, -0.003659993875771761, -0.010849863290786743, 0.17594660818576813, -0.0044173491187393665, 0.01674855872988701, 0.015333939343690872, -0.006088868714869022, -0.015520775690674782, 0.014186229556798935, 0.0017232331447303295, -0.001150212250649929, 0.01653503067791462, 0.026864420622587204, -0.017442522570490837, -0.04492083564400673, 0.00593873206526041, 0.008441006764769554, -0.008314224891364574, -0.03928904980421066, -0.022380344569683075, -0.011630573309957981, 0.021939944475889206, 0.012925082817673683, -0.01648164913058281, -0.008814679458737373, 0.004607521928846836, 0.014186229556798935, 0.006959659978747368, -0.00783378817141056, 0.01568092219531536, 0.017922960221767426, 0.022820744663476944, -0.0054582953453063965, -0.01596117578446865, -0.002403851831331849, 0.018830452114343643, -0.015467394143342972, -0.006932969205081463, 0.03221595287322998, -0.037767667323350906, 0.000217906417674385, 0.019511070102453232, -0.012284500524401665, -0.004510767292231321, 0.0009667121339589357, -0.006872914731502533, -0.02762511372566223, -0.017015468329191208, -0.03130846098065376, 0.005268122535198927, -0.035018499940633774, 0.01597452163696289, -0.023661509156227112, -0.0034664846025407314, 0.011777373030781746, 0.019217470660805702, -0.0015497421845793724, -0.003136184299364686, 0.018016377463936806, -0.006349104922264814, 0.03248286247253418, -0.01042280811816454, -0.01654837653040886, 0.014439793303608894, -0.02877282351255417, 0.010669699870049953, -0.011984228156507015, 0.0017966332379728556, -0.02443554624915123, -0.021219288930296898, -0.002056869911029935, 0.011330300010740757, -0.008167424239218235, -0.006939642131328583, -0.015427357517182827, 0.009882316924631596, -0.010663026943802834, -0.009408553130924702, 0.00349317560903728, 0.01676190458238125, 0.012804973870515823, -0.011236881837248802, -0.013225356116890907, -0.003231270704418421, -0.011497118510305882, 0.03744737431406975, -0.010789808817207813, 0.00490112230181694, 0.021713072434067726, -0.0016264786245301366, 0.022660600021481514, -0.021953290328383446, -0.0003943167976103723, -0.004297239705920219, 0.01188413705676794, 0.005811950191855431, -0.0052747949957847595, 0.0023521382827311754, -0.026690930128097534, 0.011623900383710861, -0.019497724249958992, 0.03162875398993492, -0.030534423887729645, 0.037660904228687286, 0.011330300010740757, -0.0024205336812883615, -0.018563542515039444, -0.026891112327575684, 0.0018983924528583884, 0.015280557796359062, 0.012558083049952984, -0.02861267700791359, -0.009094934910535812, -0.02394176460802555, -0.015387321822345257, -0.002760843141004443, 0.022273581475019455, 0.001600621733814478, -0.02053867094218731, -0.023287836462259293, 0.02443554624915123, -0.02448892779648304, 0.008968153037130833, -0.04105065017938614, 0.0056918407790362835, 0.0014062783448025584, 0.003229602472856641, -0.034351225942373276, -0.02358143776655197, 0.006038823164999485, 0.011477099731564522, -0.03963603079319, 0.013665756210684776, 0.012638155370950699, 0.02072550728917122, -0.013999393209815025, 0.01585441268980503, 0.005658477079123259, -0.004827721975743771, -0.013625719584524632, -0.010015771724283695, 0.0019350924994796515, -0.01606794074177742, -0.009542007930576801, 0.017309067770838737, -0.007653624285012484, 0.019124051555991173, -0.009041552431881428, -0.004851076751947403, 0.015067029744386673, -0.012971792370080948, -0.022780708968639374, -0.008694570511579514, -0.030134059488773346, -0.0011919168755412102, -0.015227176249027252, 0.0038168029859662056, 0.012591446749866009, -0.022447071969509125, -0.04716287553310394, 0.00029380875639617443, 0.01566757634282112, -0.03587261214852333, -0.02426205575466156, 0.03587261214852333, -0.026237184181809425, -0.021286016330122948, -0.006796177942305803, -0.16793933510780334, 0.04561480134725571, 0.026117075234651566, -0.00042580373701639473, 0.007707006298005581, 0.013558992184698582, 0.011703972704708576, -0.004157112445682287, -0.03216256946325302, 0.004547467455267906, 0.029600242152810097, -0.026263875886797905, -0.015467394143342972, -0.002657415810972452, -0.006112223025411367, -0.01395935658365488, 0.002477251924574375, 0.013478919863700867, 0.013232029043138027, 0.019818015396595, -0.0018550197128206491, -0.012905064970254898, 0.011904154904186726, 0.0058453138917684555, -0.015387321822345257, 0.010909917764365673, -0.004153775982558727, 0.019818015396595, -0.00729329651221633, -0.0200849249958992, -0.010696390643715858, -0.018576888367533684, 0.031228387728333473, -0.0007965574623085558, -0.01568092219531536, -0.013365483842790127, -0.01620139554142952, -0.010816499590873718, -0.0004854412982240319, 0.015093721449375153, 0.01996481604874134, 0.017495904117822647, -0.012164391577243805, -0.017095541581511497, -0.0050212312489748, 0.03589930012822151, 0.011190172284841537, -0.011023354716598988, 0.01674855872988701, -0.023274490609765053, 0.002607370261102915, -0.025156201794743538, -0.008254170417785645, 0.002480588387697935, -0.006872914731502533, -0.009148316457867622, -0.007253260351717472, 0.0022553836461156607, 0.00703973276540637, -0.03216256946325302, -0.004667576402425766, -0.0014346374664455652, 0.010943281464278698, -0.018696997314691544, -0.022340308874845505, -0.03894206881523132, 0.014800121076405048, 0.03162875398993492, -0.012664846144616604, 0.008647861890494823, 0.0006493402761407197, -0.0010217621456831694, 0.011490445584058762, -0.04812374711036682, 0.013599028810858727, 0.0014488170854747295, -0.005254777148365974, 0.011377008631825447, 0.01439975667744875, -0.01426630187779665, -0.0016314830863848329, 0.04879102110862732, -0.004343948792666197, 0.0329899899661541, -0.012571427971124649, 0.014639975503087044, -0.03197573497891426, 0.017228996381163597, -0.003970276098698378, -0.008754624985158443, 0.005201395135372877, -0.02874613180756569, -0.004824385512620211, -0.029813768342137337, 0.011683954857289791, 0.02789202146232128, -0.007199878338724375, 0.001224446459673345, -0.0040336670354008675, 0.0034698210656642914, 0.021019108593463898, -0.008260843344032764, -0.05359538644552231, 0.021913254633545876, 0.01439975667744875, 0.02494267374277115, -0.02068547159433365, 0.013252046890556812, 0.01993812434375286, 0.013492265716195107, 0.003374734427779913, 0.003419775515794754, 0.02087230794131756, 0.03323020786046982, -0.006239004898816347, 0.026637548580765724, -0.034618135541677475, -0.018189869821071625, -0.003379739122465253, -0.017282377928495407, -0.006926296278834343, 0.025196237489581108, -0.015053684823215008, -0.0018383378628641367, -0.00029130649636499584, -0.014066120609641075, -0.09176342189311981, -0.00599545007571578, 0.01664179563522339, 0.022660600021481514, -0.003139520762488246, 0.0021302697714418173, 0.008561115711927414, 0.003629966638982296, -0.006746132858097553, 0.008254170417785645, -0.004013648722320795, -0.022527145221829414, -0.006422505248337984, -0.014519866555929184, 0.04008977860212326, -0.0028292385395616293, -0.0028726113960146904, -0.02439551055431366, -0.05258113145828247, -0.00028505080263130367, -0.02850591391324997, -0.007420078851282597, -0.010969972237944603, -0.008767970837652683, -0.011090081185102463, -0.023528054356575012, -0.02786533161997795, 0.012151045724749565, 0.03955595940351486, 0.011610554531216621, -0.02024507150053978, -0.015227176249027252, 0.012471336871385574, 0.0020034878980368376, -0.01568092219531536, -0.011637245304882526, -0.017629358917474747, -0.042118288576602936, 0.0285326037555933, -0.017736123874783516, -0.014706702902913094, 0.005761904641985893, 0.0032612979412078857, -0.02043190784752369, -0.0030244160443544388, -0.02911980450153351, 0.005201395135372877, 0.03784773871302605, -0.017909614369273186, -0.007927206344902515, 0.01245131902396679, 0.006155595649033785, 0.012698209844529629, -0.023234454914927483, 0.021486198529601097, -0.006589323282241821, -0.01564088463783264, 0.008260843344032764, -0.01633484847843647, 0.010989991016685963, -0.006792841944843531, 0.022313617169857025, -0.01989808864891529, 0.03624628484249115, 0.029279951006174088, -0.001911737839691341, -0.012538064271211624, 0.005434940569102764, 0.010396117344498634, -0.03613951802253723, 0.018977250903844833, 0.022633908316493034, -0.015440703369677067, -0.0005392401944845915, -0.006712769158184528, -0.003277979791164398, -0.021366089582443237, -0.021873217076063156, 0.0007702835719101131, -0.005671822931617498, -0.030721260234713554, -0.00840764306485653, 0.026730967685580254, -0.018483469262719154, -0.003696693805977702, 0.01632150448858738, 0.004424021579325199, -0.013812556862831116, 0.03533879294991493, -0.05236760526895523, 0.006372459698468447, 0.03557901084423065, 0.05140673369169235, -0.017682740464806557, -0.02016499824821949, 0.023528054356575012, -0.006906278431415558, -0.01012253575026989, -0.029466787353157997, 0.02016499824821949, -0.050365786999464035, -0.018376706168055534, -0.0706242024898529, 0.04884440079331398, 0.009528662078082561, -0.02358143776655197, 4.0766226447885856e-05, -0.00828086119145155, 0.010763118043541908, -0.008874733932316303, 0.004183803219348192, 0.009168334305286407, -0.018763724714517593, 0.027358204126358032, -0.013785865157842636, -0.0020435242913663387, -0.014453139156103134, -0.011303609237074852, 0.0048577492125332355, 0.01042948104441166, 0.021632999181747437, 0.01012253575026989, -0.018390050157904625, -0.02488929219543934, -0.009068243205547333, -0.011550500057637691, -0.04940491169691086, 0.022060053423047066, -0.038194719702005386, 0.00984895322471857, -0.01010251697152853, -0.01633484847843647, 0.006038823164999485, -0.00605884101241827, -0.010969972237944603, 0.050072185695171356, 0.010829845443367958, -0.03715377673506737, 0.0007694494561292231, 0.004157112445682287, 0.02057870663702488, -0.034191083163022995, 0.01024264469742775, -0.025249620899558067, 0.0012161055346950889, 0.00047584925778210163, 0.013659083284437656, 0.005121322348713875, -0.01644161343574524, 0.022433726117014885, 0.02807885967195034, 0.011236881837248802, 0.0029727022629231215, 0.017082195729017258, 0.010282681323587894, -0.02096572518348694, -0.0166951771825552, -0.010696390643715858, -0.0144664840772748, -0.014746738597750664, 0.0011268577072769403, -0.007319987751543522, 0.0289329681545496, 0.0007093948661349714, 0.011023354716598988, -0.004984531085938215, 0.021406125277280807, 0.026410676538944244, -0.015333939343690872, -0.01403942983597517, 0.01434637513011694, -0.0019717924296855927, 0.0040570213459432125, -8.643273758934811e-05, -0.007340006064623594, 0.003946921322494745, 0.0003453139215707779, -0.01693539507687092, 0.006399150472134352, 0.008307551965117455, -0.034991808235645294, 0.01581437699496746, 0.03224264457821846, 0.01565423049032688, -0.013445556163787842, 0.011830754578113556, 0.02874613180756569, -0.010809826664626598, -0.007446769624948502, 0.012111010029911995, 0.018750378862023354, -0.003953594248741865, 0.0011535485973581672, 0.050792839378118515, -0.009868971072137356, 0.017749467864632607, 0.007206551264971495, 0.0048343949019908905, -0.004414012655615807, -0.034484680742025375, -6.964664498809725e-05, 0.007620260585099459, -0.017482560127973557, -0.013532301411032677, 0.015427357517182827, -0.034164391458034515, -0.009114952757954597, 0.02051197923719883, -0.022340308874845505, -0.023234454914927483, -0.03605944663286209, 0.014986957423388958, 0.0031411887612193823, -0.01570761203765869, 0.018109796568751335, 0.029333332553505898, 0.01018259022384882, 0.02455565519630909, -0.017322413623332977, 0.0030127386562526226, -0.027331512421369553, 0.0756954774260521, -0.017202304676175117, 0.004774339962750673, -0.010929935611784458, 0.011857446283102036, 0.029466787353157997, -0.0052481042221188545, -0.003966939635574818, -0.0006105550564825535, 0.002679102122783661, -0.01564088463783264, -0.0020151652861386538, -0.04468061774969101, -0.017415832728147507, -0.018243251368403435, -0.018603578209877014, 0.010989991016685963, -0.0016156353522092104, 0.01608128473162651, 0.03603275492787361, 0.08882741630077362, 0.054102517664432526, -0.008841370232403278, 0.01193751860409975, -0.01415953878313303, 0.03290991857647896, 0.0010009098332375288, -0.010556262917816639, 0.018483469262719154, -0.03589930012822151, -0.030347587540745735, 0.005888686515390873, -0.012671519070863724, -0.025289656594395638, -0.0143330292776227, -0.009074916131794453, -0.005918713752180338, 0.033897481858730316, -0.029413405805826187, -0.009728844277560711, 0.005498331505805254, -0.01644161343574524, 0.018496815115213394, 0.031228387728333473, -0.018376706168055534, -0.011717318557202816, 0.0032329389359802008, -0.009034879505634308, -0.017549287527799606, -0.04404003545641899, -0.003519866382703185, 0.00788049679249525, -0.02871944196522236, -0.02047194354236126, 0.039235666394233704, 0.0009175007580779493, -0.008134061470627785, -0.006245677825063467, 0.018923869356513023, -0.003244616324082017, 0.008721261285245419, 0.034191083163022995, 0.001119350898079574, 0.007246587425470352, -0.017335759475827217, -0.002644070191308856, -0.026410676538944244, -0.013058537617325783, -0.013358810916543007], 'ai_metadata': {'tags': ['construction', 'document'], 'document_type': 'unknown', 'topics': ['ACME_Steel_Beams_Catalog.txt'], 'supplier_mentions': [], 'categories': ['general'], 'summary': '```json\n{\n  "tags": [\n    "AS/NZS 3679.1", \n    "Grade 300", \n    "Universal Beams", \n    "Corrosion Protection", \n    "Hot-dip galvanized", \n    "Fire Rating"\n  ],\n  "document_type": "specification",'}, 'tags': ['steel', 'beams', 'supplier', 'structural'], 'knowledge_bank_type': 'personal', 'upload_timestamp': '2025-08-12T07:38:05.841000', 'status': 'active', 'view_count': 0, 'reference_count': 5, 'storage_path': 'personal_knowledge_bank/demo_user_auto_token/f41f1e30-eb07-4e6e-89e5-276921ac131c/ACME_Steel_Beams_Catalog.txt', 'file_data': 'CiAgICAgICAgICAgIEFDTUUgQ29uc3RydWN0aW9uIE1hdGVyaWFscyAtIFN0ZWVsIEJlYW0gU3BlY2lmaWNhdGlvbnMKICAgICAgICAgICAgCiAgICAgICAgICAgIFByb2R1Y3Q6IFVuaXZlcnNhbCBCZWFtcyAoVUIpIC0gR3JhZGUgMzAwCiAgICAgICAgICAgIFN0YW5kYXJkcyBDb21wbGlhbmNlOiBBUy9OWlMgMzY3OS4xCiAgICAgICAgICAgIAogICAgICAgICAgICBBdmFpbGFibGUgU2l6ZXM6CiAgICAgICAgICAgIC0gMzEwVUI0MC40OiAzMTBtbSBkZWVwLCAxNjVtbSB3aWRlCiAgICAgICAgICAgIC0gMzYwVUI0NC43OiAzNjBtbSBkZWVwLCAxNzBtbSB3aWRlCiAgICAgICAgICAgIC0gNDEwVUI1My43OiA0MTBtbSBkZWVwLCAxNzhtbSB3aWRlCiAgICAgICAgICAgIAogICAgICAgICAgICBGaXJlIFJhdGluZzogVXAgdG8gNCBob3VycyB3aXRoIGFwcHJvcHJpYXRlIHByb3RlY3Rpb24KICAgICAgICAgICAgQ29ycm9zaW9uIFByb3RlY3Rpb246IEhvdC1kaXAgZ2FsdmFuaXplZCBhdmFpbGFibGUKICAgICAgICAgICAgCiAgICAgICAgICAgIENvbnRhY3Q6IHNhbGVzQGFjbWUtc3RlZWwuY29tLmF1CiAgICAgICAgICAgIEFCTjogMTIgMzQ1IDY3OCA5MDEKICAgICAgICAgICAg'}, 'similarity_score': 0.8130117575139113, 'source': 'Personal Knowledge Bank', 'privacy': 'Private to your account'}, {'type': 'personal_document', 'document': {'_id': '689aef5aaa7af9acc74f4a41', 'document_id': 'b7c66531-02e2-448c-b9d7-ccef4e4cf3da', 'user_id': 'demo_user_auto_token', 'filename': 'AS_NZS_1170_1_Summary.txt', 'original_size': 540, 'content_type': 'text/plain', 'file_hash': '285c16ed6b4d2553d78d0de099f846346e10f7caa322ef04db5b327a48f5ed61', 'extracted_text': '\n        AS/NZS 1170.1:2002 Structural Design Actions\n        \n        This standard specifies minimum design loads for buildings and structures.\n        \n        Key Requirements:\n        - Dead loads: Self-weight of structure and permanent fixtures\n        - Live loads: Occupancy and use loads\n        - Wind loads: As per AS/NZS 1170.2\n        - Earthquake loads: As per AS/NZS 1170.4\n        \n        For office buildings:\n        - General areas: 3.0 kPa\n        - Corridors and stairs: 4.0 kPa\n        - Plant rooms: 7.5 kPa\n        ', 'embedding': [-0.0009479006985202432, 0.020677663385868073, 0.004457836505025625, -0.008183164522051811, 0.021403195336461067, -0.00559496833011508, -0.028267845511436462, -0.0394577831029892, 0.0023457708302885294, -0.024737853556871414, -0.012054994702339172, 0.004014843143522739, 0.013840919360518456, 0.011113197542726994, -0.0010159192606806755, 0.012578214518725872, 0.006365846376866102, 0.0034567418042570353, 0.012543333694338799, -0.009536560624837875, 0.00027796076028607786, 0.034797634929418564, -0.024737853556871414, -0.001451064134016633, -0.0010804497869685292, 0.006083307322114706, 0.022449636831879616, -0.02480761520564556, 0.019142884761095047, -0.02955147996544838, 0.013582797721028328, -0.04252734035253525, 1.8585218640509993e-05, -0.0027748113498091698, -0.0048729246482253075, -0.014343210496008396, -0.026537731289863586, 0.01027604565024376, 0.015431509353220463, 0.009773754514753819, -0.0009705735719762743, -0.007806445937603712, 0.004000891000032425, -0.018780117854475975, 0.0113992253318429, -0.004785721190273762, 0.0360533632338047, 0.0028550385031849146, -0.0033259366173297167, -0.008692432194948196, 0.0009234837489202619, 0.013003767468035221, -0.016784904524683952, 0.013708370737731457, 0.007091378327459097, -0.02422160841524601, -0.0018678962951526046, -0.011238770559430122, 0.012682858854532242, -0.043364495038986206, -0.027221405878663063, -0.011775943450629711, -0.042806390672922134, 0.01970098540186882, -0.0009313320042565465, -0.021905487403273582, -0.008043639361858368, 0.0032369892578572035, -0.014524593949317932, -0.010359760373830795, 0.03119787946343422, 0.032955899834632874, 0.00595075823366642, 0.014608309604227543, 0.01519431546330452, -0.031142069026827812, 0.03203503042459488, -0.01508269552141428, -0.017524389550089836, 0.006404215935617685, 0.021431101486086845, -0.01805458590388298, -0.00496710417792201, 0.03859272599220276, 0.006868137512356043, -0.006069354712963104, 0.002666679210960865, 0.017691820859909058, -0.0014100786065682769, 0.015529177151620388, -0.016045421361923218, 0.023523982614278793, 0.008022710680961609, 0.008434310555458069, -0.013338628225028515, -0.004279941786080599, 0.0024120453745126724, 0.01363860722631216, 0.005256619304418564, -0.01538965106010437, -0.001465016626752913, -0.025937771424651146, -0.025993581861257553, 0.004492717795073986, -0.0010813218541443348, -0.00667280238121748, 0.0188777856528759, -0.006125165149569511, 0.010687645524740219, 0.014252519235014915, -0.04448069632053375, 0.016143089160323143, 0.010136520490050316, -0.01597565785050392, 0.03136530891060829, 0.0010185354622080922, 0.017566246911883354, 0.0015775089850649238, -0.023677460849285126, -0.0012234633322805166, 0.01395254023373127, 0.007806445937603712, 0.038871776312589645, 0.010534167289733887, 0.003533480688929558, 0.0020579996053129435, -0.035578977316617966, -0.006997198797762394, -0.0096342284232378, -0.013380485586822033, -0.004900829400867224, 0.025323860347270966, 0.02254730463027954, -0.0034218602813780308, -0.022477541118860245, 0.028965473175048828, 0.00030019760015420616, 0.03468601405620575, -0.04222038388252258, -0.02871432714164257, -0.0029788671527057886, 0.025714531540870667, -0.05237783491611481, -0.01868245005607605, 0.02628658525645733, -0.007652968168258667, 0.0037811382208019495, 0.008155259303748608, -0.009920256212353706, -0.017901107668876648, -0.0009635972674004734, -0.0004905189853161573, 0.009690038859844208, 0.017915060743689537, -0.012180566787719727, -0.002260311506688595, -0.0007887544925324619, -7.657545938855037e-05, -0.020607901737093925, -0.03789509832859039, -0.007318106945604086, 0.018835928291082382, -0.009480751119554043, -0.010185354389250278, -0.002527153817936778, 0.0020667200442403555, 0.006972781848162413, -0.017705772072076797, -0.022058965638279915, -0.013003767468035221, 0.004241572227329016, 0.02027304098010063, -0.021403195336461067, 0.008099449798464775, 0.03033282235264778, 0.026956306770443916, 0.030081676319241524, -0.009034269489347935, 0.02131948061287403, -0.003976474050432444, -0.015208268538117409, 0.009662133641541004, 0.02748650312423706, 0.03502087667584419, -0.02399836853146553, -0.01640818640589714, 0.022937975823879242, -0.0040322840213775635, 0.017482532188296318, -0.008971483446657658, 0.0007992188911885023, -0.0034497654996812344, -0.019533555954694748, 0.006808839272707701, -0.594713032245636, -0.03421162813901901, -0.012466594576835632, -0.01261309627443552, -0.019547509029507637, 0.01685466803610325, 0.03387676551938057, 0.019142884761095047, -0.01932426728308201, -0.005092677194625139, -0.006620480213314295, 0.022086869925260544, -0.01262007188051939, -0.0018155742436647415, -0.008183164522051811, -0.014280424453318119, -0.0072343917563557625, 0.006732100620865822, 0.03303961455821991, 0.006854185368865728, -0.012159638106822968, 0.040322840213775635, -0.028993377462029457, -0.017175575718283653, 0.021654341369867325, -0.012166614644229412, -0.0072134630754590034, -0.04785721004009247, 0.014301353134214878, 0.020886952057480812, -0.031700171530246735, 0.03716956451535225, 0.006226320751011372, 0.028574801981449127, 0.026398206129670143, -0.011392248794436455, -0.019770748913288116, 0.021068334579467773, 0.03649984300136566, 0.03206293657422066, -0.01766391471028328, 0.0005458930972963572, 0.005015938077121973, -0.021863630041480064, 0.011350391432642937, -0.00839942879974842, 0.020203277468681335, -0.009829564020037651, 0.0327884666621685, -0.03303961455821991, 0.012250330299139023, -0.007108819205313921, -0.009069151245057583, 0.019966084510087967, 0.03956940397620201, -0.01158060785382986, 0.034797634929418564, 0.005751934368163347, 0.0033677942119538784, -0.00431482307612896, 0.022631019353866577, 0.007694825530052185, 0.014112994074821472, -0.04509460926055908, -0.01118296105414629, -0.008999387733638287, -0.004077629651874304, 0.029914245009422302, -0.021068334579467773, -0.01891964301466942, 0.008071544580161572, 0.013561869040131569, -0.0050787245854735374, 0.004070653580129147, 0.01826387457549572, 0.033960480242967606, 0.007820398546755314, -0.002874223282560706, -0.012780526652932167, 0.022114776074886322, -0.005797280464321375, 0.00197428441606462, 0.004436907824128866, -0.00697975791990757, 0.003209084039554, -0.010338831692934036, -0.017817392945289612, 0.001226951484568417, 0.02994215115904808, 0.0041648331098258495, 0.016310518607497215, 0.0014798413030803204, 0.03019329532980919, -0.019533555954694748, -0.007750635966658592, 0.01519431546330452, 0.004674100782722235, -0.023119358345866203, 0.018612688407301903, -0.001226951484568417, -0.007680872920900583, -0.007091378327459097, -0.015375698916614056, -0.018403399735689163, 0.013980444520711899, 0.0074785612523555756, -0.022603115066885948, 0.02628658525645733, 0.034574393182992935, -0.00984351709485054, 0.011057388037443161, -0.016115183010697365, -0.047717686742544174, -0.012361950241029263, 0.0011737573659047484, -0.038090433925390244, 0.011350391432642937, -0.005786815658211708, 0.00667280238121748, -0.019533555954694748, 0.004325287416577339, -0.0021835723891854286, 0.03474182263016701, 0.00031044401112012565, -0.017887156456708908, 0.03876015543937683, 0.01034580823034048, -0.012138709425926208, 0.010555095970630646, -0.023021690547466278, -0.007771564647555351, 0.0027782993856817484, 0.02609124965965748, -0.016547711566090584, 0.010959720239043236, 0.014524593949317932, 0.007073937449604273, -0.012466594576835632, 0.03532782942056656, -0.025323860347270966, -0.040518175810575485, -0.024500660598278046, 0.014315306209027767, -0.021849676966667175, -0.036025457084178925, -0.022519398480653763, -0.028491085395216942, 0.010024899616837502, -0.004813626408576965, 0.008748242631554604, -0.016938382759690285, -0.013324675150215626, -0.029467763379216194, 0.0015557082369923592, -0.020175373181700706, 5.474055342347128e-06, -0.003188155358657241, -0.013771156780421734, 0.010338831692934036, 0.0264540147036314, 0.0004216282977722585, -0.013017719611525536, -0.049977999180555344, -0.0006889066426083446, -0.0029265452176332474, 0.009145889431238174, 0.005908900406211615, 0.00032941074459813535, 0.004618290811777115, -0.05156858637928963, -0.005703100468963385, 0.0037741619162261486, -0.01170618087053299, 0.0041473922319710255, -0.003142809495329857, -0.008462215773761272, -0.024584375321865082, 0.006369334179908037, 0.016980240121483803, -0.008406405337154865, 0.01252938061952591, -0.009090079925954342, -0.02648192085325718, 0.009501679800450802, 0.01826387457549572, 0.044201646000146866, 0.02074742689728737, -0.009111008606851101, -0.012571237981319427, 0.022003155201673508, -0.012522404082119465, 0.023900700733065605, 0.005601944867521524, 0.013010743074119091, 0.013533963821828365, 0.01844525709748268, 0.012801455333828926, -0.007150676567107439, 0.014008349739015102, 0.0054380022920668125, 0.017091860994696617, -0.017301149666309357, 0.0034410450607538223, -0.012103828601539135, 0.02955147996544838, -0.0025149453431367874, 0.015961704775691032, -0.008859862573444843, 0.04741073027253151, 0.005633337888866663, 0.002009165706112981, 0.0015940776793286204, -0.017803439870476723, 0.019812606275081635, -0.0014676328282803297, 0.03340237960219383, 0.005703100468963385, 0.014608309604227543, -0.022658925503492355, -0.006254225969314575, 0.012361950241029263, 0.001049056532792747, 0.03535573557019234, 0.024291371926665306, -0.01597565785050392, 0.008078520186245441, 0.02441694401204586, 0.029718909412622452, -0.028798041865229607, 0.0010542888194322586, -0.0219473447650671, -0.031728073954582214, 0.0019045217195525765, -8.300671470351517e-05, 0.0018609199905768037, 0.003917175345122814, 0.019770748913288116, -0.016157040372490883, 0.014803644269704819, -0.008448262698948383, 0.02663539908826351, -0.0180964432656765, 0.0055845039896667, -0.005608920939266682, 0.035774312913417816, -0.013415367342531681, 0.03351400047540665, 0.015919847413897514, 0.006264690309762955, 0.001535651390440762, 0.013199103064835072, -0.011441082693636417, -0.018528973683714867, 0.015947753563523293, 0.00299805193208158, -0.0023248419165611267, 0.0037950908299535513, 0.00962725281715393, 0.002907360438257456, 0.007862255908548832, 0.024277418851852417, -0.007070449646562338, 0.028993377462029457, 0.009703991003334522, 0.009941184893250465, -0.009717944078147411, -0.024179751053452492, -0.00945982150733471, 0.011434106156229973, -0.010087686590850353, 0.013408390805125237, 0.010373713448643684, 0.014496688731014729, -0.01910102739930153, 0.006766981910914183, 0.008727313950657845, 0.01558498665690422, 0.02751440927386284, 0.022017108276486397, 0.008971483446657658, 0.007743659429252148, -0.009117985144257545, 0.006341429427266121, 0.029467763379216194, -0.012947957031428814, 0.01365256030112505, 0.015417556278407574, -0.004224131349474192, -0.023454219102859497, 0.05123372748494148, -0.005235690623521805, -0.003976474050432444, -0.02526804991066456, -0.009996994398534298, 0.004367144778370857, -0.010192329995334148, 0.011196913197636604, -0.0264540147036314, -0.02281240187585354, -0.006125165149569511, 0.0031968755647540092, -0.036611463874578476, 0.013401414267718792, -0.028449228033423424, 0.026105202734470367, 0.025672672316432, -0.004545039962977171, -0.008908696472644806, -0.00017135462258011103, -0.011134127154946327, 0.0004652299976442009, 0.023761175572872162, -0.01723138615489006, 0.032927993685007095, -0.006836744491010904, -0.00754134776070714, 0.0004796185530722141, -0.037030041217803955, 0.054080042988061905, -0.014426926150918007, -0.012215448543429375, -0.010520215146243572, -0.010178377851843834, -0.0005546134780161083, 0.0227984506636858, 0.02811436727643013, 0.009550513699650764, 0.021696198731660843, 0.015152458101511002, -0.0011048667365685105, -0.017524389550089836, 0.0023544910363852978, 0.007520419079810381, -1.0260021554131526e-05, 0.0068437205627560616, -0.002858526539057493, -0.01643609255552292, -0.01905917003750801, 0.006829768419265747, -0.0021103215403854847, 0.019170789048075676, -0.03309542313218117, 0.01405020710080862, -0.0036485891323536634, -0.00042250033584423363, 0.0019864928908646107, 0.041355326771736145, 0.055084627121686935, 0.017315102741122246, -0.012445665895938873, -0.01075740810483694, 0.0020527674350887537, 0.0017929013120010495, 0.004757815971970558, 0.019045216962695122, 0.0242355614900589, 0.0070495205000042915, 0.016143089160323143, -0.019128931686282158, 0.015417556278407574, 0.019407982006669044, 0.005608920939266682, 0.003373026382178068, -0.0056612431071698666, 0.020649759098887444, 0.01970098540186882, 0.0048729246482253075, -0.014929217286407948, 0.03290008753538132, -0.024096036329865456, 0.010178377851843834, 0.03934616222977638, -0.01823597028851509, 0.0013542684027925134, 0.028170177713036537, -0.02007770538330078, -0.01700814627110958, -0.004876412451267242, 0.012641001492738724, -0.01661747507750988, -0.008748242631554604, -0.0012993302661925554, 0.006442585028707981, -0.04774559289216995, 0.0025812198873609304, -0.03309542313218117, 0.02378907985985279, -0.0023754199501127005, -0.013666512444615364, -0.015612891875207424, -0.046489860862493515, 0.03610917180776596, -0.05625664070248604, -0.0065751345828175545, 0.005713564809411764, -0.01516641117632389, -0.02362165041267872, 0.023468172177672386, 0.01826387457549572, -0.016240756958723068, 0.01721743494272232, 0.01302469614893198, -0.01445483136922121, 0.02832365594804287, -0.02172410488128662, -0.014001374132931232, -0.030611872673034668, -0.016477949917316437, -0.0016219827812165022, 0.03954149782657623, -0.003284079022705555, 0.01808249205350876, -0.005877507384866476, 0.00024286139523610473, -0.007471585180610418, -0.0015478598652407527, -0.0031846670899540186, -0.0038264840841293335, 0.015529177151620388, 0.005448466632515192, 0.012668905779719353, 0.029384048655629158, -0.0048031616024672985, -0.007164629176259041, -0.005793792195618153, -0.014057183638215065, -0.014399020932614803, -0.004234595689922571, 0.0032352451235055923, -0.0030224688816815615, 0.0011554446537047625, 0.02236592210829258, -0.014608309604227543, 0.0003980833862442523, 0.00729020219296217, -0.004290406126528978, 0.020049799233675003, 0.006498395465314388, -0.013171197846531868, 0.04347611218690872, 0.028421323746442795, 0.0018731284653767943, 0.005783327855169773, 0.0038404364604502916, 0.003763697575777769, -0.03181179240345955, -0.0014423438115045428, -0.0005977791151963174, -0.006205392070114613, 0.023314693942666054, -0.019742844626307487, -0.025128524750471115, -0.00954353716224432, 0.005441490560770035, -0.01352698728442192, 0.013896729797124863, 0.019840512424707413, -0.015557081438601017, 0.005064771976321936, -0.018738260492682457, -0.0035927789285779, -0.004088093992322683, 0.003217804478481412, -0.00995513703674078, -0.028965473175048828, 0.014678072184324265, -0.021026477217674255, 0.002858526539057493, -0.014929217286407948, -0.029384048655629158, -0.009697015397250652, 0.008594764396548271, -0.02791903167963028, 0.028770137578248978, -0.015501271933317184, 0.012787502259016037, 0.024068132042884827, 0.0006727740401402116, -0.02708187885582447, -0.029495669528841972, -0.003638124791905284, 0.008922649547457695, 0.01582217961549759, -0.006826280150562525, 0.03471392020583153, -0.00038173276698216796, 0.013317699544131756, 0.0024800640530884266, -0.0049880328588187695, -0.015738464891910553, 0.0022620554082095623, -0.019184742122888565, -0.03468601405620575, 0.005863554775714874, 0.03792300447821617, -0.004063677042722702, -0.02074742689728737, -0.030221201479434967, 0.026830734685063362, 0.029663098976016045, -0.016547711566090584, -0.005420561879873276, -0.013261889107525349, -0.012801455333828926, 0.020970666781067848, 0.011559679172933102, -0.021793866530060768, 0.013917658478021622, -0.02134738676249981, 0.008734289556741714, 0.012431712821125984, -0.01787320338189602, -0.03585802763700485, 0.0036137078423053026, 0.0184871144592762, -0.025965675711631775, 0.02218453772366047, 0.0050996532663702965, 0.026593541726469994, -0.0034113959409296513, -0.007339036092162132, -0.03507668524980545, -0.010485333390533924, -0.014496688731014729, 0.004831066820770502, 0.04244362562894821, 0.008678480051457882, -0.006665825843811035, -0.028072509914636612, -0.0038613653741776943, -0.007611110340803862, -0.021459005773067474, -0.0016097743064165115, -0.02175200916826725, 0.013157244771718979, -0.021584579721093178, 0.005999592132866383, -0.00295270630158484, 0.015571034513413906, 0.011350391432642937, 0.024723900482058525, 0.038453198969364166, -0.011071340180933475, 0.012299164198338985, 0.017538342624902725, -0.011957326903939247, 0.012382878921926022, 0.005431026220321655, 0.01967308111488819, 0.001446703914552927, -0.007032080087810755, -0.015012932941317558, -0.00891567301005125, -0.006240273360162973, -0.004046236630529165, 0.02910499833524227, 0.014092065393924713, -0.02505876123905182, -0.0037218399811536074, -0.01017140131443739, 0.00800178200006485, 0.009264486841857433, 0.0016359352739527822, 0.0479409284889698, 0.007834350690245628, 0.02094276249408722, 0.0010106870904564857, 0.0019045217195525765, -0.019659128040075302, 0.0006631816504523158, 0.000898194732144475, -0.030863018706440926, 0.011524797417223454, 0.0019707961473613977, -0.019198695197701454, -0.012710764072835445, -0.005490324459969997, 0.010889957658946514, 0.023510029539465904, -0.011538750492036343, 0.031281594187021255, -0.00019642559345811605, 0.030277011916041374, 0.011092268861830235, 0.013450248166918755, 0.011057388037443161, -0.01405020710080862, -0.013185149990022182, 0.0016123903915286064, 0.016659332439303398, -0.026830734685063362, -0.015012932941317558, -0.00850407313555479, 0.02420765720307827, -0.04289010912179947, -0.01621285080909729, 0.02236592210829258, -0.017552295699715614, 0.025142475962638855, -0.0013725811149924994, -0.01003885269165039, 0.014747834764420986, -0.022700782865285873, -0.017691820859909058, -0.005657754838466644, 0.011775943450629711, -0.02731907367706299, -0.011887564323842525, -0.008036662824451923, -0.0051275584846735, 0.0030573501717299223, -0.008427334018051624, -0.011587584391236305, -0.015682654455304146, -0.01343629602342844, 0.0036206841468811035, -0.05491719767451286, 0.016310518607497215, 0.0024434386286884546, -0.004063677042722702, -0.008406405337154865, 0.019993988797068596, -0.011057388037443161, 0.014859454706311226, -0.011203889735043049, 0.01829177886247635, -0.02422160841524601, -0.0014440878294408321, -0.026384253054857254, -0.026384253054857254, 0.011545727029442787, 0.0036730060819536448, -0.027807412669062614, -0.039290353655815125, 0.007918066345155239, 0.029886340722441673, -0.021277623251080513, 0.023719318211078644, 0.017329053953289986, 0.019449841231107712, 0.010317903012037277, -0.00356487394310534, -0.000530196528416127, 0.0160035640001297, 0.0036346365232020617, 0.0006775702349841595, 0.038257863372564316, -0.024179751053452492, 0.018780117854475975, 0.0184871144592762, -0.018542924895882607, -0.010080710053443909, -0.02772369608283043, -0.010199306532740593, 0.03245360776782036, 0.022658925503492355, -0.0027939961291849613, -0.0180964432656765, -0.01929636299610138, -0.019156837835907936, -0.008622669614851475, 0.013247936964035034, 0.015054790303111076, -0.021877583116292953, 0.01808249205350876, 0.012801455333828926, 0.00789713766425848, 0.008692432194948196, -0.013806038536131382, -0.03421162813901901, 0.021584579721093178, -0.0017353470902889967, -0.02461227960884571, -0.013261889107525349, 0.007464608643203974, 0.026719113811850548, 0.022882165387272835, -0.019352173432707787, 0.0018644081428647041, 0.008685455657541752, -0.05257317051291466, 0.018808024004101753, -0.044648125767707825, 0.02464018575847149, 0.026300538331270218, 0.02663539908826351, -0.014831549488008022, 0.02236592210829258, -0.02173805609345436, 0.014245542697608471, -0.038257863372564316, -0.026174964383244514, -0.0062995715998113155, -0.01578032225370407, 0.021012524142861366, 0.0013900217600166798, -0.008804052136838436, 0.006114700343459845, 0.020412566140294075, 0.005214761942625046, 0.006976270116865635, 0.0005450210883282125, 0.01763601042330265, -0.011943373829126358, 0.0018835929222404957, 0.004674100782722235, 0.0025062249042093754, 0.004691541660577059, -0.0022794962860643864, -0.05843323841691017, -0.011699204333126545, -0.0012191031128168106, 0.03320704400539398, 0.03236989304423332, -0.002009165706112981, 0.03345819190144539, -0.010820194147527218, 0.0009287159191444516, 0.00995513703674078, -0.010269069112837315, -0.00430435873568058, -0.004178785718977451, 0.05647988244891167, 0.011692228727042675, -0.006547229364514351, 0.03672308474779129, 0.018333638086915016, 0.011099245399236679, -0.007729706820100546, 0.009473774582147598, -0.03390467166900635, 0.003006772371008992, 0.010241163894534111, -0.00913193728774786, 0.02073347382247448, -0.0007996549247764051, -0.001587973441928625, -0.0014824573881924152, -0.01618494652211666, -0.004339240025728941, -0.017343007028102875, 0.007938995026051998, 0.020872998982667923, -0.0009697015048004687, -0.026802828535437584, -0.012145685963332653, -0.014803644269704819, -0.011427129618823528, 0.006013544742017984, -0.02748650312423706, -0.015501271933317184, -0.013380485586822033, -0.01519431546330452, 0.028379466384649277, -0.037671856582164764, -0.011322486214339733, 0.02628658525645733, -0.013296770863234997, -0.01099460106343031, 0.020984619855880737, 0.1840618997812271, 0.014426926150918007, 0.0036102195736020803, 0.03340237960219383, -0.012354973703622818, -0.0036764941178262234, 0.005835649557411671, 0.012389855459332466, -0.027221405878663063, 0.024361133575439453, 0.002858526539057493, -0.014217638410627842, -0.020635806024074554, 0.01261309627443552, 0.011678275652229786, 0.0027887639589607716, -0.03203503042459488, -0.014510641805827618, -0.028435276821255684, 0.042387817054986954, -0.004321799147874117, -0.015124552883207798, 0.011482940055429935, -0.00621236814185977, 0.028574801981449127, 0.016491901129484177, 0.006219344679266214, 0.017119767144322395, 0.007220439147204161, 0.013415367342531681, 0.008211069740355015, -0.008741266094148159, -0.007666920777410269, -0.007014639209955931, -0.0068018632009625435, -0.013387462124228477, 0.03672308474779129, -0.02235196903347969, 0.01764996349811554, 0.014092065393924713, 0.004436907824128866, -0.019045216962695122, -0.00356487394310534, -0.026593541726469994, -0.010834147222340107, -0.008301761001348495, -0.020482327789068222, 0.024277418851852417, -0.025519195944070816, 0.013673488982021809, -0.032286178320646286, 0.008566859178245068, 0.01808249205350876, 0.015180363319814205, -0.005336846690624952, -0.0032980316318571568, -0.008685455657541752, -0.010855075903236866, 0.01280843187123537, 0.019575413316488266, -0.011482940055429935, 0.01374325156211853, -0.02833760902285576, 0.019952131435275078, -0.018556877970695496, -0.029300333932042122, -0.014552499167621136, 0.01911497861146927, -0.006282131187617779, -0.015501271933317184, -0.02198920212686062, -0.009111008606851101, -0.03016539104282856, -0.0037009110674262047, -0.012089875526726246, -0.014119970612227917, 0.0291329026222229, -0.0032143164426088333, -0.006658849772065878, 0.01951960287988186, -0.007625062949955463, -0.01262007188051939, 0.01847316324710846, 0.020845094695687294, -0.016910478472709656, -0.007945971563458443, 0.008385476656258106, 0.002038814825937152, -0.011741062626242638, -0.026830734685063362, -0.0021329945884644985, -0.022882165387272835, 0.004433419555425644, 0.013568844646215439, 0.012501475401222706, 0.00913193728774786, 0.0030207247473299503, 0.017524389550089836, -0.013373509049415588, -0.008531978353857994, -0.02687259204685688, 0.06903716921806335, 0.008845910429954529, 0.008671503514051437, 0.007450656034052372, -0.01643609255552292, 0.013233983889222145, 0.01947774551808834, 0.010101638734340668, -0.013596749864518642, -0.006812327541410923, -0.033374473452568054, -0.025770340114831924, 0.001848711515776813, -0.010617882944643497, 0.013066553510725498, 0.0010333600221201777, 0.006160046439617872, 0.019449841231107712, -0.050759341567754745, -0.005281036254018545, -0.0007216079393401742, 0.002042303094640374, 0.001885336940176785, 0.0016237267991527915, -0.01890569180250168, -0.05176392197608948, 0.0043706330470740795, 0.0032736146822571754, -0.05067562311887741, 0.024319276213645935, 0.02239382639527321, -0.004733399022370577, -0.010673693381249905, -0.017984824255108833, -0.009173794649541378, -0.006205392070114613, -0.025519195944070816, 0.010638811625540257, 0.0011598048731684685, -0.0017405793769285083, -0.01137829665094614, 0.029607288539409637, -0.0010691133793443441, 0.011448059231042862, 0.008183164522051811, 0.003871829714626074, -0.00011069378524553031, -0.019198695197701454, -0.005713564809411764, -0.02237987332046032, -0.02505876123905182, -0.007687849458307028, -0.010387665592133999, 0.013178173452615738, -0.028686420992016792, -0.0033346570562571287, -0.04118789732456207, 0.025128524750471115, 0.007059985306113958, -0.035606879740953445, 0.008301761001348495, 0.009710967540740967, -0.01027604565024376, -0.02193339169025421, 0.005856578703969717, -0.17725306749343872, 0.02584010362625122, 0.0509546734392643, -0.019226599484682083, 0.029188713058829308, -0.007422751281410456, -0.011057388037443161, 0.0047613042406737804, -0.017817392945289612, -0.003850901033729315, 0.020970666781067848, -0.013582797721028328, 0.0032648942433297634, -0.0051170941442251205, -0.0037881145253777504, -0.024542517960071564, 0.011748038232326508, 0.019128931686282158, 0.017691820859909058, 0.019784701988101006, -0.005574039649218321, 0.0013211311306804419, -0.009676086716353893, -0.019003359600901604, -0.009173794649541378, 0.01220847200602293, -0.015682654455304146, 0.018808024004101753, 0.018612688407301903, -0.01538965106010437, -0.028993377462029457, 0.022951927036046982, 0.04202504828572273, 0.005633337888866663, -0.01685466803610325, -0.017384864389896393, -0.007318106945604086, -0.0040322840213775635, -0.02851899154484272, 0.03142112120985985, 0.010896933265030384, 0.013610702939331532, -0.020607901737093925, -0.03669517859816551, 0.018556877970695496, 0.03730909153819084, 0.02977471984922886, -0.026523778215050697, 0.005340334493666887, -0.002392860595136881, 0.007063473109155893, -0.04291801154613495, 0.008518025279045105, 0.014482736587524414, 0.0017562758876010776, -0.0021277624182403088, -0.029272427782416344, 0.02172410488128662, -0.010464404709637165, -0.021779915317893028, 0.009697015397250652, -0.005901924334466457, 0.016505854204297066, -0.020803237333893776, -0.00651234807446599, -0.024668090045452118, -0.018124349415302277, 0.03870434686541557, -0.004831066820770502, 0.010178377851843834, -0.0029125926084816456, -0.032955899834632874, 0.014510641805827618, -0.03842529281973839, 0.026426110416650772, 0.008315714076161385, -0.007604134269058704, 0.014189733192324638, 0.031923409551382065, -0.004245060030370951, -0.014482736587524414, 0.03652774915099144, 0.0008681095787324011, 0.008762194775044918, -0.0034480213653296232, -0.00374276889488101, -0.01843130588531494, 0.02337050437927246, -0.001469376846216619, 0.011775943450629711, 0.01784529909491539, -0.022003155201673508, -0.014057183638215065, -0.032481513917446136, 0.008476167917251587, 0.012759597972035408, 0.004858972039073706, 0.008134330622851849, -0.04230410233139992, 0.004740375559777021, 0.01313631609082222, -0.020510233938694, -0.04967104271054268, 0.0006418168195523322, 0.01844525709748268, 0.014147874899208546, -0.02667725645005703, 0.033932577818632126, 0.023063547909259796, -0.010959720239043236, -0.00687860231846571, 0.0010412082774564624, 0.03181179240345955, 0.03513249382376671, 0.010387665592133999, 0.039095018059015274, -0.0012330557219684124, -0.01241776067763567, -0.02215663343667984, -0.010701597668230534, 0.025337811559438705, 0.015836132690310478, -0.012264282442629337, -0.011350391432642937, -0.005444978829473257, -0.030025865882635117, -0.09409593045711517, -0.0352720208466053, 0.027165595442056656, 0.021793866530060768, 0.010596954263746738, -0.0033311687875539064, -0.005047331098467112, 0.012334045022726059, -0.006812327541410923, 0.011210865341126919, -0.011015529744327068, -0.03036072663962841, 0.0021190419793128967, -0.015068743377923965, 0.026830734685063362, 0.0059786634519696236, -0.01598961092531681, -0.01580822840332985, -0.02073347382247448, 0.025575004518032074, -0.00338174682110548, -0.014859454706311226, -0.0017676124116405845, -0.010694622062146664, -0.03343028575181961, 0.008657551370561123, -0.03225827217102051, 0.01910102739930153, 0.008692432194948196, 0.01138527225703001, 0.027012117207050323, -0.0071855578571558, -0.022924022749066353, -0.00934820156544447, -0.03666727617383003, -0.025086667388677597, -0.005682171788066626, -0.020579995587468147, 0.014287400990724564, 0.0031968755647540092, -0.007164629176259041, 0.021431101486086845, 0.001336827757768333, -0.01829177886247635, -0.010415570810437202, -0.027765553444623947, -0.0017745885998010635, 0.0209009051322937, -0.007548323832452297, -0.01950564980506897, -0.005134534556418657, -0.006205392070114613, 0.0007159396773204207, -0.013422342948615551, 0.025491289794445038, -0.006135629490017891, 0.01311538740992546, 0.004457836505025625, 0.015054790303111076, 0.003247453598305583, 0.007136723957955837, 0.024109989404678345, 0.0048729246482253075, 0.03714166209101677, 0.02772369608283043, -0.00579030392691493, -0.023844890296459198, -0.018528973683714867, 0.02648192085325718, -0.030053770169615746, -0.02811436727643013, 0.00860871747136116, -0.0031393214594572783, -0.0026614470407366753, -0.015445461496710777, 0.0007312002708204091, -0.04202504828572273, -0.013394437730312347, 0.014650166966021061, 0.007513442542403936, -0.02524014376103878, -0.022533351555466652, 0.015557081438601017, -0.002099857199937105, 0.03343028575181961, 0.033123329281806946, -0.011364343576133251, -0.00754134776070714, 0.03834157809615135, -0.021068334579467773, -0.005664731375873089, 0.004095070529729128, 0.048331595957279205, 0.002844574162736535, 0.0009897582931444049, 0.004381097387522459, -0.004904317669570446, -0.004252036567777395, -0.017580199986696243, 0.002459135139361024, -0.050340764224529266, -0.013833942823112011, -0.0751204714179039, 0.012982837855815887, 0.008845910429954529, 0.006665825843811035, -0.0174406748265028, 0.012236377224326134, -0.002098113065585494, 0.0264540147036314, 0.0006435608956962824, 0.01538965106010437, -0.028393417596817017, 0.011755014769732952, -0.02748650312423706, -0.019338220357894897, -0.027207452803850174, -0.02317516878247261, -0.0005406609270721674, 0.003596267197281122, 0.009920256212353706, -0.0023963486310094595, -0.024054178968071938, -0.01703605055809021, -0.0016106462571769953, 0.018975453451275826, -0.006951853167265654, -0.0011318997712805867, -0.024096036329865456, -0.0019777724519371986, 0.003578826552256942, 9.333485650131479e-06, 0.010296974331140518, -0.02542152814567089, -0.007171605248004198, 0.032090842723846436, -0.01827782765030861, -0.05154068022966385, -0.0018661521608009934, 0.0246262326836586, 0.036220792680978775, -0.015668701380491257, 0.0047822329215705395, -0.023942558094859123, -0.013819990679621696, -0.010527191683650017, -0.0002655342686921358, 0.0035474332980811596, -0.029914245009422302, 0.021082287654280663, 0.021193908527493477, -0.01519431546330452, 0.045457374304533005, 0.015264078974723816, 0.0003985194198321551, -0.010652763769030571, -0.024123940616846085, -0.010715550743043423, -0.0041439044289290905, -0.008259903639554977, 0.003282334888353944, -0.004949663300067186, 0.0348813496530056, -0.010624859482049942, 0.021682247519493103, 0.006547229364514351, 0.0018801047699525952, -0.005124070215970278, -0.023663507774472237, -0.010694622062146664, -0.00863662175834179, -0.021082287654280663, 0.0010813218541443348, -0.02095671556890011, 0.013366533443331718, 0.023844890296459198, 0.006215856410562992, 0.003012004541233182, -0.007359964773058891, 0.015919847413897514, -0.04579223692417145, 0.029300333932042122, 0.02893756702542305, 0.0036939349956810474, -0.012857265770435333, 0.023956511169672012, 0.02300773747265339, -0.02688654325902462, -0.018180159851908684, 0.004970592446625233, 0.006285618990659714, -0.020189324393868446, -0.009341225028038025, 0.03471392020583153, 0.010506262071430683, -0.024151846766471863, 0.03136530891060829, 0.018194111064076424, -0.004531087353825569, -0.02441694401204586, 0.03836948424577713, 3.147496681776829e-05, 0.002253335202112794, -0.004928734619170427, -0.004161344841122627, -0.05536367744207382, -0.022728687152266502, -0.006421656347811222, -0.029439859092235565, 0.0019533555023372173, -0.007520419079810381, 0.008169212378561497, 0.011587584391236305, -0.006194927729666233, 0.016868621110916138, 0.01886383444070816, -0.01582217961549759, 0.01222242508083582, -4.9460664740763605e-05, -0.004265989176928997, -0.03242570161819458, 0.03881596401333809, -0.020635806024074554, -0.018208064138889313, 0.002879455452784896, 0.0174406748265028, 0.018947549164295197, 0.023035643622279167, 0.004088093992322683, 0.014496688731014729, 0.006058890372514725, -0.020175373181700706, 0.01458040438592434, 0.007743659429252148, -0.02649587392807007, -0.02747255004942417, -0.013931610621511936, 0.004618290811777115, -0.018305731937289238, 0.006208880338817835, 0.0023527471348643303, 0.08734289556741714, 0.04308544099330902, -0.039095018059015274, 0.02281240187585354, 0.00028711711638607085, 0.02378907985985279, -0.0034427891951054335, 0.0019864928908646107, 0.0283515602350235, -0.029244523495435715, 0.00034663340193219483, 0.00652281241491437, -0.008999387733638287, -0.012641001492738724, -0.0065018837340176105, -0.013073530048131943, -0.007548323832452297, 0.017970871180295944, -0.005465907510370016, 0.021863630041480064, 0.021877583116292953, -0.006965805310755968, 0.012501475401222706, 0.02440299279987812, -0.032732658088207245, -0.01889173872768879, 0.037420712411403656, 0.01967308111488819, -0.020356755703687668, -0.008434310555458069, -0.014803644269704819, 0.02055209130048752, -0.015250125899910927, -0.018542924895882607, 0.02770974487066269, 0.013806038536131382, -0.0018696403130888939, -0.035578977316617966, 0.0006788782775402069, 0.006791398860514164, 0.01075740810483694, 0.03290008753538132, -0.011455034837126732, -0.02828179858624935, -0.018515020608901978, -0.009996994398534298, -0.015459413640201092, -0.0040113553404808044, -0.03407210111618042], 'ai_metadata': {'tags': ['construction', 'document'], 'document_type': 'unknown', 'topics': ['AS_NZS_1170_1_Summary.txt'], 'supplier_mentions': [], 'categories': ['general'], 'summary': '```json\n{\n  "tags": [\n    "AS/NZS 1170.1",\n    "Structural Design",\n    "Design Loads",\n    "Building Codes",\n    "Dead Loads",\n    "Live Loads",\n    "Wind Loads",\n    "Earthquake Loads",\n    "AS/NZS '}, 'tags': ['construction', 'standards', 'AS/NZS', 'structural'], 'knowledge_bank_type': 'personal', 'upload_timestamp': '2025-08-12T07:38:02.550000', 'status': 'active', 'view_count': 0, 'reference_count': 9, 'storage_path': 'personal_knowledge_bank/demo_user_auto_token/b7c66531-02e2-448c-b9d7-ccef4e4cf3da/AS_NZS_1170_1_Summary.txt', 'file_data': 'CiAgICAgICAgQVMvTlpTIDExNzAuMToyMDAyIFN0cnVjdHVyYWwgRGVzaWduIEFjdGlvbnMKICAgICAgICAKICAgICAgICBUaGlzIHN0YW5kYXJkIHNwZWNpZmllcyBtaW5pbXVtIGRlc2lnbiBsb2FkcyBmb3IgYnVpbGRpbmdzIGFuZCBzdHJ1Y3R1cmVzLgogICAgICAgIAogICAgICAgIEtleSBSZXF1aXJlbWVudHM6CiAgICAgICAgLSBEZWFkIGxvYWRzOiBTZWxmLXdlaWdodCBvZiBzdHJ1Y3R1cmUgYW5kIHBlcm1hbmVudCBmaXh0dXJlcwogICAgICAgIC0gTGl2ZSBsb2FkczogT2NjdXBhbmN5IGFuZCB1c2UgbG9hZHMKICAgICAgICAtIFdpbmQgbG9hZHM6IEFzIHBlciBBUy9OWlMgMTE3MC4yCiAgICAgICAgLSBFYXJ0aHF1YWtlIGxvYWRzOiBBcyBwZXIgQVMvTlpTIDExNzAuNAogICAgICAgIAogICAgICAgIEZvciBvZmZpY2UgYnVpbGRpbmdzOgogICAgICAgIC0gR2VuZXJhbCBhcmVhczogMy4wIGtQYQogICAgICAgIC0gQ29ycmlkb3JzIGFuZCBzdGFpcnM6IDQuMCBrUGEKICAgICAgICAtIFBsYW50IHJvb21zOiA3LjUga1BhCiAgICAgICAg'}, 'similarity_score': 0.8017594951444003, 'source': 'Personal Knowledge Bank', 'privacy': 'Private to your account'}, {'type': 'personal_document', 'document': {'_id': '689afe01d2f76a65144ba72e', 'document_id': '35cbfdfc-6978-475a-80d0-f4584a0bf26f', 'user_id': 'demo_user_auto_token', 'filename': 'fire_safety_requirements.txt', 'original_size': 806, 'content_type': 'text/plain', 'file_hash': 'ecab604f6951f10e1dd5b69c39561aecddb8c09e8f24dfc1b8265c13292c7175', 'extracted_text': '\n        Fire Safety Requirements for High-Rise Buildings in Australia\n        \n        This document outlines the key fire safety requirements for high-rise buildings \n        in accordance with Australian Standards and the National Construction Code (NCC).\n        \n        Key Standards:\n        - AS 1851: Maintenance of fire protection systems\n        - AS 2118: Automatic fire sprinkler systems\n        - AS 3786: Smoke alarms using scattered light\n        - NCC Volume One: Fire safety provisions\n        \n        Requirements:\n        1. Fire resistance levels (FRL) for structural elements\n        2. Egress provisions and travel distances\n        3. Smoke hazard management systems\n        4. Fire sprinkler system installation\n        5. Emergency warning and intercommunication systems\n        ', 'embedding': [-0.006996841635555029, 0.014086182229220867, -0.01497152354568243, -0.030841603875160217, 0.02925591729581356, 0.006735864095389843, -0.0029335201252251863, -0.0214992668479681, -0.014297607354819775, -0.0056754364632070065, -0.01912073604762554, -0.004228497389703989, -0.011152662336826324, 0.02406279370188713, 0.0049750916659832, 0.009025199338793755, 0.0306566059589386, -0.01263924315571785, -0.004955270327627659, -0.008423959836363792, -0.010082323104143143, 0.02145962417125702, -0.010287141427397728, -0.0006421204307116568, 0.0003363389696460217, 0.012586386874318123, 0.0023124595172703266, -0.034620821475982666, 0.009963396936655045, -0.009381978772580624, 0.018948953598737717, -0.011800150386989117, 0.007010055705904961, -0.01742933876812458, -0.0103532113134861, -0.012652456760406494, -0.02843664586544037, -0.01395404152572155, 0.016980059444904327, -0.007670758757740259, 0.023415304720401764, -0.008807167410850525, 0.0022843796759843826, 0.0008452865295112133, 0.008483422920107841, 0.006772202905267477, 0.024142077192664146, -0.00951411947607994, -0.018169324845075607, 0.005635794252157211, -0.004565455950796604, -0.007578260265290737, -0.029335200786590576, -0.0251595601439476, -0.017508622258901596, -0.0005128704942762852, -0.015870079398155212, 0.014641172252595425, -0.0017756385495886207, -0.024485642090439796, -0.0051171425729990005, 0.012553351931273937, -0.047359172254800797, 0.026613105088472366, 0.022979240864515305, -0.016689350828528404, -0.013372623361647129, 0.002016795100644231, -0.02511991746723652, -0.03588937222957611, 0.034832246601581573, 0.02859521470963955, 0.010108751244843006, -0.0084636015817523, 0.023758869618177414, 0.005014733877032995, 0.011172482743859291, -0.010848738253116608, -0.015975791960954666, -0.024538498371839523, 0.0018384053837507963, -0.006626848131418228, 0.0019028238020837307, 0.027353093028068542, 0.011086591519415379, 0.030868031084537506, -0.0010472137946635485, 0.02036285772919655, 0.014852597378194332, -0.007710400968790054, -4.255854582879692e-05, 0.006831665989011526, 0.007730221841484308, 0.011575511656701565, 0.002416520146653056, -0.0032737820874899626, -0.0025982134975492954, 0.012811025604605675, 0.006174266804009676, -0.0320308692753315, 0.006957199890166521, -0.0067094359546899796, -0.02825164794921875, 0.005972752813249826, 0.0054144589230418205, -0.0062039983458817005, 0.023957081139087677, 0.00657729571685195, -0.004581973422318697, -0.008219141513109207, -0.011238553561270237, 0.01642506942152977, -0.007756649982184172, -0.03221586346626282, 0.03319370374083519, -0.025912761688232422, 0.017416123300790787, -0.001430421369150281, -0.000340881320880726, -0.022609246894717216, 0.004172337707132101, 0.0068911295384168625, 0.01351797766983509, 0.01639864221215248, 0.0063856919296085835, 0.006844880059361458, -0.007076126057654619, -0.015751153230667114, -0.013326373882591724, -0.0261902566999197, -0.012368354946374893, -0.016292929649353027, 0.022001400589942932, -0.0144693898037076, -0.0225299634039402, 0.014363677240908146, -0.009877505712211132, 0.013861543498933315, -0.04122785106301308, -0.02031000144779682, 0.006963806692510843, 0.026824530214071274, -0.0400385856628418, 0.006431940943002701, 0.016570424661040306, -0.0020465266425162554, -0.001762424479238689, 0.008959128521382809, -0.0004670342314057052, -0.001211563590914011, -0.007968074642121792, -0.01770683377981186, -0.015526513569056988, 0.015883293002843857, -0.014139038510620594, 0.02299245446920395, -0.02809307910501957, 0.005222855135798454, -0.014205108396708965, -0.034462254494428635, 0.011522655375301838, -0.0030293220188468695, 0.011159269139170647, 0.009315907955169678, 0.002134069800376892, -0.0025949098635464907, 0.0011248463997617364, -0.022886741906404495, -0.011337658390402794, 0.009586796164512634, 0.015539728105068207, 0.014654386788606644, -0.02646775171160698, 0.00913751870393753, 0.018763957545161247, 0.020481783896684647, 0.013650118373334408, 0.013491549529135227, 0.006547564174979925, -0.006943985819816589, -0.002953341230750084, 0.016543995589017868, 0.04083142802119255, 0.023639943450689316, -0.03536080941557884, -0.0108090965077281, 0.028172364458441734, 0.02390422485768795, -0.009315907955169678, -0.013194233179092407, -0.006038822699338198, 0.011139447800815105, -0.00395100237801671, -0.02859521470963955, -0.604252278804779, -0.020534640178084373, -0.009983218275010586, -0.028515929356217384, -0.01379547268152237, 0.018922526389360428, 0.035651519894599915, 0.013445300050079823, -0.004218586720526218, 0.008377710357308388, -0.003282040823251009, 0.022133540362119675, -0.004684382118284702, 0.003706542309373617, -0.01695363223552704, -0.012189965695142746, -0.020072149112820625, -0.025040633976459503, 0.025172773748636246, 0.016821490600705147, -0.0071752313524484634, 0.03129088133573532, -0.0331672765314579, -0.02722095139324665, 0.008034145459532738, -0.0018780474783852696, -0.010458923876285553, -0.038188617676496506, -0.0027501750737428665, 0.012553351931273937, -0.04114856570959091, 0.018724314868450165, 0.02628275379538536, 0.011694437824189663, 0.027802370488643646, -0.015196162275969982, -0.017693618312478065, 0.028727354481816292, 0.05206337571144104, 0.014324035495519638, -0.006600419990718365, -0.005212944466620684, 0.01976822502911091, 0.0002694428258109838, 0.013108341954648495, 0.0017013094620779157, 0.04590562358498573, -0.006322924979031086, 0.0393514558672905, -0.02612418495118618, -0.006207302212715149, 0.008833595551550388, -0.015936149284243584, 0.0013470076955854893, 0.008701454848051071, -0.01651756837964058, 0.033642981201410294, 0.013716188259422779, -0.013471728190779686, 0.008767524734139442, -0.010445710271596909, 0.008404138498008251, -0.006752382032573223, -0.024736709892749786, -0.02822522073984146, 0.01497152354568243, 0.008608956821262836, 0.023190665990114212, 0.012170144356787205, -0.02502741850912571, -0.012024789117276669, 0.02578062005341053, -0.009045020677149296, -0.0012726786080747843, 0.01971536874771118, 0.021261414512991905, 0.01651756837964058, -0.010928022675216198, 0.0033993155229836702, 0.02399672381579876, 0.0050015198066830635, 0.000450516672572121, -0.01921323500573635, -0.012407996691763401, 0.0020300091709941626, -0.020878206938505173, -0.016980059444904327, -0.015381159260869026, 0.015249018557369709, 0.010696777142584324, 0.027432376518845558, -0.007875576615333557, 0.0019160378724336624, -0.009084662422537804, 0.0025337948463857174, 0.010901594534516335, -0.011846399866044521, -0.003014456247910857, -0.008965736255049706, -0.01470724307000637, -0.011958719231188297, -0.001561736105941236, -0.03710506483912468, -0.011872828006744385, 0.011126234196126461, -0.018407177180051804, 0.007584867067635059, 0.019556799903512, 0.03451510891318321, -0.01015500072389841, 0.009388585574924946, -0.018446819856762886, -0.026705604046583176, -0.007432905491441488, 0.00409966055303812, -0.036338649690151215, 0.026771673932671547, 0.0017739868490025401, 0.018327893689274788, 0.005490439478307962, 0.01686113327741623, 0.00025519641349092126, 0.0443727932870388, -0.02431385964155197, 0.011932291090488434, 0.035810086876153946, 0.010908202268183231, -0.017587905749678612, 0.0015196162275969982, -0.01102712843567133, 0.0018697887426242232, 0.001299932599067688, 0.039906445890665054, -0.007082733325660229, 0.01030696276575327, -0.01592293567955494, -0.004423404578119516, -0.013207447715103626, 0.024763138964772224, -0.033431556075811386, -0.027432376518845558, -0.023983508348464966, 0.016121147200465202, -0.01162176113575697, -0.03662936016917229, -0.005318657029420137, -0.0048759859055280685, 0.023045310750603676, -0.02340209111571312, 0.01827503740787506, -0.0296259094029665, -0.021750332787632942, -0.023666370660066605, 0.010465530678629875, -0.021327484399080276, 0.0065013146959245205, 0.014218322932720184, -0.012777990661561489, -0.004532420542091131, -0.009461263194680214, 0.010709990747272968, 0.0046447403728961945, -0.03739577531814575, 0.007987895980477333, -0.0007585693383589387, -0.0007841715705581009, 0.020257145166397095, 0.0036768107675015926, 0.005530081689357758, -0.04167712852358818, -0.012698706239461899, -0.01540758740156889, -0.002547008916735649, 0.017971113324165344, 5.252070332062431e-05, 0.01403332594782114, -0.012791204266250134, -0.00824556965380907, 0.005018037278205156, -0.014839382842183113, 0.007736829109489918, 0.009111090563237667, -0.0129828080534935, -0.0005306268576532602, -0.007043091114610434, 0.012401389889419079, 0.03414511680603027, -0.01839396357536316, -0.020719638094305992, 0.015011166222393513, -0.023666370660066605, 0.011654796078801155, 0.012361748144030571, 0.02640167996287346, -0.005936414003372192, 0.0038353793788701296, 0.0207064226269722, -0.017046131193637848, -0.00657068844884634, 0.02477635256946087, 0.01937180384993553, -0.029810907319188118, 0.02994304709136486, -0.00018014472152572125, 0.031766586005687714, 0.014905453659594059, 0.013835115358233452, -0.002991331508383155, 0.0400385856628418, -0.007426298689097166, 0.006692918483167887, -0.004281353671103716, -0.009659473784267902, -0.010776061564683914, -0.003977430518716574, 0.008826988749206066, -0.003881628392264247, 0.026229897513985634, -0.02271495945751667, -0.006930771749466658, 0.008780739270150661, 0.006805237848311663, 0.03263871371746063, 0.023692799732089043, -0.02941448614001274, 0.002639507409185171, 0.02136712521314621, 0.023111380636692047, 0.005500350147485733, 0.002016795100644231, -0.03816219046711922, -0.0068911295384168625, 0.015975791960954666, -0.006544260308146477, 0.027049168944358826, 0.01576436683535576, 0.025146346539258957, -0.035836514085531235, 0.002295942045748234, 0.00862217042595148, 0.04405565932393074, 0.022516747936606407, 0.018592175096273422, -0.0027039258275181055, 0.03351084142923355, 0.001836753566749394, 0.013650118373334408, 0.024393144994974136, 0.013075307011604309, 0.01686113327741623, 0.018380749970674515, 0.0035744018387049437, -0.004357334692031145, 0.028859494253993034, 0.014416533522307873, 0.010254106484353542, 0.014799741096794605, 0.014403318986296654, 0.018684672191739082, 0.01045231707394123, 0.0131545914337039, -0.0121238948777318, 0.0327179990708828, 0.006600419990718365, 0.001635239226743579, 0.004839647561311722, -0.00627997936680913, -0.012441032566130161, 0.01596257835626602, -0.028885923326015472, -0.018922526389360428, 0.0052856216207146645, 0.012546745128929615, -0.012249428778886795, 0.022662103176116943, 0.020812135189771652, 0.0025949098635464907, 0.020798921585083008, 0.011258373968303204, 0.016477925702929497, -0.012097466737031937, -0.014337249100208282, 0.02230532467365265, 0.014152252115309238, -0.007968074642121792, -0.00563249085098505, -0.007472547702491283, 0.0022331750951707363, -0.014482603408396244, 0.04379137605428696, -0.0004127327410969883, -0.0011628367938101292, -0.007472547702491283, -0.004320995882153511, 0.016530781984329224, 0.0067788101732730865, 0.010961058549582958, -0.03544009476900101, -0.013544405810534954, 0.009329122491180897, 0.002378529869019985, -0.04286639392375946, -0.0010942888911813498, -0.006322924979031086, 0.04233783110976219, -0.014297607354819775, 0.004899110645055771, -0.0013816945720463991, -0.007347014266997576, 0.01199836190789938, -0.009837863966822624, -0.0016649708850309253, 0.008985556662082672, 0.019200021401047707, 0.019636085256934166, -0.019186807796359062, -6.178602779982612e-05, -0.030075188726186752, 0.030048759654164314, -0.03697292506694794, -0.0009381978888995945, 0.013081913813948631, -0.010716598480939865, 0.001805370207875967, 0.04984341189265251, 0.01548687182366848, 0.014839382842183113, 0.024538498371839523, -0.0010480396449565887, -0.029678765684366226, -0.0041624270379543304, -0.011978540569543839, 0.015381159260869026, 0.006038822699338198, -0.001211563590914011, 0.004509296268224716, -0.01626650057733059, 0.0065938131883740425, 0.010359819047152996, -0.002243085764348507, 0.010121965780854225, -0.0207064226269722, -0.005761327687650919, -0.011628367938101292, 0.007373442407697439, 0.0235606599599123, 0.023111380636692047, 0.044822074472904205, 0.017376482486724854, -0.031423021107912064, 0.01733683981001377, -0.0075452253222465515, 0.0019490730483084917, -0.01043249573558569, -0.004192158579826355, 0.03501724451780319, 0.022014614194631577, 0.028991635888814926, 0.011932291090488434, 0.017667191103100777, 0.012447639368474483, -0.002649417845532298, 0.017720047384500504, -0.00193585897795856, 0.051799092441797256, -0.0014609788777306676, 0.012619421817362309, -0.023362448439002037, 0.0404878631234169, 0.0014618047280237079, -0.01556615624576807, 0.03403940424323082, -0.03282371163368225, -0.001214867108501494, 0.031238025054335594, -0.017310410737991333, -0.008846809156239033, -0.009454656392335892, -0.003974126651883125, -0.019252877682447433, -0.0037362738512456417, -0.0073602283373475075, 0.026362039148807526, -0.04260211065411568, -0.015249018557369709, -0.021010346710681915, 0.003211015136912465, -0.0030574018601328135, -0.009130911901593208, -0.007492369040846825, -0.025516338646411896, 0.007736829109489918, -0.026005258783698082, 0.02237139455974102, 0.019503943622112274, -0.03792433813214302, -0.023388875648379326, 0.01793147251009941, 0.04318353161215782, 0.0050808037631213665, 0.009005378000438213, 0.0052294619381427765, -0.003660293063148856, 0.0036801141686737537, 0.006560778245329857, -0.03229514881968498, -0.02093106135725975, -0.021974973380565643, 0.006458369083702564, -0.003571098204702139, 0.001006745733320713, -0.014271179214119911, -0.01583043672144413, 0.030894460156559944, 0.008569314144551754, -0.015843652188777924, 0.0158965066075325, 0.004304478410631418, 0.023534230887889862, 0.006547564174979925, -0.008265390992164612, 0.014839382842183113, 0.00981143582612276, -0.019530372694134712, -0.006253551226109266, -0.004773577209562063, -0.02189568802714348, -0.020442143082618713, 0.0233360193669796, -0.027960939332842827, 0.014694028533995152, 0.028172364458441734, -0.01301584392786026, -0.008371103554964066, 0.007076126057654619, -0.01923966407775879, 0.005662222392857075, 0.0064088162034749985, -0.01880360022187233, 0.024102434515953064, 8.981427527032793e-05, 0.009970003738999367, 0.0007911915308795869, -0.01809004135429859, 0.018248608335852623, -0.030683035030961037, 0.023943867534399033, 0.021221771836280823, -0.03694649785757065, 0.01170104555785656, -0.0012792856432497501, -0.015011166222393513, -0.012031396850943565, -0.004023679532110691, 0.01889609731733799, 0.019847510382533073, 0.028727354481816292, -0.03747505694627762, -0.022358180955052376, 0.01190586294978857, -0.02603168785572052, -0.006451762281358242, -0.022133540362119675, -0.016966845840215683, -0.027273807674646378, -0.0038056476041674614, 0.007393263280391693, 0.018948953598737717, -0.022952811792492867, -0.020323215052485466, 0.0030970440711826086, 0.015909722074866295, -0.008053965866565704, 0.01481295470148325, -0.007122375536710024, -0.00943483505398035, -0.0279080830514431, -0.010776061564683914, -0.021142486482858658, -0.019345376640558243, 0.020627139136195183, -0.02909734845161438, 0.016689350828528404, 0.011872828006744385, 0.01642506942152977, -0.003960913047194481, 0.016068290919065475, 0.011139447800815105, 0.007611295208334923, 0.008873237296938896, -0.03459439426660538, -0.005447493866086006, -0.041624270379543304, 0.014429747126996517, 0.03744862973690033, 0.013821900822222233, -0.008483422920107841, -0.019662512466311455, 0.01733683981001377, 0.008965736255049706, -0.008767524734139442, 0.013101735152304173, -0.015156520530581474, -0.02127462811768055, -0.006309710908681154, 0.017098985612392426, 0.013861543498933315, 0.022728173062205315, -0.02415529079735279, -0.0004067451227456331, 0.027538089081645012, -0.01353119220584631, -0.014271179214119911, -0.0011743990471586585, 0.0021390251349657774, -0.032427288591861725, 0.00847681611776352, -0.003077222965657711, 0.03618008270859718, -0.013557620346546173, 0.007162017747759819, -0.021671049296855927, -0.01708577200770378, 0.01699327491223812, 0.0065574743784964085, 0.017733260989189148, 0.014588315971195698, -0.01777290366590023, -0.007076126057654619, 0.007426298689097166, -0.0001269788044737652, 0.001540263183414936, 0.014442961663007736, -0.0110931983217597, -0.004393673036247492, -0.028542358428239822, 0.005867040250450373, -0.006002484355121851, 0.02459135465323925, 0.0012181706260889769, 0.012302285060286522, 0.049631986767053604, -0.01633257046341896, 0.017350053414702415, 0.015037594363093376, -0.011410336010158062, 0.021393554285168648, 0.013511370867490768, 0.0062898900359869, 0.005804273299872875, -0.011205518618226051, -0.018935739994049072, 0.0016022040508687496, -0.0018466641195118427, -0.00591328926384449, 0.025172773748636246, 0.01156229805201292, -0.02408922091126442, -0.0035843122750520706, -0.0049684843979775906, 0.03850575536489487, -0.0028278075624257326, -0.0386643223464489, 0.03348441421985626, 0.03448868170380592, 0.011813364923000336, -0.010987486690282822, 0.006597116589546204, -0.009078055620193481, -0.012929952703416348, 0.0086353849619627, 0.01000964641571045, 0.004806612152606249, -0.02249032072722912, -0.032902996987104416, 0.026732033118605614, -0.018420392647385597, 0.022609246894717216, 0.030154472216963768, -0.0069505926221609116, 0.02036285772919655, 0.007816113531589508, 0.010141787119209766, -0.008001109585165977, 0.0007263600709848106, 0.02994304709136486, 5.321753997122869e-05, -0.02308495342731476, 0.02609775774180889, 0.000992705812677741, -0.019636085256934166, -0.015936149284243584, 0.02397029474377632, 0.0313437357544899, -0.02703595533967018, -0.03144944831728935, 0.026243112981319427, -0.015037594363093376, 0.014509031549096107, 0.0018598781898617744, -0.01168783102184534, 0.00824556965380907, -0.009897327050566673, -0.01770683377981186, -0.012374961748719215, 0.0112649817019701, -0.024736709892749786, -0.015658654272556305, -0.0022348270285874605, -0.023269949480891228, 0.012394783087074757, 0.006884522270411253, -0.004988305736333132, -0.032057296484708786, -0.03063017874956131, 0.00045340723590925336, -0.033246561884880066, 0.0045555452816188335, -0.004281353671103716, 0.01573793962597847, 0.00533517450094223, 0.03924574330449104, -0.03282371163368225, -0.0013519629137590528, -0.015843652188777924, 0.020732851698994637, -0.01314137689769268, 0.013808687217533588, -0.006996841635555029, -0.011172482743859291, 0.03250657394528389, 0.0015964229824021459, -0.03575723245739937, -0.02223925292491913, -0.00467777531594038, 0.021063202992081642, -0.008311640471220016, -0.006844880059361458, 0.016372213140130043, 0.010987486690282822, -0.0019094308372586966, -0.017389696091413498, 4.371348495624261e-06, 0.04307781904935837, 0.004172337707132101, 0.017905043438076973, 0.04405565932393074, -0.014575102366507053, 0.02843664586544037, -0.005242676008492708, -0.0010571243474259973, -0.01196532603353262, -0.034832246601581573, -0.004357334692031145, 0.012427818030118942, -0.010855345986783504, -0.031423021107912064, -0.02703595533967018, -0.023045310750603676, 0.005569723900407553, 0.0019969739951193333, 0.026044901460409164, 0.006091678980737925, -0.006669794209301472, 0.01761433482170105, 0.023732442408800125, -0.0013412265107035637, 0.011284802109003067, -0.03131730854511261, 0.002462769392877817, -0.008529672399163246, -0.002921957755461335, -0.04307781904935837, -0.013339588418602943, 0.016319356858730316, 0.03287656605243683, 0.014746884815394878, -0.022701745852828026, 0.008741096593439579, 0.014429747126996517, -0.058088984340429306, 0.0006132147391326725, -0.053675487637519836, 0.01871110126376152, 0.0062370337545871735, 0.03652364760637283, 0.012976201251149178, 0.012672278098762035, 0.00957358255982399, 0.0005397115601226687, -0.005566420499235392, -0.011872828006744385, 0.018446819856762886, -0.014429747126996517, 0.008688241243362427, -0.02381172589957714, -0.044504936784505844, -0.0006194087909534574, 0.02646775171160698, -0.0042912643402814865, -0.01439010538160801, 0.02067999541759491, -0.016345785930752754, 0.009837863966822624, -0.0018202359788119793, -0.001487407018430531, 0.01250049564987421, 0.0038023442029953003, -0.009884112514555454, -0.04336852580308914, 0.0014039933448657393, 0.016028648242354393, 0.01670256443321705, 0.021393554285168648, -0.015460443682968616, 0.017231127247214317, 0.008813774213194847, 0.0031812835950404406, -0.003415832994505763, -0.006494707893580198, -0.001543566701002419, -0.004942056257277727, 0.017693618312478065, 0.012738348916172981, 0.011912469752132893, 0.014799741096794605, 0.0023900920059531927, 0.015434015542268753, -0.012705313041806221, 0.011694437824189663, -0.019530372694134712, -0.011000700294971466, 0.012903524562716484, -0.002918654354289174, 0.0017657279968261719, 0.002168756676837802, -0.0014213367830961943, 0.00482643349096179, -0.0034026189241558313, -0.006015698425471783, -0.031211595982313156, -0.002087820554152131, 0.027670230716466904, -0.013346195220947266, -0.006270068697631359, -0.021763548254966736, -0.014337249100208282, -0.026573464274406433, 0.005837308708578348, -0.004178944509476423, 0.003511634888127446, -0.011813364923000336, 0.021446410566568375, 0.013821900822222233, -0.021988186985254288, -0.005163391586393118, 0.003014456247910857, 0.016385426744818687, -0.011251767165958881, 0.005923199933022261, 0.18859098851680756, 0.021512480452656746, 0.019556799903512, 0.036682214587926865, -0.034435827285051346, 0.015751153230667114, 0.005989270284771919, 0.007802898995578289, -0.01805039867758751, 0.018671458587050438, -0.032770853489637375, 0.009646260179579258, -0.03345798701047897, 0.014918667264282703, 0.006151142530143261, -0.006626848131418228, -0.04870700463652611, -0.012705313041806221, -0.03504367172718048, 0.02759094536304474, -0.005520171485841274, -0.011198910884559155, 0.007181838620454073, -0.011522655375301838, 0.01445617526769638, 0.004912324715405703, 0.00824556965380907, 0.019437873736023903, 0.02859521470963955, 0.01024749968200922, -0.0008853416657075286, -0.027696657925844193, -0.003508331486955285, -4.676536627812311e-05, -0.016966845840215683, -0.0030739193316549063, 0.02171069197356701, -0.023891011252999306, 0.0020795618183910847, -0.010855345986783504, -0.009322515688836575, -0.02152569405734539, 0.014495817944407463, -0.024644210934638977, 0.009362157434225082, -0.005067589692771435, -0.02486884966492653, 0.018063612282276154, -0.041439276188611984, -0.002355405129492283, -0.061154644936323166, -0.00969911552965641, 0.017217913642525673, 0.023415304720401764, 0.019266091287136078, 0.00043482499313540757, 0.017165057361125946, -0.002028357470408082, -0.0025849994271993637, 0.004971787799149752, -0.013927613385021687, 0.022767815738916397, -0.03520224243402481, 0.01889609731733799, -0.017587905749678612, 0.0032506573479622602, -0.032612286508083344, 0.002327325288206339, -0.020125005394220352, 0.0032836925238370895, -0.014495817944407463, -0.004218586720526218, -0.03670864179730415, 0.02074606530368328, -0.01335940882563591, -0.014350462704896927, 0.004126088693737984, -0.005110535770654678, -0.001484103500843048, 0.029388057067990303, -0.021737119182944298, -0.015579369850456715, 0.007029877044260502, 0.019860723987221718, 0.006805237848311663, -0.011350872926414013, 0.023045310750603676, -0.014416533522307873, -0.029203061014413834, -0.012104073539376259, -0.008536279201507568, 0.00010633184137986973, -0.01971536874771118, 0.0027898172847926617, 0.006699525751173496, -0.014297607354819775, 0.01152926217764616, 0.0043143886141479015, -0.009084662422537804, 0.010571243241429329, -0.024921705946326256, 0.06649312376976013, 0.02465742640197277, -0.010551422834396362, -0.032902996987104416, -0.022675316780805588, -0.002736961003392935, 0.029652338474988937, 0.020547853782773018, -0.021142486482858658, -0.00991714745759964, -0.02722095139324665, -0.018473248928785324, -0.018010756000876427, -0.007723615039139986, 0.005724988877773285, -0.011549083516001701, -0.024208147078752518, 0.013114948756992817, -0.05312049761414528, -0.02005893550813198, -0.024115649983286858, 0.020138218998908997, 0.013689760118722916, -0.022041043266654015, -0.017191484570503235, -0.019755011424422264, -0.006299800239503384, 0.0012784597929567099, -0.051296960562467575, 0.026983099058270454, -0.006170963402837515, 0.00951411947607994, -0.00018860997806768864, -0.0014931882033124566, -0.017402909696102142, 0.00408974988386035, -0.03559866175055504, 0.012850668281316757, 0.0037032386753708124, -0.010690170340240002, 0.0022282199934124947, 0.01871110126376152, 0.0026824530214071274, 0.012242821045219898, 0.0005203033797442913, 0.004340816754847765, 0.0022728173062205315, -0.020032506436109543, 0.005054375622421503, -0.01674220710992813, -0.019094308838248253, -0.005417762324213982, -0.02946734055876732, 0.025053847581148148, -0.01779933087527752, 0.021578550338745117, -0.04455779120326042, 0.014720456674695015, 0.027617374435067177, -0.042126405984163284, 0.01836753636598587, 0.014522246085107327, -0.0225299634039402, -0.009018592536449432, 0.008291819132864475, -0.16480568051338196, 0.022543177008628845, 0.05119124799966812, -0.02909734845161438, 0.01263924315571785, -0.016200430691242218, -0.0018037183908745646, 0.013597262091934681, -0.02843664586544037, -0.004978395067155361, 0.02612418495118618, -0.034435827285051346, 0.0019936703611165285, -0.012117288075387478, -0.013623690232634544, 0.0009357202216051519, 0.004453136585652828, 0.017627548426389694, 0.004489474929869175, 0.016068290919065475, 0.009897327050566673, -0.021829618141055107, -0.006303104106336832, -0.01548687182366848, -0.021010346710681915, -0.020376071333885193, -0.03298227861523628, -0.005804273299872875, -0.0025106703396886587, 0.004515903070569038, 0.009203588590025902, 0.009309301152825356, 0.04429351165890694, -0.015883293002843857, -0.01196532603353262, -0.009078055620193481, -0.008060573600232601, -0.0038485934492200613, -0.01655721105635166, 0.039219312369823456, 0.03063017874956131, 0.01576436683535576, 0.023573873564600945, -0.015790795907378197, -0.008450387977063656, 0.020045720040798187, 0.022662103176116943, -0.014059754088521004, 0.021419981494545937, -0.009970003738999367, 0.007426298689097166, -0.03158159181475639, -0.005857129581272602, 0.00885341688990593, 0.005454101134091616, -0.02383815497159958, -0.014641172252595425, 0.011020521633327007, 0.02477635256946087, -0.0026312486734241247, 0.02841021679341793, -0.011357479728758335, -0.006012394558638334, -0.009970003738999367, -0.0007131460006348789, -0.04971127212047577, -0.004833040293306112, 0.016160788014531136, -0.025238843634724617, 0.003019411349669099, 0.0022067471873015165, -0.04038215056061745, 0.015024379827082157, -0.03602151200175285, 0.008285212330520153, -0.003182935295626521, -0.022292109206318855, -0.0011810060823336244, 0.015447230078279972, 0.00911769736558199, 0.001427117851562798, 0.03575723245739937, 0.002466073026880622, -0.024327075108885765, 0.014244751073420048, -0.0025800440926104784, -0.01871110126376152, 0.009111090563237667, -0.008575920946896076, 0.013247089460492134, 0.02468385361135006, -0.03229514881968498, 1.6982125089270994e-05, -0.028515929356217384, 0.002048178343102336, 0.02124819904565811, 0.002429734217002988, 0.003673507133498788, 0.013366016559302807, -0.008701454848051071, 0.026005258783698082, -0.007029877044260502, -0.05565759912133217, -0.0158965066075325, 0.011555690318346024, 0.0059198965318500996, -0.0313437357544899, 0.022820672020316124, 0.026679176837205887, -0.017905043438076973, -0.007868969812989235, 0.01949073001742363, 0.03744862973690033, 0.015685083344578743, -0.00766415148973465, 0.00973215140402317, -0.020534640178084373, -0.02593918889760971, -0.015116877853870392, -0.003855200484395027, 0.014363677240908146, 0.007386656478047371, -0.00889966543763876, -0.014231536537408829, 0.009619832038879395, -0.027432376518845558, -0.08631420135498047, -0.03440939635038376, 0.032902996987104416, 0.027485232800245285, -0.007783078122884035, -0.00788218341767788, -0.013887971639633179, 0.024446001276373863, -0.0019672424532473087, 0.011892649345099926, 0.017535049468278885, -0.012771383859217167, 0.014310820959508419, -0.006035519298166037, 0.027775943279266357, 0.007148803677409887, 0.002865798072889447, -0.019226448610424995, 0.0055069574154913425, 0.007307372055947781, 0.005559813231229782, -0.010465530678629875, -0.0026048205327242613, -0.007941646501421928, -0.03335227444767952, 0.017389696091413498, -0.023877795785665512, 0.009983218275010586, 0.0084636015817523, 0.008767524734139442, -0.021723905578255653, 0.0013205795548856258, -0.010558029636740685, -0.00782272033393383, -0.014191894792020321, -0.0007346188649535179, -0.01779933087527752, -0.011892649345099926, 0.03559866175055504, -0.028145935386419296, 0.0057910592295229435, 0.02377208322286606, 0.02239782176911831, -0.015632227063179016, -0.0041987658478319645, -0.011073377914726734, -0.015949362888932228, -0.004773577209562063, -0.0029665553011000156, -0.027326663956046104, 0.014865810982882977, -0.024353502318263054, 0.003059053560718894, -0.013980469666421413, -0.003052446525543928, -0.012315498664975166, 0.0027154881972819567, 0.01320083998143673, -0.00753201125189662, 0.014059754088521004, 0.008972343057394028, 0.006484797224402428, -0.000536820967681706, 0.035122957080602646, 0.034805819392204285, 0.010617492720484734, -0.015619012527167797, -0.018222181126475334, 0.02074606530368328, -0.03425082936882973, -0.00599257368594408, 0.015909722074866295, -0.0306566059589386, -0.0012916738633066416, -0.023851368576288223, -0.005308746360242367, -0.01154247671365738, -0.02005893550813198, -0.018129682168364525, -0.019913580268621445, -0.034118689596652985, -0.015037594363093376, 0.024736709892749786, -0.00731397932395339, 0.01168783102184534, 0.027538089081645012, 0.022358180955052376, -0.022252468392252922, 0.02440635859966278, -0.014218322932720184, 0.00796146783977747, -0.0025354467798024416, 0.024327075108885765, 0.013584047555923462, 0.013247089460492134, 0.005599455442279577, -0.019794654101133347, 0.0008671723189763725, -0.031423021107912064, 0.012507102452218533, -0.034964386373758316, -0.0012668974231928587, -0.08345996588468552, 0.020006079226732254, -0.001833450049161911, 0.0032787371892482042, 0.010227678343653679, -0.02074606530368328, 0.012401389889419079, 0.006745774764567614, -0.007294157985597849, 0.027696657925844193, -0.022675316780805588, 0.022635675966739655, -0.0017938078381121159, -0.005797666497528553, -0.014879025518894196, 0.012758169323205948, 0.001303236116655171, 0.016874346882104874, -0.004928842186927795, 0.005579634569585323, -0.025423841550946236, -0.008985556662082672, 0.003377842716872692, 0.0033761910162866116, -0.004007162060588598, 0.015870079398155212, 0.0011570556089282036, 0.0010306962067261338, -0.007835933938622475, 0.006540956906974316, 0.01923966407775879, -0.00860234908759594, -0.00424831872805953, 0.005516867619007826, -0.0015460443682968616, -0.03641793504357338, -0.0243667159229517, 0.03229514881968498, 0.019530372694134712, -0.013471728190779686, -0.012038003653287888, -0.026679176837205887, -0.017323626205325127, -0.015249018557369709, 0.02278102934360504, -0.012084253132343292, -0.0324801467359066, 0.03374869376420975, 0.030603749677538872, 0.010551422834396362, 0.034277256578207016, 0.009104483760893345, -0.004651347175240517, -0.016728993505239487, -0.007776470854878426, -0.009626438841223717, 0.004918931983411312, -0.018261823803186417, 0.005150177516043186, -0.04931485280394554, 0.035968657582998276, -0.005430976394563913, 0.033642981201410294, 0.008133250288665295, 0.02587311901152134, 0.0034984208177775145, -0.02946734055876732, 0.022199612110853195, 0.014654386788606644, -0.000981969409622252, -0.020666781812906265, -0.028515929356217384, -0.0023471463937312365, 0.041967835277318954, -0.009910540655255318, 0.0153283029794693, 0.002953341230750084, 0.039906445890665054, -0.02271495945751667, 0.01770683377981186, 0.03945716843008995, 0.0017789420671761036, -0.013597262091934681, 0.0345415398478508, 0.02337566204369068, -0.023679586127400398, -0.0263091828674078, 0.012711920775473118, 0.00372305978089571, 0.021763548254966736, -0.019160378724336624, 0.03755434229969978, 0.0026510697789490223, 0.009454656392335892, 0.01996643655002117, 0.028357360512018204, 0.01548687182366848, -0.02452528476715088, 0.011251767165958881, -0.01683470606803894, 0.005212944466620684, -0.013471728190779686, -0.010227678343653679, -0.02646775171160698, -0.011000700294971466, 0.013029057532548904, -0.014271179214119911, 0.0053219604305922985, -0.027617374435067177, 0.007479154970496893, 0.020851777866482735, 0.007241301704198122, 0.03739577531814575, 0.0072479089722037315, -0.0025982134975492954, -0.019160378724336624, -0.02052142657339573, 0.009718936868011951, -0.011694437824189663, 0.031898725777864456, -0.01724434085190296, 0.004056714940816164, 0.010908202268183231, 0.015116877853870392, 0.02052142657339573, 0.01293655950576067, 0.016596851870417595, -0.0067788101732730865, -0.015579369850456715, -0.0443727932870388, 0.023454947397112846, 0.008027537725865841, -0.01942466013133526, -0.028833067044615746, -0.016187217086553574, -0.03723720461130142, -0.020732851698994637, 0.013445300050079823, 0.0012735044583678246, 0.08071144670248032, 0.03686721250414848, -0.027432376518845558, 0.007261123042553663, -0.012090859934687614, 0.01843360625207424, -0.008965736255049706, -0.012520316988229752, -0.012110681273043156, -0.021486053243279457, 0.02465742640197277, 0.008126643486320972, -0.015090450644493103, -0.028119508177042007, -0.008483422920107841, -0.018288251012563705, -0.01462795864790678, 0.014482603408396244, 0.01051178015768528, -0.003331593470647931, 0.01576436683535576, -0.004654650576412678, 0.02806665189564228, 0.01284406054764986, -0.026348823681473732, -0.015619012527167797, 0.05460047349333763, -0.007128982339054346, -0.030524466186761856, -0.005411155521869659, -0.010201250202953815, 0.020640352740883827, -0.02822522073984146, -0.028119508177042007, 0.03044518083333969, 0.0252784863114357, 0.012441032566130161, 0.004634829703718424, 0.019847510382533073, -0.016755420714616776, 0.014773312956094742, 0.028806637972593307, 0.0027072294615209103, -0.023851368576288223, -0.04458421841263771, 0.014139038510620594, -0.03628579527139664, -0.00459849089384079, -0.023111380636692047], 'ai_metadata': {'tags': ['construction', 'document'], 'document_type': 'unknown', 'topics': ['fire_safety_requirements.txt'], 'supplier_mentions': [], 'categories': ['general'], 'summary': '```json\n{\n    "tags": [\n        "AS 1851",\n        "AS 2118",\n        "AS 3786",\n        "NCC Volume One"\n    ],\n    "document_type": "specification",\n    "topics": [\n        "fire safety",\n        "h'}, 'tags': ['["fire safety"', ' "high-rise"', ' "NCC"', ' "AS 1851"]'], 'knowledge_bank_type': 'personal', 'upload_timestamp': '2025-08-12T08:40:33.307000', 'status': 'active', 'view_count': 0, 'reference_count': 17, 'storage_path': 'personal_knowledge_bank/demo_user_auto_token/35cbfdfc-6978-475a-80d0-f4584a0bf26f/fire_safety_requirements.txt', 'file_data': 'CiAgICAgICAgRmlyZSBTYWZldHkgUmVxdWlyZW1lbnRzIGZvciBIaWdoLVJpc2UgQnVpbGRpbmdzIGluIEF1c3RyYWxpYQogICAgICAgIAogICAgICAgIFRoaXMgZG9jdW1lbnQgb3V0bGluZXMgdGhlIGtleSBmaXJlIHNhZmV0eSByZXF1aXJlbWVudHMgZm9yIGhpZ2gtcmlzZSBidWlsZGluZ3MgCiAgICAgICAgaW4gYWNjb3JkYW5jZSB3aXRoIEF1c3RyYWxpYW4gU3RhbmRhcmRzIGFuZCB0aGUgTmF0aW9uYWwgQ29uc3RydWN0aW9uIENvZGUgKE5DQykuCiAgICAgICAgCiAgICAgICAgS2V5IFN0YW5kYXJkczoKICAgICAgICAtIEFTIDE4NTE6IE1haW50ZW5hbmNlIG9mIGZpcmUgcHJvdGVjdGlvbiBzeXN0ZW1zCiAgICAgICAgLSBBUyAyMTE4OiBBdXRvbWF0aWMgZmlyZSBzcHJpbmtsZXIgc3lzdGVtcwogICAgICAgIC0gQVMgMzc4NjogU21va2UgYWxhcm1zIHVzaW5nIHNjYXR0ZXJlZCBsaWdodAogICAgICAgIC0gTkNDIFZvbHVtZSBPbmU6IEZpcmUgc2FmZXR5IHByb3Zpc2lvbnMKICAgICAgICAKICAgICAgICBSZXF1aXJlbWVudHM6CiAgICAgICAgMS4gRmlyZSByZXNpc3RhbmNlIGxldmVscyAoRlJMKSBmb3Igc3RydWN0dXJhbCBlbGVtZW50cwogICAgICAgIDIuIEVncmVzcyBwcm92aXNpb25zIGFuZCB0cmF2ZWwgZGlzdGFuY2VzCiAgICAgICAgMy4gU21va2UgaGF6YXJkIG1hbmFnZW1lbnQgc3lzdGVtcwogICAgICAgIDQuIEZpcmUgc3ByaW5rbGVyIHN5c3RlbSBpbnN0YWxsYXRpb24KICAgICAgICA1LiBF'}, 'similarity_score': 0.751703022605212, 'source': 'Personal Knowledge Bank', 'privacy': 'Private to your account'}, {'type': 'personal_document', 'document': {'_id': '689afee8d2f76a65144ba744', 'document_id': 'af288c46-fdc3-47c4-bf23-ba634f3df438', 'user_id': 'demo_user_auto_token', 'filename': 'fire_safety_test.txt', 'original_size': 270, 'content_type': 'text/plain', 'file_hash': '5189fca3e817d140dd19e57d4e70a89171ab5e36b4f17e51f8b492849f6f6f7a', 'extracted_text': '\n        Fire Safety Requirements for High-Rise Buildings in Australia\n        \n        Key Standards:\n        - AS 1851: Maintenance of fire protection systems\n        - AS 2118: Automatic fire sprinkler systems\n        - NCC Volume One: Fire safety provisions\n        ', 'embedding': [-0.005112096667289734, 0.001992238452658057, -0.008514681831002235, -0.02964029833674431, 0.021526694297790527, 0.016687462106347084, 0.0029472634196281433, -0.012900236994028091, -0.013649791479110718, -0.01495165005326271, -0.01245313324034214, 0.002173052169382572, -0.005615087691694498, 0.018160272389650345, 0.011782479472458363, 0.00632847985252738, 0.026273876428604126, -0.01088169775903225, 0.004122552461922169, -0.010381994768977165, -0.015306702814996243, 0.02512981928884983, -0.009297112002968788, -0.0015336290234699845, 0.0016758143901824951, 0.007830877788364887, 0.0005313457804732025, -0.03837195783853531, 0.010875122621655464, -0.006657232064753771, 0.01952788047492504, -0.007653351407498121, 0.0036491495557129383, -0.013965393416583538, -0.010309669189155102, -0.00808072928339243, -0.027720386162400246, -0.016043107956647873, 0.025813622400164604, -0.00883028469979763, 0.021908046677708626, -0.003948314115405083, 0.010289943777024746, -0.004868820309638977, -0.00710762245580554, 0.015333002433180809, 0.02034318633377552, -0.0024146849755197763, -0.02777298539876938, 0.0075744506902992725, -0.01070417184382677, 1.942976814461872e-05, -0.030981607735157013, -0.024196162819862366, -0.011276200413703918, -0.007041872013360262, -0.02140834368765354, 0.012630660086870193, -0.0050233337096869946, -0.03700434789061546, -0.006121366284787655, 0.00850810669362545, -0.04620940983295441, 0.025879373773932457, 0.02155299484729767, -0.015017400495707989, -0.012735860422253609, 0.0007774989935569465, -0.03795115277171135, -0.02782558649778366, 0.04144907742738724, 0.026234425604343414, 0.009185336530208588, -0.012361083179712296, 0.016726912930607796, -0.0008424275438301265, 0.008587007410824299, 0.003938451409339905, -0.014820149168372154, -0.023183604702353477, 0.0008473588386550546, -0.01597735658288002, 0.004845807328820229, 0.025655822828412056, 0.013662941753864288, 0.025024617090821266, -0.0033466974273324013, 0.011440576985478401, 0.0263527762144804, -0.005536186974495649, 0.008961785584688187, 0.0062167043797671795, 0.01326843909919262, 0.009941467083990574, 0.0005235378630459309, 0.007120772730559111, 0.0020333323627710342, 0.01846272312104702, 0.0076599265448749065, -0.02572157233953476, 0.0033286160323768854, -0.017358116805553436, -0.022710202261805534, 0.0031527336686849594, 0.004214603453874588, -0.001990594668313861, 0.02864089235663414, 0.0043691168539226055, -0.005670975428074598, -0.011105249635875225, -0.016345560550689697, 0.02072453871369362, -0.004171865526586771, -0.03979216516017914, 0.03316452354192734, -0.029377296566963196, 0.009520663879811764, 0.004020639695227146, -0.010138718411326408, -0.017055664211511612, 0.006144378799945116, 0.01600365713238716, 0.01784466952085495, 0.021697646006941795, 0.007396924775093794, 0.0031494460999965668, -0.012492584064602852, -0.01783151924610138, -0.02036948688328266, -0.025563770905137062, 0.0014119907282292843, -0.01264380943030119, 0.020093334838747978, -0.00596685241907835, -0.021631894633173943, 0.01951473020017147, -0.008245104923844337, 0.013952243141829967, -0.04920763149857521, -0.02987699955701828, -0.0027401496190577745, 0.024577515199780464, -0.03258591890335083, 0.012223007157444954, 0.016095707193017006, -0.007383774500340223, 0.00029176758835092187, 0.002534679602831602, -0.0027598747983574867, -0.0029949326999485493, -0.011789053678512573, -0.009086711332201958, -0.01826547272503376, 0.00182786223012954, -0.009159036912024021, 0.01822602190077305, -0.019869783893227577, -0.002588923554867506, -0.011572077870368958, -0.03739885240793228, 0.013491990976035595, -0.005463861860334873, 0.01890982687473297, -0.003889138577505946, -0.0023916722275316715, -0.004490755032747984, -0.002626730129122734, -0.013051462359726429, -0.006897221319377422, 0.005398111417889595, 0.015306702814996243, 0.006976121570914984, -0.026392227038741112, 0.006463268306106329, 0.02674727886915207, 0.02658947929739952, 0.009974341839551926, 0.008310855366289616, 0.004766907077282667, -0.0031395836267620325, -0.004457879811525345, 0.017910420894622803, 0.03547893837094307, 0.028325289487838745, -0.03340122476220131, -0.009126161225140095, 0.019356930628418922, 0.029140595346689224, -0.004132415167987347, -0.010829097591340542, -0.005296198185533285, 0.01161810290068388, -0.0045860931277275085, -0.029140595346689224, -0.619842529296875, -0.021434644237160683, -0.0022733216173946857, -0.029508797451853752, -0.007817727513611317, 0.022499801591038704, 0.03440063074231148, 0.01309091318398714, -0.0008942059939727187, 0.005559199955314398, -0.004043652210384607, 0.023775359615683556, -0.009205061942338943, 0.0037938004825264215, -0.012867361307144165, -0.008705358020961285, -0.01766056939959526, -0.02181599661707878, 0.026234425604343414, 0.01574065536260605, -0.013051462359726429, 0.033111922442913055, -0.02653687819838524, -0.026457978412508965, 0.0008654401754029095, -0.005749876145273447, -0.009329987689852715, -0.036609847098588943, 0.002510023070499301, 0.016687462106347084, -0.03852975741028786, 0.015714354813098907, 0.026471126824617386, 0.009606139734387398, 0.034321729093790054, -0.025024617090821266, -0.019251728430390358, 0.02676042914390564, 0.04528890550136566, 0.02363070845603943, -0.010914573445916176, 0.00012728874571621418, 0.023617558181285858, 0.004283641465008259, 0.014491396956145763, 0.007048447150737047, 0.05233735218644142, -0.010809372179210186, 0.028956493362784386, -0.029429897665977478, 0.009836265817284584, 0.007390349637717009, -0.006246292032301426, -0.0030228765681385994, 0.013505140319466591, -0.015096301212906837, 0.027509985491633415, 0.015845855697989464, -0.014583447948098183, 0.004918132908642292, -0.015319853089749813, 0.0035242235753685236, -0.004086390137672424, -0.021894896402955055, -0.027089182287454605, 0.02135574258863926, 0.012538609094917774, 0.01743701659142971, 0.010368844494223595, -0.028325289487838745, -0.01152605190873146, 0.018396973609924316, -0.007436374668031931, -0.005184422247111797, 0.0063909427262842655, 0.01662171073257923, 0.01746331714093685, -0.00513182207942009, 0.009001235477626324, 0.012065205723047256, 0.0070550222881138325, 0.001173645374365151, -0.017581667751073837, -0.012841060757637024, 0.010769922286272049, -0.01760796830058098, -0.014491396956145763, -0.01389964297413826, 0.020027583464980125, 0.009836265817284584, 0.033296022564172745, 0.0018295060144737363, 0.0009821471758186817, -0.007982103154063225, -0.006035890430212021, 0.011341950856149197, -0.013925943523645401, -0.007936078123748302, 0.0009024247992783785, -0.010217618197202682, -0.008922334760427475, -0.0035570987965911627, -0.04789262264966965, -0.011171000078320503, 0.0032595780212432146, -0.01399169396609068, 0.005355373490601778, 0.011690428480505943, 0.037346251308918, -0.0028930194675922394, 0.012610934674739838, -0.01766056939959526, -0.02531391941010952, -0.011230175383388996, 0.011624678038060665, -0.03461103141307831, 0.015530253760516644, 0.007114197593182325, 0.01683211326599121, 0.015017400495707989, 0.009277387522161007, -0.010756772011518478, 0.04444729909300804, -0.018673125654459, 0.010454320348799229, 0.04087047278881073, 0.006466555874794722, -0.014557147398591042, 0.008823709562420845, -0.013544591143727303, -0.00027532997773960233, -0.004589380696415901, 0.03505813702940941, -0.004300078842788935, 0.016700612381100655, -0.013794442638754845, -0.015661755576729774, -0.013209263794124126, 0.02327565662562847, -0.026208125054836273, -0.029324697330594063, -0.01989608258008957, 0.011019773781299591, -0.017331816256046295, -0.038082655519247055, -0.004803069867193699, -0.01203890610486269, 0.023827960714697838, -0.023972610011696815, 0.018804626539349556, -0.029166895896196365, -0.012702985666692257, -0.02493256703019142, 0.016043107956647873, -0.021066442131996155, 0.00349792349152267, 0.016753211617469788, -0.009066985920071602, 0.004247478675097227, -0.005335648078471422, 0.011512902565300465, 0.004280353896319866, -0.04294818639755249, 0.0005872336332686245, 0.001990594668313861, 0.008153054863214493, 0.027089182287454605, 0.0035899740178138018, -0.002362084574997425, -0.04257998615503311, 0.0027779561933130026, -0.019646231085062027, 0.0024902978911995888, 0.018015621230006218, 0.003210265189409256, 0.011348525993525982, -0.016911013051867485, -0.003701749723404646, 0.0035044983960688114, -0.007738826796412468, 0.008199079893529415, 0.007094472646713257, -0.023170456290245056, 0.009047260507941246, 0.003109995974227786, 0.010973748750984669, 0.030350403860211372, -0.011190725490450859, -0.011499752290546894, 0.021289993077516556, -0.022131597623229027, 0.008231955580413342, 0.018002470955252647, 0.020408937707543373, -0.013860193081200123, 0.012959412299096584, 0.024143561720848083, -0.015306702814996243, -0.0018393686041235924, 0.018304923549294472, 0.014806998893618584, -0.03461103141307831, 0.03300672024488449, -0.00016273233632091433, 0.030666004866361618, 0.012157256714999676, 0.010303094051778316, -0.006469843443483114, 0.04094937443733215, -0.006644082255661488, 0.003981189336627722, -0.015477653592824936, -0.007850602269172668, -0.018094521015882492, 0.009113010950386524, 0.007955803535878658, -0.007068172562867403, 0.02491941675543785, -0.017778920009732246, 0.0009369438048452139, 0.007811152376234531, -0.005970139987766743, 0.02428821288049221, 0.016687462106347084, -0.023486057296395302, 0.005440848879516125, 0.03158651292324066, 0.024538064375519753, 0.001850874861702323, 0.009908591397106647, -0.04147537797689438, -0.011907405219972134, 0.016148308292031288, -0.0061739664524793625, 0.03074490651488304, 0.005177847109735012, 0.02866719290614128, -0.029771799221634865, -0.0033088908530771732, 0.01203890610486269, 0.04455249756574631, 0.011828504502773285, 0.015319853089749813, -0.00850810669362545, 0.028956493362784386, 0.00477019464597106, 0.022473501041531563, 0.029535098001360893, 0.007817727513611317, 0.017923571169376373, 0.016740063205361366, 0.002260171342641115, -0.005016758572310209, 0.02302580513060093, 0.015175201930105686, 0.00222565233707428, 0.014346745796501637, 0.010493770241737366, 0.02073768898844719, 0.01318953838199377, 0.008994660340249538, -0.01850217394530773, 0.030981607735157013, 0.0002428656880510971, 0.002728643361479044, 0.004076527431607246, -0.0010848823003470898, -0.011335375718772411, 0.01745016686618328, -0.032033614814281464, -0.022881153970956802, 0.0018574499990791082, 0.009862566366791725, -0.010191318579018116, 0.029824400320649147, 0.013104062527418137, 0.00021101781749166548, 0.029798099771142006, 0.003701749723404646, 0.011078949086368084, -0.01026364415884018, -0.01637185923755169, 0.01720031537115574, 0.01183507964015007, -0.00010663899593055248, -0.004168577957898378, -0.010105842724442482, -0.00023423595121130347, -0.022381450980901718, 0.04331639036536217, 0.0011358389165252447, 0.00024656415916979313, -0.014833299443125725, -0.002607004949823022, 0.014057444408535957, -0.003001507604494691, 0.017147714272141457, -0.03589973971247673, -0.010717322118580341, 0.003790512913838029, -0.0058287763968110085, -0.04279038682579994, 0.0015352728078141809, -0.005799188744276762, 0.03653094545006752, -0.0036951748188585043, 0.0005128534394316375, 0.004467742517590523, -0.00891575962305069, 0.009395738132297993, 0.0009763940470293164, -0.005365236196666956, 0.005121959373354912, 0.027246983721852303, 0.017923571169376373, -0.01658226177096367, -0.005299485754221678, -0.026431677863001823, 0.034979235380887985, -0.034137628972530365, 0.002580704865977168, 0.017897270619869232, -0.002069495152682066, 0.008277980610728264, 0.052784454077482224, 0.008462081663310528, 0.01933063007891178, 0.02761518582701683, -0.006857770960777998, -0.0257478728890419, -0.008797409012913704, -0.0165691114962101, 0.013459115289151669, 0.006200266536325216, -0.009658739902079105, 0.00943518802523613, -0.01721346564590931, 0.009251086972653866, 0.00871193315833807, 0.0011958361137658358, 0.008304281160235405, -0.022381450980901718, 0.0008321540080942214, -0.011499752290546894, -2.070111622742843e-05, 0.030613405629992485, 0.03032410331070423, 0.04394759610295296, 0.013505140319466591, -0.03092900663614273, 0.01788412034511566, -0.005220585037022829, 0.005638100206851959, -0.009987492114305496, -0.01026364415884018, 0.03755665197968483, 0.011131549254059792, 0.02840419113636017, 0.007883477956056595, 0.02535337023437023, 0.015635455027222633, 0.013518290594220161, 0.032375518232584, -0.0005588787607848644, 0.05286335572600365, -0.0024524915497750044, 0.019448980689048767, -0.02964029833674431, 0.033506423234939575, -0.0005255925934761763, -0.017397567629814148, 0.039923667907714844, -0.03211251646280289, 0.0007836630684323609, 0.026431677863001823, -0.015280402265489101, -0.010441170074045658, -0.014741248451173306, -0.003675449639558792, -0.013110637664794922, -0.004444730002433062, -0.012624084949493408, 0.010428019799292088, -0.04357939213514328, -0.012834486551582813, -0.01888352632522583, -0.004474317654967308, 0.005404686089605093, -0.01121044997125864, -0.009172186255455017, -0.029745498672127724, 0.0029357571620494127, -0.021723946556448936, 0.02200009673833847, 0.021487243473529816, -0.03158651292324066, -0.020264286547899246, 0.014912200160324574, 0.04739291965961456, 0.011124975048005581, 0.016976764425635338, -0.0026102925185114145, -0.017344966530799866, 0.00798867829144001, 0.008764534257352352, -0.03150761127471924, -0.023959461599588394, -0.01764741912484169, 0.004033789504319429, -0.001164604676887393, 0.0025116668548434973, -0.0074824001640081406, -0.019409529864788055, 0.03266482055187225, 0.01890982687473297, -0.016279809176921844, 0.018567925319075584, 0.007239123340696096, 0.023920010775327682, -0.0026283739134669304, -0.00040436521521769464, 0.022697051987051964, 0.0021829146426171064, -0.012393957935273647, -0.0055624875240027905, 0.0045532179065048695, -0.024406563490629196, -0.02572157233953476, 0.02679987996816635, -0.022065848112106323, 0.01864682510495186, 0.01823917217552662, -0.01948843151330948, -0.013031737878918648, -0.004786632023751736, -0.014583447948098183, 0.00710762245580554, 0.01683211326599121, -0.014504547230899334, 0.012564909644424915, -0.0014769192785024643, 0.0069629717618227005, 0.00024430398480035365, -0.01680581271648407, 0.010940873064100742, -0.02285485342144966, 0.018962427973747253, 0.012019180692732334, -0.034742534160614014, 0.007870327681303024, 0.0034321730490773916, -0.019343780353665352, -0.016674311831593513, 0.0005062784184701741, 0.008974934928119183, 0.013649791479110718, 0.030771207064390182, -0.03340122476220131, -0.03006110154092312, 0.005799188744276762, -0.021079590544104576, -0.009066985920071602, -0.014701798558235168, -0.019593631848692894, -0.021881746128201485, -0.00617067888379097, 0.013373639434576035, 0.017726318910717964, -0.023196754977107048, -0.016963614150881767, 0.004474317654967308, 0.018002470955252647, -0.0013881562044844031, 0.013432814739644527, -0.007936078123748302, -0.008126754313707352, -0.02990330010652542, -0.008560707792639732, -0.01933063007891178, -0.020895490422844887, 0.01463604811578989, -0.02782558649778366, 0.020185384899377823, 0.01141427643597126, 0.020014435052871704, -0.006394230294972658, 0.011841654777526855, 0.013235563412308693, 0.013156663626432419, 0.0069629717618227005, -0.02591882459819317, -0.0005592897068709135, -0.03529483824968338, 0.018765175715088844, 0.03813525661826134, 0.012722710147500038, -0.010250493884086609, -0.01781836897134781, 0.022578701376914978, 0.002018538536503911, -0.006502718664705753, 0.004063377156853676, -0.01890982687473297, -0.019462130963802338, -0.006446830928325653, 0.013860193081200123, 0.02034318633377552, 0.01462289784103632, -0.025248169898986816, -0.004835945088416338, 0.029114294797182083, -0.015109451487660408, -0.010342543944716454, -0.0047734822146594524, -0.0013182963011786342, -0.026720980182290077, 0.015859005972743034, -0.0042343284003436565, 0.03942396491765976, -0.01764741912484169, 0.0015903387684375048, -0.023288806900382042, -0.0016536236507818103, 0.016463911160826683, 0.011407701298594475, 0.011867954395711422, 0.02034318633377552, -0.00965216476470232, -0.004651843570172787, 0.007462675217539072, -0.0034255979117006063, -0.0010133787291124463, 0.016437610611319542, -0.016976764425635338, 0.007607325911521912, -0.032059915363788605, -0.0042343284003436565, -0.01067787129431963, 0.028693491593003273, -0.0010405007051303983, 0.013228989206254482, 0.047813721001148224, -0.01788412034511566, 0.01910707727074623, 0.016253508627414703, -0.005667687859386206, 0.020027583464980125, 0.016963614150881767, 0.007219398394227028, 0.011243325658142567, -0.007995253428816795, -0.017555367201566696, 0.004339529201388359, -0.002975207520648837, -0.0009689971338957548, 0.020895490422844887, 0.007488975301384926, -0.025997724384069443, -0.010165018029510975, -0.0012582991039380431, 0.0301137026399374, -0.007212823256850243, -0.039082061499357224, 0.035584140568971634, 0.025668973103165627, 0.015425053425133228, -0.0054013985209167, 0.010165018029510975, -0.014991100877523422, -0.00839633122086525, 0.012019180692732334, 0.005138396751135588, 0.0006936671561561525, -0.013768142089247704, -0.020290585234761238, 0.016306109726428986, -0.02013278566300869, 0.025458570569753647, 0.026471126824617386, -0.0016897863242775202, 0.017305515706539154, 0.007212823256850243, 0.013005437329411507, -0.00628574239090085, 0.007732251659035683, 0.025050917640328407, 0.003448610659688711, -0.016279809176921844, 0.015714354813098907, 0.0013634997885674238, -0.020619338378310204, -0.009468063712120056, 0.017792070284485817, 0.0259714238345623, -0.029850700870156288, -0.035189636051654816, 0.02493256703019142, -0.006075340788811445, 0.006413955707103014, 0.000890918483491987, -0.01245313324034214, 0.004559793043881655, -0.003991051577031612, -0.017081964761018753, -0.013978543691337109, 0.006864346098154783, -0.02819378860294819, -0.014202095568180084, -0.0002897128870245069, -0.023183604702353477, 0.02511666901409626, 0.007581025827676058, -0.006877496372908354, -0.02369645982980728, -0.029719199985265732, 0.006150953937321901, -0.041817281395196915, -0.0014078812673687935, -0.007028722204267979, 0.01742386631667614, 0.007344324141740799, 0.037241049110889435, -0.031192008405923843, -0.0011251544347032905, -0.020080184563994408, 0.02323620580136776, -0.011295925825834274, 0.008573857136070728, -0.009579839184880257, -0.0048984079621732235, 0.029535098001360893, 0.00731144892051816, -0.026024024933576584, -0.02035633660852909, 0.004865532740950584, 0.016897862777113914, -0.009382587857544422, 0.008692208677530289, 0.022263098508119583, 0.008225380443036556, -0.006344917695969343, -0.02491941675543785, 0.0006838045665062964, 0.045367803424596786, 0.005286335479468107, 0.02135574258863926, 0.04836602509021759, -0.027352184057235718, 0.02512981928884983, -0.0057367258705198765, -0.004714306443929672, -0.02098754048347473, -0.03792485594749451, -0.006683532148599625, 0.010861973278224468, -0.007291723974049091, -0.03795115277171135, -0.03429542854428291, -0.020027583464980125, 0.011151274666190147, 0.0068380460143089294, 0.027115482836961746, 0.008120179176330566, -0.00932341255247593, 0.02222364954650402, 0.027878187596797943, 0.005963564850389957, 0.004743894096463919, -0.028535692021250725, 0.004467742517590523, -0.002631661482155323, 0.00934971310198307, -0.037267349660396576, -0.008126754313707352, 0.013662941753864288, 0.03671504557132721, 0.007719101849943399, -0.015293552540242672, 0.006160816177725792, 0.019541030749678612, -0.05928059667348862, 0.003925301134586334, -0.0486290268599987, 0.019251728430390358, 0.0051153842359781265, 0.03592604026198387, 0.011756178922951221, 0.0027171368710696697, 0.0062167043797671795, -0.0066177817061543465, -0.010309669189155102, -0.00394502654671669, 0.014478246681392193, -0.010526645928621292, 0.00881713442504406, -0.03458473086357117, -0.048471223562955856, -0.006811745930463076, 0.023749059066176414, -0.00018461490981280804, -0.010105842724442482, 0.009277387522161007, -0.011440576985478401, 0.00471101887524128, -0.008744808845221996, 0.00456636818125844, 0.0049904584884643555, 0.0053849611431360245, -0.01007296796888113, -0.0486290268599987, -0.007949228398501873, 0.017134565860033035, 0.01368924230337143, 0.020211685448884964, -0.0167926624417305, 0.021447794511914253, 0.015425053425133228, 0.0006123009952716529, -0.0012813117355108261, -0.0027401496190577745, 0.004267203621566296, -0.005490161944180727, 0.02098754048347473, 0.001480206847190857, 0.01336706429719925, 0.008573857136070728, 0.0011350170243531466, 0.013123787939548492, -0.01868627592921257, 0.014254695735871792, -0.028798693791031837, -0.010605545714497566, 0.012157256714999676, -0.004125840030610561, -0.00012276839697733521, -0.0005025799619033933, -0.007304873783141375, 0.011046074330806732, -0.0082056550309062, -0.009592989459633827, -0.03169171139597893, -0.005118671804666519, 0.030166301876306534, -0.011453727260231972, -0.00596685241907835, -0.014096894301474094, -0.013965393416583538, -0.021723946556448936, 0.011736453510820866, -0.01184822991490364, -0.0005942196003161371, -0.015517104417085648, 0.023315105587244034, 0.017397567629814148, -0.01721346564590931, -0.006499431096017361, -0.0021829146426171064, 0.018133971840143204, -0.012334782630205154, 0.005365236196666956, 0.17968280613422394, 0.012058630585670471, 0.02030373550951481, 0.03069230541586876, -0.0344795323908329, 0.015425053425133228, 0.01338021457195282, 0.012617509812116623, -0.01908077858388424, 0.0074495249427855015, -0.02487996779382229, 0.005569062195718288, -0.022868003696203232, 0.01683211326599121, 0.007278573699295521, -0.004247478675097227, -0.04631461203098297, -0.013419665396213531, -0.02674727886915207, 0.02118479274213314, 0.00018430670024827123, -0.011348525993525982, 0.011493177153170109, -0.011775904335081577, 0.011749603785574436, 0.0025494734290987253, 0.022920602932572365, 0.017963020130991936, 0.030455604195594788, 0.012209856882691383, -0.004388841800391674, -0.014806998893618584, -0.007738826796412468, 0.00746924988925457, -0.0158064067363739, -0.005500024184584618, 0.01908077858388424, -0.01968568190932274, 0.016937313601374626, -0.016858413815498352, -0.003882563440129161, -0.017147714272141457, 0.015885306522250175, -0.02493256703019142, 0.0038727009668946266, -0.0025823486503213644, -0.026392227038741112, 0.016661161556839943, -0.03566303849220276, 0.009882290847599506, -0.05459916591644287, -0.004885257687419653, 0.015096301212906837, 0.013459115289151669, 0.01638500951230526, 0.000466417201096192, 0.021092740818858147, 0.0005790148279629648, -0.006877496372908354, 0.007035297341644764, -0.007535000331699848, 0.023643858730793, -0.03355902433395386, 0.018738875165581703, -0.014044294133782387, 0.0009542032494209707, -0.0328226201236248, -0.0019084064988419414, -0.016503360122442245, 0.00648628082126379, -0.01472809910774231, -0.00023813988082110882, -0.03897686302661896, 0.011769329197704792, -0.0165691114962101, -0.017160864546895027, 0.011986305005848408, -0.0002035181678365916, -0.008172780275344849, 0.026221275329589844, -0.01462289784103632, -0.008850009180605412, 0.009099860675632954, 0.024432864040136337, 0.002621798776090145, -0.011999455280601978, 0.03261221945285797, -0.018791476264595985, -0.027851887047290802, -0.0033729977440088987, -0.005894526839256287, -0.009645589627325535, -0.023801660165190697, 0.00871193315833807, 0.0026924805715680122, -0.017476467415690422, 0.009283962659537792, 0.0027401496190577745, -0.016082558780908585, 0.001944569288752973, -0.022657601162791252, 0.05828119069337845, 0.01865997537970543, -0.008771108463406563, -0.02428821288049221, -0.020290585234761238, -0.005240309983491898, 0.031034208834171295, 0.028509391471743584, -0.019974984228610992, -0.013873343355953693, -0.026457978412508965, -0.01702936366200447, -0.01400484424084425, -0.008324005641043186, 0.00290452572517097, -0.009106435813009739, -0.022315699607133865, 0.007456100080162287, -0.0448681004345417, -0.01990923285484314, -0.02096123993396759, 0.01620090939104557, 0.016766361892223358, -0.018922977149486542, -0.012676685117185116, -0.018396973609924316, -0.01202575583010912, -0.00019663490820676088, -0.049891434609889984, 0.02570842206478119, -0.004444730002433062, 0.00606876565143466, -0.0033154659904539585, -0.001972513273358345, -0.016516510397195816, 0.00694982148706913, -0.029850700870156288, 0.021316293627023697, -0.0014547285391017795, -0.009849416092038155, 0.0027072743978351355, 0.01741071604192257, 0.0005925758741796017, 0.01574065536260605, 0.008679058402776718, 0.01286078616976738, -0.002166477032005787, -0.007784852292388678, 0.0015607511159032583, -0.021421493962407112, -0.005542762111872435, -0.003708324860781431, -0.03716214746236801, 0.027720386162400246, -0.01826547272503376, 0.015517104417085648, -0.04707731679081917, 0.009185336530208588, 0.024972017854452133, -0.038503456860780716, 0.023380856961011887, 0.018199721351265907, -0.019028177484869957, -0.014793849550187588, 0.009205061942338943, -0.16495470702648163, 0.015438203699886799, 0.0539153628051281, -0.02490626648068428, 0.018594224005937576, -0.01890982687473297, -0.0002802612434606999, 0.010651571676135063, -0.017700018361210823, -0.00883028469979763, 0.03150761127471924, -0.03547893837094307, 0.0029850699938833714, -0.009803391061723232, -0.014346745796501637, -0.010316244326531887, 0.0034190230071544647, 0.013531440868973732, 0.006716407369822264, 0.012696410529315472, 0.006916946265846491, -0.01421524491161108, -0.0047636195085942745, -0.014767549000680447, -0.010697596706449986, -0.024367112666368484, -0.034742534160614014, 0.002927538473159075, 0.0002860144304577261, 0.00452034268528223, 0.00440856721252203, 0.009994067251682281, 0.044762901961803436, -0.013952243141829967, -0.016253508627414703, -0.006982696708291769, -0.003016301430761814, -0.013104062527418137, -0.018094521015882492, 0.039765868335962296, 0.036031242460012436, 0.02114534191787243, 0.02345975674688816, -0.019199129194021225, -0.005960277281701565, 0.014596598222851753, 0.023985760286450386, -0.013768142089247704, 0.015582854859530926, -0.02055358700454235, 0.0031790337525308132, -0.030587105080485344, -0.002110589062795043, 0.004569655749946833, 0.01122360024601221, -0.018817776814103127, -0.017515918239951134, 0.009494363330304623, 0.01783151924610138, 0.000872015196364373, 0.03221771493554115, -0.01037541963160038, -0.001392265548929572, -0.013662941753864288, -0.002309484174475074, -0.038713861256837845, 0.0030656142625957727, 0.002863431815057993, -0.029719199985265732, 0.006233141757547855, 0.005013471003621817, -0.037661854177713394, 0.02056673727929592, -0.04689321294426918, 0.0020349761471152306, 4.846526644541882e-05, -0.02306525409221649, -0.0015812980709597468, 0.014977950602769852, 0.011585228145122528, -0.004178440663963556, 0.045551907271146774, 0.0037280500400811434, -0.02098754048347473, 0.0165691114962101, 0.006177254021167755, -0.009494363330304623, -0.00017547149036545306, -0.01183507964015007, 0.013505140319466591, 0.03298041969537735, -0.029508797451853752, -0.016871564090251923, -0.019988134503364563, 0.0034781983122229576, 0.023078404366970062, -0.005246885120868683, 0.004734031856060028, 0.018318073824048042, -0.010769922286272049, 0.022486651316285133, -0.007738826796412468, -0.054073162376880646, -0.011966580525040627, 0.01388649269938469, 0.010520070791244507, -0.03408502787351608, 0.009034110233187675, 0.011789053678512573, -0.011789053678512573, -0.004875394981354475, 0.023578107357025146, 0.04376349225640297, 0.015911607071757317, -0.008034704253077507, 0.010789647698402405, -0.02302580513060093, -0.028167488053441048, -0.015148901380598545, -0.0003760103427339345, 0.007535000331699848, 0.006982696708291769, -0.0055953627452254295, -0.009553538635373116, 0.012170406989753246, -0.017331816256046295, -0.06932726502418518, -0.03958176448941231, 0.03442693129181862, 0.023315105587244034, 0.0038595509249716997, -0.009928316809237003, -0.010750196874141693, 0.018304923549294472, -0.00264481152407825, -0.0012287113349884748, 0.018147122114896774, -0.020198535174131393, 0.015701204538345337, -0.013084338046610355, 0.029535098001360893, 0.006552031263709068, 0.0028979505877941847, -0.024012060835957527, 0.0041915904730558395, 0.0034321730490773916, 0.010638421401381493, -0.008014978840947151, -0.005539474543184042, -0.007646776270121336, -0.04415799677371979, 0.02240774966776371, -0.025379670783877373, 0.014754398725926876, 0.005329073406755924, 0.0017292365664616227, -0.019409529864788055, 0.006923521403223276, -0.01545135397464037, -0.00881713442504406, -0.02322305552661419, 0.0011900829849764705, -0.014031143859028816, -0.005960277281701565, 0.027457384392619133, -0.020803440362215042, 0.0047307442873716354, 0.02182914689183235, 0.028746092692017555, -0.01359719131141901, 0.0031297209206968546, -0.01599050685763359, -0.007798002101480961, -0.008751383982598782, -0.009757365100085735, -0.027115482836961746, 0.007811152376234531, -0.020001284778118134, 0.013386789709329605, -0.013847042806446552, -0.0029949326999485493, -0.019383229315280914, 0.0017012926982715726, 0.008350306190550327, -0.012301907874643803, 0.008856584317982197, 0.006811745930463076, 0.009027536027133465, 0.0038858510088175535, 0.04557820409536362, 0.037872254848480225, 0.013965393416583538, -0.012439983896911144, -0.023959461599588394, 0.023604407906532288, -0.032244015485048294, -0.007922927848994732, 0.01788412034511566, -0.029009094461798668, -0.0010931011056527495, -0.019054478034377098, -0.0007692801882512867, -0.011374826543033123, -0.029377296566963196, -0.019580481573939323, -0.019212279468774796, -0.038266755640506744, -0.013741842471063137, 0.026234425604343414, -0.011289350688457489, 0.008757959119975567, 0.026602627709507942, 0.02119794301688671, -0.02217104844748974, 0.019185978919267654, -0.008442356251180172, -0.00022683902352582663, 0.0011465232819318771, 0.030823806300759315, 0.012893661856651306, 0.013531440868973732, 0.007679651491343975, -0.01741071604192257, -0.005105521529912949, -0.0398973673582077, 0.017384417355060577, -0.030955307185649872, -0.0006295604980550706, -0.08058374375104904, 0.023551808670163155, -0.00316423992626369, 0.0060819159261882305, 0.006275879684835672, -0.02653687819838524, 0.009362862445414066, 0.007068172562867403, -0.0063514928333461285, 0.026694679632782936, -0.018528474494814873, 0.022065848112106323, -0.0019051190465688705, -0.013794442638754845, -0.016345560550689697, 0.011335375718772411, 0.001504041370935738, 0.028772393241524696, -0.008271405473351479, 0.0034650482703000307, -0.026431677863001823, -0.002751655876636505, 0.0022108585108071566, 0.002510023070499301, -0.007022147066891193, 0.015083150938153267, -0.002695768140256405, 0.0021599018946290016, -0.003777362871915102, 0.001151454634964466, 0.02180284634232521, -0.008468656800687313, -0.0014456878416240215, 0.011440576985478401, -0.003708324860781431, -0.03916096314787865, -0.027536284178495407, 0.025800473988056183, 0.017160864546895027, -0.012091506272554398, -0.012183556333184242, -0.01972513273358345, -0.02779928594827652, -0.011184150353074074, 0.021947497501969337, -0.009553538635373116, -0.02595827355980873, 0.03274371847510338, 0.027010280638933182, -1.4935109902580734e-05, 0.028772393241524696, 0.012223007157444954, -0.005453999154269695, -0.014872749336063862, -0.010605545714497566, -0.0076599265448749065, -0.00316423992626369, -0.03048190474510193, 0.0010914573213085532, -0.04557820409536362, 0.033743128180503845, -0.004635406192392111, 0.03029780276119709, 0.007535000331699848, 0.031218308955430984, 0.0011818641796708107, -0.022868003696203232, 0.02368330955505371, 0.008547557517886162, -0.0004413498390931636, -0.02637907676398754, -0.03608384355902672, -0.005486874375492334, 0.037845954298973083, -0.0030376703944057226, 0.011105249635875225, 0.0027598747983574867, 0.031218308955430984, -0.02117164246737957, 0.01433359645307064, 0.035163335502147675, 0.0006377793033607304, -0.02031688578426838, 0.030166301876306534, 0.017358116805553436, -0.02264445275068283, -0.025576921179890633, 0.009514088742434978, 0.003964751493185759, 0.014596598222851753, -0.02030373550951481, 0.029719199985265732, -0.0021418207325041294, 0.0095601137727499, 0.028325289487838745, 0.02716808207333088, 0.007620476186275482, -0.023170456290245056, -0.001341309049166739, -0.011960005387663841, 0.005128534510731697, -0.01746331714093685, -0.015819557011127472, -0.016542810946702957, -0.02118479274213314, 0.010395145043730736, -0.013833892531692982, 0.006325192283838987, -0.03111310862004757, 0.0028141189832240343, 0.028509391471743584, 0.0038727009668946266, 0.03008740209043026, 0.007692801766097546, -0.002263458911329508, -0.017305515706539154, -0.018817776814103127, 0.0058222017250955105, -0.023183604702353477, 0.03150761127471924, -0.009283962659537792, -0.004319803789258003, 0.011420851573348045, 0.004954295698553324, 0.016674311831593513, 0.012689835391938686, 0.006877496372908354, -0.013143513351678848, -0.007535000331699848, -0.042027682065963745, 0.01805507205426693, -0.006930096540600061, -0.02140834368765354, -0.031034208834171295, -0.019448980689048767, -0.026024024933576584, -0.017765769734978676, 0.019633080810308456, 0.00270069926045835, 0.08021553605794907, 0.03987106680870056, -0.03111310862004757, 0.009389162994921207, -0.004477605223655701, 0.010848823003470898, 0.0009468063362874091, -0.011900830082595348, -0.009237936697900295, -0.02175024524331093, 0.017910420894622803, 0.012499159201979637, -0.013518290594220161, -0.03182321414351463, -0.007587600965052843, -0.021842297166585922, -0.020080184563994408, 0.011828504502773285, 0.0119337048381567, -0.0030130138620734215, 0.01718716509640217, 0.0019232004415243864, 0.02903539501130581, 0.0076270513236522675, -0.019856633618474007, -0.008554132655262947, 0.04313229024410248, 0.007778277155011892, -0.02465641498565674, -0.007922927848994732, -0.015083150938153267, 0.02347290702164173, -0.03232291713356972, -0.022894304245710373, 0.023643858730793, 0.015937907621264458, 0.015898456797003746, 0.0072719985619187355, 0.021960647776722908, -0.01746331714093685, 0.014267846010625362, 0.026655228808522224, -0.0024492039810866117, -0.028903894126415253, -0.04150167852640152, 0.012683260254561901, -0.04342159256339073, -0.009685039520263672, -0.016937313601374626], 'ai_metadata': {'tags': ['construction', 'document'], 'document_type': 'unknown', 'topics': ['fire_safety_test.txt'], 'supplier_mentions': [], 'categories': ['general'], 'summary': '```json\n{\n  "tags": [\n    "AS 1851",\n    "AS 2118",\n    "NCC Volume One"\n  ],\n  "document_type": "specification",\n  "topics": [\n    "Fire safety",\n    "High-rise buildings",\n    "Fire protection syste'}, 'tags': ['["fire safety"', ' "test"]'], 'knowledge_bank_type': 'personal', 'upload_timestamp': '2025-08-12T08:44:24.276000', 'status': 'active', 'view_count': 0, 'reference_count': 13, 'storage_path': 'personal_knowledge_bank/demo_user_auto_token/af288c46-fdc3-47c4-bf23-ba634f3df438/fire_safety_test.txt', 'file_data': 'CiAgICAgICAgRmlyZSBTYWZldHkgUmVxdWlyZW1lbnRzIGZvciBIaWdoLVJpc2UgQnVpbGRpbmdzIGluIEF1c3RyYWxpYQogICAgICAgIAogICAgICAgIEtleSBTdGFuZGFyZHM6CiAgICAgICAgLSBBUyAxODUxOiBNYWludGVuYW5jZSBvZiBmaXJlIHByb3RlY3Rpb24gc3lzdGVtcwogICAgICAgIC0gQVMgMjExODogQXV0b21hdGljIGZpcmUgc3ByaW5rbGVyIHN5c3RlbXMKICAgICAgICAtIE5DQyBWb2x1bWUgT25lOiBGaXJlIHNhZmV0eSBwcm92aXNpb25zCiAgICAgICAg'}, 'similarity_score': 0.7461005182425744, 'source': 'Personal Knowledge Bank', 'privacy': 'Private to your account'}], 'mentor_note_results': [{'type': 'mentor_note', 'note': {'_id': '689aef60aa7af9acc74f4a43', 'note_id': 'b621be8a-388e-4fbb-9a4f-941306469aa7', 'user_id': 'demo_user_auto_token', 'user_email': 'demo@onesource.ai', 'title': 'Fire Rating Requirements for Steel Structures', 'content': 'When designing steel structures in commercial buildings, fire rating requirements must be considered early in the design process. AS 1530.4 provides the testing methodology for fire resistance, while the BCA specifies minimum requirements based on building classification and height.', 'tags': ['fire-rating', 'steel', 'BCA', 'AS1530', 'construction', 'document'], 'category': 'structural-design', 'attachment_url': None, 'embedding': [-0.002717070048674941, -0.0049985055811703205, -0.03157222643494606, -0.04241469129920006, 0.005966582801192999, -0.015373066999018192, -0.017644820734858513, -0.018406376242637634, 0.013759604655206203, 0.0060569364577531815, -0.0008551349164918065, -0.009106379933655262, 0.006479663774371147, 0.021852729842066765, -0.013733789324760437, 0.0008978916448540986, 0.015695760026574135, 0.02089756168425083, 0.002794516272842884, -0.003914258908480406, -0.010771472938358784, 0.012184865772724152, -0.017464114353060722, 0.003598020412027836, -0.008919218555092812, 0.006544202100485563, 0.013991943560540676, -0.031055917963385582, 0.0057406979613006115, 0.007667171768844128, 0.026744747534394264, -0.020949192345142365, -0.009842118248343468, 0.005221163388341665, -0.0030429894104599953, 0.0003924746415577829, -0.008170572109520435, 0.0016731602372601628, 0.007563910447061062, -0.014469527639448643, -0.0013690225314348936, -0.021362237632274628, 0.004795209504663944, 0.006586152128875256, 0.00817702617496252, -0.008415818214416504, 0.025815393775701523, -0.0025395893026143312, -0.03064287267625332, -0.013604712672531605, 0.02101372927427292, -0.0071379560977220535, -0.017683545127511024, -0.014521158300340176, -0.0018054640386253595, 0.0005751992575824261, -0.017502836883068085, 0.0059698098339140415, 0.0221237912774086, -0.03526382893323898, -0.011126434430480003, 0.005050136242061853, -0.02573794685304165, 0.0024750507436692715, -0.008248018100857735, -0.02718360908329487, 0.022601377218961716, 0.010603672824800014, -0.016728375107049942, 0.014404989778995514, 0.01905176043510437, 0.030204009264707565, 0.019142113626003265, 0.024382639676332474, 0.036735303699970245, -0.004601594060659409, 0.022227054461836815, -0.028371118009090424, 0.010590764693915844, -0.021852729842066765, -0.0031172088347375393, -0.012107419781386852, -0.002968770219013095, 0.026254255324602127, -0.007576818112283945, 0.014766405336558819, -0.0013641822151839733, -0.001852254499681294, -0.007873695343732834, 0.007409017998725176, -0.01848382130265236, 0.008635248988866806, 0.011274873279035091, 0.010145450010895729, -0.02162039279937744, -0.019671330228447914, 0.00862879492342472, 0.005311517044901848, 0.014379174448549747, -0.0002151955122826621, 0.00398847833275795, 0.0018554814159870148, -0.020290900021791458, 0.002965543419122696, 0.0026783470530062914, -0.01596682146191597, 0.003936847671866417, -0.008138302713632584, -0.0074477409943938255, -0.02973933331668377, -0.032733917236328125, 0.014133927412331104, -0.003481851192191243, -0.008906310424208641, 0.009280634112656116, 0.0221237912774086, 0.01188798900693655, -0.002328225877135992, -0.0010769859654828906, -0.008228656835854053, 0.0020975007209926844, -0.005224390421062708, 0.020949192345142365, 0.010268072597682476, 0.026796378195285797, -0.004327305126935244, -0.024537531659007072, -0.012952873483300209, -0.007415471598505974, -0.01995529979467392, 0.008867587894201279, 0.00908701866865158, 0.012559188529849052, -0.008435179479420185, -0.009525880217552185, 0.022575560957193375, -0.008002771995961666, 0.04022038355469704, -0.042905185371637344, -0.031081734225153923, 0.0020248948130756617, 0.002412125701084733, -0.024227745831012726, -0.016082990914583206, -0.01105544250458479, -0.016792913898825645, 0.018354743719100952, 0.018109498545527458, -0.017502836883068085, -0.017309220507740974, -0.03012656420469284, 0.008525533601641655, 0.007576818112283945, 0.008841772563755512, -0.014753497205674648, 0.022549746558070183, -0.018070776015520096, 0.01871616020798683, -0.01298514287918806, -0.03593502566218376, 0.04388616979122162, 0.0067571792751550674, 0.006034348160028458, 0.006257005967199802, 0.002510546939447522, 0.006860440596938133, 0.0077575258910655975, -0.00806731078773737, 0.0023814700543880463, -0.009958287701010704, 0.01025516539812088, 0.03082357905805111, -0.02777736261487007, 0.011778273619711399, 0.01323038898408413, 0.02119443751871586, 0.022188330069184303, 0.016638021916151047, 0.013436912558972836, -0.00558257894590497, -0.005911725107580423, -0.005666479002684355, 0.03885216638445854, 0.029610255733132362, -0.03226924315094948, 0.041459523141384125, 0.02231740765273571, 0.004240178503096104, 0.022898253053426743, -0.03121080994606018, 0.008473902940750122, 0.005695521365851164, -0.012630181387066841, -0.005050136242061853, -0.6476565599441528, -0.030565425753593445, 0.0026622123550623655, -0.04096902906894684, 0.0006110987742431462, 0.003672239603474736, 0.031649671494960785, -0.010474596172571182, -0.005592259578406811, -0.0016925217350944877, 0.022988608106970787, 0.01025516539812088, 0.0005683420458808541, -0.01252046599984169, -0.016108805313706398, -0.0164831280708313, 0.014663143083453178, -0.005847186781466007, 0.012023519724607468, 0.013017412275075912, -0.01187508087605238, 0.024434270337224007, -0.038542382419109344, -0.027674101293087006, 0.016560574993491173, -0.01224295049905777, 0.0017812621081247926, -0.026744747534394264, 0.023350022733211517, -0.012578550726175308, -0.010068003088235855, 0.018909774720668793, 0.02577666938304901, 0.026241347193717957, 0.04099484533071518, -0.00014470737369265407, -0.0023734027054160833, 0.021801099181175232, 0.04899761825799942, 0.011578204110264778, -0.008854679763317108, 0.007325117941945791, 0.040349461138248444, 0.02101372927427292, -0.006327998358756304, 0.02646077796816826, 0.032036904245615005, -0.0018877505790442228, 0.020174730569124222, -0.028242040425539017, -0.009293541312217712, 0.01042296551167965, -0.014701866544783115, 0.008764325641095638, 0.026396239176392555, -0.007260579150170088, 0.02469242364168167, 0.009048295207321644, -0.03175293281674385, 0.0014246869832277298, 0.02142677642405033, -0.009448434226214886, 0.015889374539256096, -0.0370192751288414, -0.02324676141142845, -0.004901697859168053, -0.015347251668572426, 0.00862879492342472, 0.007383202668279409, 0.011158703826367855, -0.0034108588006347418, 0.02500220760703087, 0.0068668946623802185, 0.0021313834004104137, 0.008028587326407433, 0.017722267657518387, 0.015011651441454887, -0.0012157437158748507, 0.01459860522300005, 0.01261727325618267, 0.012197772972285748, 0.007150863762944937, -0.017335036769509315, -0.009035388007760048, -0.014456620439887047, -0.0159539133310318, -0.010829557664692402, -0.02101372927427292, 0.02844856306910515, 0.009364534169435501, 0.01938736066222191, -0.02049742266535759, -0.0024960257578641176, -0.03195945546030998, -0.008828864432871342, 0.011068349704146385, 0.012546281330287457, -0.022743361070752144, 0.010745657607913017, -0.00031018807203508914, -0.028629271313548088, -0.01706397533416748, -0.016547666862607002, -0.0013778966385871172, 0.01250755786895752, -0.010913457721471786, 0.007518733385950327, -0.002754179760813713, 0.023066053166985512, -0.010448780842125416, 0.0022653008345514536, -0.0068088099360466, -0.03337930515408516, -0.02265300787985325, -0.0018006237223744392, -0.023362930864095688, 0.024602070450782776, 0.013578897342085838, -0.0002579522551968694, 0.009648502804338932, 0.0010374560952186584, 0.014237189665436745, 0.021672023460268974, -0.028577640652656555, -0.023466192185878754, 0.04920414090156555, -0.008099579252302647, 0.005356694106012583, 0.007880148477852345, 0.0003596003516577184, 0.008751418441534042, 0.007815610617399216, 0.018032051622867584, -0.009848572313785553, -0.004307943861931562, 0.005450274795293808, -0.0013762831222265959, -0.02759665623307228, 0.022962791845202446, -0.021155714988708496, -0.023440377786755562, -0.0068668946623802185, 0.0019232467748224735, 0.000528812175616622, -0.03374071791768074, 0.003375362604856491, -0.044686444103717804, 0.021994715556502342, 0.0003111964906565845, 0.01960679143667221, -0.032759733498096466, -0.0010656917002052069, 0.0021071815863251686, 0.003131730016320944, -0.0034624896943569183, -0.007796248886734247, 0.023504914715886116, -0.02016182243824005, 0.01958097517490387, -0.007621994707733393, -0.017489928752183914, -0.002395991235971451, -0.020987914875149727, 0.003323731943964958, 0.002960702870041132, -0.004349893890321255, 0.019684236496686935, 0.008506172336637974, -0.016586389392614365, -0.024550439789891243, -0.0007341252639889717, -0.012720535509288311, 0.0036528781056404114, 0.015166543424129486, -0.0018700025975704193, 0.013030319474637508, -0.012068696320056915, -0.008293194696307182, -0.0025766990147531033, -0.007170225493609905, 0.0023653353564441204, 0.015295620076358318, -0.00898375641554594, 0.022446485236287117, 0.004963009152561426, 0.04713890701532364, -0.0004247438919264823, -0.0009882454760372639, -0.017502836883068085, 0.011726642027497292, -0.019297005608677864, 0.01738666743040085, 0.015463420189917088, 0.012133235111832619, 0.007402563933283091, -0.00346894352696836, -0.006573244463652372, -0.010293887928128242, -0.014934205450117588, -0.004201455041766167, 0.0004219203256070614, -0.00572133669629693, 0.02790644019842148, -0.014301727525889874, 0.022020529955625534, -0.004979143850505352, 0.017709359526634216, -0.011132888495922089, 0.04463481530547142, 0.01576029695570469, 0.00042877753730863333, -0.013217481784522533, -0.010829557664692402, -0.01578611321747303, -0.014908389188349247, 0.011436219327151775, 0.005208255723118782, 0.0291972104460001, -0.008235110901296139, -0.030978472903370857, 0.028216224163770676, 0.015179451555013657, 0.02718360908329487, 0.016547666862607002, -0.0068088099360466, -0.00431439746171236, 0.0264865942299366, 0.014146835543215275, 0.008299648761749268, -0.004804890137165785, -0.002023281529545784, 0.00834482628852129, 0.013901589438319206, -0.0023249988444149494, 0.03967826068401337, 0.030049117282032967, 0.03559942916035652, -0.018832329660654068, 0.011971889063715935, 0.007544548716396093, 0.02775154821574688, 0.009525880217552185, 0.01870325207710266, -0.008596525527536869, 0.04076250642538071, 0.03206271678209305, 0.026718931272625923, 0.03250157833099365, -0.0017715813592076302, 0.0031381838489323854, 0.003530255053192377, -0.004485424607992172, -0.021994715556502342, 0.004317624494433403, 0.026589855551719666, 0.01278507336974144, 0.02684800885617733, 0.022988608106970787, 0.00616665231063962, -0.0006554689607582986, 0.0008039074600674212, 0.0022669141180813313, 0.03539290279150009, -0.008990210480988026, 0.0272352397441864, 0.0038368129171431065, -0.034592628479003906, 0.001482771709561348, 0.012184865772724152, -0.01224295049905777, -0.011113527230918407, 0.0033398664090782404, 0.00744128692895174, -0.0036141551099717617, 0.0030897799879312515, 0.013849958777427673, -0.00026622123550623655, 0.0323466882109642, 0.016909083351492882, 0.002862281631678343, 0.013146488927304745, -0.01297223474830389, 0.013191665522754192, 0.01523108221590519, 0.0017731948755681515, -0.014947112649679184, 0.0018732295138761401, 0.008215748704969883, -0.020368345081806183, 0.03252739459276199, 0.012636635452508926, -0.009693680331110954, -0.012681812047958374, 0.009738856926560402, -0.0047984360717237, 0.014546974562108517, 0.0028735760133713484, -0.054883524775505066, -0.015476328320801258, -0.005398644134402275, 0.007105687167495489, -0.006795902270823717, 0.012856066226959229, -0.01650894433259964, 0.035831764340400696, 0.006163425277918577, 0.012275219894945621, 0.011268419213593006, 0.011604019440710545, -0.0018635486485436559, 0.01597972773015499, 0.010571403428912163, -0.0017780351918190718, 0.01649603620171547, 0.035470351576805115, -0.010713388212025166, 0.004611274693161249, -0.018380559980869293, 0.03758721426129341, -0.006508706137537956, 0.0008486810838803649, 0.013578897342085838, -0.013256204314529896, 0.009829211048781872, 0.0628862977027893, 0.004324078559875488, 0.010003465227782726, 0.006853986997157335, 0.0062925019301474094, -0.011023173108696938, -0.044738076627254486, -0.006337678991258144, 0.018199851736426353, 0.0006574857980012894, -0.018806513398885727, -0.004559644032269716, 0.008196387439966202, 0.01847091317176819, 0.01196543499827385, 0.027390131726861, 0.008299648761749268, -0.030875209718942642, -0.0005764093366451561, -0.008138302713632584, -0.03175293281674385, 0.004750032443553209, 0.04858456924557686, 0.01902594417333603, 0.005766513291746378, -0.014314635656774044, 0.00023354863515123725, 0.010668211616575718, 0.004440247546881437, -0.022033438086509705, 0.010816649533808231, 0.019490621984004974, -0.0016715467208996415, 0.02524745464324951, 0.010280980728566647, 0.010694026947021484, 0.013165850192308426, -0.015127820894122124, -0.0001624554570298642, -0.007467102725058794, 0.03247576579451561, -0.008938579820096493, 0.006415125448256731, 0.011739550158381462, 0.01597972773015499, -0.014521158300340176, 0.006234417669475079, 0.020975006744265556, -0.009990557096898556, 0.0244600847363472, 0.020226361230015755, 0.007086325436830521, -0.013475635088980198, -0.0056600249372422695, 0.007092779502272606, -0.023504914715886116, -0.0005860900855623186, -0.00372064346447587, 0.010487503372132778, -0.021697837859392166, -0.027828993275761604, -0.019116299226880074, 0.0042175897397100925, 0.005931086838245392, -0.04078832268714905, -0.017735175788402557, -0.007654264103621244, 0.007563910447061062, -0.02470533177256584, -0.012313942424952984, 0.013462727889418602, -0.022820807993412018, -0.012888334691524506, 0.02613808587193489, 0.02251102216541767, -0.019684236496686935, 0.010235803201794624, -0.009112833999097347, -0.004701628349721432, 0.010752111673355103, -0.008835318498313427, -0.012739896774291992, -0.02070394530892372, -0.0383874885737896, -0.004833932500332594, 0.04429921507835388, -0.01813531294465065, -0.010919911786913872, 0.004966236185282469, 0.015566682443022728, -0.018909774720668793, 0.0028413066174834967, 0.007086325436830521, -0.004614501725882292, 0.043937798589468, 0.0060504828579723835, -0.013720881193876266, 0.014818035997450352, 0.005914952140301466, -0.02829367108643055, -0.002213669940829277, -0.0002450445608701557, -0.002721910597756505, -0.023453284054994583, 0.006040802225470543, -0.00953233428299427, -0.0015973274130374193, 0.0021313834004104137, -0.00431439746171236, 0.0036238357424736023, 0.0079769566655159, -0.022188330069184303, 0.011378134600818157, 0.0052695670165121555, -0.01794169843196869, 0.04610629379749298, -0.0012221975484862924, 0.011087710969150066, 0.016650928184390068, -0.008919218555092812, 0.019503530114889145, -0.0413820743560791, 0.030901025980710983, 0.039291027933359146, -0.016212066635489464, 0.009435526095330715, -0.0020894333720207214, -0.019800405949354172, -0.014275912195444107, -0.016741283237934113, -0.007208948489278555, 0.029506994411349297, 0.016934897750616074, -0.03216598182916641, -0.033456750214099884, -0.022033438086509705, -0.010326157324016094, -0.002250779652968049, -0.025518516078591347, 0.021542945876717567, -0.02519582398235798, 0.03180456534028053, -0.007325117941945791, 0.011933165602385998, 0.004750032443553209, -0.02886161021888256, -0.021672023460268974, 0.022975699976086617, -0.012636635452508926, 0.026589855551719666, -0.027261056005954742, 0.022278685122728348, -0.008448087610304356, 0.019658422097563744, -0.012275219894945621, -0.03028145618736744, 0.014663143083453178, -0.03069450333714485, 0.03606410324573517, 0.021091176196932793, 0.01798042096197605, -0.0016336303669959307, 0.020252175629138947, 0.0026799605693668127, -0.0010535907931625843, 0.012307488359510899, -0.016108805313706398, -0.006069844122976065, -0.020639406517148018, -0.004995278548449278, 0.025686316192150116, 0.005737471394240856, -0.01739957556128502, -0.010293887928128242, 0.02646077796816826, 0.02141386829316616, -0.006418352015316486, -0.006092432886362076, -0.04140789061784744, -0.010235803201794624, -0.0020700718741863966, 0.016728375107049942, -0.00040518067544326186, 0.002160425763577223, -0.03103010356426239, -0.0020006929989904165, 0.019271191209554672, -0.016767097637057304, -0.00013270725321490318, 0.0001375476422253996, 0.024266470223665237, -0.0185096375644207, 0.0029445684049278498, -0.017089789733290672, 0.05111447721719742, 0.0033850434701889753, -0.012843158096075058, -0.0329662561416626, -0.023556547239422798, -0.005340559408068657, 0.0064022173173725605, 0.019516438245773315, 0.013591804541647434, -0.02811296284198761, -0.012733442708849907, 0.008925672620534897, -0.008919218555092812, -0.006450621411204338, 0.009971195831894875, -0.0006227963604032993, -0.011810542084276676, -0.02285953052341938, 0.0074929180555045605, -0.00540509819984436, 0.002153971930965781, 0.016754189506173134, 0.005534174852073193, 0.04608047753572464, -0.016470221802592278, 0.006024667527526617, 0.024343915283679962, -0.030901025980710983, 0.02757083997130394, -0.0035915665794163942, 0.01105544250458479, -0.015282712876796722, 0.01705106720328331, -0.02162039279937744, 1.1502220331749413e-06, 0.002850987482815981, -0.007273487281054258, 0.0239308699965477, 0.018793607130646706, -0.0023782430216670036, 0.006318317726254463, 0.005092086270451546, 0.04300844669342041, 0.010829557664692402, -0.020755575969815254, 0.03126244246959686, 0.00962914153933525, 0.005488997790962458, -0.011958980932831764, 0.015540867112576962, -0.032036904245615005, -0.003026854945346713, 0.0018345064017921686, -0.030152378603816032, 0.006179559975862503, -0.008293194696307182, -0.008319010958075523, 0.035831764340400696, -0.01563122123479843, 0.01450825110077858, 0.018419282510876656, -0.008712694980204105, 0.039471738040447235, -0.011533026583492756, 0.008506172336637974, -0.0026702797040343285, 0.02886161021888256, 0.03175293281674385, 0.012559188529849052, -0.028887424618005753, -0.0009430685895495117, 0.0133207431063056, -0.016070082783699036, -0.00449187820777297, 0.0020684583578258753, 0.0272352397441864, -0.008744964376091957, -0.022898253053426743, -0.004459609277546406, 0.011261965148150921, 0.0212202537804842, 0.016082990914583206, -0.011629834771156311, 0.002237871987745166, -0.012075150385499, -0.025105470791459084, -0.012720535509288311, -0.00607629818841815, -0.0159539133310318, -0.009461341425776482, 0.0037916358560323715, -0.008035041391849518, 0.014960020780563354, -0.01450825110077858, 0.0027315912302583456, -0.020407067611813545, -0.010119633749127388, 0.0040272013284265995, -0.03681275248527527, 0.00970658753067255, 0.01206224225461483, 0.00028114576707594097, 0.008970849215984344, 0.019284099340438843, -0.051062848418951035, 0.0047693937085568905, -0.0039820242673158646, 0.022601377218961716, -0.02267882227897644, 0.013269112445414066, -0.00693788705393672, -0.012204227037727833, 0.023066053166985512, -0.012630181387066841, -0.021517129614949226, -0.04334404692053795, 0.0016320168506354094, 0.008751418441534042, -0.017644820734858513, -0.009571056813001633, 0.000135127454996109, -0.0014876120258122683, 0.011920257471501827, -0.014275912195444107, -0.01087473426014185, 0.013398189097642899, 0.007551002316176891, 0.0035528435837477446, 0.04602884501218796, -0.025286177173256874, 0.011558841913938522, 0.0030768720898777246, 0.007131502497941256, -0.02759665623307228, -0.007034694775938988, 7.95638479758054e-05, 0.005876228678971529, -0.01816112920641899, -0.020613592118024826, -0.0221237912774086, -0.018186945468187332, 0.0043369862250983715, -0.003798089688643813, 0.014947112649679184, 0.0013722494477406144, -0.016431497409939766, -0.0064409407787024975, -0.020936284214258194, -0.0020587777253240347, 0.02757083997130394, -0.032553210854530334, -0.014663143083453178, 0.0018167583039030433, -0.01685745269060135, -0.05292155593633652, -0.024189023301005363, 0.019994022324681282, 0.040891584008932114, 0.00817702617496252, -0.013565989211201668, 0.007105687167495489, 0.008925672620534897, -0.061027590185403824, 0.009035388007760048, -0.021181529387831688, 0.007680079434067011, 0.018638713285326958, 0.015734482556581497, -0.01668965257704258, 0.04195001348853111, -0.007615541107952595, -0.0033689087722450495, -0.005124355666339397, 0.004240178503096104, -0.01059721875935793, -0.0070217871107161045, 0.03771628811955452, -0.0069120717234909534, -0.03541871905326843, -0.02213669940829277, 0.03629644215106964, -0.012184865772724152, -0.013359465636312962, -0.0010068003321066499, -0.010668211616575718, 0.014133927412331104, 0.020949192345142365, -0.0011810542782768607, 0.01278507336974144, 0.008047948591411114, 0.0022733681835234165, -0.03211434930562973, 0.0005828631692565978, 0.014146835543215275, 0.0132432971149683, 0.013282019644975662, -0.011758911423385143, 0.0055793519131839275, -0.0006764439749531448, -0.0052405246533453465, 0.018625807017087936, -0.009383895434439182, -0.0060504828579723835, -0.023285483941435814, -0.0058504133485257626, 0.007989863865077496, 0.009409710764884949, 0.016560574993491173, -0.0020168276969343424, 0.007312210276722908, 0.0008486810838803649, 0.007331571541726589, -0.015540867112576962, -0.0005429299781098962, -0.0037012819666415453, -0.015734482556581497, -0.0054922248236835, -0.02449880912899971, 0.0041369167156517506, 0.03539290279150009, -0.0043369862250983715, -0.014288820326328278, -0.02451171539723873, -0.0188839603215456, 0.022627191618084908, 0.006318317726254463, 0.014856758527457714, -0.0011624994222074747, -0.000587703543715179, -0.030023302882909775, -0.0022927296813577414, -0.011481395922601223, -0.0029913587495684624, 0.002823558636009693, -0.01179763488471508, 0.01286251936107874, -0.02466660924255848, 0.014288820326328278, 0.002859054831787944, 0.015915190801024437, -0.014237189665436745, 0.006279594264924526, 0.17595772445201874, 0.008338372223079205, -0.0012455927208065987, 0.029145579785108566, -0.025286177173256874, -0.014856758527457714, -0.0094419801607728, 0.020200544968247414, -0.001338366768322885, 0.033637456595897675, -0.0017619006102904677, -0.01649603620171547, -0.023879239335656166, 0.011978342197835445, -0.007699441164731979, 0.013398189097642899, -0.03485077992081642, 0.007189587224274874, -0.03118499554693699, 0.036528781056404114, 0.032372504472732544, -0.01395322009921074, -0.0020087603479623795, -0.004094966687262058, 0.02992004156112671, 0.014172650873661041, 0.02267882227897644, 0.020549053326249123, 0.026021916419267654, 0.014043574221432209, 0.0034044049680233, -0.019645513966679573, 0.0055793519131839275, -0.013927404768764973, -0.036193180829286575, -0.005614847876131535, 0.01596682146191597, -0.02140096016228199, 0.00020793492149095982, 0.007654264103621244, -0.004295036196708679, -0.009919565171003342, -0.006034348160028458, -0.015037466771900654, -0.012210681103169918, -0.01459860522300005, -0.04158859699964523, 0.010448780842125416, -0.02287243865430355, -0.0014311408158391714, -0.03887798264622688, -0.006841079331934452, 0.007854333147406578, 0.010700480081140995, 0.026718931272625923, 0.005050136242061853, 0.006553883198648691, -0.015566682443022728, 0.0031833606772124767, -0.003827132051810622, -0.007409017998725176, 0.004382162820547819, -0.040917396545410156, 0.01995529979467392, -0.0217494685202837, -0.009732402861118317, -0.017890067771077156, 0.018806513398885727, -0.003297916380688548, 0.012546281330287457, -0.028603455051779747, -0.002389537403360009, -0.02718360908329487, -0.0038529473822563887, -0.010487503372132778, -0.003717416664585471, 0.025079654529690742, 0.0008656224235892296, 0.014043574221432209, 0.01817403733730316, -0.03084939531981945, -0.014043574221432209, -0.0057052019983530045, 0.03299207240343094, -0.003940074238926172, -0.007834971882402897, 0.024924762547016144, -0.0028929375112056732, -0.010293887928128242, -0.015489236451685429, 0.003293076064437628, 0.0018167583039030433, -0.010468142107129097, 0.001151205156929791, -0.003865855047479272, -0.007544548716396093, -0.010048641823232174, 0.024189023301005363, -0.0005017867079004645, 0.01597972773015499, -0.03306951746344566, 0.0653129443526268, 0.025686316192150116, -0.02067813090980053, -0.010629488155245781, 0.0008841772214509547, -0.016754189506173134, 0.01959388330578804, 0.009306449443101883, -0.00047798812738619745, -0.021452592685818672, -0.019994022324681282, -0.017335036769509315, -0.027312686666846275, -0.0018183718202635646, -0.01150721125304699, -0.010500411503016949, -0.03325022757053375, 0.014456620439887047, -0.046906568109989166, -0.02394377812743187, -0.00862234178930521, 0.015437604859471321, 0.011274873279035091, -0.017554467543959618, -0.01287542749196291, -0.0190388523042202, 0.005614847876131535, 0.02394377812743187, -0.046338632702827454, -0.0007179906242527068, -0.00853198766708374, -0.022175421938300133, -0.011178065091371536, -0.00997764989733696, 0.013759604655206203, 0.010932818986475468, -0.029636071994900703, -0.005011413246393204, 0.004046563059091568, 0.01016481127589941, -0.03066868707537651, 0.014521158300340176, 0.008596525527536869, 0.0031220491509884596, 0.006066617555916309, -0.00851907953619957, 0.0012754417257383466, -0.005237298086285591, 0.004775847773998976, -0.011081257835030556, -0.025841208174824715, 0.00044047515257261693, -0.01798042096197605, -0.004146597348153591, -0.024963485077023506, 0.004030428361147642, -0.046906568109989166, 0.008945033885538578, -0.0025234546046704054, -0.024214839562773705, 0.014637327753007412, 0.021801099181175232, -0.006444167345762253, 0.0010987676214426756, 0.005472863558679819, -0.16088153421878815, 0.03066868707537651, 0.03554779663681984, 0.00046185351675376296, 0.03892961144447327, 0.008151210844516754, -0.0017941698897629976, 0.008325464092195034, -0.023117683827877045, 0.021542945876717567, 0.01763191446661949, -0.02519582398235798, -0.009112833999097347, 0.0030446029268205166, -0.015243989415466785, -0.005543855484575033, -0.0018958179280161858, 0.017477020621299744, 0.021323515102267265, 0.012004157528281212, 0.003846493549644947, -0.010377787984907627, -0.0025202278047800064, -0.024731146171689034, -0.010855372995138168, -0.005259886384010315, -0.030255641788244247, -0.00011062299745390192, -0.004472516942769289, -0.011326503939926624, -0.022059254348278046, 0.002103954553604126, 0.023143500089645386, -0.01268826611340046, -0.0037400051951408386, -0.023853423073887825, -0.020613592118024826, -0.014650235883891582, -0.03841330483555794, 0.03831004351377487, 0.012488196603953838, 0.007376748602837324, -0.022020529955625534, -0.007634902372956276, -0.0007853526622056961, 0.019464805722236633, 0.0329662561416626, 0.0006647463887929916, 0.006192467641085386, -0.023879239335656166, -0.009945380501449108, -0.02214960753917694, -0.002066844841465354, 0.004585459362715483, -0.010500411503016949, -0.01370797399431467, -0.032217610627412796, 0.03175293281674385, 0.0057052019983530045, -0.009106379933655262, -0.0012568869860842824, -0.007822063751518726, 0.031494781374931335, -0.0039529819041490555, -0.007331571541726589, -0.020962098613381386, 0.003559297416359186, 0.014301727525889874, -0.009132195264101028, -0.017089789733290672, 0.01396612823009491, -0.023311300203204155, 0.0073380256071686745, -0.03696764260530472, 0.005069497972726822, 0.01450825110077858, -0.0026331702247262, 0.011997704394161701, 0.022381946444511414, -0.015811927616596222, 0.008396456949412823, 0.03991059958934784, -0.01961969956755638, -0.006586152128875256, -0.007467102725058794, 0.02741594798862934, 0.017657728865742683, 0.01278507336974144, -0.03260484337806702, 0.008932125754654408, 0.02541525475680828, -0.02470533177256584, -0.02322094701230526, -0.0106101268902421, 0.004253086168318987, 0.024408454075455666, 0.007170225493609905, -0.01599263586103916, -0.00408851308748126, 0.004466062877327204, 0.012068696320056915, -0.016599297523498535, -0.04631281644105911, 0.008228656835854053, 0.013901589438319206, 0.02597028575837612, -0.02160748466849327, 0.0068733482621610165, 0.029248841106891632, -0.00017445559205953032, 0.01287542749196291, 0.005340559408068657, 0.02431810088455677, 0.01666383631527424, 0.010364880785346031, 0.001399678410962224, -0.005321198143064976, -0.013211027719080448, -0.021517129614949226, -0.007744618225842714, 0.016199158504605293, 0.013565989211201668, -0.004449928645044565, 0.00444347457960248, -0.005921405740082264, -0.006853986997157335, -0.10197080671787262, -0.031494781374931335, 0.016057174652814865, 0.023156408220529556, 0.01777389831840992, -0.019077574834227562, -0.012204227037727833, 0.030204009264707565, -0.0032398318871855736, 0.00853198766708374, 0.004240178503096104, -0.025699224323034286, 0.005902044475078583, -0.007557456381618977, 0.02757083997130394, -0.006918525323271751, 0.013411097228527069, 0.0017538332613185048, -0.007538094650954008, 0.012823796831071377, -0.000523165101185441, -0.03536709025502205, -0.013733789324760437, -0.006647463887929916, -0.009325810708105564, -0.0034140858333557844, -0.0237759780138731, -0.0006554689607582986, 0.007486463990062475, 0.003407632000744343, -0.017993329092860222, -0.00026460777735337615, 0.0159539133310318, 0.018367651849985123, -0.014353359118103981, -0.02087174542248249, -0.011216788552701473, -0.037277426570653915, 0.02305314689874649, -0.003749685827642679, -0.007576818112283945, 0.005711655598133802, 0.012029972858726978, -0.010319703258574009, 0.01523108221590519, -0.018548360094428062, -0.018393468111753464, 0.018651621416211128, 0.007066963706165552, -0.027338501065969467, -0.0009204801172018051, -0.020833022892475128, 0.008170572109520435, -0.02684800885617733, 0.012120326980948448, -0.023362930864095688, 0.007776887156069279, 0.02523454651236534, -0.010416511446237564, -0.0018103044712916017, 0.022575560957193375, 0.01561831310391426, 0.00833191815763712, 0.013475635088980198, 0.018625807017087936, -0.007951141335070133, -0.011462034657597542, -0.0002769104321487248, 0.019116299226880074, -0.04938484728336334, 0.011042534373700619, 0.00030191909172572196, -0.023685622960329056, -0.009932472370564938, -0.024356823414564133, -0.008738510310649872, -0.03516056388616562, -0.020626498386263847, -0.023143500089645386, -0.013514358550310135, -0.0023379065096378326, -0.01515363622456789, 0.02976514771580696, -0.01315294299274683, 0.027261056005954742, 0.023182222619652748, -0.01386286597698927, -0.015192358754575253, 0.03485077992081642, -0.043834537267684937, 0.0033172781113535166, 0.020729761570692062, 0.02413739264011383, 0.00799631793051958, -0.022562654688954353, 0.021142806857824326, 0.0023653353564441204, -0.018780698999762535, -0.034566812217235565, 0.020962098613381386, -0.039110321551561356, -0.0019506756216287613, -0.055090051144361496, 0.016108805313706398, 0.014676051214337349, -0.02267882227897644, 0.002917139558121562, 0.009764672257006168, 0.013333650305867195, -0.006834625266492367, 0.01142976526170969, 0.008041495457291603, -0.02396959252655506, 0.016082990914583206, -0.003678693436086178, -0.0164831280708313, -0.012623727321624756, 0.009190279990434647, 0.006641009822487831, -0.0070217871107161045, 0.010739203542470932, -0.008215748704969883, -0.028887424618005753, -0.0025395893026143312, 0.002136223716661334, -0.004504786338657141, -0.02958444133400917, 0.01795460656285286, -0.029119763523340225, 0.011752457357943058, -0.028422748669981956, -0.009138649329543114, 0.01831602118909359, -0.008202841505408287, -0.01443080510944128, 0.007208948489278555, -0.02826785482466221, -0.04262121394276619, -0.017335036769509315, 0.030074933543801308, 0.028526009991765022, -0.02937791682779789, 0.011294234544038773, -0.028009701520204544, 0.004366028588265181, -0.03136570379137993, 0.004604820627719164, -0.005931086838245392, -0.02575085498392582, 0.0018877505790442228, 0.01432754285633564, 0.006718456279486418, 0.00566970556974411, 0.018212759867310524, 0.001916792942211032, -0.004346666857600212, -0.012281673029065132, -0.00816411804407835, -0.015269804745912552, -0.012752803973853588, -0.0016481515485793352, -0.038903798907995224, 0.0421307235956192, 0.007299302611500025, 0.022536838427186012, -0.004862974863499403, 0.020097283646464348, 0.006363494321703911, -0.014133927412331104, 0.014960020780563354, 0.00516630569472909, -0.015837743878364563, 4.429457476362586e-05, 0.013294927775859833, 0.004246632102876902, 0.015308528207242489, -0.020213453099131584, -0.0014440485974773765, -0.006576471496373415, 0.014237189665436745, -0.012978688813745975, 0.025789577513933182, 0.029248841106891632, -0.011649196036159992, -0.02249811589717865, 0.03332767263054848, 0.02757083997130394, 0.00880950316786766, -0.007796248886734247, 0.011681465432047844, 0.0006248131976462901, -0.011378134600818157, -0.0043369862250983715, 0.014908389188349247, 0.001965196803212166, 0.0157990213483572, 0.030617056414484978, 0.012042880989611149, -0.018212759867310524, -0.012494650669395924, 0.01441789697855711, 0.01370797399431467, -0.007912417873740196, -0.002799356821924448, -0.009848572313785553, -0.011642741970717907, -0.036580413579940796, 0.009893749840557575, -0.005408324766904116, -0.01259791199117899, -0.03614155203104019, 0.02358236163854599, -0.005763286724686623, 0.011952526867389679, 0.012204227037727833, -0.002023281529545784, 0.004520920570939779, 0.007725256495177746, -0.008415818214416504, 0.012836704030632973, -0.007260579150170088, 0.016366958618164062, -0.010138995945453644, 0.00038642415893264115, -0.003163999179378152, 0.007983410730957985, 0.006415125448256731, 0.030617056414484978, -0.007744618225842714, -0.013346558436751366, -0.0032672607339918613, -0.029610255733132362, 0.025350715965032578, 0.0032882357481867075, -0.019103391095995903, -0.003488305024802685, -0.00851907953619957, -0.0037432319950312376, -0.010022826492786407, 0.0009269339498132467, -0.008925672620534897, 0.05498678609728813, 0.049100879579782486, 0.002655758522450924, -0.011107073165476322, -0.004185320809483528, 0.01631532795727253, 0.003865855047479272, -0.008951487950980663, 0.024447176605463028, -0.031081734225153923, 0.02631879411637783, 0.006434486713260412, -0.013043227605521679, -0.030178194865584373, -0.02177528478205204, -0.005224390421062708, -0.006218282971531153, 0.0239308699965477, 0.008822410367429256, 0.005082405637949705, 0.006860440596938133, -0.022085068747401237, 0.044531553983688354, 0.024589162319898605, -0.022601377218961716, -0.019013037905097008, 0.005595486611127853, 0.0019426083890721202, -0.007383202668279409, -0.022356130182743073, -0.011016719043254852, 0.0032269242219626904, -0.0083512794226408, 0.00031402005697600543, 0.035289641469717026, 0.006628102157264948, -0.0301007479429245, -0.02012309990823269, 0.01687035895884037, 0.017709359526634216, 0.01671546697616577, 0.0030252414289861917, -0.022097976878285408, -0.026770563796162605, -0.033482566475868225, 0.02899068593978882, -0.01760609820485115, -0.02105245366692543, -0.018406376242637634], 'ai_metadata': {'tags': ['construction', 'document'], 'document_type': 'unknown', 'topics': ['Fire Rating Requirements for Steel Structures'], 'supplier_mentions': [], 'categories': ['general'], 'summary': '```json\n{\n  "tags": [\n    "AS 1530.4",\n    "BCA",\n    "fire resistance",\n    "building classification",\n    "fire rating requirements"\n  ],\n  "document_type": "specification",\n  "topics": [\n    "fire '}, 'created_timestamp': '2025-08-12T07:38:08.715000', 'status': 'active', 'reference_count': 0, 'helpful_votes': 0, 'view_count': 0}, 'similarity_score': 0.8396106754075372}, {'type': 'mentor_note', 'note': {'_id': '689807a45e9515643b4eebf9', 'note_id': '5de67725-a69d-46ec-a529-a66bce3a2cea', 'user_id': 'dev_user_123', 'user_email': 'dev@example.com', 'title': 'Fire Rating Requirements for Steel Structures', 'content': 'When designing steel structures in commercial buildings, fire rating requirements must be considered early in the design process. AS 1530.4 provides the testing methodology for fire resistance, while the BCA specifies minimum requirements based on building classification and height.', 'tags': ['fire-rating', 'steel', 'BCA', 'AS1530', 'construction', 'document'], 'category': 'structural-design', 'attachment_url': None, 'embedding': [-0.0028076001908630133, -0.004995591938495636, -0.0315483883023262, -0.0424431674182415, 0.006034726742655039, -0.015386939980089664, -0.017710471525788307, -0.0184333473443985, 0.01369592547416687, 0.006031499709933996, -0.0008358258055523038, -0.00908113457262516, 0.0065026599913835526, 0.02186700887978077, -0.013812101446092129, 0.0009350599138997495, 0.01573546975851059, 0.02088596299290657, 0.0028608476277440786, -0.003917731810361147, -0.01075924001634121, 0.012127541936933994, -0.017374848946928978, 0.0036401988472789526, -0.008945594541728497, 0.0065575214102864265, 0.013992820866405964, -0.03113531693816185, 0.005686196964234114, 0.007674106862396002, 0.02669479139149189, -0.020950505509972572, -0.009920187294483185, 0.005237626377493143, -0.0030512481462210417, 0.0003156533057335764, -0.008145267143845558, 0.001739421277306974, 0.007493387907743454, -0.014522070065140724, -0.001326348981820047, -0.021324852481484413, 0.00478582875803113, 0.006560748443007469, 0.008145267143845558, -0.008442163467407227, 0.025791196152567863, -0.0025607249699532986, -0.030670611187815666, -0.013592656701803207, 0.021027956157922745, -0.007196492049843073, -0.017697561532258987, -0.014496252872049809, -0.0018136451253667474, 0.0006196083268150687, -0.01749102585017681, 0.006008909549564123, 0.022112270817160606, -0.03526603803038597, -0.01114649511873722, 0.005082724150270224, -0.025817012414336205, 0.0025784741155803204, -0.00821626465767622, -0.027236947789788246, 0.02256406843662262, 0.010597883723676205, -0.01678105816245079, 0.014444618485867977, 0.019040046259760857, 0.030257537961006165, 0.01914331503212452, 0.02434544265270233, 0.036763425916433334, -0.004585746675729752, 0.02228008210659027, -0.02839871309697628, 0.01059142965823412, -0.02190573513507843, -0.0030899737030267715, -0.012101724743843079, -0.0029786378145217896, 0.02628171816468239, -0.0075837476179003716, 0.0147286057472229, -0.0013812101678922772, -0.0018362350529059768, -0.007900006137788296, 0.007403028197586536, -0.018562432378530502, 0.008622881956398487, 0.01130139734596014, 0.010087997652590275, -0.02162174880504608, -0.019608020782470703, 0.008648699149489403, 0.005321531556546688, 0.014328441582620144, -0.00024263958039227873, 0.004008091054856777, 0.0018281672382727265, -0.02024053782224655, 0.002981864847242832, 0.0027123999316245317, -0.015929097309708595, 0.003940321505069733, -0.008125904947519302, -0.007461116649210453, -0.02974119782447815, -0.032710153609514236, 0.014096088707447052, -0.003517567878589034, -0.00904886331409216, 0.00926185306161642, 0.022163905203342438, 0.011921005323529243, -0.002400982193648815, -0.001060111098922789, -0.00822917278856039, 0.0020637474954128265, -0.0052021280862390995, 0.02089887112379074, 0.01028162520378828, 0.026849692687392235, -0.004395346622914076, -0.024526162073016167, -0.012921415269374847, -0.007435299456119537, -0.019969459623098373, 0.00889396108686924, 0.009068225510418415, 0.012598701752722263, -0.008409892208874226, -0.009545840322971344, 0.02262861095368862, -0.007983910851180553, 0.040222905576229095, -0.04280460625886917, -0.031057866290211678, 0.0019653202034533024, 0.0023638701532036066, -0.024203449487686157, -0.01610981673002243, -0.011036773212254047, -0.016832692548632622, 0.018407529219985008, 0.01812354288995266, -0.01747811771929264, -0.017258672043681145, -0.030205905437469482, 0.00853252224624157, 0.007628927007317543, 0.008829418569803238, -0.014741513878107071, 0.022499525919556618, -0.018059000372886658, 0.018652791157364845, -0.012940777465701103, -0.03593728318810463, 0.04391473904252052, 0.0067059691064059734, 0.006063770968466997, 0.006163811776787043, 0.002368710935115814, 0.006951230578124523, 0.0076999240554869175, -0.008171084336936474, 0.002418731339275837, -0.009952458553016186, 0.010307442396879196, 0.03082551248371601, -0.02777910605072975, 0.011753194965422153, 0.013173130340874195, 0.02122158370912075, 0.02222844772040844, 0.016639064997434616, 0.013463571667671204, -0.005621654447168112, -0.005886279046535492, -0.005637790076434612, 0.038880422711372375, 0.029586296528577805, -0.032348718494176865, 0.04143630713224411, 0.02228008210659027, 0.00419849157333374, 0.02287387289106846, -0.031238585710525513, 0.008429254405200481, 0.005653925705701113, -0.01265679020434618, -0.005098859779536724, -0.6476972103118896, -0.030541526153683662, 0.0026333353016525507, -0.0410490483045578, 0.0006280795205384493, 0.0036047003231942654, 0.031625840812921524, -0.01044943556189537, -0.0055926102213561535, -0.0016684244619682431, 0.023054592311382294, 0.010242899879813194, 0.0005679742898792028, -0.012463162653148174, -0.0161227248609066, -0.016497071832418442, 0.014651155099272728, -0.005860461853444576, 0.012056545354425907, 0.013056954368948936, -0.011862916871905327, 0.024461619555950165, -0.038518983870744705, -0.027624202892184258, 0.016574522480368614, -0.012256626971065998, 0.001765238237567246, -0.026798058301210403, 0.0233127623796463, -0.012463162653148174, -0.010068634524941444, 0.018898053094744682, 0.025752469897270203, 0.026191359385848045, 0.04099741578102112, -0.00023880736262071878, -0.002307395450770855, 0.021828284487128258, 0.049078140407800674, 0.011540204286575317, -0.008881052024662495, 0.00736430287361145, 0.04032617434859276, 0.021053774282336235, -0.006221900228410959, 0.026410803198814392, 0.032013095915317535, -0.0018943232716992497, 0.02020181156694889, -0.028192177414894104, -0.009281216189265251, 0.01044943556189537, -0.0147286057472229, 0.008784238249063492, 0.02637207880616188, -0.007215855177491903, 0.02468106336891651, 0.009126313962042332, -0.03172910958528519, 0.0014296170556917787, 0.021363578736782074, -0.00941675528883934, 0.015864554792642593, -0.036995779722929, -0.02327403612434864, -0.00487941550090909, -0.015412756241858006, 0.00853897724300623, 0.007435299456119537, 0.011191675439476967, -0.003398164175450802, 0.02497795969247818, 0.006835054140537977, 0.0021363578271120787, 0.008035545237362385, 0.017710471525788307, 0.014973867684602737, -0.001212592818774283, 0.014599520713090897, 0.012611610814929008, 0.012159813195466995, 0.00717712938785553, -0.01742648333311081, -0.009113405831158161, -0.014457526616752148, -0.01603236421942711, -0.010830236598849297, -0.021002139896154404, 0.02845034748315811, 0.00939739216119051, 0.0194789357483387, -0.02055034227669239, -0.0024994094856083393, -0.03190982714295387, -0.008803601376712322, 0.011030318215489388, 0.01264388207346201, -0.022693153470754623, 0.010726968757808208, -0.00033078048727475107, -0.028631066903471947, -0.01712958700954914, -0.016561614349484444, -0.0013384507037699223, 0.012521251104772091, -0.010914142243564129, 0.00753211323171854, -0.0027430576737970114, 0.023015866056084633, -0.010397802107036114, 0.0023106227163225412, -0.006764057092368603, -0.03345884755253792, -0.02256406843662262, -0.0017620110884308815, -0.023390213027596474, 0.02459070459008217, 0.013657200150191784, -0.00019282080756966025, 0.009694288484752178, 0.0010141244856640697, 0.014250990934669971, 0.021686291322112083, -0.028527798131108284, -0.023506389930844307, 0.04918140918016434, -0.008048453368246555, 0.0053731659427285194, 0.007900006137788296, 0.00035740426392294466, 0.00870678760111332, 0.0077321953140199184, 0.018007365986704826, -0.009836281649768353, -0.004285624250769615, 0.0053699384443461895, -0.0014191289665177464, -0.027520935982465744, 0.02296423353254795, -0.02120867557823658, -0.023390213027596474, -0.006828600075095892, 0.0019572521559894085, 0.0005417538923211396, -0.0336395688354969, 0.00337234721519053, -0.04458598047494888, 0.021996093913912773, 0.00039310436113737524, 0.019646747037768364, -0.03276178985834122, -0.0011770944111049175, 0.0020621339790523052, 0.0030754515901207924, -0.003478842554613948, -0.007803191896528006, 0.023416031152009964, -0.02022762969136238, 0.019659655168652534, -0.007628927007317543, -0.017581386491656303, -0.0023590296041220427, -0.021079590544104576, 0.0033239403273910284, 0.00294798007234931, -0.004340485204011202, 0.019750013947486877, 0.008590610697865486, -0.016613246873021126, -0.024539070203900337, -0.0007966968696564436, -0.012689061462879181, 0.0036853784695267677, 0.015128768980503082, -0.0018071908270940185, 0.01301822904497385, -0.012088816612958908, -0.008242080919444561, -0.0026720608584582806, -0.007164220791310072, 0.0023913008626550436, 0.015270763076841831, -0.008939140476286411, 0.022486617788672447, 0.004950412083417177, 0.04716768115758896, -0.00037938906461931765, -0.0009947618236765265, -0.017542660236358643, 0.011785466223955154, -0.019298216328024864, 0.017336124554276466, 0.015503115952014923, 0.012069453485310078, 0.007332031615078449, -0.0034627069253474474, -0.006609155330806971, -0.010320350527763367, -0.014973867684602737, -0.004217854235321283, 0.0003499415470287204, -0.005857234820723534, 0.027908191084861755, -0.014315533451735973, 0.022021912038326263, -0.005037544760853052, 0.017710471525788307, -0.011230400763452053, 0.044689249247312546, 0.01576128602027893, 0.00042598071740940213, -0.013244127854704857, -0.01081087440252304, -0.0157741941511631, -0.014870598912239075, 0.011411119252443314, 0.005173083860427141, 0.029173225164413452, -0.008267898112535477, -0.030928781256079674, 0.028140543028712273, 0.015193311497569084, 0.027211131528019905, 0.016509979963302612, -0.006789874285459518, -0.0042598070576786995, 0.026488255709409714, 0.014147723093628883, 0.008300169371068478, -0.004808418452739716, -0.002000818494707346, 0.008300169371068478, 0.013889553025364876, -0.002346121007576585, 0.03968074917793274, 0.03005100227892399, 0.03562747687101364, -0.01879478432238102, 0.01195973064750433, 0.007525659166276455, 0.02772747166454792, 0.009520023129880428, 0.018730241805315018, -0.008648699149489403, 0.04066179320216179, 0.0321163646876812, 0.026798058301210403, 0.03252943605184555, -0.00175232975743711, 0.0031109501142054796, 0.0035014322493225336, -0.004492160398513079, -0.02193155139684677, 0.004304986912757158, 0.026539888232946396, 0.012785875238478184, 0.026798058301210403, 0.023028776049613953, 0.006125086452811956, -0.0006551066762767732, 0.0008342122309841216, 0.0023122362326830626, 0.035420943051576614, -0.009029500186443329, 0.027262765914201736, 0.0038080094382166862, -0.03456898033618927, 0.0014320374466478825, 0.012172721326351166, -0.012269535101950169, -0.01111422386020422, 0.003340075956657529, 0.007467570714652538, -0.003656334476545453, 0.003106109332293272, 0.013889553025364876, -0.0002511107886675745, 0.032322898507118225, 0.016845600679516792, 0.0028205085545778275, 0.013076316565275192, -0.013005319982767105, 0.01319894753396511, 0.015244945883750916, 0.0017894416814669967, -0.01489641610532999, 0.0018927097553387284, 0.00821626465767622, -0.020356714725494385, 0.03255525231361389, 0.012669699266552925, -0.00960392877459526, -0.012553522363305092, 0.009752376936376095, -0.00478582875803113, 0.014522070065140724, 0.0028818240389227867, -0.05483533442020416, -0.015477298758924007, -0.005324759054929018, 0.007138404063880444, -0.006764057092368603, 0.012766513042151928, -0.016509979963302612, 0.03585983067750931, 0.006231581326574087, 0.012295352295041084, 0.01126912608742714, 0.011533750221133232, -0.0018604384968057275, 0.015993639826774597, 0.010552704334259033, -0.0017749195685610175, 0.01643252931535244, 0.03552420809864998, -0.010707605630159378, 0.004605109803378582, -0.018304262310266495, 0.037512119859457016, -0.006628517992794514, 0.0008576089167036116, 0.013553931377828121, -0.013295761309564114, 0.009868552908301353, 0.06289024651050568, 0.004340485204011202, 0.010042818263173103, 0.006815691478550434, 0.006338076665997505, -0.010991592891514301, -0.044663432985544205, -0.0062799882143735886, 0.018252627924084663, 0.0006280795205384493, -0.01878187619149685, -0.00452120415866375, 0.008171084336936474, 0.01848498173058033, 0.011927459388971329, 0.02736603282392025, 0.008293715305626392, -0.030902964994311333, -0.0006010523065924644, -0.008119450882077217, -0.03175492584705353, 0.004779374692589045, 0.04856180027127266, 0.018975503742694855, 0.005753966514021158, -0.014302625320851803, 0.0001857614697655663, 0.010720514692366123, 0.004434071946889162, -0.022034820169210434, 0.010817328467965126, 0.01946602761745453, -0.0016458345344290137, 0.025197403505444527, 0.010326804593205452, 0.010739876888692379, 0.013147314079105854, -0.015141678042709827, -0.0001688190532149747, -0.007409482728689909, 0.03240035101771355, -0.008952049538493156, 0.006350985262542963, 0.011727377772331238, 0.016019456088542938, -0.014586612582206726, 0.006183174438774586, 0.020976323634386063, -0.010029909200966358, 0.024435803294181824, 0.02017599530518055, 0.007041590288281441, -0.013502297922968864, -0.00563456304371357, 0.007015773095190525, -0.023506389930844307, -0.0005542589933611453, -0.003720876993611455, 0.010520433075726032, -0.021634656935930252, -0.027804922312498093, -0.01911749877035618, 0.004250125493854284, 0.005947594065219164, -0.04079087823629379, -0.017723379656672478, -0.007641835603863001, 0.007551476359367371, -0.02469397336244583, -0.012282444164156914, 0.013515206053853035, -0.022848056629300117, -0.012902052141726017, 0.026165543124079704, 0.022512435913085938, -0.019659655168652534, 0.01024935394525528, -0.00908113457262516, -0.0046728793531656265, 0.010739876888692379, -0.008835872635245323, -0.012714878655970097, -0.020640701055526733, -0.0383898988366127, -0.004837462678551674, 0.044301994144916534, -0.01816226914525032, -0.010920596309006214, 0.004960093647241592, 0.015567658469080925, -0.01883351057767868, 0.002839871449396014, 0.00709967827424407, -0.0046212454326450825, 0.04391473904252052, 0.006076679565012455, -0.01369592547416687, 0.014844782650470734, 0.005966957192867994, -0.028243811801075935, -0.0022267173044383526, -0.00019715726375579834, -0.0027511254884302616, -0.023441847413778305, 0.005960502661764622, -0.009487751871347427, -0.0016256649978458881, 0.002112154383212328, -0.004330803640186787, 0.003595018992200494, 0.007951639592647552, -0.022163905203342438, 0.011443390510976315, 0.005208582151681185, -0.017904099076986313, 0.046083368360996246, -0.0012198538752272725, 0.011056135408580303, 0.01671651564538479, -0.00890686921775341, 0.0195434782654047, -0.04133303835988045, 0.03082551248371601, 0.03929349407553673, -0.016213083639740944, 0.009410301223397255, -0.002094405237585306, -0.01985328271985054, -0.014238082803785801, -0.01674233190715313, -0.007157766725867987, 0.029534662142395973, 0.016910143196582794, -0.0321163646876812, -0.03348466381430626, -0.022060636430978775, -0.01028162520378828, -0.002236398635432124, -0.025494299829006195, 0.02151848003268242, -0.02526194602251053, 0.03172910958528519, -0.007235217839479446, 0.011837100610136986, 0.004747102968394756, -0.028889236971735954, -0.021647565066814423, 0.023002957925200462, -0.012689061462879181, 0.026565706357359886, -0.027262765914201736, 0.0222671739757061, -0.008429254405200481, 0.019659655168652534, -0.012243717908859253, -0.030257537961006165, 0.014612428843975067, -0.03074806183576584, 0.036040548235177994, 0.021105408668518066, 0.017917007207870483, -0.0015942004974931479, 0.02024053782224655, 0.0026720608584582806, -0.0010084770619869232, 0.012314715422689915, -0.016148541122674942, -0.006047635339200497, -0.020589066669344902, -0.00487941550090909, 0.0256879273802042, 0.005773329641669989, -0.01746520958840847, -0.010300988331437111, 0.026462437584996223, 0.021428121253848076, -0.006460707634687424, -0.0060928151942789555, -0.04135885462164879, -0.010165448300540447, -0.002058906713500619, 0.01674233190715313, -0.0003983484348282218, 0.002173469867557287, -0.031032050028443336, -0.0020508388988673687, 0.019285308197140694, -0.016845600679516792, -0.00020774627046193928, 0.00014229610678739846, 0.02428090013563633, -0.01851079799234867, 0.0029495935887098312, -0.0171037707477808, 0.051169317215681076, 0.0032836012542247772, -0.012914960272610188, -0.032968323677778244, -0.02363547496497631, -0.00529571482911706, 0.006383256521075964, 0.01953057013452053, 0.013592656701803207, -0.02808891050517559, -0.012747149914503098, 0.008932686410844326, -0.008958503603935242, -0.006470388732850552, 0.009952458553016186, -0.0006321134278550744, -0.011830645613372326, -0.02287387289106846, 0.007512750569730997, -0.005379620008170605, 0.002205741126090288, 0.01671651564538479, 0.005553884897381067, 0.04610918462276459, -0.01643252931535244, 0.006125086452811956, 0.024397077038884163, -0.030928781256079674, 0.027598386630415916, -0.0036369715817272663, 0.011081952601671219, -0.015296580269932747, 0.01707795448601246, -0.021608838811516762, -2.1152805857127532e-05, 0.002836644183844328, -0.0072868517599999905, 0.02398400567471981, 0.01882060244679451, -0.0023977551609277725, 0.006347757764160633, 0.005056907422840595, 0.0430111438035965, 0.010875416919589043, -0.020769786089658737, 0.031316034495830536, 0.009565203450620174, 0.00555711193010211, -0.011992002837359905, 0.015464390628039837, -0.032038912177085876, -0.0030044547747820616, 0.001857211347669363, -0.03012845292687416, 0.006160584744066, -0.008293715305626392, -0.008338894695043564, 0.035808198153972626, -0.015606383793056011, 0.014457526616752148, 0.0184978898614645, -0.008700333535671234, 0.03934512659907341, -0.011527296155691147, 0.008526068180799484, -0.00264785741455853, 0.028811786323785782, 0.03172910958528519, 0.012540614232420921, -0.028837602585554123, -0.0009390938212163746, 0.013282853178679943, -0.0161227248609066, -0.0045341127552092075, 0.0020508388988673687, 0.027236947789788246, -0.008751966990530491, -0.022848056629300117, -0.004434071946889162, 0.011256217956542969, 0.021273218095302582, 0.01613563299179077, -0.011598292738199234, 0.002205741126090288, -0.012101724743843079, -0.025068318471312523, -0.012701970525085926, -0.006025045178830624, -0.015980731695890427, -0.009494205936789513, 0.003778965212404728, -0.007990365847945213, 0.01489641610532999, -0.014444618485867977, 0.002705945633351803, -0.020395439118146896, -0.010042818263173103, 0.004066179506480694, -0.036815058439970016, 0.009720105677843094, 0.01213399600237608, 0.0002805583062581718, 0.008900415152311325, 0.019259491935372353, -0.05101441591978073, 0.004782601725310087, -0.00403068121522665, 0.02264152094721794, -0.02260279469192028, 0.013173130340874195, -0.006951230578124523, -0.012204992584884167, 0.023054592311382294, -0.012618064880371094, -0.021479753777384758, -0.04337258264422417, 0.0017152178334072232, 0.00872615072876215, -0.017568476498126984, -0.009565203450620174, 0.00020139287516940385, -0.001486898516304791, 0.011940368451178074, -0.014328441582620144, -0.010849599726498127, 0.013411938212811947, 0.007525659166276455, 0.0035788833629339933, 0.046005915850400925, -0.02531358040869236, 0.011540204286575317, 0.0030754515901207924, 0.007048044353723526, -0.027598386630415916, -0.006996410433202982, 3.756576916202903e-05, 0.005786237772554159, -0.018213901668787003, -0.020589066669344902, -0.022021912038326263, -0.018149359151721, 0.0043114409781992435, -0.0037886465433984995, 0.014935141429305077, 0.001353779574856162, -0.01639380306005478, -0.006409073248505592, -0.020937597379088402, -0.002054066164419055, 0.027572570368647575, -0.03263270482420921, -0.014689880423247814, 0.0017716925358399749, -0.01680687442421913, -0.05297651141881943, -0.024164723232388496, 0.019982367753982544, 0.040868330746889114, 0.00821626465767622, -0.013579748570919037, 0.0071190414018929005, 0.008939140476286411, -0.061031416058540344, 0.009035954251885414, -0.02116995118558407, 0.007770920637995005, 0.018639883026480675, 0.01576128602027893, -0.016703607514500618, 0.04200427979230881, -0.007603110279887915, -0.0033820285461843014, -0.0051504941657185555, 0.0042081731371581554, -0.010630154982209206, -0.006989956367760897, 0.03766702115535736, -0.00693186791613698, -0.035472575575113297, -0.022112270817160606, 0.03632453829050064, -0.012198538519442081, -0.013424846343696117, -0.0009463548776693642, -0.01077214814722538, 0.014108997769653797, 0.020989231765270233, -0.0012109793024137616, 0.012760058045387268, 0.008067816495895386, 0.002238012384623289, -0.03214218094944954, 0.0006522829644382, 0.014134814031422138, 0.013257035985589027, 0.013295761309564114, -0.011798374354839325, 0.005511932075023651, -0.000657527067232877, -0.005247307941317558, 0.018614066764712334, -0.00943611841648817, -0.006099269259721041, -0.02327403612434864, -0.005834644660353661, 0.0080290911719203, 0.009442572481930256, 0.016587430611252785, -0.002007272792980075, 0.007344940211623907, 0.0007809646194800735, 0.0073384856805205345, -0.01559347566217184, -0.0005082724383100867, -0.0037434669211506844, -0.01573546975851059, -0.005482887849211693, -0.024461619555950165, 0.004172674845904112, 0.035446759313344955, -0.004301759880036116, -0.014328441582620144, -0.024461619555950165, -0.018936779350042343, 0.022654429078102112, 0.0063445307314395905, 0.01488350797444582, -0.0011916165240108967, -0.0006091201212257147, -0.03007682040333748, -0.002300941152498126, -0.011462753638625145, -0.0030044547747820616, 0.002878597006201744, -0.011882279999554157, 0.012895598076283932, -0.02468106336891651, 0.014225173741579056, 0.002831803634762764, 0.015890371054410934, -0.01418644841760397, 0.006299350876361132, 0.17586548626422882, 0.008435708470642567, -0.0012246945407241583, 0.02912159077823162, -0.02533939853310585, -0.014831873588263988, -0.009339304640889168, 0.02021472156047821, -0.0013061794452369213, 0.033717017620801926, -0.0017991230124607682, -0.01644543744623661, -0.02391946129500866, 0.011992002837359905, -0.007803191896528006, 0.013399029150605202, -0.034801334142684937, 0.0072029465809464455, -0.03113531693816185, 0.03650525584816933, 0.032348718494176865, -0.01387664396315813, -0.0020685880444943905, -0.00410490483045578, 0.029973551630973816, 0.014134814031422138, 0.022680245339870453, 0.020589066669344902, 0.02598482370376587, 0.014070271514356136, 0.0033207132946699858, -0.019595112651586533, 0.005566793493926525, -0.013954095542430878, -0.03622126951813698, -0.005618427414447069, 0.015954913571476936, -0.021453937515616417, 0.00020552762725856155, 0.007654744200408459, -0.004243671428412199, -0.009984729811549187, -0.006054089404642582, -0.015102952718734741, -0.012204992584884167, -0.014651155099272728, -0.041591208428144455, 0.010494615882635117, -0.02288678102195263, -0.0014409120194613934, -0.03890623897314072, -0.006828600075095892, 0.007809646427631378, 0.010707605630159378, 0.02672060765326023, 0.005002046003937721, 0.006609155330806971, -0.015567658469080925, 0.0032142181880772114, -0.0039209588430821896, -0.007396574132144451, 0.0043759834952652454, -0.040919963270425797, 0.019982367753982544, -0.021815376356244087, -0.009713650681078434, -0.017917007207870483, 0.01884641870856285, -0.003375574480742216, 0.012579339556396008, -0.028605250641703606, -0.0024058229755610228, -0.027211131528019905, -0.003930640406906605, -0.010488161817193031, -0.00376605661585927, 0.025094136595726013, 0.0009052089881151915, 0.014057363383471966, 0.01818808540701866, -0.030877146869897842, -0.013967003673315048, -0.005670061334967613, 0.033045776188373566, -0.003946776036173105, -0.007816100493073463, 0.024900509044528008, -0.0028995731845498085, -0.010255808010697365, -0.015438573434948921, 0.003296509850770235, 0.0017733060522004962, -0.010430073365569115, 0.0011553113581612706, -0.0038531890604645014, -0.00760956434533, -0.009997637942433357, 0.0242292657494545, -0.0004626892623491585, 0.015903279185295105, -0.03309740871191025, 0.06521377712488174, 0.0256879273802042, -0.020731061697006226, -0.010643063113093376, 0.0009003683226183057, -0.01679396629333496, 0.019659655168652534, 0.009339304640889168, -0.00048043846618384123, -0.021453937515616417, -0.020034002140164375, -0.017349032685160637, -0.02734021656215191, -0.0017926688306033611, -0.011527296155691147, -0.01044943556189537, -0.03322649374604225, 0.014470435678958893, -0.04685787856578827, -0.02394527941942215, -0.008687424473464489, 0.015451482497155666, 0.011307851411402225, -0.017620110884308815, -0.012908506207168102, -0.019091680645942688, 0.005566793493926525, 0.02390655316412449, -0.046393170952796936, -0.0006659982609562576, -0.008558339439332485, -0.02217681333422661, -0.011191675439476967, -0.010004092007875443, 0.013760467991232872, 0.010862507857382298, -0.029612112790346146, -0.004982683341950178, 0.004001636989414692, 0.010158994235098362, -0.030670611187815666, 0.014534978196024895, 0.008609973825514317, 0.0030899737030267715, 0.0060379537753760815, -0.008506705984473228, 0.0012561590410768986, -0.005256989039480686, 0.004750330466777086, -0.011140041053295135, -0.025855738669633865, 0.00041992985643446445, -0.017904099076986313, -0.004211400169879198, -0.02496505156159401, 0.004098450765013695, -0.04690951108932495, 0.008952049538493156, -0.002486501121893525, -0.024177633225917816, 0.014676971361041069, 0.021725015714764595, -0.0065575214102864265, 0.0011303010396659374, 0.005466752219945192, -0.16089162230491638, 0.030618976801633835, 0.03557584434747696, 0.0004929435672238469, 0.03890623897314072, 0.008112995885312557, -0.0017749195685610175, 0.008325986564159393, -0.023093318566679955, 0.02155720628798008, 0.017658837139606476, -0.025236129760742188, -0.0090746795758605, 0.0030431803315877914, -0.01521912869066, -0.0055603389628231525, -0.0018362350529059768, 0.017555568367242813, 0.021299036219716072, 0.012011365033686161, 0.0038596433587372303, -0.0104365274310112, -0.0025203858967870474, -0.024745605885982513, -0.010830236598849297, -0.005231172312051058, -0.030231721699237823, -0.00015984360652510077, -0.004511523060500622, -0.011372393928468227, -0.022034820169210434, 0.0020459983497858047, 0.023119134828448296, -0.012689061462879181, -0.0037434669211506844, -0.023777468129992485, -0.020627792924642563, -0.014625337906181812, -0.038467347621917725, 0.03831244632601738, 0.012527705170214176, 0.007344940211623907, -0.021983185783028603, -0.007603110279887915, -0.0007345746853388846, 0.019401485100388527, 0.032968323677778244, 0.0007309441571123898, 0.006247716955840588, -0.023880736902356148, -0.00990727823227644, -0.022150997072458267, -0.0020879509393125772, 0.004553475417196751, -0.010513978078961372, -0.01370883360505104, -0.03221963346004486, 0.03172910958528519, 0.005692651495337486, -0.0090424083173275, -0.001212592818774283, -0.007777375169098377, 0.03152257204055786, -0.0039855013601481915, -0.007319123018532991, -0.020950505509972572, 0.0036111546214669943, 0.014341350644826889, -0.009132768027484417, -0.01707795448601246, 0.013954095542430878, -0.023338578641414642, 0.0073707569390535355, -0.03702159598469734, 0.0050956327468156815, 0.014483343809843063, -0.0026446301490068436, 0.011992002837359905, 0.022409167140722275, -0.01578710414469242, 0.008429254405200481, 0.039887282997369766, -0.019620928913354874, -0.006609155330806971, -0.007461116649210453, 0.027469301596283913, 0.017620110884308815, 0.012818146497011185, -0.032658521085977554, 0.008945594541728497, 0.02533939853310585, -0.02466815523803234, -0.02326112799346447, -0.010610791854560375, 0.004250125493854284, 0.024409985169768333, 0.007228763308376074, -0.015967821702361107, -0.004062952473759651, 0.00454056728631258, 0.012056545354425907, -0.016535796225070953, -0.046393170952796936, 0.008235626854002476, 0.013915370218455791, 0.025933189317584038, -0.02159593068063259, 0.006867325399070978, 0.029250675812363625, -0.00013090032734908164, 0.012850417755544186, 0.005298941861838102, 0.024358350783586502, 0.016651973128318787, 0.010294533334672451, 0.001409447519108653, -0.005224717780947685, -0.013115042820572853, -0.02155720628798008, -0.007816100493073463, 0.016277626156806946, 0.013528114184737206, -0.004379210993647575, 0.004385665059089661, -0.005918550305068493, -0.006899596657603979, -0.10197719931602478, -0.0315483883023262, 0.01607109047472477, 0.023170769214630127, 0.01782664656639099, -0.019052956253290176, -0.01216626726090908, 0.03012845292687416, -0.003223899519070983, 0.008577702566981316, 0.004201718606054783, -0.02571374550461769, 0.00589596014469862, -0.0075837476179003716, 0.027546752244234085, -0.006957685109227896, 0.013411938212811947, 0.0017862145323306322, -0.007525659166276455, 0.01286332681775093, -0.000522794493008405, -0.035420943051576614, -0.013747558929026127, -0.006712423171848059, -0.009352212771773338, -0.003446571296080947, -0.023764559999108315, -0.0006692253518849611, 0.007525659166276455, 0.0034046184737235308, -0.017929915338754654, -0.0002466735022608191, 0.015916189178824425, 0.018355896696448326, -0.014341350644826889, -0.02088596299290657, -0.011172312311828136, -0.03733139857649803, 0.023119134828448296, -0.003785419510677457, -0.00760956434533, 0.005741058383136988, 0.012050090357661247, -0.010346167720854282, 0.01521912869066, -0.0184978898614645, -0.018381712958216667, 0.018652791157364845, 0.007041590288281441, -0.027288582175970078, -0.0009826601017266512, -0.02083432860672474, 0.008164630271494389, -0.026823876425623894, 0.012217901647090912, -0.023351488634943962, 0.007758012507110834, 0.025171587243676186, -0.010397802107036114, -0.0017668517539277673, 0.02256406843662262, 0.015606383793056011, 0.008371165953576565, 0.013476480729877949, 0.018601156771183014, -0.007906460203230381, -0.01146920770406723, -0.00029951767646707594, 0.01914331503212452, -0.04938794672489166, 0.011075498536229134, 0.0003348143945913762, -0.02362256683409214, -0.009900824166834354, -0.024384168907999992, -0.008816509507596493, -0.035085320472717285, -0.020666519179940224, -0.023144951090216637, -0.013528114184737206, -0.002292873337864876, -0.015090043656527996, 0.02976701594889164, -0.01316667627543211, 0.027288582175970078, 0.023196585476398468, -0.013799193315207958, -0.015180403366684914, 0.03493041917681694, -0.04388892278075218, 0.003288442036136985, 0.020808512344956398, 0.024164723232388496, 0.008054908365011215, -0.02253825217485428, 0.021118316799402237, 0.0023880735971033573, -0.01883351057767868, -0.03451734408736229, 0.020950505509972572, -0.03906114026904106, -0.0019056182354688644, -0.05509350448846817, 0.01610981673002243, 0.014664063230156898, -0.022667337208986282, 0.002896346151828766, 0.00973946787416935, 0.013295761309564114, -0.006847962737083435, 0.011424028314650059, 0.008087179623544216, -0.02397109568119049, 0.016161449253559113, -0.003720876993611455, -0.016484161838889122, -0.01265679020434618, 0.00921667367219925, 0.006609155330806971, -0.007041590288281441, 0.01077214814722538, -0.008190447464585304, -0.028915053233504295, -0.002544589340686798, 0.0021557204890996218, -0.004469570238143206, -0.029560480266809464, 0.017904099076986313, -0.02912159077823162, 0.011766103096306324, -0.02845034748315811, -0.009152131155133247, 0.018342986702919006, -0.008254989981651306, -0.014418801292777061, 0.007196492049843073, -0.028192177414894104, -0.042598072439432144, -0.017400667071342468, 0.03005100227892399, 0.028605250641703606, -0.029328126460313797, 0.01130139734596014, -0.027985641732811928, 0.004337258171290159, -0.031341854482889175, 0.004579292610287666, -0.006034726742655039, -0.025739561766386032, 0.0019459573086351156, 0.01435425877571106, 0.0067576030269265175, 0.005628108978271484, 0.018200993537902832, 0.0019588659051805735, -0.0043985736556351185, -0.01230180636048317, -0.008190447464585304, -0.01520622055977583, -0.012760058045387268, -0.001699082087725401, -0.038880422711372375, 0.04210754856467247, 0.007312668953090906, 0.022473709657788277, -0.004827781580388546, 0.020085636526346207, 0.006357439327985048, -0.014134814031422138, 0.014973867684602737, 0.005098859779536724, -0.01580001227557659, 2.0686386051238514e-05, 0.013257035985589027, 0.004201718606054783, 0.015361122786998749, -0.02017599530518055, -0.0015094884438440204, -0.006509114522486925, 0.014212265610694885, -0.012992411851882935, 0.025752469897270203, 0.029147407039999962, -0.011617655865848064, -0.022460801526904106, 0.033355578780174255, 0.027572570368647575, 0.008751966990530491, -0.007809646427631378, 0.011682198382914066, 0.000583706540055573, -0.011430482380092144, -0.00435339380055666, 0.014909325167536736, 0.001954025123268366, 0.01578710414469242, 0.030670611187815666, 0.012127541936933994, -0.018200993537902832, -0.01250188797712326, 0.01435425877571106, 0.013644291087985039, -0.007925823330879211, -0.0028221223037689924, -0.009875006973743439, -0.011585384607315063, -0.03663434088230133, 0.009868552908301353, -0.0053699384443461895, -0.012566430494189262, -0.036143817007541656, 0.02355802431702614, -0.005724922753870487, 0.011921005323529243, 0.012217901647090912, -0.0020104998257011175, 0.004592201206833124, 0.007706378120929003, -0.008448617532849312, 0.012785875238478184, -0.007196492049843073, 0.01639380306005478, -0.010158994235098362, 0.000359824625775218, -0.0031625840347260237, 0.00804199930280447, 0.006447799038141966, 0.030618976801633835, -0.00779673783108592, -0.013360303826630116, -0.0032222860027104616, -0.029534662142395973, 0.025378122925758362, 0.0033174860291182995, -0.01910458877682686, -0.003459479659795761, -0.008500250987708569, -0.0037821922451257706, -0.010010547004640102, 0.0009439345449209213, -0.008945594541728497, 0.05499023571610451, 0.049103956669569016, 0.002628494519740343, -0.01109486073255539, -0.004133949056267738, 0.016303444281220436, 0.0038564163260161877, -0.008900415152311325, 0.024487435817718506, -0.03113531693816185, 0.02633335255086422, 0.006470388732850552, -0.013044045306742191, -0.030231721699237823, -0.021815376356244087, -0.0052537620067596436, -0.00625417148694396, 0.02390655316412449, 0.008835872635245323, 0.005050452891737223, 0.00693186791613698, -0.021996093913912773, 0.044611796736717224, 0.02461652085185051, -0.02257697843015194, -0.018988411873579025, 0.005602291785180569, 0.001979842083528638, -0.0073707569390535355, -0.022331716492772102, -0.011023864150047302, 0.0031754926312714815, -0.008390529081225395, 0.00028519731131382287, 0.03529185801744461, 0.0066220639273524284, -0.029973551630973816, -0.02015017904341221, 0.016884326934814453, 0.017697561532258987, 0.016703607514500618, 0.002962502185255289, -0.022099362686276436, -0.02674642577767372, -0.03356211632490158, 0.028915053233504295, -0.017581386491656303, -0.021015048027038574, -0.018394621089100838], 'ai_metadata': {'tags': ['construction', 'document'], 'document_type': 'unknown', 'topics': ['Fire Rating Requirements for Steel Structures'], 'supplier_mentions': [], 'categories': ['general'], 'summary': '```json\n{\n  "tags": [\n    "AS 1530.4",\n    "BCA",\n    "fire resistance",\n    "building classification",\n    "fire rating",\n    "steel structures"\n  ],\n  "document_type": "specification",\n  "topics": ['}, 'created_timestamp': '2025-08-10T02:44:52.733000', 'status': 'active', 'reference_count': 0, 'helpful_votes': 0, 'view_count': 0}, 'similarity_score': 0.8396104503196802}, {'type': 'mentor_note', 'note': {'_id': '6899500fed43436dd22d0e46', 'note_id': '0a949bfc-9d1b-4eeb-9ed3-bcbb2c1964f7', 'user_id': 'dev_user_123', 'user_email': 'dev@example.com', 'title': 'Fire Rating Requirements for Steel Structures', 'content': 'When designing steel structures in commercial buildings, fire rating requirements must be considered early in the design process. AS 1530.4 provides the testing methodology for fire resistance, while the BCA specifies minimum requirements based on building classification and height.', 'tags': ['fire-rating', 'steel', 'BCA', 'AS1530', 'construction', 'document'], 'category': 'structural-design', 'attachment_url': None, 'embedding': [-0.0028076001908630133, -0.004995591938495636, -0.0315483883023262, -0.0424431674182415, 0.006034726742655039, -0.015386939980089664, -0.017710471525788307, -0.0184333473443985, 0.01369592547416687, 0.006031499709933996, -0.0008358258055523038, -0.00908113457262516, 0.0065026599913835526, 0.02186700887978077, -0.013812101446092129, 0.0009350599138997495, 0.01573546975851059, 0.02088596299290657, 0.0028608476277440786, -0.003917731810361147, -0.01075924001634121, 0.012127541936933994, -0.017374848946928978, 0.0036401988472789526, -0.008945594541728497, 0.0065575214102864265, 0.013992820866405964, -0.03113531693816185, 0.005686196964234114, 0.007674106862396002, 0.02669479139149189, -0.020950505509972572, -0.009920187294483185, 0.005237626377493143, -0.0030512481462210417, 0.0003156533057335764, -0.008145267143845558, 0.001739421277306974, 0.007493387907743454, -0.014522070065140724, -0.001326348981820047, -0.021324852481484413, 0.00478582875803113, 0.006560748443007469, 0.008145267143845558, -0.008442163467407227, 0.025791196152567863, -0.0025607249699532986, -0.030670611187815666, -0.013592656701803207, 0.021027956157922745, -0.007196492049843073, -0.017697561532258987, -0.014496252872049809, -0.0018136451253667474, 0.0006196083268150687, -0.01749102585017681, 0.006008909549564123, 0.022112270817160606, -0.03526603803038597, -0.01114649511873722, 0.005082724150270224, -0.025817012414336205, 0.0025784741155803204, -0.00821626465767622, -0.027236947789788246, 0.02256406843662262, 0.010597883723676205, -0.01678105816245079, 0.014444618485867977, 0.019040046259760857, 0.030257537961006165, 0.01914331503212452, 0.02434544265270233, 0.036763425916433334, -0.004585746675729752, 0.02228008210659027, -0.02839871309697628, 0.01059142965823412, -0.02190573513507843, -0.0030899737030267715, -0.012101724743843079, -0.0029786378145217896, 0.02628171816468239, -0.0075837476179003716, 0.0147286057472229, -0.0013812101678922772, -0.0018362350529059768, -0.007900006137788296, 0.007403028197586536, -0.018562432378530502, 0.008622881956398487, 0.01130139734596014, 0.010087997652590275, -0.02162174880504608, -0.019608020782470703, 0.008648699149489403, 0.005321531556546688, 0.014328441582620144, -0.00024263958039227873, 0.004008091054856777, 0.0018281672382727265, -0.02024053782224655, 0.002981864847242832, 0.0027123999316245317, -0.015929097309708595, 0.003940321505069733, -0.008125904947519302, -0.007461116649210453, -0.02974119782447815, -0.032710153609514236, 0.014096088707447052, -0.003517567878589034, -0.00904886331409216, 0.00926185306161642, 0.022163905203342438, 0.011921005323529243, -0.002400982193648815, -0.001060111098922789, -0.00822917278856039, 0.0020637474954128265, -0.0052021280862390995, 0.02089887112379074, 0.01028162520378828, 0.026849692687392235, -0.004395346622914076, -0.024526162073016167, -0.012921415269374847, -0.007435299456119537, -0.019969459623098373, 0.00889396108686924, 0.009068225510418415, 0.012598701752722263, -0.008409892208874226, -0.009545840322971344, 0.02262861095368862, -0.007983910851180553, 0.040222905576229095, -0.04280460625886917, -0.031057866290211678, 0.0019653202034533024, 0.0023638701532036066, -0.024203449487686157, -0.01610981673002243, -0.011036773212254047, -0.016832692548632622, 0.018407529219985008, 0.01812354288995266, -0.01747811771929264, -0.017258672043681145, -0.030205905437469482, 0.00853252224624157, 0.007628927007317543, 0.008829418569803238, -0.014741513878107071, 0.022499525919556618, -0.018059000372886658, 0.018652791157364845, -0.012940777465701103, -0.03593728318810463, 0.04391473904252052, 0.0067059691064059734, 0.006063770968466997, 0.006163811776787043, 0.002368710935115814, 0.006951230578124523, 0.0076999240554869175, -0.008171084336936474, 0.002418731339275837, -0.009952458553016186, 0.010307442396879196, 0.03082551248371601, -0.02777910605072975, 0.011753194965422153, 0.013173130340874195, 0.02122158370912075, 0.02222844772040844, 0.016639064997434616, 0.013463571667671204, -0.005621654447168112, -0.005886279046535492, -0.005637790076434612, 0.038880422711372375, 0.029586296528577805, -0.032348718494176865, 0.04143630713224411, 0.02228008210659027, 0.00419849157333374, 0.02287387289106846, -0.031238585710525513, 0.008429254405200481, 0.005653925705701113, -0.01265679020434618, -0.005098859779536724, -0.6476972103118896, -0.030541526153683662, 0.0026333353016525507, -0.0410490483045578, 0.0006280795205384493, 0.0036047003231942654, 0.031625840812921524, -0.01044943556189537, -0.0055926102213561535, -0.0016684244619682431, 0.023054592311382294, 0.010242899879813194, 0.0005679742898792028, -0.012463162653148174, -0.0161227248609066, -0.016497071832418442, 0.014651155099272728, -0.005860461853444576, 0.012056545354425907, 0.013056954368948936, -0.011862916871905327, 0.024461619555950165, -0.038518983870744705, -0.027624202892184258, 0.016574522480368614, -0.012256626971065998, 0.001765238237567246, -0.026798058301210403, 0.0233127623796463, -0.012463162653148174, -0.010068634524941444, 0.018898053094744682, 0.025752469897270203, 0.026191359385848045, 0.04099741578102112, -0.00023880736262071878, -0.002307395450770855, 0.021828284487128258, 0.049078140407800674, 0.011540204286575317, -0.008881052024662495, 0.00736430287361145, 0.04032617434859276, 0.021053774282336235, -0.006221900228410959, 0.026410803198814392, 0.032013095915317535, -0.0018943232716992497, 0.02020181156694889, -0.028192177414894104, -0.009281216189265251, 0.01044943556189537, -0.0147286057472229, 0.008784238249063492, 0.02637207880616188, -0.007215855177491903, 0.02468106336891651, 0.009126313962042332, -0.03172910958528519, 0.0014296170556917787, 0.021363578736782074, -0.00941675528883934, 0.015864554792642593, -0.036995779722929, -0.02327403612434864, -0.00487941550090909, -0.015412756241858006, 0.00853897724300623, 0.007435299456119537, 0.011191675439476967, -0.003398164175450802, 0.02497795969247818, 0.006835054140537977, 0.0021363578271120787, 0.008035545237362385, 0.017710471525788307, 0.014973867684602737, -0.001212592818774283, 0.014599520713090897, 0.012611610814929008, 0.012159813195466995, 0.00717712938785553, -0.01742648333311081, -0.009113405831158161, -0.014457526616752148, -0.01603236421942711, -0.010830236598849297, -0.021002139896154404, 0.02845034748315811, 0.00939739216119051, 0.0194789357483387, -0.02055034227669239, -0.0024994094856083393, -0.03190982714295387, -0.008803601376712322, 0.011030318215489388, 0.01264388207346201, -0.022693153470754623, 0.010726968757808208, -0.00033078048727475107, -0.028631066903471947, -0.01712958700954914, -0.016561614349484444, -0.0013384507037699223, 0.012521251104772091, -0.010914142243564129, 0.00753211323171854, -0.0027430576737970114, 0.023015866056084633, -0.010397802107036114, 0.0023106227163225412, -0.006764057092368603, -0.03345884755253792, -0.02256406843662262, -0.0017620110884308815, -0.023390213027596474, 0.02459070459008217, 0.013657200150191784, -0.00019282080756966025, 0.009694288484752178, 0.0010141244856640697, 0.014250990934669971, 0.021686291322112083, -0.028527798131108284, -0.023506389930844307, 0.04918140918016434, -0.008048453368246555, 0.0053731659427285194, 0.007900006137788296, 0.00035740426392294466, 0.00870678760111332, 0.0077321953140199184, 0.018007365986704826, -0.009836281649768353, -0.004285624250769615, 0.0053699384443461895, -0.0014191289665177464, -0.027520935982465744, 0.02296423353254795, -0.02120867557823658, -0.023390213027596474, -0.006828600075095892, 0.0019572521559894085, 0.0005417538923211396, -0.0336395688354969, 0.00337234721519053, -0.04458598047494888, 0.021996093913912773, 0.00039310436113737524, 0.019646747037768364, -0.03276178985834122, -0.0011770944111049175, 0.0020621339790523052, 0.0030754515901207924, -0.003478842554613948, -0.007803191896528006, 0.023416031152009964, -0.02022762969136238, 0.019659655168652534, -0.007628927007317543, -0.017581386491656303, -0.0023590296041220427, -0.021079590544104576, 0.0033239403273910284, 0.00294798007234931, -0.004340485204011202, 0.019750013947486877, 0.008590610697865486, -0.016613246873021126, -0.024539070203900337, -0.0007966968696564436, -0.012689061462879181, 0.0036853784695267677, 0.015128768980503082, -0.0018071908270940185, 0.01301822904497385, -0.012088816612958908, -0.008242080919444561, -0.0026720608584582806, -0.007164220791310072, 0.0023913008626550436, 0.015270763076841831, -0.008939140476286411, 0.022486617788672447, 0.004950412083417177, 0.04716768115758896, -0.00037938906461931765, -0.0009947618236765265, -0.017542660236358643, 0.011785466223955154, -0.019298216328024864, 0.017336124554276466, 0.015503115952014923, 0.012069453485310078, 0.007332031615078449, -0.0034627069253474474, -0.006609155330806971, -0.010320350527763367, -0.014973867684602737, -0.004217854235321283, 0.0003499415470287204, -0.005857234820723534, 0.027908191084861755, -0.014315533451735973, 0.022021912038326263, -0.005037544760853052, 0.017710471525788307, -0.011230400763452053, 0.044689249247312546, 0.01576128602027893, 0.00042598071740940213, -0.013244127854704857, -0.01081087440252304, -0.0157741941511631, -0.014870598912239075, 0.011411119252443314, 0.005173083860427141, 0.029173225164413452, -0.008267898112535477, -0.030928781256079674, 0.028140543028712273, 0.015193311497569084, 0.027211131528019905, 0.016509979963302612, -0.006789874285459518, -0.0042598070576786995, 0.026488255709409714, 0.014147723093628883, 0.008300169371068478, -0.004808418452739716, -0.002000818494707346, 0.008300169371068478, 0.013889553025364876, -0.002346121007576585, 0.03968074917793274, 0.03005100227892399, 0.03562747687101364, -0.01879478432238102, 0.01195973064750433, 0.007525659166276455, 0.02772747166454792, 0.009520023129880428, 0.018730241805315018, -0.008648699149489403, 0.04066179320216179, 0.0321163646876812, 0.026798058301210403, 0.03252943605184555, -0.00175232975743711, 0.0031109501142054796, 0.0035014322493225336, -0.004492160398513079, -0.02193155139684677, 0.004304986912757158, 0.026539888232946396, 0.012785875238478184, 0.026798058301210403, 0.023028776049613953, 0.006125086452811956, -0.0006551066762767732, 0.0008342122309841216, 0.0023122362326830626, 0.035420943051576614, -0.009029500186443329, 0.027262765914201736, 0.0038080094382166862, -0.03456898033618927, 0.0014320374466478825, 0.012172721326351166, -0.012269535101950169, -0.01111422386020422, 0.003340075956657529, 0.007467570714652538, -0.003656334476545453, 0.003106109332293272, 0.013889553025364876, -0.0002511107886675745, 0.032322898507118225, 0.016845600679516792, 0.0028205085545778275, 0.013076316565275192, -0.013005319982767105, 0.01319894753396511, 0.015244945883750916, 0.0017894416814669967, -0.01489641610532999, 0.0018927097553387284, 0.00821626465767622, -0.020356714725494385, 0.03255525231361389, 0.012669699266552925, -0.00960392877459526, -0.012553522363305092, 0.009752376936376095, -0.00478582875803113, 0.014522070065140724, 0.0028818240389227867, -0.05483533442020416, -0.015477298758924007, -0.005324759054929018, 0.007138404063880444, -0.006764057092368603, 0.012766513042151928, -0.016509979963302612, 0.03585983067750931, 0.006231581326574087, 0.012295352295041084, 0.01126912608742714, 0.011533750221133232, -0.0018604384968057275, 0.015993639826774597, 0.010552704334259033, -0.0017749195685610175, 0.01643252931535244, 0.03552420809864998, -0.010707605630159378, 0.004605109803378582, -0.018304262310266495, 0.037512119859457016, -0.006628517992794514, 0.0008576089167036116, 0.013553931377828121, -0.013295761309564114, 0.009868552908301353, 0.06289024651050568, 0.004340485204011202, 0.010042818263173103, 0.006815691478550434, 0.006338076665997505, -0.010991592891514301, -0.044663432985544205, -0.0062799882143735886, 0.018252627924084663, 0.0006280795205384493, -0.01878187619149685, -0.00452120415866375, 0.008171084336936474, 0.01848498173058033, 0.011927459388971329, 0.02736603282392025, 0.008293715305626392, -0.030902964994311333, -0.0006010523065924644, -0.008119450882077217, -0.03175492584705353, 0.004779374692589045, 0.04856180027127266, 0.018975503742694855, 0.005753966514021158, -0.014302625320851803, 0.0001857614697655663, 0.010720514692366123, 0.004434071946889162, -0.022034820169210434, 0.010817328467965126, 0.01946602761745453, -0.0016458345344290137, 0.025197403505444527, 0.010326804593205452, 0.010739876888692379, 0.013147314079105854, -0.015141678042709827, -0.0001688190532149747, -0.007409482728689909, 0.03240035101771355, -0.008952049538493156, 0.006350985262542963, 0.011727377772331238, 0.016019456088542938, -0.014586612582206726, 0.006183174438774586, 0.020976323634386063, -0.010029909200966358, 0.024435803294181824, 0.02017599530518055, 0.007041590288281441, -0.013502297922968864, -0.00563456304371357, 0.007015773095190525, -0.023506389930844307, -0.0005542589933611453, -0.003720876993611455, 0.010520433075726032, -0.021634656935930252, -0.027804922312498093, -0.01911749877035618, 0.004250125493854284, 0.005947594065219164, -0.04079087823629379, -0.017723379656672478, -0.007641835603863001, 0.007551476359367371, -0.02469397336244583, -0.012282444164156914, 0.013515206053853035, -0.022848056629300117, -0.012902052141726017, 0.026165543124079704, 0.022512435913085938, -0.019659655168652534, 0.01024935394525528, -0.00908113457262516, -0.0046728793531656265, 0.010739876888692379, -0.008835872635245323, -0.012714878655970097, -0.020640701055526733, -0.0383898988366127, -0.004837462678551674, 0.044301994144916534, -0.01816226914525032, -0.010920596309006214, 0.004960093647241592, 0.015567658469080925, -0.01883351057767868, 0.002839871449396014, 0.00709967827424407, -0.0046212454326450825, 0.04391473904252052, 0.006076679565012455, -0.01369592547416687, 0.014844782650470734, 0.005966957192867994, -0.028243811801075935, -0.0022267173044383526, -0.00019715726375579834, -0.0027511254884302616, -0.023441847413778305, 0.005960502661764622, -0.009487751871347427, -0.0016256649978458881, 0.002112154383212328, -0.004330803640186787, 0.003595018992200494, 0.007951639592647552, -0.022163905203342438, 0.011443390510976315, 0.005208582151681185, -0.017904099076986313, 0.046083368360996246, -0.0012198538752272725, 0.011056135408580303, 0.01671651564538479, -0.00890686921775341, 0.0195434782654047, -0.04133303835988045, 0.03082551248371601, 0.03929349407553673, -0.016213083639740944, 0.009410301223397255, -0.002094405237585306, -0.01985328271985054, -0.014238082803785801, -0.01674233190715313, -0.007157766725867987, 0.029534662142395973, 0.016910143196582794, -0.0321163646876812, -0.03348466381430626, -0.022060636430978775, -0.01028162520378828, -0.002236398635432124, -0.025494299829006195, 0.02151848003268242, -0.02526194602251053, 0.03172910958528519, -0.007235217839479446, 0.011837100610136986, 0.004747102968394756, -0.028889236971735954, -0.021647565066814423, 0.023002957925200462, -0.012689061462879181, 0.026565706357359886, -0.027262765914201736, 0.0222671739757061, -0.008429254405200481, 0.019659655168652534, -0.012243717908859253, -0.030257537961006165, 0.014612428843975067, -0.03074806183576584, 0.036040548235177994, 0.021105408668518066, 0.017917007207870483, -0.0015942004974931479, 0.02024053782224655, 0.0026720608584582806, -0.0010084770619869232, 0.012314715422689915, -0.016148541122674942, -0.006047635339200497, -0.020589066669344902, -0.00487941550090909, 0.0256879273802042, 0.005773329641669989, -0.01746520958840847, -0.010300988331437111, 0.026462437584996223, 0.021428121253848076, -0.006460707634687424, -0.0060928151942789555, -0.04135885462164879, -0.010165448300540447, -0.002058906713500619, 0.01674233190715313, -0.0003983484348282218, 0.002173469867557287, -0.031032050028443336, -0.0020508388988673687, 0.019285308197140694, -0.016845600679516792, -0.00020774627046193928, 0.00014229610678739846, 0.02428090013563633, -0.01851079799234867, 0.0029495935887098312, -0.0171037707477808, 0.051169317215681076, 0.0032836012542247772, -0.012914960272610188, -0.032968323677778244, -0.02363547496497631, -0.00529571482911706, 0.006383256521075964, 0.01953057013452053, 0.013592656701803207, -0.02808891050517559, -0.012747149914503098, 0.008932686410844326, -0.008958503603935242, -0.006470388732850552, 0.009952458553016186, -0.0006321134278550744, -0.011830645613372326, -0.02287387289106846, 0.007512750569730997, -0.005379620008170605, 0.002205741126090288, 0.01671651564538479, 0.005553884897381067, 0.04610918462276459, -0.01643252931535244, 0.006125086452811956, 0.024397077038884163, -0.030928781256079674, 0.027598386630415916, -0.0036369715817272663, 0.011081952601671219, -0.015296580269932747, 0.01707795448601246, -0.021608838811516762, -2.1152805857127532e-05, 0.002836644183844328, -0.0072868517599999905, 0.02398400567471981, 0.01882060244679451, -0.0023977551609277725, 0.006347757764160633, 0.005056907422840595, 0.0430111438035965, 0.010875416919589043, -0.020769786089658737, 0.031316034495830536, 0.009565203450620174, 0.00555711193010211, -0.011992002837359905, 0.015464390628039837, -0.032038912177085876, -0.0030044547747820616, 0.001857211347669363, -0.03012845292687416, 0.006160584744066, -0.008293715305626392, -0.008338894695043564, 0.035808198153972626, -0.015606383793056011, 0.014457526616752148, 0.0184978898614645, -0.008700333535671234, 0.03934512659907341, -0.011527296155691147, 0.008526068180799484, -0.00264785741455853, 0.028811786323785782, 0.03172910958528519, 0.012540614232420921, -0.028837602585554123, -0.0009390938212163746, 0.013282853178679943, -0.0161227248609066, -0.0045341127552092075, 0.0020508388988673687, 0.027236947789788246, -0.008751966990530491, -0.022848056629300117, -0.004434071946889162, 0.011256217956542969, 0.021273218095302582, 0.01613563299179077, -0.011598292738199234, 0.002205741126090288, -0.012101724743843079, -0.025068318471312523, -0.012701970525085926, -0.006025045178830624, -0.015980731695890427, -0.009494205936789513, 0.003778965212404728, -0.007990365847945213, 0.01489641610532999, -0.014444618485867977, 0.002705945633351803, -0.020395439118146896, -0.010042818263173103, 0.004066179506480694, -0.036815058439970016, 0.009720105677843094, 0.01213399600237608, 0.0002805583062581718, 0.008900415152311325, 0.019259491935372353, -0.05101441591978073, 0.004782601725310087, -0.00403068121522665, 0.02264152094721794, -0.02260279469192028, 0.013173130340874195, -0.006951230578124523, -0.012204992584884167, 0.023054592311382294, -0.012618064880371094, -0.021479753777384758, -0.04337258264422417, 0.0017152178334072232, 0.00872615072876215, -0.017568476498126984, -0.009565203450620174, 0.00020139287516940385, -0.001486898516304791, 0.011940368451178074, -0.014328441582620144, -0.010849599726498127, 0.013411938212811947, 0.007525659166276455, 0.0035788833629339933, 0.046005915850400925, -0.02531358040869236, 0.011540204286575317, 0.0030754515901207924, 0.007048044353723526, -0.027598386630415916, -0.006996410433202982, 3.756576916202903e-05, 0.005786237772554159, -0.018213901668787003, -0.020589066669344902, -0.022021912038326263, -0.018149359151721, 0.0043114409781992435, -0.0037886465433984995, 0.014935141429305077, 0.001353779574856162, -0.01639380306005478, -0.006409073248505592, -0.020937597379088402, -0.002054066164419055, 0.027572570368647575, -0.03263270482420921, -0.014689880423247814, 0.0017716925358399749, -0.01680687442421913, -0.05297651141881943, -0.024164723232388496, 0.019982367753982544, 0.040868330746889114, 0.00821626465767622, -0.013579748570919037, 0.0071190414018929005, 0.008939140476286411, -0.061031416058540344, 0.009035954251885414, -0.02116995118558407, 0.007770920637995005, 0.018639883026480675, 0.01576128602027893, -0.016703607514500618, 0.04200427979230881, -0.007603110279887915, -0.0033820285461843014, -0.0051504941657185555, 0.0042081731371581554, -0.010630154982209206, -0.006989956367760897, 0.03766702115535736, -0.00693186791613698, -0.035472575575113297, -0.022112270817160606, 0.03632453829050064, -0.012198538519442081, -0.013424846343696117, -0.0009463548776693642, -0.01077214814722538, 0.014108997769653797, 0.020989231765270233, -0.0012109793024137616, 0.012760058045387268, 0.008067816495895386, 0.002238012384623289, -0.03214218094944954, 0.0006522829644382, 0.014134814031422138, 0.013257035985589027, 0.013295761309564114, -0.011798374354839325, 0.005511932075023651, -0.000657527067232877, -0.005247307941317558, 0.018614066764712334, -0.00943611841648817, -0.006099269259721041, -0.02327403612434864, -0.005834644660353661, 0.0080290911719203, 0.009442572481930256, 0.016587430611252785, -0.002007272792980075, 0.007344940211623907, 0.0007809646194800735, 0.0073384856805205345, -0.01559347566217184, -0.0005082724383100867, -0.0037434669211506844, -0.01573546975851059, -0.005482887849211693, -0.024461619555950165, 0.004172674845904112, 0.035446759313344955, -0.004301759880036116, -0.014328441582620144, -0.024461619555950165, -0.018936779350042343, 0.022654429078102112, 0.0063445307314395905, 0.01488350797444582, -0.0011916165240108967, -0.0006091201212257147, -0.03007682040333748, -0.002300941152498126, -0.011462753638625145, -0.0030044547747820616, 0.002878597006201744, -0.011882279999554157, 0.012895598076283932, -0.02468106336891651, 0.014225173741579056, 0.002831803634762764, 0.015890371054410934, -0.01418644841760397, 0.006299350876361132, 0.17586548626422882, 0.008435708470642567, -0.0012246945407241583, 0.02912159077823162, -0.02533939853310585, -0.014831873588263988, -0.009339304640889168, 0.02021472156047821, -0.0013061794452369213, 0.033717017620801926, -0.0017991230124607682, -0.01644543744623661, -0.02391946129500866, 0.011992002837359905, -0.007803191896528006, 0.013399029150605202, -0.034801334142684937, 0.0072029465809464455, -0.03113531693816185, 0.03650525584816933, 0.032348718494176865, -0.01387664396315813, -0.0020685880444943905, -0.00410490483045578, 0.029973551630973816, 0.014134814031422138, 0.022680245339870453, 0.020589066669344902, 0.02598482370376587, 0.014070271514356136, 0.0033207132946699858, -0.019595112651586533, 0.005566793493926525, -0.013954095542430878, -0.03622126951813698, -0.005618427414447069, 0.015954913571476936, -0.021453937515616417, 0.00020552762725856155, 0.007654744200408459, -0.004243671428412199, -0.009984729811549187, -0.006054089404642582, -0.015102952718734741, -0.012204992584884167, -0.014651155099272728, -0.041591208428144455, 0.010494615882635117, -0.02288678102195263, -0.0014409120194613934, -0.03890623897314072, -0.006828600075095892, 0.007809646427631378, 0.010707605630159378, 0.02672060765326023, 0.005002046003937721, 0.006609155330806971, -0.015567658469080925, 0.0032142181880772114, -0.0039209588430821896, -0.007396574132144451, 0.0043759834952652454, -0.040919963270425797, 0.019982367753982544, -0.021815376356244087, -0.009713650681078434, -0.017917007207870483, 0.01884641870856285, -0.003375574480742216, 0.012579339556396008, -0.028605250641703606, -0.0024058229755610228, -0.027211131528019905, -0.003930640406906605, -0.010488161817193031, -0.00376605661585927, 0.025094136595726013, 0.0009052089881151915, 0.014057363383471966, 0.01818808540701866, -0.030877146869897842, -0.013967003673315048, -0.005670061334967613, 0.033045776188373566, -0.003946776036173105, -0.007816100493073463, 0.024900509044528008, -0.0028995731845498085, -0.010255808010697365, -0.015438573434948921, 0.003296509850770235, 0.0017733060522004962, -0.010430073365569115, 0.0011553113581612706, -0.0038531890604645014, -0.00760956434533, -0.009997637942433357, 0.0242292657494545, -0.0004626892623491585, 0.015903279185295105, -0.03309740871191025, 0.06521377712488174, 0.0256879273802042, -0.020731061697006226, -0.010643063113093376, 0.0009003683226183057, -0.01679396629333496, 0.019659655168652534, 0.009339304640889168, -0.00048043846618384123, -0.021453937515616417, -0.020034002140164375, -0.017349032685160637, -0.02734021656215191, -0.0017926688306033611, -0.011527296155691147, -0.01044943556189537, -0.03322649374604225, 0.014470435678958893, -0.04685787856578827, -0.02394527941942215, -0.008687424473464489, 0.015451482497155666, 0.011307851411402225, -0.017620110884308815, -0.012908506207168102, -0.019091680645942688, 0.005566793493926525, 0.02390655316412449, -0.046393170952796936, -0.0006659982609562576, -0.008558339439332485, -0.02217681333422661, -0.011191675439476967, -0.010004092007875443, 0.013760467991232872, 0.010862507857382298, -0.029612112790346146, -0.004982683341950178, 0.004001636989414692, 0.010158994235098362, -0.030670611187815666, 0.014534978196024895, 0.008609973825514317, 0.0030899737030267715, 0.0060379537753760815, -0.008506705984473228, 0.0012561590410768986, -0.005256989039480686, 0.004750330466777086, -0.011140041053295135, -0.025855738669633865, 0.00041992985643446445, -0.017904099076986313, -0.004211400169879198, -0.02496505156159401, 0.004098450765013695, -0.04690951108932495, 0.008952049538493156, -0.002486501121893525, -0.024177633225917816, 0.014676971361041069, 0.021725015714764595, -0.0065575214102864265, 0.0011303010396659374, 0.005466752219945192, -0.16089162230491638, 0.030618976801633835, 0.03557584434747696, 0.0004929435672238469, 0.03890623897314072, 0.008112995885312557, -0.0017749195685610175, 0.008325986564159393, -0.023093318566679955, 0.02155720628798008, 0.017658837139606476, -0.025236129760742188, -0.0090746795758605, 0.0030431803315877914, -0.01521912869066, -0.0055603389628231525, -0.0018362350529059768, 0.017555568367242813, 0.021299036219716072, 0.012011365033686161, 0.0038596433587372303, -0.0104365274310112, -0.0025203858967870474, -0.024745605885982513, -0.010830236598849297, -0.005231172312051058, -0.030231721699237823, -0.00015984360652510077, -0.004511523060500622, -0.011372393928468227, -0.022034820169210434, 0.0020459983497858047, 0.023119134828448296, -0.012689061462879181, -0.0037434669211506844, -0.023777468129992485, -0.020627792924642563, -0.014625337906181812, -0.038467347621917725, 0.03831244632601738, 0.012527705170214176, 0.007344940211623907, -0.021983185783028603, -0.007603110279887915, -0.0007345746853388846, 0.019401485100388527, 0.032968323677778244, 0.0007309441571123898, 0.006247716955840588, -0.023880736902356148, -0.00990727823227644, -0.022150997072458267, -0.0020879509393125772, 0.004553475417196751, -0.010513978078961372, -0.01370883360505104, -0.03221963346004486, 0.03172910958528519, 0.005692651495337486, -0.0090424083173275, -0.001212592818774283, -0.007777375169098377, 0.03152257204055786, -0.0039855013601481915, -0.007319123018532991, -0.020950505509972572, 0.0036111546214669943, 0.014341350644826889, -0.009132768027484417, -0.01707795448601246, 0.013954095542430878, -0.023338578641414642, 0.0073707569390535355, -0.03702159598469734, 0.0050956327468156815, 0.014483343809843063, -0.0026446301490068436, 0.011992002837359905, 0.022409167140722275, -0.01578710414469242, 0.008429254405200481, 0.039887282997369766, -0.019620928913354874, -0.006609155330806971, -0.007461116649210453, 0.027469301596283913, 0.017620110884308815, 0.012818146497011185, -0.032658521085977554, 0.008945594541728497, 0.02533939853310585, -0.02466815523803234, -0.02326112799346447, -0.010610791854560375, 0.004250125493854284, 0.024409985169768333, 0.007228763308376074, -0.015967821702361107, -0.004062952473759651, 0.00454056728631258, 0.012056545354425907, -0.016535796225070953, -0.046393170952796936, 0.008235626854002476, 0.013915370218455791, 0.025933189317584038, -0.02159593068063259, 0.006867325399070978, 0.029250675812363625, -0.00013090032734908164, 0.012850417755544186, 0.005298941861838102, 0.024358350783586502, 0.016651973128318787, 0.010294533334672451, 0.001409447519108653, -0.005224717780947685, -0.013115042820572853, -0.02155720628798008, -0.007816100493073463, 0.016277626156806946, 0.013528114184737206, -0.004379210993647575, 0.004385665059089661, -0.005918550305068493, -0.006899596657603979, -0.10197719931602478, -0.0315483883023262, 0.01607109047472477, 0.023170769214630127, 0.01782664656639099, -0.019052956253290176, -0.01216626726090908, 0.03012845292687416, -0.003223899519070983, 0.008577702566981316, 0.004201718606054783, -0.02571374550461769, 0.00589596014469862, -0.0075837476179003716, 0.027546752244234085, -0.006957685109227896, 0.013411938212811947, 0.0017862145323306322, -0.007525659166276455, 0.01286332681775093, -0.000522794493008405, -0.035420943051576614, -0.013747558929026127, -0.006712423171848059, -0.009352212771773338, -0.003446571296080947, -0.023764559999108315, -0.0006692253518849611, 0.007525659166276455, 0.0034046184737235308, -0.017929915338754654, -0.0002466735022608191, 0.015916189178824425, 0.018355896696448326, -0.014341350644826889, -0.02088596299290657, -0.011172312311828136, -0.03733139857649803, 0.023119134828448296, -0.003785419510677457, -0.00760956434533, 0.005741058383136988, 0.012050090357661247, -0.010346167720854282, 0.01521912869066, -0.0184978898614645, -0.018381712958216667, 0.018652791157364845, 0.007041590288281441, -0.027288582175970078, -0.0009826601017266512, -0.02083432860672474, 0.008164630271494389, -0.026823876425623894, 0.012217901647090912, -0.023351488634943962, 0.007758012507110834, 0.025171587243676186, -0.010397802107036114, -0.0017668517539277673, 0.02256406843662262, 0.015606383793056011, 0.008371165953576565, 0.013476480729877949, 0.018601156771183014, -0.007906460203230381, -0.01146920770406723, -0.00029951767646707594, 0.01914331503212452, -0.04938794672489166, 0.011075498536229134, 0.0003348143945913762, -0.02362256683409214, -0.009900824166834354, -0.024384168907999992, -0.008816509507596493, -0.035085320472717285, -0.020666519179940224, -0.023144951090216637, -0.013528114184737206, -0.002292873337864876, -0.015090043656527996, 0.02976701594889164, -0.01316667627543211, 0.027288582175970078, 0.023196585476398468, -0.013799193315207958, -0.015180403366684914, 0.03493041917681694, -0.04388892278075218, 0.003288442036136985, 0.020808512344956398, 0.024164723232388496, 0.008054908365011215, -0.02253825217485428, 0.021118316799402237, 0.0023880735971033573, -0.01883351057767868, -0.03451734408736229, 0.020950505509972572, -0.03906114026904106, -0.0019056182354688644, -0.05509350448846817, 0.01610981673002243, 0.014664063230156898, -0.022667337208986282, 0.002896346151828766, 0.00973946787416935, 0.013295761309564114, -0.006847962737083435, 0.011424028314650059, 0.008087179623544216, -0.02397109568119049, 0.016161449253559113, -0.003720876993611455, -0.016484161838889122, -0.01265679020434618, 0.00921667367219925, 0.006609155330806971, -0.007041590288281441, 0.01077214814722538, -0.008190447464585304, -0.028915053233504295, -0.002544589340686798, 0.0021557204890996218, -0.004469570238143206, -0.029560480266809464, 0.017904099076986313, -0.02912159077823162, 0.011766103096306324, -0.02845034748315811, -0.009152131155133247, 0.018342986702919006, -0.008254989981651306, -0.014418801292777061, 0.007196492049843073, -0.028192177414894104, -0.042598072439432144, -0.017400667071342468, 0.03005100227892399, 0.028605250641703606, -0.029328126460313797, 0.01130139734596014, -0.027985641732811928, 0.004337258171290159, -0.031341854482889175, 0.004579292610287666, -0.006034726742655039, -0.025739561766386032, 0.0019459573086351156, 0.01435425877571106, 0.0067576030269265175, 0.005628108978271484, 0.018200993537902832, 0.0019588659051805735, -0.0043985736556351185, -0.01230180636048317, -0.008190447464585304, -0.01520622055977583, -0.012760058045387268, -0.001699082087725401, -0.038880422711372375, 0.04210754856467247, 0.007312668953090906, 0.022473709657788277, -0.004827781580388546, 0.020085636526346207, 0.006357439327985048, -0.014134814031422138, 0.014973867684602737, 0.005098859779536724, -0.01580001227557659, 2.0686386051238514e-05, 0.013257035985589027, 0.004201718606054783, 0.015361122786998749, -0.02017599530518055, -0.0015094884438440204, -0.006509114522486925, 0.014212265610694885, -0.012992411851882935, 0.025752469897270203, 0.029147407039999962, -0.011617655865848064, -0.022460801526904106, 0.033355578780174255, 0.027572570368647575, 0.008751966990530491, -0.007809646427631378, 0.011682198382914066, 0.000583706540055573, -0.011430482380092144, -0.00435339380055666, 0.014909325167536736, 0.001954025123268366, 0.01578710414469242, 0.030670611187815666, 0.012127541936933994, -0.018200993537902832, -0.01250188797712326, 0.01435425877571106, 0.013644291087985039, -0.007925823330879211, -0.0028221223037689924, -0.009875006973743439, -0.011585384607315063, -0.03663434088230133, 0.009868552908301353, -0.0053699384443461895, -0.012566430494189262, -0.036143817007541656, 0.02355802431702614, -0.005724922753870487, 0.011921005323529243, 0.012217901647090912, -0.0020104998257011175, 0.004592201206833124, 0.007706378120929003, -0.008448617532849312, 0.012785875238478184, -0.007196492049843073, 0.01639380306005478, -0.010158994235098362, 0.000359824625775218, -0.0031625840347260237, 0.00804199930280447, 0.006447799038141966, 0.030618976801633835, -0.00779673783108592, -0.013360303826630116, -0.0032222860027104616, -0.029534662142395973, 0.025378122925758362, 0.0033174860291182995, -0.01910458877682686, -0.003459479659795761, -0.008500250987708569, -0.0037821922451257706, -0.010010547004640102, 0.0009439345449209213, -0.008945594541728497, 0.05499023571610451, 0.049103956669569016, 0.002628494519740343, -0.01109486073255539, -0.004133949056267738, 0.016303444281220436, 0.0038564163260161877, -0.008900415152311325, 0.024487435817718506, -0.03113531693816185, 0.02633335255086422, 0.006470388732850552, -0.013044045306742191, -0.030231721699237823, -0.021815376356244087, -0.0052537620067596436, -0.00625417148694396, 0.02390655316412449, 0.008835872635245323, 0.005050452891737223, 0.00693186791613698, -0.021996093913912773, 0.044611796736717224, 0.02461652085185051, -0.02257697843015194, -0.018988411873579025, 0.005602291785180569, 0.001979842083528638, -0.0073707569390535355, -0.022331716492772102, -0.011023864150047302, 0.0031754926312714815, -0.008390529081225395, 0.00028519731131382287, 0.03529185801744461, 0.0066220639273524284, -0.029973551630973816, -0.02015017904341221, 0.016884326934814453, 0.017697561532258987, 0.016703607514500618, 0.002962502185255289, -0.022099362686276436, -0.02674642577767372, -0.03356211632490158, 0.028915053233504295, -0.017581386491656303, -0.021015048027038574, -0.018394621089100838], 'ai_metadata': {'tags': ['construction', 'document'], 'document_type': 'unknown', 'topics': ['Fire Rating Requirements for Steel Structures'], 'supplier_mentions': [], 'categories': ['general'], 'summary': '```json\n{\n  "tags": [\n    "AS 1530.4",\n    "BCA",\n    "fire resistance",\n    "building codes",\n    "testing methodology",\n    "fire rating requirements"\n  ],\n  "document_type": "specification",\n  "top'}, 'created_timestamp': '2025-08-11T02:06:07.760000', 'status': 'active', 'reference_count': 0, 'helpful_votes': 0, 'view_count': 0}, 'similarity_score': 0.8396104503196802}, {'type': 'mentor_note', 'note': {'_id': '689ae390b2699d3d9bc7e212', 'note_id': 'a1e759c8-e985-4d08-bbc6-6b97ce3b3a0c', 'user_id': 'dev_user_123', 'user_email': 'dev@example.com', 'title': 'Fire Rating Requirements for Steel Structures', 'content': 'When designing steel structures in commercial buildings, fire rating requirements must be considered early in the design process. AS 1530.4 provides the testing methodology for fire resistance, while the BCA specifies minimum requirements based on building classification and height.', 'tags': ['fire-rating', 'steel', 'BCA', 'AS1530', 'construction', 'document'], 'category': 'structural-design', 'attachment_url': None, 'embedding': [-0.0028076001908630133, -0.004995591938495636, -0.0315483883023262, -0.0424431674182415, 0.006034726742655039, -0.015386939980089664, -0.017710471525788307, -0.0184333473443985, 0.01369592547416687, 0.006031499709933996, -0.0008358258055523038, -0.00908113457262516, 0.0065026599913835526, 0.02186700887978077, -0.013812101446092129, 0.0009350599138997495, 0.01573546975851059, 0.02088596299290657, 0.0028608476277440786, -0.003917731810361147, -0.01075924001634121, 0.012127541936933994, -0.017374848946928978, 0.0036401988472789526, -0.008945594541728497, 0.0065575214102864265, 0.013992820866405964, -0.03113531693816185, 0.005686196964234114, 0.007674106862396002, 0.02669479139149189, -0.020950505509972572, -0.009920187294483185, 0.005237626377493143, -0.0030512481462210417, 0.0003156533057335764, -0.008145267143845558, 0.001739421277306974, 0.007493387907743454, -0.014522070065140724, -0.001326348981820047, -0.021324852481484413, 0.00478582875803113, 0.006560748443007469, 0.008145267143845558, -0.008442163467407227, 0.025791196152567863, -0.0025607249699532986, -0.030670611187815666, -0.013592656701803207, 0.021027956157922745, -0.007196492049843073, -0.017697561532258987, -0.014496252872049809, -0.0018136451253667474, 0.0006196083268150687, -0.01749102585017681, 0.006008909549564123, 0.022112270817160606, -0.03526603803038597, -0.01114649511873722, 0.005082724150270224, -0.025817012414336205, 0.0025784741155803204, -0.00821626465767622, -0.027236947789788246, 0.02256406843662262, 0.010597883723676205, -0.01678105816245079, 0.014444618485867977, 0.019040046259760857, 0.030257537961006165, 0.01914331503212452, 0.02434544265270233, 0.036763425916433334, -0.004585746675729752, 0.02228008210659027, -0.02839871309697628, 0.01059142965823412, -0.02190573513507843, -0.0030899737030267715, -0.012101724743843079, -0.0029786378145217896, 0.02628171816468239, -0.0075837476179003716, 0.0147286057472229, -0.0013812101678922772, -0.0018362350529059768, -0.007900006137788296, 0.007403028197586536, -0.018562432378530502, 0.008622881956398487, 0.01130139734596014, 0.010087997652590275, -0.02162174880504608, -0.019608020782470703, 0.008648699149489403, 0.005321531556546688, 0.014328441582620144, -0.00024263958039227873, 0.004008091054856777, 0.0018281672382727265, -0.02024053782224655, 0.002981864847242832, 0.0027123999316245317, -0.015929097309708595, 0.003940321505069733, -0.008125904947519302, -0.007461116649210453, -0.02974119782447815, -0.032710153609514236, 0.014096088707447052, -0.003517567878589034, -0.00904886331409216, 0.00926185306161642, 0.022163905203342438, 0.011921005323529243, -0.002400982193648815, -0.001060111098922789, -0.00822917278856039, 0.0020637474954128265, -0.0052021280862390995, 0.02089887112379074, 0.01028162520378828, 0.026849692687392235, -0.004395346622914076, -0.024526162073016167, -0.012921415269374847, -0.007435299456119537, -0.019969459623098373, 0.00889396108686924, 0.009068225510418415, 0.012598701752722263, -0.008409892208874226, -0.009545840322971344, 0.02262861095368862, -0.007983910851180553, 0.040222905576229095, -0.04280460625886917, -0.031057866290211678, 0.0019653202034533024, 0.0023638701532036066, -0.024203449487686157, -0.01610981673002243, -0.011036773212254047, -0.016832692548632622, 0.018407529219985008, 0.01812354288995266, -0.01747811771929264, -0.017258672043681145, -0.030205905437469482, 0.00853252224624157, 0.007628927007317543, 0.008829418569803238, -0.014741513878107071, 0.022499525919556618, -0.018059000372886658, 0.018652791157364845, -0.012940777465701103, -0.03593728318810463, 0.04391473904252052, 0.0067059691064059734, 0.006063770968466997, 0.006163811776787043, 0.002368710935115814, 0.006951230578124523, 0.0076999240554869175, -0.008171084336936474, 0.002418731339275837, -0.009952458553016186, 0.010307442396879196, 0.03082551248371601, -0.02777910605072975, 0.011753194965422153, 0.013173130340874195, 0.02122158370912075, 0.02222844772040844, 0.016639064997434616, 0.013463571667671204, -0.005621654447168112, -0.005886279046535492, -0.005637790076434612, 0.038880422711372375, 0.029586296528577805, -0.032348718494176865, 0.04143630713224411, 0.02228008210659027, 0.00419849157333374, 0.02287387289106846, -0.031238585710525513, 0.008429254405200481, 0.005653925705701113, -0.01265679020434618, -0.005098859779536724, -0.6476972103118896, -0.030541526153683662, 0.0026333353016525507, -0.0410490483045578, 0.0006280795205384493, 0.0036047003231942654, 0.031625840812921524, -0.01044943556189537, -0.0055926102213561535, -0.0016684244619682431, 0.023054592311382294, 0.010242899879813194, 0.0005679742898792028, -0.012463162653148174, -0.0161227248609066, -0.016497071832418442, 0.014651155099272728, -0.005860461853444576, 0.012056545354425907, 0.013056954368948936, -0.011862916871905327, 0.024461619555950165, -0.038518983870744705, -0.027624202892184258, 0.016574522480368614, -0.012256626971065998, 0.001765238237567246, -0.026798058301210403, 0.0233127623796463, -0.012463162653148174, -0.010068634524941444, 0.018898053094744682, 0.025752469897270203, 0.026191359385848045, 0.04099741578102112, -0.00023880736262071878, -0.002307395450770855, 0.021828284487128258, 0.049078140407800674, 0.011540204286575317, -0.008881052024662495, 0.00736430287361145, 0.04032617434859276, 0.021053774282336235, -0.006221900228410959, 0.026410803198814392, 0.032013095915317535, -0.0018943232716992497, 0.02020181156694889, -0.028192177414894104, -0.009281216189265251, 0.01044943556189537, -0.0147286057472229, 0.008784238249063492, 0.02637207880616188, -0.007215855177491903, 0.02468106336891651, 0.009126313962042332, -0.03172910958528519, 0.0014296170556917787, 0.021363578736782074, -0.00941675528883934, 0.015864554792642593, -0.036995779722929, -0.02327403612434864, -0.00487941550090909, -0.015412756241858006, 0.00853897724300623, 0.007435299456119537, 0.011191675439476967, -0.003398164175450802, 0.02497795969247818, 0.006835054140537977, 0.0021363578271120787, 0.008035545237362385, 0.017710471525788307, 0.014973867684602737, -0.001212592818774283, 0.014599520713090897, 0.012611610814929008, 0.012159813195466995, 0.00717712938785553, -0.01742648333311081, -0.009113405831158161, -0.014457526616752148, -0.01603236421942711, -0.010830236598849297, -0.021002139896154404, 0.02845034748315811, 0.00939739216119051, 0.0194789357483387, -0.02055034227669239, -0.0024994094856083393, -0.03190982714295387, -0.008803601376712322, 0.011030318215489388, 0.01264388207346201, -0.022693153470754623, 0.010726968757808208, -0.00033078048727475107, -0.028631066903471947, -0.01712958700954914, -0.016561614349484444, -0.0013384507037699223, 0.012521251104772091, -0.010914142243564129, 0.00753211323171854, -0.0027430576737970114, 0.023015866056084633, -0.010397802107036114, 0.0023106227163225412, -0.006764057092368603, -0.03345884755253792, -0.02256406843662262, -0.0017620110884308815, -0.023390213027596474, 0.02459070459008217, 0.013657200150191784, -0.00019282080756966025, 0.009694288484752178, 0.0010141244856640697, 0.014250990934669971, 0.021686291322112083, -0.028527798131108284, -0.023506389930844307, 0.04918140918016434, -0.008048453368246555, 0.0053731659427285194, 0.007900006137788296, 0.00035740426392294466, 0.00870678760111332, 0.0077321953140199184, 0.018007365986704826, -0.009836281649768353, -0.004285624250769615, 0.0053699384443461895, -0.0014191289665177464, -0.027520935982465744, 0.02296423353254795, -0.02120867557823658, -0.023390213027596474, -0.006828600075095892, 0.0019572521559894085, 0.0005417538923211396, -0.0336395688354969, 0.00337234721519053, -0.04458598047494888, 0.021996093913912773, 0.00039310436113737524, 0.019646747037768364, -0.03276178985834122, -0.0011770944111049175, 0.0020621339790523052, 0.0030754515901207924, -0.003478842554613948, -0.007803191896528006, 0.023416031152009964, -0.02022762969136238, 0.019659655168652534, -0.007628927007317543, -0.017581386491656303, -0.0023590296041220427, -0.021079590544104576, 0.0033239403273910284, 0.00294798007234931, -0.004340485204011202, 0.019750013947486877, 0.008590610697865486, -0.016613246873021126, -0.024539070203900337, -0.0007966968696564436, -0.012689061462879181, 0.0036853784695267677, 0.015128768980503082, -0.0018071908270940185, 0.01301822904497385, -0.012088816612958908, -0.008242080919444561, -0.0026720608584582806, -0.007164220791310072, 0.0023913008626550436, 0.015270763076841831, -0.008939140476286411, 0.022486617788672447, 0.004950412083417177, 0.04716768115758896, -0.00037938906461931765, -0.0009947618236765265, -0.017542660236358643, 0.011785466223955154, -0.019298216328024864, 0.017336124554276466, 0.015503115952014923, 0.012069453485310078, 0.007332031615078449, -0.0034627069253474474, -0.006609155330806971, -0.010320350527763367, -0.014973867684602737, -0.004217854235321283, 0.0003499415470287204, -0.005857234820723534, 0.027908191084861755, -0.014315533451735973, 0.022021912038326263, -0.005037544760853052, 0.017710471525788307, -0.011230400763452053, 0.044689249247312546, 0.01576128602027893, 0.00042598071740940213, -0.013244127854704857, -0.01081087440252304, -0.0157741941511631, -0.014870598912239075, 0.011411119252443314, 0.005173083860427141, 0.029173225164413452, -0.008267898112535477, -0.030928781256079674, 0.028140543028712273, 0.015193311497569084, 0.027211131528019905, 0.016509979963302612, -0.006789874285459518, -0.0042598070576786995, 0.026488255709409714, 0.014147723093628883, 0.008300169371068478, -0.004808418452739716, -0.002000818494707346, 0.008300169371068478, 0.013889553025364876, -0.002346121007576585, 0.03968074917793274, 0.03005100227892399, 0.03562747687101364, -0.01879478432238102, 0.01195973064750433, 0.007525659166276455, 0.02772747166454792, 0.009520023129880428, 0.018730241805315018, -0.008648699149489403, 0.04066179320216179, 0.0321163646876812, 0.026798058301210403, 0.03252943605184555, -0.00175232975743711, 0.0031109501142054796, 0.0035014322493225336, -0.004492160398513079, -0.02193155139684677, 0.004304986912757158, 0.026539888232946396, 0.012785875238478184, 0.026798058301210403, 0.023028776049613953, 0.006125086452811956, -0.0006551066762767732, 0.0008342122309841216, 0.0023122362326830626, 0.035420943051576614, -0.009029500186443329, 0.027262765914201736, 0.0038080094382166862, -0.03456898033618927, 0.0014320374466478825, 0.012172721326351166, -0.012269535101950169, -0.01111422386020422, 0.003340075956657529, 0.007467570714652538, -0.003656334476545453, 0.003106109332293272, 0.013889553025364876, -0.0002511107886675745, 0.032322898507118225, 0.016845600679516792, 0.0028205085545778275, 0.013076316565275192, -0.013005319982767105, 0.01319894753396511, 0.015244945883750916, 0.0017894416814669967, -0.01489641610532999, 0.0018927097553387284, 0.00821626465767622, -0.020356714725494385, 0.03255525231361389, 0.012669699266552925, -0.00960392877459526, -0.012553522363305092, 0.009752376936376095, -0.00478582875803113, 0.014522070065140724, 0.0028818240389227867, -0.05483533442020416, -0.015477298758924007, -0.005324759054929018, 0.007138404063880444, -0.006764057092368603, 0.012766513042151928, -0.016509979963302612, 0.03585983067750931, 0.006231581326574087, 0.012295352295041084, 0.01126912608742714, 0.011533750221133232, -0.0018604384968057275, 0.015993639826774597, 0.010552704334259033, -0.0017749195685610175, 0.01643252931535244, 0.03552420809864998, -0.010707605630159378, 0.004605109803378582, -0.018304262310266495, 0.037512119859457016, -0.006628517992794514, 0.0008576089167036116, 0.013553931377828121, -0.013295761309564114, 0.009868552908301353, 0.06289024651050568, 0.004340485204011202, 0.010042818263173103, 0.006815691478550434, 0.006338076665997505, -0.010991592891514301, -0.044663432985544205, -0.0062799882143735886, 0.018252627924084663, 0.0006280795205384493, -0.01878187619149685, -0.00452120415866375, 0.008171084336936474, 0.01848498173058033, 0.011927459388971329, 0.02736603282392025, 0.008293715305626392, -0.030902964994311333, -0.0006010523065924644, -0.008119450882077217, -0.03175492584705353, 0.004779374692589045, 0.04856180027127266, 0.018975503742694855, 0.005753966514021158, -0.014302625320851803, 0.0001857614697655663, 0.010720514692366123, 0.004434071946889162, -0.022034820169210434, 0.010817328467965126, 0.01946602761745453, -0.0016458345344290137, 0.025197403505444527, 0.010326804593205452, 0.010739876888692379, 0.013147314079105854, -0.015141678042709827, -0.0001688190532149747, -0.007409482728689909, 0.03240035101771355, -0.008952049538493156, 0.006350985262542963, 0.011727377772331238, 0.016019456088542938, -0.014586612582206726, 0.006183174438774586, 0.020976323634386063, -0.010029909200966358, 0.024435803294181824, 0.02017599530518055, 0.007041590288281441, -0.013502297922968864, -0.00563456304371357, 0.007015773095190525, -0.023506389930844307, -0.0005542589933611453, -0.003720876993611455, 0.010520433075726032, -0.021634656935930252, -0.027804922312498093, -0.01911749877035618, 0.004250125493854284, 0.005947594065219164, -0.04079087823629379, -0.017723379656672478, -0.007641835603863001, 0.007551476359367371, -0.02469397336244583, -0.012282444164156914, 0.013515206053853035, -0.022848056629300117, -0.012902052141726017, 0.026165543124079704, 0.022512435913085938, -0.019659655168652534, 0.01024935394525528, -0.00908113457262516, -0.0046728793531656265, 0.010739876888692379, -0.008835872635245323, -0.012714878655970097, -0.020640701055526733, -0.0383898988366127, -0.004837462678551674, 0.044301994144916534, -0.01816226914525032, -0.010920596309006214, 0.004960093647241592, 0.015567658469080925, -0.01883351057767868, 0.002839871449396014, 0.00709967827424407, -0.0046212454326450825, 0.04391473904252052, 0.006076679565012455, -0.01369592547416687, 0.014844782650470734, 0.005966957192867994, -0.028243811801075935, -0.0022267173044383526, -0.00019715726375579834, -0.0027511254884302616, -0.023441847413778305, 0.005960502661764622, -0.009487751871347427, -0.0016256649978458881, 0.002112154383212328, -0.004330803640186787, 0.003595018992200494, 0.007951639592647552, -0.022163905203342438, 0.011443390510976315, 0.005208582151681185, -0.017904099076986313, 0.046083368360996246, -0.0012198538752272725, 0.011056135408580303, 0.01671651564538479, -0.00890686921775341, 0.0195434782654047, -0.04133303835988045, 0.03082551248371601, 0.03929349407553673, -0.016213083639740944, 0.009410301223397255, -0.002094405237585306, -0.01985328271985054, -0.014238082803785801, -0.01674233190715313, -0.007157766725867987, 0.029534662142395973, 0.016910143196582794, -0.0321163646876812, -0.03348466381430626, -0.022060636430978775, -0.01028162520378828, -0.002236398635432124, -0.025494299829006195, 0.02151848003268242, -0.02526194602251053, 0.03172910958528519, -0.007235217839479446, 0.011837100610136986, 0.004747102968394756, -0.028889236971735954, -0.021647565066814423, 0.023002957925200462, -0.012689061462879181, 0.026565706357359886, -0.027262765914201736, 0.0222671739757061, -0.008429254405200481, 0.019659655168652534, -0.012243717908859253, -0.030257537961006165, 0.014612428843975067, -0.03074806183576584, 0.036040548235177994, 0.021105408668518066, 0.017917007207870483, -0.0015942004974931479, 0.02024053782224655, 0.0026720608584582806, -0.0010084770619869232, 0.012314715422689915, -0.016148541122674942, -0.006047635339200497, -0.020589066669344902, -0.00487941550090909, 0.0256879273802042, 0.005773329641669989, -0.01746520958840847, -0.010300988331437111, 0.026462437584996223, 0.021428121253848076, -0.006460707634687424, -0.0060928151942789555, -0.04135885462164879, -0.010165448300540447, -0.002058906713500619, 0.01674233190715313, -0.0003983484348282218, 0.002173469867557287, -0.031032050028443336, -0.0020508388988673687, 0.019285308197140694, -0.016845600679516792, -0.00020774627046193928, 0.00014229610678739846, 0.02428090013563633, -0.01851079799234867, 0.0029495935887098312, -0.0171037707477808, 0.051169317215681076, 0.0032836012542247772, -0.012914960272610188, -0.032968323677778244, -0.02363547496497631, -0.00529571482911706, 0.006383256521075964, 0.01953057013452053, 0.013592656701803207, -0.02808891050517559, -0.012747149914503098, 0.008932686410844326, -0.008958503603935242, -0.006470388732850552, 0.009952458553016186, -0.0006321134278550744, -0.011830645613372326, -0.02287387289106846, 0.007512750569730997, -0.005379620008170605, 0.002205741126090288, 0.01671651564538479, 0.005553884897381067, 0.04610918462276459, -0.01643252931535244, 0.006125086452811956, 0.024397077038884163, -0.030928781256079674, 0.027598386630415916, -0.0036369715817272663, 0.011081952601671219, -0.015296580269932747, 0.01707795448601246, -0.021608838811516762, -2.1152805857127532e-05, 0.002836644183844328, -0.0072868517599999905, 0.02398400567471981, 0.01882060244679451, -0.0023977551609277725, 0.006347757764160633, 0.005056907422840595, 0.0430111438035965, 0.010875416919589043, -0.020769786089658737, 0.031316034495830536, 0.009565203450620174, 0.00555711193010211, -0.011992002837359905, 0.015464390628039837, -0.032038912177085876, -0.0030044547747820616, 0.001857211347669363, -0.03012845292687416, 0.006160584744066, -0.008293715305626392, -0.008338894695043564, 0.035808198153972626, -0.015606383793056011, 0.014457526616752148, 0.0184978898614645, -0.008700333535671234, 0.03934512659907341, -0.011527296155691147, 0.008526068180799484, -0.00264785741455853, 0.028811786323785782, 0.03172910958528519, 0.012540614232420921, -0.028837602585554123, -0.0009390938212163746, 0.013282853178679943, -0.0161227248609066, -0.0045341127552092075, 0.0020508388988673687, 0.027236947789788246, -0.008751966990530491, -0.022848056629300117, -0.004434071946889162, 0.011256217956542969, 0.021273218095302582, 0.01613563299179077, -0.011598292738199234, 0.002205741126090288, -0.012101724743843079, -0.025068318471312523, -0.012701970525085926, -0.006025045178830624, -0.015980731695890427, -0.009494205936789513, 0.003778965212404728, -0.007990365847945213, 0.01489641610532999, -0.014444618485867977, 0.002705945633351803, -0.020395439118146896, -0.010042818263173103, 0.004066179506480694, -0.036815058439970016, 0.009720105677843094, 0.01213399600237608, 0.0002805583062581718, 0.008900415152311325, 0.019259491935372353, -0.05101441591978073, 0.004782601725310087, -0.00403068121522665, 0.02264152094721794, -0.02260279469192028, 0.013173130340874195, -0.006951230578124523, -0.012204992584884167, 0.023054592311382294, -0.012618064880371094, -0.021479753777384758, -0.04337258264422417, 0.0017152178334072232, 0.00872615072876215, -0.017568476498126984, -0.009565203450620174, 0.00020139287516940385, -0.001486898516304791, 0.011940368451178074, -0.014328441582620144, -0.010849599726498127, 0.013411938212811947, 0.007525659166276455, 0.0035788833629339933, 0.046005915850400925, -0.02531358040869236, 0.011540204286575317, 0.0030754515901207924, 0.007048044353723526, -0.027598386630415916, -0.006996410433202982, 3.756576916202903e-05, 0.005786237772554159, -0.018213901668787003, -0.020589066669344902, -0.022021912038326263, -0.018149359151721, 0.0043114409781992435, -0.0037886465433984995, 0.014935141429305077, 0.001353779574856162, -0.01639380306005478, -0.006409073248505592, -0.020937597379088402, -0.002054066164419055, 0.027572570368647575, -0.03263270482420921, -0.014689880423247814, 0.0017716925358399749, -0.01680687442421913, -0.05297651141881943, -0.024164723232388496, 0.019982367753982544, 0.040868330746889114, 0.00821626465767622, -0.013579748570919037, 0.0071190414018929005, 0.008939140476286411, -0.061031416058540344, 0.009035954251885414, -0.02116995118558407, 0.007770920637995005, 0.018639883026480675, 0.01576128602027893, -0.016703607514500618, 0.04200427979230881, -0.007603110279887915, -0.0033820285461843014, -0.0051504941657185555, 0.0042081731371581554, -0.010630154982209206, -0.006989956367760897, 0.03766702115535736, -0.00693186791613698, -0.035472575575113297, -0.022112270817160606, 0.03632453829050064, -0.012198538519442081, -0.013424846343696117, -0.0009463548776693642, -0.01077214814722538, 0.014108997769653797, 0.020989231765270233, -0.0012109793024137616, 0.012760058045387268, 0.008067816495895386, 0.002238012384623289, -0.03214218094944954, 0.0006522829644382, 0.014134814031422138, 0.013257035985589027, 0.013295761309564114, -0.011798374354839325, 0.005511932075023651, -0.000657527067232877, -0.005247307941317558, 0.018614066764712334, -0.00943611841648817, -0.006099269259721041, -0.02327403612434864, -0.005834644660353661, 0.0080290911719203, 0.009442572481930256, 0.016587430611252785, -0.002007272792980075, 0.007344940211623907, 0.0007809646194800735, 0.0073384856805205345, -0.01559347566217184, -0.0005082724383100867, -0.0037434669211506844, -0.01573546975851059, -0.005482887849211693, -0.024461619555950165, 0.004172674845904112, 0.035446759313344955, -0.004301759880036116, -0.014328441582620144, -0.024461619555950165, -0.018936779350042343, 0.022654429078102112, 0.0063445307314395905, 0.01488350797444582, -0.0011916165240108967, -0.0006091201212257147, -0.03007682040333748, -0.002300941152498126, -0.011462753638625145, -0.0030044547747820616, 0.002878597006201744, -0.011882279999554157, 0.012895598076283932, -0.02468106336891651, 0.014225173741579056, 0.002831803634762764, 0.015890371054410934, -0.01418644841760397, 0.006299350876361132, 0.17586548626422882, 0.008435708470642567, -0.0012246945407241583, 0.02912159077823162, -0.02533939853310585, -0.014831873588263988, -0.009339304640889168, 0.02021472156047821, -0.0013061794452369213, 0.033717017620801926, -0.0017991230124607682, -0.01644543744623661, -0.02391946129500866, 0.011992002837359905, -0.007803191896528006, 0.013399029150605202, -0.034801334142684937, 0.0072029465809464455, -0.03113531693816185, 0.03650525584816933, 0.032348718494176865, -0.01387664396315813, -0.0020685880444943905, -0.00410490483045578, 0.029973551630973816, 0.014134814031422138, 0.022680245339870453, 0.020589066669344902, 0.02598482370376587, 0.014070271514356136, 0.0033207132946699858, -0.019595112651586533, 0.005566793493926525, -0.013954095542430878, -0.03622126951813698, -0.005618427414447069, 0.015954913571476936, -0.021453937515616417, 0.00020552762725856155, 0.007654744200408459, -0.004243671428412199, -0.009984729811549187, -0.006054089404642582, -0.015102952718734741, -0.012204992584884167, -0.014651155099272728, -0.041591208428144455, 0.010494615882635117, -0.02288678102195263, -0.0014409120194613934, -0.03890623897314072, -0.006828600075095892, 0.007809646427631378, 0.010707605630159378, 0.02672060765326023, 0.005002046003937721, 0.006609155330806971, -0.015567658469080925, 0.0032142181880772114, -0.0039209588430821896, -0.007396574132144451, 0.0043759834952652454, -0.040919963270425797, 0.019982367753982544, -0.021815376356244087, -0.009713650681078434, -0.017917007207870483, 0.01884641870856285, -0.003375574480742216, 0.012579339556396008, -0.028605250641703606, -0.0024058229755610228, -0.027211131528019905, -0.003930640406906605, -0.010488161817193031, -0.00376605661585927, 0.025094136595726013, 0.0009052089881151915, 0.014057363383471966, 0.01818808540701866, -0.030877146869897842, -0.013967003673315048, -0.005670061334967613, 0.033045776188373566, -0.003946776036173105, -0.007816100493073463, 0.024900509044528008, -0.0028995731845498085, -0.010255808010697365, -0.015438573434948921, 0.003296509850770235, 0.0017733060522004962, -0.010430073365569115, 0.0011553113581612706, -0.0038531890604645014, -0.00760956434533, -0.009997637942433357, 0.0242292657494545, -0.0004626892623491585, 0.015903279185295105, -0.03309740871191025, 0.06521377712488174, 0.0256879273802042, -0.020731061697006226, -0.010643063113093376, 0.0009003683226183057, -0.01679396629333496, 0.019659655168652534, 0.009339304640889168, -0.00048043846618384123, -0.021453937515616417, -0.020034002140164375, -0.017349032685160637, -0.02734021656215191, -0.0017926688306033611, -0.011527296155691147, -0.01044943556189537, -0.03322649374604225, 0.014470435678958893, -0.04685787856578827, -0.02394527941942215, -0.008687424473464489, 0.015451482497155666, 0.011307851411402225, -0.017620110884308815, -0.012908506207168102, -0.019091680645942688, 0.005566793493926525, 0.02390655316412449, -0.046393170952796936, -0.0006659982609562576, -0.008558339439332485, -0.02217681333422661, -0.011191675439476967, -0.010004092007875443, 0.013760467991232872, 0.010862507857382298, -0.029612112790346146, -0.004982683341950178, 0.004001636989414692, 0.010158994235098362, -0.030670611187815666, 0.014534978196024895, 0.008609973825514317, 0.0030899737030267715, 0.0060379537753760815, -0.008506705984473228, 0.0012561590410768986, -0.005256989039480686, 0.004750330466777086, -0.011140041053295135, -0.025855738669633865, 0.00041992985643446445, -0.017904099076986313, -0.004211400169879198, -0.02496505156159401, 0.004098450765013695, -0.04690951108932495, 0.008952049538493156, -0.002486501121893525, -0.024177633225917816, 0.014676971361041069, 0.021725015714764595, -0.0065575214102864265, 0.0011303010396659374, 0.005466752219945192, -0.16089162230491638, 0.030618976801633835, 0.03557584434747696, 0.0004929435672238469, 0.03890623897314072, 0.008112995885312557, -0.0017749195685610175, 0.008325986564159393, -0.023093318566679955, 0.02155720628798008, 0.017658837139606476, -0.025236129760742188, -0.0090746795758605, 0.0030431803315877914, -0.01521912869066, -0.0055603389628231525, -0.0018362350529059768, 0.017555568367242813, 0.021299036219716072, 0.012011365033686161, 0.0038596433587372303, -0.0104365274310112, -0.0025203858967870474, -0.024745605885982513, -0.010830236598849297, -0.005231172312051058, -0.030231721699237823, -0.00015984360652510077, -0.004511523060500622, -0.011372393928468227, -0.022034820169210434, 0.0020459983497858047, 0.023119134828448296, -0.012689061462879181, -0.0037434669211506844, -0.023777468129992485, -0.020627792924642563, -0.014625337906181812, -0.038467347621917725, 0.03831244632601738, 0.012527705170214176, 0.007344940211623907, -0.021983185783028603, -0.007603110279887915, -0.0007345746853388846, 0.019401485100388527, 0.032968323677778244, 0.0007309441571123898, 0.006247716955840588, -0.023880736902356148, -0.00990727823227644, -0.022150997072458267, -0.0020879509393125772, 0.004553475417196751, -0.010513978078961372, -0.01370883360505104, -0.03221963346004486, 0.03172910958528519, 0.005692651495337486, -0.0090424083173275, -0.001212592818774283, -0.007777375169098377, 0.03152257204055786, -0.0039855013601481915, -0.007319123018532991, -0.020950505509972572, 0.0036111546214669943, 0.014341350644826889, -0.009132768027484417, -0.01707795448601246, 0.013954095542430878, -0.023338578641414642, 0.0073707569390535355, -0.03702159598469734, 0.0050956327468156815, 0.014483343809843063, -0.0026446301490068436, 0.011992002837359905, 0.022409167140722275, -0.01578710414469242, 0.008429254405200481, 0.039887282997369766, -0.019620928913354874, -0.006609155330806971, -0.007461116649210453, 0.027469301596283913, 0.017620110884308815, 0.012818146497011185, -0.032658521085977554, 0.008945594541728497, 0.02533939853310585, -0.02466815523803234, -0.02326112799346447, -0.010610791854560375, 0.004250125493854284, 0.024409985169768333, 0.007228763308376074, -0.015967821702361107, -0.004062952473759651, 0.00454056728631258, 0.012056545354425907, -0.016535796225070953, -0.046393170952796936, 0.008235626854002476, 0.013915370218455791, 0.025933189317584038, -0.02159593068063259, 0.006867325399070978, 0.029250675812363625, -0.00013090032734908164, 0.012850417755544186, 0.005298941861838102, 0.024358350783586502, 0.016651973128318787, 0.010294533334672451, 0.001409447519108653, -0.005224717780947685, -0.013115042820572853, -0.02155720628798008, -0.007816100493073463, 0.016277626156806946, 0.013528114184737206, -0.004379210993647575, 0.004385665059089661, -0.005918550305068493, -0.006899596657603979, -0.10197719931602478, -0.0315483883023262, 0.01607109047472477, 0.023170769214630127, 0.01782664656639099, -0.019052956253290176, -0.01216626726090908, 0.03012845292687416, -0.003223899519070983, 0.008577702566981316, 0.004201718606054783, -0.02571374550461769, 0.00589596014469862, -0.0075837476179003716, 0.027546752244234085, -0.006957685109227896, 0.013411938212811947, 0.0017862145323306322, -0.007525659166276455, 0.01286332681775093, -0.000522794493008405, -0.035420943051576614, -0.013747558929026127, -0.006712423171848059, -0.009352212771773338, -0.003446571296080947, -0.023764559999108315, -0.0006692253518849611, 0.007525659166276455, 0.0034046184737235308, -0.017929915338754654, -0.0002466735022608191, 0.015916189178824425, 0.018355896696448326, -0.014341350644826889, -0.02088596299290657, -0.011172312311828136, -0.03733139857649803, 0.023119134828448296, -0.003785419510677457, -0.00760956434533, 0.005741058383136988, 0.012050090357661247, -0.010346167720854282, 0.01521912869066, -0.0184978898614645, -0.018381712958216667, 0.018652791157364845, 0.007041590288281441, -0.027288582175970078, -0.0009826601017266512, -0.02083432860672474, 0.008164630271494389, -0.026823876425623894, 0.012217901647090912, -0.023351488634943962, 0.007758012507110834, 0.025171587243676186, -0.010397802107036114, -0.0017668517539277673, 0.02256406843662262, 0.015606383793056011, 0.008371165953576565, 0.013476480729877949, 0.018601156771183014, -0.007906460203230381, -0.01146920770406723, -0.00029951767646707594, 0.01914331503212452, -0.04938794672489166, 0.011075498536229134, 0.0003348143945913762, -0.02362256683409214, -0.009900824166834354, -0.024384168907999992, -0.008816509507596493, -0.035085320472717285, -0.020666519179940224, -0.023144951090216637, -0.013528114184737206, -0.002292873337864876, -0.015090043656527996, 0.02976701594889164, -0.01316667627543211, 0.027288582175970078, 0.023196585476398468, -0.013799193315207958, -0.015180403366684914, 0.03493041917681694, -0.04388892278075218, 0.003288442036136985, 0.020808512344956398, 0.024164723232388496, 0.008054908365011215, -0.02253825217485428, 0.021118316799402237, 0.0023880735971033573, -0.01883351057767868, -0.03451734408736229, 0.020950505509972572, -0.03906114026904106, -0.0019056182354688644, -0.05509350448846817, 0.01610981673002243, 0.014664063230156898, -0.022667337208986282, 0.002896346151828766, 0.00973946787416935, 0.013295761309564114, -0.006847962737083435, 0.011424028314650059, 0.008087179623544216, -0.02397109568119049, 0.016161449253559113, -0.003720876993611455, -0.016484161838889122, -0.01265679020434618, 0.00921667367219925, 0.006609155330806971, -0.007041590288281441, 0.01077214814722538, -0.008190447464585304, -0.028915053233504295, -0.002544589340686798, 0.0021557204890996218, -0.004469570238143206, -0.029560480266809464, 0.017904099076986313, -0.02912159077823162, 0.011766103096306324, -0.02845034748315811, -0.009152131155133247, 0.018342986702919006, -0.008254989981651306, -0.014418801292777061, 0.007196492049843073, -0.028192177414894104, -0.042598072439432144, -0.017400667071342468, 0.03005100227892399, 0.028605250641703606, -0.029328126460313797, 0.01130139734596014, -0.027985641732811928, 0.004337258171290159, -0.031341854482889175, 0.004579292610287666, -0.006034726742655039, -0.025739561766386032, 0.0019459573086351156, 0.01435425877571106, 0.0067576030269265175, 0.005628108978271484, 0.018200993537902832, 0.0019588659051805735, -0.0043985736556351185, -0.01230180636048317, -0.008190447464585304, -0.01520622055977583, -0.012760058045387268, -0.001699082087725401, -0.038880422711372375, 0.04210754856467247, 0.007312668953090906, 0.022473709657788277, -0.004827781580388546, 0.020085636526346207, 0.006357439327985048, -0.014134814031422138, 0.014973867684602737, 0.005098859779536724, -0.01580001227557659, 2.0686386051238514e-05, 0.013257035985589027, 0.004201718606054783, 0.015361122786998749, -0.02017599530518055, -0.0015094884438440204, -0.006509114522486925, 0.014212265610694885, -0.012992411851882935, 0.025752469897270203, 0.029147407039999962, -0.011617655865848064, -0.022460801526904106, 0.033355578780174255, 0.027572570368647575, 0.008751966990530491, -0.007809646427631378, 0.011682198382914066, 0.000583706540055573, -0.011430482380092144, -0.00435339380055666, 0.014909325167536736, 0.001954025123268366, 0.01578710414469242, 0.030670611187815666, 0.012127541936933994, -0.018200993537902832, -0.01250188797712326, 0.01435425877571106, 0.013644291087985039, -0.007925823330879211, -0.0028221223037689924, -0.009875006973743439, -0.011585384607315063, -0.03663434088230133, 0.009868552908301353, -0.0053699384443461895, -0.012566430494189262, -0.036143817007541656, 0.02355802431702614, -0.005724922753870487, 0.011921005323529243, 0.012217901647090912, -0.0020104998257011175, 0.004592201206833124, 0.007706378120929003, -0.008448617532849312, 0.012785875238478184, -0.007196492049843073, 0.01639380306005478, -0.010158994235098362, 0.000359824625775218, -0.0031625840347260237, 0.00804199930280447, 0.006447799038141966, 0.030618976801633835, -0.00779673783108592, -0.013360303826630116, -0.0032222860027104616, -0.029534662142395973, 0.025378122925758362, 0.0033174860291182995, -0.01910458877682686, -0.003459479659795761, -0.008500250987708569, -0.0037821922451257706, -0.010010547004640102, 0.0009439345449209213, -0.008945594541728497, 0.05499023571610451, 0.049103956669569016, 0.002628494519740343, -0.01109486073255539, -0.004133949056267738, 0.016303444281220436, 0.0038564163260161877, -0.008900415152311325, 0.024487435817718506, -0.03113531693816185, 0.02633335255086422, 0.006470388732850552, -0.013044045306742191, -0.030231721699237823, -0.021815376356244087, -0.0052537620067596436, -0.00625417148694396, 0.02390655316412449, 0.008835872635245323, 0.005050452891737223, 0.00693186791613698, -0.021996093913912773, 0.044611796736717224, 0.02461652085185051, -0.02257697843015194, -0.018988411873579025, 0.005602291785180569, 0.001979842083528638, -0.0073707569390535355, -0.022331716492772102, -0.011023864150047302, 0.0031754926312714815, -0.008390529081225395, 0.00028519731131382287, 0.03529185801744461, 0.0066220639273524284, -0.029973551630973816, -0.02015017904341221, 0.016884326934814453, 0.017697561532258987, 0.016703607514500618, 0.002962502185255289, -0.022099362686276436, -0.02674642577767372, -0.03356211632490158, 0.028915053233504295, -0.017581386491656303, -0.021015048027038574, -0.018394621089100838], 'ai_metadata': {'tags': ['construction', 'document'], 'document_type': 'unknown', 'topics': ['Fire Rating Requirements for Steel Structures'], 'supplier_mentions': [], 'categories': ['general'], 'summary': '```json\n{\n  "tags": [\n    "AS 1530.4",\n    "BCA",\n    "fire rating",\n    "fire resistance",\n    "building codes"\n  ],\n  "document_type": "specification",\n  "topics": [\n    "steel structures",\n    "fir'}, 'created_timestamp': '2025-08-12T06:47:44.956000', 'status': 'active', 'reference_count': 0, 'helpful_votes': 0, 'view_count': 0}, 'similarity_score': 0.8396104503196802}, {'type': 'mentor_note', 'note': {'_id': '689af26b04c351a843ce4b5c', 'note_id': 'db7d0d5b-35b6-47e5-a96f-4d90b4fe76f0', 'user_id': 'demo_user_auto_token', 'user_email': 'demo@onesource.ai', 'title': 'Fire Rating Requirements for Steel Structures', 'content': 'When designing steel structures in commercial buildings, fire rating requirements must be considered early in the design process. AS 1530.4 provides the testing methodology for fire resistance, while the BCA specifies minimum requirements based on building classification and height.', 'tags': ['fire-rating', 'steel', 'BCA', 'AS1530', 'construction', 'document'], 'category': 'structural-design', 'attachment_url': None, 'embedding': [-0.0028076001908630133, -0.004995591938495636, -0.0315483883023262, -0.0424431674182415, 0.006034726742655039, -0.015386939980089664, -0.017710471525788307, -0.0184333473443985, 0.01369592547416687, 0.006031499709933996, -0.0008358258055523038, -0.00908113457262516, 0.0065026599913835526, 0.02186700887978077, -0.013812101446092129, 0.0009350599138997495, 0.01573546975851059, 0.02088596299290657, 0.0028608476277440786, -0.003917731810361147, -0.01075924001634121, 0.012127541936933994, -0.017374848946928978, 0.0036401988472789526, -0.008945594541728497, 0.0065575214102864265, 0.013992820866405964, -0.03113531693816185, 0.005686196964234114, 0.007674106862396002, 0.02669479139149189, -0.020950505509972572, -0.009920187294483185, 0.005237626377493143, -0.0030512481462210417, 0.0003156533057335764, -0.008145267143845558, 0.001739421277306974, 0.007493387907743454, -0.014522070065140724, -0.001326348981820047, -0.021324852481484413, 0.00478582875803113, 0.006560748443007469, 0.008145267143845558, -0.008442163467407227, 0.025791196152567863, -0.0025607249699532986, -0.030670611187815666, -0.013592656701803207, 0.021027956157922745, -0.007196492049843073, -0.017697561532258987, -0.014496252872049809, -0.0018136451253667474, 0.0006196083268150687, -0.01749102585017681, 0.006008909549564123, 0.022112270817160606, -0.03526603803038597, -0.01114649511873722, 0.005082724150270224, -0.025817012414336205, 0.0025784741155803204, -0.00821626465767622, -0.027236947789788246, 0.02256406843662262, 0.010597883723676205, -0.01678105816245079, 0.014444618485867977, 0.019040046259760857, 0.030257537961006165, 0.01914331503212452, 0.02434544265270233, 0.036763425916433334, -0.004585746675729752, 0.02228008210659027, -0.02839871309697628, 0.01059142965823412, -0.02190573513507843, -0.0030899737030267715, -0.012101724743843079, -0.0029786378145217896, 0.02628171816468239, -0.0075837476179003716, 0.0147286057472229, -0.0013812101678922772, -0.0018362350529059768, -0.007900006137788296, 0.007403028197586536, -0.018562432378530502, 0.008622881956398487, 0.01130139734596014, 0.010087997652590275, -0.02162174880504608, -0.019608020782470703, 0.008648699149489403, 0.005321531556546688, 0.014328441582620144, -0.00024263958039227873, 0.004008091054856777, 0.0018281672382727265, -0.02024053782224655, 0.002981864847242832, 0.0027123999316245317, -0.015929097309708595, 0.003940321505069733, -0.008125904947519302, -0.007461116649210453, -0.02974119782447815, -0.032710153609514236, 0.014096088707447052, -0.003517567878589034, -0.00904886331409216, 0.00926185306161642, 0.022163905203342438, 0.011921005323529243, -0.002400982193648815, -0.001060111098922789, -0.00822917278856039, 0.0020637474954128265, -0.0052021280862390995, 0.02089887112379074, 0.01028162520378828, 0.026849692687392235, -0.004395346622914076, -0.024526162073016167, -0.012921415269374847, -0.007435299456119537, -0.019969459623098373, 0.00889396108686924, 0.009068225510418415, 0.012598701752722263, -0.008409892208874226, -0.009545840322971344, 0.02262861095368862, -0.007983910851180553, 0.040222905576229095, -0.04280460625886917, -0.031057866290211678, 0.0019653202034533024, 0.0023638701532036066, -0.024203449487686157, -0.01610981673002243, -0.011036773212254047, -0.016832692548632622, 0.018407529219985008, 0.01812354288995266, -0.01747811771929264, -0.017258672043681145, -0.030205905437469482, 0.00853252224624157, 0.007628927007317543, 0.008829418569803238, -0.014741513878107071, 0.022499525919556618, -0.018059000372886658, 0.018652791157364845, -0.012940777465701103, -0.03593728318810463, 0.04391473904252052, 0.0067059691064059734, 0.006063770968466997, 0.006163811776787043, 0.002368710935115814, 0.006951230578124523, 0.0076999240554869175, -0.008171084336936474, 0.002418731339275837, -0.009952458553016186, 0.010307442396879196, 0.03082551248371601, -0.02777910605072975, 0.011753194965422153, 0.013173130340874195, 0.02122158370912075, 0.02222844772040844, 0.016639064997434616, 0.013463571667671204, -0.005621654447168112, -0.005886279046535492, -0.005637790076434612, 0.038880422711372375, 0.029586296528577805, -0.032348718494176865, 0.04143630713224411, 0.02228008210659027, 0.00419849157333374, 0.02287387289106846, -0.031238585710525513, 0.008429254405200481, 0.005653925705701113, -0.01265679020434618, -0.005098859779536724, -0.6476972103118896, -0.030541526153683662, 0.0026333353016525507, -0.0410490483045578, 0.0006280795205384493, 0.0036047003231942654, 0.031625840812921524, -0.01044943556189537, -0.0055926102213561535, -0.0016684244619682431, 0.023054592311382294, 0.010242899879813194, 0.0005679742898792028, -0.012463162653148174, -0.0161227248609066, -0.016497071832418442, 0.014651155099272728, -0.005860461853444576, 0.012056545354425907, 0.013056954368948936, -0.011862916871905327, 0.024461619555950165, -0.038518983870744705, -0.027624202892184258, 0.016574522480368614, -0.012256626971065998, 0.001765238237567246, -0.026798058301210403, 0.0233127623796463, -0.012463162653148174, -0.010068634524941444, 0.018898053094744682, 0.025752469897270203, 0.026191359385848045, 0.04099741578102112, -0.00023880736262071878, -0.002307395450770855, 0.021828284487128258, 0.049078140407800674, 0.011540204286575317, -0.008881052024662495, 0.00736430287361145, 0.04032617434859276, 0.021053774282336235, -0.006221900228410959, 0.026410803198814392, 0.032013095915317535, -0.0018943232716992497, 0.02020181156694889, -0.028192177414894104, -0.009281216189265251, 0.01044943556189537, -0.0147286057472229, 0.008784238249063492, 0.02637207880616188, -0.007215855177491903, 0.02468106336891651, 0.009126313962042332, -0.03172910958528519, 0.0014296170556917787, 0.021363578736782074, -0.00941675528883934, 0.015864554792642593, -0.036995779722929, -0.02327403612434864, -0.00487941550090909, -0.015412756241858006, 0.00853897724300623, 0.007435299456119537, 0.011191675439476967, -0.003398164175450802, 0.02497795969247818, 0.006835054140537977, 0.0021363578271120787, 0.008035545237362385, 0.017710471525788307, 0.014973867684602737, -0.001212592818774283, 0.014599520713090897, 0.012611610814929008, 0.012159813195466995, 0.00717712938785553, -0.01742648333311081, -0.009113405831158161, -0.014457526616752148, -0.01603236421942711, -0.010830236598849297, -0.021002139896154404, 0.02845034748315811, 0.00939739216119051, 0.0194789357483387, -0.02055034227669239, -0.0024994094856083393, -0.03190982714295387, -0.008803601376712322, 0.011030318215489388, 0.01264388207346201, -0.022693153470754623, 0.010726968757808208, -0.00033078048727475107, -0.028631066903471947, -0.01712958700954914, -0.016561614349484444, -0.0013384507037699223, 0.012521251104772091, -0.010914142243564129, 0.00753211323171854, -0.0027430576737970114, 0.023015866056084633, -0.010397802107036114, 0.0023106227163225412, -0.006764057092368603, -0.03345884755253792, -0.02256406843662262, -0.0017620110884308815, -0.023390213027596474, 0.02459070459008217, 0.013657200150191784, -0.00019282080756966025, 0.009694288484752178, 0.0010141244856640697, 0.014250990934669971, 0.021686291322112083, -0.028527798131108284, -0.023506389930844307, 0.04918140918016434, -0.008048453368246555, 0.0053731659427285194, 0.007900006137788296, 0.00035740426392294466, 0.00870678760111332, 0.0077321953140199184, 0.018007365986704826, -0.009836281649768353, -0.004285624250769615, 0.0053699384443461895, -0.0014191289665177464, -0.027520935982465744, 0.02296423353254795, -0.02120867557823658, -0.023390213027596474, -0.006828600075095892, 0.0019572521559894085, 0.0005417538923211396, -0.0336395688354969, 0.00337234721519053, -0.04458598047494888, 0.021996093913912773, 0.00039310436113737524, 0.019646747037768364, -0.03276178985834122, -0.0011770944111049175, 0.0020621339790523052, 0.0030754515901207924, -0.003478842554613948, -0.007803191896528006, 0.023416031152009964, -0.02022762969136238, 0.019659655168652534, -0.007628927007317543, -0.017581386491656303, -0.0023590296041220427, -0.021079590544104576, 0.0033239403273910284, 0.00294798007234931, -0.004340485204011202, 0.019750013947486877, 0.008590610697865486, -0.016613246873021126, -0.024539070203900337, -0.0007966968696564436, -0.012689061462879181, 0.0036853784695267677, 0.015128768980503082, -0.0018071908270940185, 0.01301822904497385, -0.012088816612958908, -0.008242080919444561, -0.0026720608584582806, -0.007164220791310072, 0.0023913008626550436, 0.015270763076841831, -0.008939140476286411, 0.022486617788672447, 0.004950412083417177, 0.04716768115758896, -0.00037938906461931765, -0.0009947618236765265, -0.017542660236358643, 0.011785466223955154, -0.019298216328024864, 0.017336124554276466, 0.015503115952014923, 0.012069453485310078, 0.007332031615078449, -0.0034627069253474474, -0.006609155330806971, -0.010320350527763367, -0.014973867684602737, -0.004217854235321283, 0.0003499415470287204, -0.005857234820723534, 0.027908191084861755, -0.014315533451735973, 0.022021912038326263, -0.005037544760853052, 0.017710471525788307, -0.011230400763452053, 0.044689249247312546, 0.01576128602027893, 0.00042598071740940213, -0.013244127854704857, -0.01081087440252304, -0.0157741941511631, -0.014870598912239075, 0.011411119252443314, 0.005173083860427141, 0.029173225164413452, -0.008267898112535477, -0.030928781256079674, 0.028140543028712273, 0.015193311497569084, 0.027211131528019905, 0.016509979963302612, -0.006789874285459518, -0.0042598070576786995, 0.026488255709409714, 0.014147723093628883, 0.008300169371068478, -0.004808418452739716, -0.002000818494707346, 0.008300169371068478, 0.013889553025364876, -0.002346121007576585, 0.03968074917793274, 0.03005100227892399, 0.03562747687101364, -0.01879478432238102, 0.01195973064750433, 0.007525659166276455, 0.02772747166454792, 0.009520023129880428, 0.018730241805315018, -0.008648699149489403, 0.04066179320216179, 0.0321163646876812, 0.026798058301210403, 0.03252943605184555, -0.00175232975743711, 0.0031109501142054796, 0.0035014322493225336, -0.004492160398513079, -0.02193155139684677, 0.004304986912757158, 0.026539888232946396, 0.012785875238478184, 0.026798058301210403, 0.023028776049613953, 0.006125086452811956, -0.0006551066762767732, 0.0008342122309841216, 0.0023122362326830626, 0.035420943051576614, -0.009029500186443329, 0.027262765914201736, 0.0038080094382166862, -0.03456898033618927, 0.0014320374466478825, 0.012172721326351166, -0.012269535101950169, -0.01111422386020422, 0.003340075956657529, 0.007467570714652538, -0.003656334476545453, 0.003106109332293272, 0.013889553025364876, -0.0002511107886675745, 0.032322898507118225, 0.016845600679516792, 0.0028205085545778275, 0.013076316565275192, -0.013005319982767105, 0.01319894753396511, 0.015244945883750916, 0.0017894416814669967, -0.01489641610532999, 0.0018927097553387284, 0.00821626465767622, -0.020356714725494385, 0.03255525231361389, 0.012669699266552925, -0.00960392877459526, -0.012553522363305092, 0.009752376936376095, -0.00478582875803113, 0.014522070065140724, 0.0028818240389227867, -0.05483533442020416, -0.015477298758924007, -0.005324759054929018, 0.007138404063880444, -0.006764057092368603, 0.012766513042151928, -0.016509979963302612, 0.03585983067750931, 0.006231581326574087, 0.012295352295041084, 0.01126912608742714, 0.011533750221133232, -0.0018604384968057275, 0.015993639826774597, 0.010552704334259033, -0.0017749195685610175, 0.01643252931535244, 0.03552420809864998, -0.010707605630159378, 0.004605109803378582, -0.018304262310266495, 0.037512119859457016, -0.006628517992794514, 0.0008576089167036116, 0.013553931377828121, -0.013295761309564114, 0.009868552908301353, 0.06289024651050568, 0.004340485204011202, 0.010042818263173103, 0.006815691478550434, 0.006338076665997505, -0.010991592891514301, -0.044663432985544205, -0.0062799882143735886, 0.018252627924084663, 0.0006280795205384493, -0.01878187619149685, -0.00452120415866375, 0.008171084336936474, 0.01848498173058033, 0.011927459388971329, 0.02736603282392025, 0.008293715305626392, -0.030902964994311333, -0.0006010523065924644, -0.008119450882077217, -0.03175492584705353, 0.004779374692589045, 0.04856180027127266, 0.018975503742694855, 0.005753966514021158, -0.014302625320851803, 0.0001857614697655663, 0.010720514692366123, 0.004434071946889162, -0.022034820169210434, 0.010817328467965126, 0.01946602761745453, -0.0016458345344290137, 0.025197403505444527, 0.010326804593205452, 0.010739876888692379, 0.013147314079105854, -0.015141678042709827, -0.0001688190532149747, -0.007409482728689909, 0.03240035101771355, -0.008952049538493156, 0.006350985262542963, 0.011727377772331238, 0.016019456088542938, -0.014586612582206726, 0.006183174438774586, 0.020976323634386063, -0.010029909200966358, 0.024435803294181824, 0.02017599530518055, 0.007041590288281441, -0.013502297922968864, -0.00563456304371357, 0.007015773095190525, -0.023506389930844307, -0.0005542589933611453, -0.003720876993611455, 0.010520433075726032, -0.021634656935930252, -0.027804922312498093, -0.01911749877035618, 0.004250125493854284, 0.005947594065219164, -0.04079087823629379, -0.017723379656672478, -0.007641835603863001, 0.007551476359367371, -0.02469397336244583, -0.012282444164156914, 0.013515206053853035, -0.022848056629300117, -0.012902052141726017, 0.026165543124079704, 0.022512435913085938, -0.019659655168652534, 0.01024935394525528, -0.00908113457262516, -0.0046728793531656265, 0.010739876888692379, -0.008835872635245323, -0.012714878655970097, -0.020640701055526733, -0.0383898988366127, -0.004837462678551674, 0.044301994144916534, -0.01816226914525032, -0.010920596309006214, 0.004960093647241592, 0.015567658469080925, -0.01883351057767868, 0.002839871449396014, 0.00709967827424407, -0.0046212454326450825, 0.04391473904252052, 0.006076679565012455, -0.01369592547416687, 0.014844782650470734, 0.005966957192867994, -0.028243811801075935, -0.0022267173044383526, -0.00019715726375579834, -0.0027511254884302616, -0.023441847413778305, 0.005960502661764622, -0.009487751871347427, -0.0016256649978458881, 0.002112154383212328, -0.004330803640186787, 0.003595018992200494, 0.007951639592647552, -0.022163905203342438, 0.011443390510976315, 0.005208582151681185, -0.017904099076986313, 0.046083368360996246, -0.0012198538752272725, 0.011056135408580303, 0.01671651564538479, -0.00890686921775341, 0.0195434782654047, -0.04133303835988045, 0.03082551248371601, 0.03929349407553673, -0.016213083639740944, 0.009410301223397255, -0.002094405237585306, -0.01985328271985054, -0.014238082803785801, -0.01674233190715313, -0.007157766725867987, 0.029534662142395973, 0.016910143196582794, -0.0321163646876812, -0.03348466381430626, -0.022060636430978775, -0.01028162520378828, -0.002236398635432124, -0.025494299829006195, 0.02151848003268242, -0.02526194602251053, 0.03172910958528519, -0.007235217839479446, 0.011837100610136986, 0.004747102968394756, -0.028889236971735954, -0.021647565066814423, 0.023002957925200462, -0.012689061462879181, 0.026565706357359886, -0.027262765914201736, 0.0222671739757061, -0.008429254405200481, 0.019659655168652534, -0.012243717908859253, -0.030257537961006165, 0.014612428843975067, -0.03074806183576584, 0.036040548235177994, 0.021105408668518066, 0.017917007207870483, -0.0015942004974931479, 0.02024053782224655, 0.0026720608584582806, -0.0010084770619869232, 0.012314715422689915, -0.016148541122674942, -0.006047635339200497, -0.020589066669344902, -0.00487941550090909, 0.0256879273802042, 0.005773329641669989, -0.01746520958840847, -0.010300988331437111, 0.026462437584996223, 0.021428121253848076, -0.006460707634687424, -0.0060928151942789555, -0.04135885462164879, -0.010165448300540447, -0.002058906713500619, 0.01674233190715313, -0.0003983484348282218, 0.002173469867557287, -0.031032050028443336, -0.0020508388988673687, 0.019285308197140694, -0.016845600679516792, -0.00020774627046193928, 0.00014229610678739846, 0.02428090013563633, -0.01851079799234867, 0.0029495935887098312, -0.0171037707477808, 0.051169317215681076, 0.0032836012542247772, -0.012914960272610188, -0.032968323677778244, -0.02363547496497631, -0.00529571482911706, 0.006383256521075964, 0.01953057013452053, 0.013592656701803207, -0.02808891050517559, -0.012747149914503098, 0.008932686410844326, -0.008958503603935242, -0.006470388732850552, 0.009952458553016186, -0.0006321134278550744, -0.011830645613372326, -0.02287387289106846, 0.007512750569730997, -0.005379620008170605, 0.002205741126090288, 0.01671651564538479, 0.005553884897381067, 0.04610918462276459, -0.01643252931535244, 0.006125086452811956, 0.024397077038884163, -0.030928781256079674, 0.027598386630415916, -0.0036369715817272663, 0.011081952601671219, -0.015296580269932747, 0.01707795448601246, -0.021608838811516762, -2.1152805857127532e-05, 0.002836644183844328, -0.0072868517599999905, 0.02398400567471981, 0.01882060244679451, -0.0023977551609277725, 0.006347757764160633, 0.005056907422840595, 0.0430111438035965, 0.010875416919589043, -0.020769786089658737, 0.031316034495830536, 0.009565203450620174, 0.00555711193010211, -0.011992002837359905, 0.015464390628039837, -0.032038912177085876, -0.0030044547747820616, 0.001857211347669363, -0.03012845292687416, 0.006160584744066, -0.008293715305626392, -0.008338894695043564, 0.035808198153972626, -0.015606383793056011, 0.014457526616752148, 0.0184978898614645, -0.008700333535671234, 0.03934512659907341, -0.011527296155691147, 0.008526068180799484, -0.00264785741455853, 0.028811786323785782, 0.03172910958528519, 0.012540614232420921, -0.028837602585554123, -0.0009390938212163746, 0.013282853178679943, -0.0161227248609066, -0.0045341127552092075, 0.0020508388988673687, 0.027236947789788246, -0.008751966990530491, -0.022848056629300117, -0.004434071946889162, 0.011256217956542969, 0.021273218095302582, 0.01613563299179077, -0.011598292738199234, 0.002205741126090288, -0.012101724743843079, -0.025068318471312523, -0.012701970525085926, -0.006025045178830624, -0.015980731695890427, -0.009494205936789513, 0.003778965212404728, -0.007990365847945213, 0.01489641610532999, -0.014444618485867977, 0.002705945633351803, -0.020395439118146896, -0.010042818263173103, 0.004066179506480694, -0.036815058439970016, 0.009720105677843094, 0.01213399600237608, 0.0002805583062581718, 0.008900415152311325, 0.019259491935372353, -0.05101441591978073, 0.004782601725310087, -0.00403068121522665, 0.02264152094721794, -0.02260279469192028, 0.013173130340874195, -0.006951230578124523, -0.012204992584884167, 0.023054592311382294, -0.012618064880371094, -0.021479753777384758, -0.04337258264422417, 0.0017152178334072232, 0.00872615072876215, -0.017568476498126984, -0.009565203450620174, 0.00020139287516940385, -0.001486898516304791, 0.011940368451178074, -0.014328441582620144, -0.010849599726498127, 0.013411938212811947, 0.007525659166276455, 0.0035788833629339933, 0.046005915850400925, -0.02531358040869236, 0.011540204286575317, 0.0030754515901207924, 0.007048044353723526, -0.027598386630415916, -0.006996410433202982, 3.756576916202903e-05, 0.005786237772554159, -0.018213901668787003, -0.020589066669344902, -0.022021912038326263, -0.018149359151721, 0.0043114409781992435, -0.0037886465433984995, 0.014935141429305077, 0.001353779574856162, -0.01639380306005478, -0.006409073248505592, -0.020937597379088402, -0.002054066164419055, 0.027572570368647575, -0.03263270482420921, -0.014689880423247814, 0.0017716925358399749, -0.01680687442421913, -0.05297651141881943, -0.024164723232388496, 0.019982367753982544, 0.040868330746889114, 0.00821626465767622, -0.013579748570919037, 0.0071190414018929005, 0.008939140476286411, -0.061031416058540344, 0.009035954251885414, -0.02116995118558407, 0.007770920637995005, 0.018639883026480675, 0.01576128602027893, -0.016703607514500618, 0.04200427979230881, -0.007603110279887915, -0.0033820285461843014, -0.0051504941657185555, 0.0042081731371581554, -0.010630154982209206, -0.006989956367760897, 0.03766702115535736, -0.00693186791613698, -0.035472575575113297, -0.022112270817160606, 0.03632453829050064, -0.012198538519442081, -0.013424846343696117, -0.0009463548776693642, -0.01077214814722538, 0.014108997769653797, 0.020989231765270233, -0.0012109793024137616, 0.012760058045387268, 0.008067816495895386, 0.002238012384623289, -0.03214218094944954, 0.0006522829644382, 0.014134814031422138, 0.013257035985589027, 0.013295761309564114, -0.011798374354839325, 0.005511932075023651, -0.000657527067232877, -0.005247307941317558, 0.018614066764712334, -0.00943611841648817, -0.006099269259721041, -0.02327403612434864, -0.005834644660353661, 0.0080290911719203, 0.009442572481930256, 0.016587430611252785, -0.002007272792980075, 0.007344940211623907, 0.0007809646194800735, 0.0073384856805205345, -0.01559347566217184, -0.0005082724383100867, -0.0037434669211506844, -0.01573546975851059, -0.005482887849211693, -0.024461619555950165, 0.004172674845904112, 0.035446759313344955, -0.004301759880036116, -0.014328441582620144, -0.024461619555950165, -0.018936779350042343, 0.022654429078102112, 0.0063445307314395905, 0.01488350797444582, -0.0011916165240108967, -0.0006091201212257147, -0.03007682040333748, -0.002300941152498126, -0.011462753638625145, -0.0030044547747820616, 0.002878597006201744, -0.011882279999554157, 0.012895598076283932, -0.02468106336891651, 0.014225173741579056, 0.002831803634762764, 0.015890371054410934, -0.01418644841760397, 0.006299350876361132, 0.17586548626422882, 0.008435708470642567, -0.0012246945407241583, 0.02912159077823162, -0.02533939853310585, -0.014831873588263988, -0.009339304640889168, 0.02021472156047821, -0.0013061794452369213, 0.033717017620801926, -0.0017991230124607682, -0.01644543744623661, -0.02391946129500866, 0.011992002837359905, -0.007803191896528006, 0.013399029150605202, -0.034801334142684937, 0.0072029465809464455, -0.03113531693816185, 0.03650525584816933, 0.032348718494176865, -0.01387664396315813, -0.0020685880444943905, -0.00410490483045578, 0.029973551630973816, 0.014134814031422138, 0.022680245339870453, 0.020589066669344902, 0.02598482370376587, 0.014070271514356136, 0.0033207132946699858, -0.019595112651586533, 0.005566793493926525, -0.013954095542430878, -0.03622126951813698, -0.005618427414447069, 0.015954913571476936, -0.021453937515616417, 0.00020552762725856155, 0.007654744200408459, -0.004243671428412199, -0.009984729811549187, -0.006054089404642582, -0.015102952718734741, -0.012204992584884167, -0.014651155099272728, -0.041591208428144455, 0.010494615882635117, -0.02288678102195263, -0.0014409120194613934, -0.03890623897314072, -0.006828600075095892, 0.007809646427631378, 0.010707605630159378, 0.02672060765326023, 0.005002046003937721, 0.006609155330806971, -0.015567658469080925, 0.0032142181880772114, -0.0039209588430821896, -0.007396574132144451, 0.0043759834952652454, -0.040919963270425797, 0.019982367753982544, -0.021815376356244087, -0.009713650681078434, -0.017917007207870483, 0.01884641870856285, -0.003375574480742216, 0.012579339556396008, -0.028605250641703606, -0.0024058229755610228, -0.027211131528019905, -0.003930640406906605, -0.010488161817193031, -0.00376605661585927, 0.025094136595726013, 0.0009052089881151915, 0.014057363383471966, 0.01818808540701866, -0.030877146869897842, -0.013967003673315048, -0.005670061334967613, 0.033045776188373566, -0.003946776036173105, -0.007816100493073463, 0.024900509044528008, -0.0028995731845498085, -0.010255808010697365, -0.015438573434948921, 0.003296509850770235, 0.0017733060522004962, -0.010430073365569115, 0.0011553113581612706, -0.0038531890604645014, -0.00760956434533, -0.009997637942433357, 0.0242292657494545, -0.0004626892623491585, 0.015903279185295105, -0.03309740871191025, 0.06521377712488174, 0.0256879273802042, -0.020731061697006226, -0.010643063113093376, 0.0009003683226183057, -0.01679396629333496, 0.019659655168652534, 0.009339304640889168, -0.00048043846618384123, -0.021453937515616417, -0.020034002140164375, -0.017349032685160637, -0.02734021656215191, -0.0017926688306033611, -0.011527296155691147, -0.01044943556189537, -0.03322649374604225, 0.014470435678958893, -0.04685787856578827, -0.02394527941942215, -0.008687424473464489, 0.015451482497155666, 0.011307851411402225, -0.017620110884308815, -0.012908506207168102, -0.019091680645942688, 0.005566793493926525, 0.02390655316412449, -0.046393170952796936, -0.0006659982609562576, -0.008558339439332485, -0.02217681333422661, -0.011191675439476967, -0.010004092007875443, 0.013760467991232872, 0.010862507857382298, -0.029612112790346146, -0.004982683341950178, 0.004001636989414692, 0.010158994235098362, -0.030670611187815666, 0.014534978196024895, 0.008609973825514317, 0.0030899737030267715, 0.0060379537753760815, -0.008506705984473228, 0.0012561590410768986, -0.005256989039480686, 0.004750330466777086, -0.011140041053295135, -0.025855738669633865, 0.00041992985643446445, -0.017904099076986313, -0.004211400169879198, -0.02496505156159401, 0.004098450765013695, -0.04690951108932495, 0.008952049538493156, -0.002486501121893525, -0.024177633225917816, 0.014676971361041069, 0.021725015714764595, -0.0065575214102864265, 0.0011303010396659374, 0.005466752219945192, -0.16089162230491638, 0.030618976801633835, 0.03557584434747696, 0.0004929435672238469, 0.03890623897314072, 0.008112995885312557, -0.0017749195685610175, 0.008325986564159393, -0.023093318566679955, 0.02155720628798008, 0.017658837139606476, -0.025236129760742188, -0.0090746795758605, 0.0030431803315877914, -0.01521912869066, -0.0055603389628231525, -0.0018362350529059768, 0.017555568367242813, 0.021299036219716072, 0.012011365033686161, 0.0038596433587372303, -0.0104365274310112, -0.0025203858967870474, -0.024745605885982513, -0.010830236598849297, -0.005231172312051058, -0.030231721699237823, -0.00015984360652510077, -0.004511523060500622, -0.011372393928468227, -0.022034820169210434, 0.0020459983497858047, 0.023119134828448296, -0.012689061462879181, -0.0037434669211506844, -0.023777468129992485, -0.020627792924642563, -0.014625337906181812, -0.038467347621917725, 0.03831244632601738, 0.012527705170214176, 0.007344940211623907, -0.021983185783028603, -0.007603110279887915, -0.0007345746853388846, 0.019401485100388527, 0.032968323677778244, 0.0007309441571123898, 0.006247716955840588, -0.023880736902356148, -0.00990727823227644, -0.022150997072458267, -0.0020879509393125772, 0.004553475417196751, -0.010513978078961372, -0.01370883360505104, -0.03221963346004486, 0.03172910958528519, 0.005692651495337486, -0.0090424083173275, -0.001212592818774283, -0.007777375169098377, 0.03152257204055786, -0.0039855013601481915, -0.007319123018532991, -0.020950505509972572, 0.0036111546214669943, 0.014341350644826889, -0.009132768027484417, -0.01707795448601246, 0.013954095542430878, -0.023338578641414642, 0.0073707569390535355, -0.03702159598469734, 0.0050956327468156815, 0.014483343809843063, -0.0026446301490068436, 0.011992002837359905, 0.022409167140722275, -0.01578710414469242, 0.008429254405200481, 0.039887282997369766, -0.019620928913354874, -0.006609155330806971, -0.007461116649210453, 0.027469301596283913, 0.017620110884308815, 0.012818146497011185, -0.032658521085977554, 0.008945594541728497, 0.02533939853310585, -0.02466815523803234, -0.02326112799346447, -0.010610791854560375, 0.004250125493854284, 0.024409985169768333, 0.007228763308376074, -0.015967821702361107, -0.004062952473759651, 0.00454056728631258, 0.012056545354425907, -0.016535796225070953, -0.046393170952796936, 0.008235626854002476, 0.013915370218455791, 0.025933189317584038, -0.02159593068063259, 0.006867325399070978, 0.029250675812363625, -0.00013090032734908164, 0.012850417755544186, 0.005298941861838102, 0.024358350783586502, 0.016651973128318787, 0.010294533334672451, 0.001409447519108653, -0.005224717780947685, -0.013115042820572853, -0.02155720628798008, -0.007816100493073463, 0.016277626156806946, 0.013528114184737206, -0.004379210993647575, 0.004385665059089661, -0.005918550305068493, -0.006899596657603979, -0.10197719931602478, -0.0315483883023262, 0.01607109047472477, 0.023170769214630127, 0.01782664656639099, -0.019052956253290176, -0.01216626726090908, 0.03012845292687416, -0.003223899519070983, 0.008577702566981316, 0.004201718606054783, -0.02571374550461769, 0.00589596014469862, -0.0075837476179003716, 0.027546752244234085, -0.006957685109227896, 0.013411938212811947, 0.0017862145323306322, -0.007525659166276455, 0.01286332681775093, -0.000522794493008405, -0.035420943051576614, -0.013747558929026127, -0.006712423171848059, -0.009352212771773338, -0.003446571296080947, -0.023764559999108315, -0.0006692253518849611, 0.007525659166276455, 0.0034046184737235308, -0.017929915338754654, -0.0002466735022608191, 0.015916189178824425, 0.018355896696448326, -0.014341350644826889, -0.02088596299290657, -0.011172312311828136, -0.03733139857649803, 0.023119134828448296, -0.003785419510677457, -0.00760956434533, 0.005741058383136988, 0.012050090357661247, -0.010346167720854282, 0.01521912869066, -0.0184978898614645, -0.018381712958216667, 0.018652791157364845, 0.007041590288281441, -0.027288582175970078, -0.0009826601017266512, -0.02083432860672474, 0.008164630271494389, -0.026823876425623894, 0.012217901647090912, -0.023351488634943962, 0.007758012507110834, 0.025171587243676186, -0.010397802107036114, -0.0017668517539277673, 0.02256406843662262, 0.015606383793056011, 0.008371165953576565, 0.013476480729877949, 0.018601156771183014, -0.007906460203230381, -0.01146920770406723, -0.00029951767646707594, 0.01914331503212452, -0.04938794672489166, 0.011075498536229134, 0.0003348143945913762, -0.02362256683409214, -0.009900824166834354, -0.024384168907999992, -0.008816509507596493, -0.035085320472717285, -0.020666519179940224, -0.023144951090216637, -0.013528114184737206, -0.002292873337864876, -0.015090043656527996, 0.02976701594889164, -0.01316667627543211, 0.027288582175970078, 0.023196585476398468, -0.013799193315207958, -0.015180403366684914, 0.03493041917681694, -0.04388892278075218, 0.003288442036136985, 0.020808512344956398, 0.024164723232388496, 0.008054908365011215, -0.02253825217485428, 0.021118316799402237, 0.0023880735971033573, -0.01883351057767868, -0.03451734408736229, 0.020950505509972572, -0.03906114026904106, -0.0019056182354688644, -0.05509350448846817, 0.01610981673002243, 0.014664063230156898, -0.022667337208986282, 0.002896346151828766, 0.00973946787416935, 0.013295761309564114, -0.006847962737083435, 0.011424028314650059, 0.008087179623544216, -0.02397109568119049, 0.016161449253559113, -0.003720876993611455, -0.016484161838889122, -0.01265679020434618, 0.00921667367219925, 0.006609155330806971, -0.007041590288281441, 0.01077214814722538, -0.008190447464585304, -0.028915053233504295, -0.002544589340686798, 0.0021557204890996218, -0.004469570238143206, -0.029560480266809464, 0.017904099076986313, -0.02912159077823162, 0.011766103096306324, -0.02845034748315811, -0.009152131155133247, 0.018342986702919006, -0.008254989981651306, -0.014418801292777061, 0.007196492049843073, -0.028192177414894104, -0.042598072439432144, -0.017400667071342468, 0.03005100227892399, 0.028605250641703606, -0.029328126460313797, 0.01130139734596014, -0.027985641732811928, 0.004337258171290159, -0.031341854482889175, 0.004579292610287666, -0.006034726742655039, -0.025739561766386032, 0.0019459573086351156, 0.01435425877571106, 0.0067576030269265175, 0.005628108978271484, 0.018200993537902832, 0.0019588659051805735, -0.0043985736556351185, -0.01230180636048317, -0.008190447464585304, -0.01520622055977583, -0.012760058045387268, -0.001699082087725401, -0.038880422711372375, 0.04210754856467247, 0.007312668953090906, 0.022473709657788277, -0.004827781580388546, 0.020085636526346207, 0.006357439327985048, -0.014134814031422138, 0.014973867684602737, 0.005098859779536724, -0.01580001227557659, 2.0686386051238514e-05, 0.013257035985589027, 0.004201718606054783, 0.015361122786998749, -0.02017599530518055, -0.0015094884438440204, -0.006509114522486925, 0.014212265610694885, -0.012992411851882935, 0.025752469897270203, 0.029147407039999962, -0.011617655865848064, -0.022460801526904106, 0.033355578780174255, 0.027572570368647575, 0.008751966990530491, -0.007809646427631378, 0.011682198382914066, 0.000583706540055573, -0.011430482380092144, -0.00435339380055666, 0.014909325167536736, 0.001954025123268366, 0.01578710414469242, 0.030670611187815666, 0.012127541936933994, -0.018200993537902832, -0.01250188797712326, 0.01435425877571106, 0.013644291087985039, -0.007925823330879211, -0.0028221223037689924, -0.009875006973743439, -0.011585384607315063, -0.03663434088230133, 0.009868552908301353, -0.0053699384443461895, -0.012566430494189262, -0.036143817007541656, 0.02355802431702614, -0.005724922753870487, 0.011921005323529243, 0.012217901647090912, -0.0020104998257011175, 0.004592201206833124, 0.007706378120929003, -0.008448617532849312, 0.012785875238478184, -0.007196492049843073, 0.01639380306005478, -0.010158994235098362, 0.000359824625775218, -0.0031625840347260237, 0.00804199930280447, 0.006447799038141966, 0.030618976801633835, -0.00779673783108592, -0.013360303826630116, -0.0032222860027104616, -0.029534662142395973, 0.025378122925758362, 0.0033174860291182995, -0.01910458877682686, -0.003459479659795761, -0.008500250987708569, -0.0037821922451257706, -0.010010547004640102, 0.0009439345449209213, -0.008945594541728497, 0.05499023571610451, 0.049103956669569016, 0.002628494519740343, -0.01109486073255539, -0.004133949056267738, 0.016303444281220436, 0.0038564163260161877, -0.008900415152311325, 0.024487435817718506, -0.03113531693816185, 0.02633335255086422, 0.006470388732850552, -0.013044045306742191, -0.030231721699237823, -0.021815376356244087, -0.0052537620067596436, -0.00625417148694396, 0.02390655316412449, 0.008835872635245323, 0.005050452891737223, 0.00693186791613698, -0.021996093913912773, 0.044611796736717224, 0.02461652085185051, -0.02257697843015194, -0.018988411873579025, 0.005602291785180569, 0.001979842083528638, -0.0073707569390535355, -0.022331716492772102, -0.011023864150047302, 0.0031754926312714815, -0.008390529081225395, 0.00028519731131382287, 0.03529185801744461, 0.0066220639273524284, -0.029973551630973816, -0.02015017904341221, 0.016884326934814453, 0.017697561532258987, 0.016703607514500618, 0.002962502185255289, -0.022099362686276436, -0.02674642577767372, -0.03356211632490158, 0.028915053233504295, -0.017581386491656303, -0.021015048027038574, -0.018394621089100838], 'ai_metadata': {'tags': ['construction', 'document'], 'document_type': 'unknown', 'topics': ['Fire Rating Requirements for Steel Structures'], 'supplier_mentions': [], 'categories': ['general'], 'summary': '```json\n{\n  "tags": [\n    "AS 1530.4",\n    "BCA",\n    "fire resistance",\n    "building codes",\n    "steel structures"\n  ],\n  "document_type": "Specification",\n  "topics": [\n    "fire rating requiremen'}, 'created_timestamp': '2025-08-12T07:51:07.165000', 'status': 'active', 'reference_count': 0, 'helpful_votes': 0, 'view_count': 0}, 'similarity_score': 0.8396104503196802}], 'total_results': 48}
❌ FAIL Knowledge Search (Fire Rating Requirements)
   Details: Missing required fields in response
   Response: {'query': 'fire rating requirements', 'community_results': [], 'personal_results': [{'type': 'personal_document', 'document': {'_id': '689afe01d2f76a65144ba72e', 'document_id': '35cbfdfc-6978-475a-80d0-f4584a0bf26f', 'user_id': 'demo_user_auto_token', 'filename': 'fire_safety_requirements.txt', 'original_size': 806, 'content_type': 'text/plain', 'file_hash': 'ecab604f6951f10e1dd5b69c39561aecddb8c09e8f24dfc1b8265c13292c7175', 'extracted_text': '\n        Fire Safety Requirements for High-Rise Buildings in Australia\n        \n        This document outlines the key fire safety requirements for high-rise buildings \n        in accordance with Australian Standards and the National Construction Code (NCC).\n        \n        Key Standards:\n        - AS 1851: Maintenance of fire protection systems\n        - AS 2118: Automatic fire sprinkler systems\n        - AS 3786: Smoke alarms using scattered light\n        - NCC Volume One: Fire safety provisions\n        \n        Requirements:\n        1. Fire resistance levels (FRL) for structural elements\n        2. Egress provisions and travel distances\n        3. Smoke hazard management systems\n        4. Fire sprinkler system installation\n        5. Emergency warning and intercommunication systems\n        ', 'embedding': [-0.006996841635555029, 0.014086182229220867, -0.01497152354568243, -0.030841603875160217, 0.02925591729581356, 0.006735864095389843, -0.0029335201252251863, -0.0214992668479681, -0.014297607354819775, -0.0056754364632070065, -0.01912073604762554, -0.004228497389703989, -0.011152662336826324, 0.02406279370188713, 0.0049750916659832, 0.009025199338793755, 0.0306566059589386, -0.01263924315571785, -0.004955270327627659, -0.008423959836363792, -0.010082323104143143, 0.02145962417125702, -0.010287141427397728, -0.0006421204307116568, 0.0003363389696460217, 0.012586386874318123, 0.0023124595172703266, -0.034620821475982666, 0.009963396936655045, -0.009381978772580624, 0.018948953598737717, -0.011800150386989117, 0.007010055705904961, -0.01742933876812458, -0.0103532113134861, -0.012652456760406494, -0.02843664586544037, -0.01395404152572155, 0.016980059444904327, -0.007670758757740259, 0.023415304720401764, -0.008807167410850525, 0.0022843796759843826, 0.0008452865295112133, 0.008483422920107841, 0.006772202905267477, 0.024142077192664146, -0.00951411947607994, -0.018169324845075607, 0.005635794252157211, -0.004565455950796604, -0.007578260265290737, -0.029335200786590576, -0.0251595601439476, -0.017508622258901596, -0.0005128704942762852, -0.015870079398155212, 0.014641172252595425, -0.0017756385495886207, -0.024485642090439796, -0.0051171425729990005, 0.012553351931273937, -0.047359172254800797, 0.026613105088472366, 0.022979240864515305, -0.016689350828528404, -0.013372623361647129, 0.002016795100644231, -0.02511991746723652, -0.03588937222957611, 0.034832246601581573, 0.02859521470963955, 0.010108751244843006, -0.0084636015817523, 0.023758869618177414, 0.005014733877032995, 0.011172482743859291, -0.010848738253116608, -0.015975791960954666, -0.024538498371839523, 0.0018384053837507963, -0.006626848131418228, 0.0019028238020837307, 0.027353093028068542, 0.011086591519415379, 0.030868031084537506, -0.0010472137946635485, 0.02036285772919655, 0.014852597378194332, -0.007710400968790054, -4.255854582879692e-05, 0.006831665989011526, 0.007730221841484308, 0.011575511656701565, 0.002416520146653056, -0.0032737820874899626, -0.0025982134975492954, 0.012811025604605675, 0.006174266804009676, -0.0320308692753315, 0.006957199890166521, -0.0067094359546899796, -0.02825164794921875, 0.005972752813249826, 0.0054144589230418205, -0.0062039983458817005, 0.023957081139087677, 0.00657729571685195, -0.004581973422318697, -0.008219141513109207, -0.011238553561270237, 0.01642506942152977, -0.007756649982184172, -0.03221586346626282, 0.03319370374083519, -0.025912761688232422, 0.017416123300790787, -0.001430421369150281, -0.000340881320880726, -0.022609246894717216, 0.004172337707132101, 0.0068911295384168625, 0.01351797766983509, 0.01639864221215248, 0.0063856919296085835, 0.006844880059361458, -0.007076126057654619, -0.015751153230667114, -0.013326373882591724, -0.0261902566999197, -0.012368354946374893, -0.016292929649353027, 0.022001400589942932, -0.0144693898037076, -0.0225299634039402, 0.014363677240908146, -0.009877505712211132, 0.013861543498933315, -0.04122785106301308, -0.02031000144779682, 0.006963806692510843, 0.026824530214071274, -0.0400385856628418, 0.006431940943002701, 0.016570424661040306, -0.0020465266425162554, -0.001762424479238689, 0.008959128521382809, -0.0004670342314057052, -0.001211563590914011, -0.007968074642121792, -0.01770683377981186, -0.015526513569056988, 0.015883293002843857, -0.014139038510620594, 0.02299245446920395, -0.02809307910501957, 0.005222855135798454, -0.014205108396708965, -0.034462254494428635, 0.011522655375301838, -0.0030293220188468695, 0.011159269139170647, 0.009315907955169678, 0.002134069800376892, -0.0025949098635464907, 0.0011248463997617364, -0.022886741906404495, -0.011337658390402794, 0.009586796164512634, 0.015539728105068207, 0.014654386788606644, -0.02646775171160698, 0.00913751870393753, 0.018763957545161247, 0.020481783896684647, 0.013650118373334408, 0.013491549529135227, 0.006547564174979925, -0.006943985819816589, -0.002953341230750084, 0.016543995589017868, 0.04083142802119255, 0.023639943450689316, -0.03536080941557884, -0.0108090965077281, 0.028172364458441734, 0.02390422485768795, -0.009315907955169678, -0.013194233179092407, -0.006038822699338198, 0.011139447800815105, -0.00395100237801671, -0.02859521470963955, -0.604252278804779, -0.020534640178084373, -0.009983218275010586, -0.028515929356217384, -0.01379547268152237, 0.018922526389360428, 0.035651519894599915, 0.013445300050079823, -0.004218586720526218, 0.008377710357308388, -0.003282040823251009, 0.022133540362119675, -0.004684382118284702, 0.003706542309373617, -0.01695363223552704, -0.012189965695142746, -0.020072149112820625, -0.025040633976459503, 0.025172773748636246, 0.016821490600705147, -0.0071752313524484634, 0.03129088133573532, -0.0331672765314579, -0.02722095139324665, 0.008034145459532738, -0.0018780474783852696, -0.010458923876285553, -0.038188617676496506, -0.0027501750737428665, 0.012553351931273937, -0.04114856570959091, 0.018724314868450165, 0.02628275379538536, 0.011694437824189663, 0.027802370488643646, -0.015196162275969982, -0.017693618312478065, 0.028727354481816292, 0.05206337571144104, 0.014324035495519638, -0.006600419990718365, -0.005212944466620684, 0.01976822502911091, 0.0002694428258109838, 0.013108341954648495, 0.0017013094620779157, 0.04590562358498573, -0.006322924979031086, 0.0393514558672905, -0.02612418495118618, -0.006207302212715149, 0.008833595551550388, -0.015936149284243584, 0.0013470076955854893, 0.008701454848051071, -0.01651756837964058, 0.033642981201410294, 0.013716188259422779, -0.013471728190779686, 0.008767524734139442, -0.010445710271596909, 0.008404138498008251, -0.006752382032573223, -0.024736709892749786, -0.02822522073984146, 0.01497152354568243, 0.008608956821262836, 0.023190665990114212, 0.012170144356787205, -0.02502741850912571, -0.012024789117276669, 0.02578062005341053, -0.009045020677149296, -0.0012726786080747843, 0.01971536874771118, 0.021261414512991905, 0.01651756837964058, -0.010928022675216198, 0.0033993155229836702, 0.02399672381579876, 0.0050015198066830635, 0.000450516672572121, -0.01921323500573635, -0.012407996691763401, 0.0020300091709941626, -0.020878206938505173, -0.016980059444904327, -0.015381159260869026, 0.015249018557369709, 0.010696777142584324, 0.027432376518845558, -0.007875576615333557, 0.0019160378724336624, -0.009084662422537804, 0.0025337948463857174, 0.010901594534516335, -0.011846399866044521, -0.003014456247910857, -0.008965736255049706, -0.01470724307000637, -0.011958719231188297, -0.001561736105941236, -0.03710506483912468, -0.011872828006744385, 0.011126234196126461, -0.018407177180051804, 0.007584867067635059, 0.019556799903512, 0.03451510891318321, -0.01015500072389841, 0.009388585574924946, -0.018446819856762886, -0.026705604046583176, -0.007432905491441488, 0.00409966055303812, -0.036338649690151215, 0.026771673932671547, 0.0017739868490025401, 0.018327893689274788, 0.005490439478307962, 0.01686113327741623, 0.00025519641349092126, 0.0443727932870388, -0.02431385964155197, 0.011932291090488434, 0.035810086876153946, 0.010908202268183231, -0.017587905749678612, 0.0015196162275969982, -0.01102712843567133, 0.0018697887426242232, 0.001299932599067688, 0.039906445890665054, -0.007082733325660229, 0.01030696276575327, -0.01592293567955494, -0.004423404578119516, -0.013207447715103626, 0.024763138964772224, -0.033431556075811386, -0.027432376518845558, -0.023983508348464966, 0.016121147200465202, -0.01162176113575697, -0.03662936016917229, -0.005318657029420137, -0.0048759859055280685, 0.023045310750603676, -0.02340209111571312, 0.01827503740787506, -0.0296259094029665, -0.021750332787632942, -0.023666370660066605, 0.010465530678629875, -0.021327484399080276, 0.0065013146959245205, 0.014218322932720184, -0.012777990661561489, -0.004532420542091131, -0.009461263194680214, 0.010709990747272968, 0.0046447403728961945, -0.03739577531814575, 0.007987895980477333, -0.0007585693383589387, -0.0007841715705581009, 0.020257145166397095, 0.0036768107675015926, 0.005530081689357758, -0.04167712852358818, -0.012698706239461899, -0.01540758740156889, -0.002547008916735649, 0.017971113324165344, 5.252070332062431e-05, 0.01403332594782114, -0.012791204266250134, -0.00824556965380907, 0.005018037278205156, -0.014839382842183113, 0.007736829109489918, 0.009111090563237667, -0.0129828080534935, -0.0005306268576532602, -0.007043091114610434, 0.012401389889419079, 0.03414511680603027, -0.01839396357536316, -0.020719638094305992, 0.015011166222393513, -0.023666370660066605, 0.011654796078801155, 0.012361748144030571, 0.02640167996287346, -0.005936414003372192, 0.0038353793788701296, 0.0207064226269722, -0.017046131193637848, -0.00657068844884634, 0.02477635256946087, 0.01937180384993553, -0.029810907319188118, 0.02994304709136486, -0.00018014472152572125, 0.031766586005687714, 0.014905453659594059, 0.013835115358233452, -0.002991331508383155, 0.0400385856628418, -0.007426298689097166, 0.006692918483167887, -0.004281353671103716, -0.009659473784267902, -0.010776061564683914, -0.003977430518716574, 0.008826988749206066, -0.003881628392264247, 0.026229897513985634, -0.02271495945751667, -0.006930771749466658, 0.008780739270150661, 0.006805237848311663, 0.03263871371746063, 0.023692799732089043, -0.02941448614001274, 0.002639507409185171, 0.02136712521314621, 0.023111380636692047, 0.005500350147485733, 0.002016795100644231, -0.03816219046711922, -0.0068911295384168625, 0.015975791960954666, -0.006544260308146477, 0.027049168944358826, 0.01576436683535576, 0.025146346539258957, -0.035836514085531235, 0.002295942045748234, 0.00862217042595148, 0.04405565932393074, 0.022516747936606407, 0.018592175096273422, -0.0027039258275181055, 0.03351084142923355, 0.001836753566749394, 0.013650118373334408, 0.024393144994974136, 0.013075307011604309, 0.01686113327741623, 0.018380749970674515, 0.0035744018387049437, -0.004357334692031145, 0.028859494253993034, 0.014416533522307873, 0.010254106484353542, 0.014799741096794605, 0.014403318986296654, 0.018684672191739082, 0.01045231707394123, 0.0131545914337039, -0.0121238948777318, 0.0327179990708828, 0.006600419990718365, 0.001635239226743579, 0.004839647561311722, -0.00627997936680913, -0.012441032566130161, 0.01596257835626602, -0.028885923326015472, -0.018922526389360428, 0.0052856216207146645, 0.012546745128929615, -0.012249428778886795, 0.022662103176116943, 0.020812135189771652, 0.0025949098635464907, 0.020798921585083008, 0.011258373968303204, 0.016477925702929497, -0.012097466737031937, -0.014337249100208282, 0.02230532467365265, 0.014152252115309238, -0.007968074642121792, -0.00563249085098505, -0.007472547702491283, 0.0022331750951707363, -0.014482603408396244, 0.04379137605428696, -0.0004127327410969883, -0.0011628367938101292, -0.007472547702491283, -0.004320995882153511, 0.016530781984329224, 0.0067788101732730865, 0.010961058549582958, -0.03544009476900101, -0.013544405810534954, 0.009329122491180897, 0.002378529869019985, -0.04286639392375946, -0.0010942888911813498, -0.006322924979031086, 0.04233783110976219, -0.014297607354819775, 0.004899110645055771, -0.0013816945720463991, -0.007347014266997576, 0.01199836190789938, -0.009837863966822624, -0.0016649708850309253, 0.008985556662082672, 0.019200021401047707, 0.019636085256934166, -0.019186807796359062, -6.178602779982612e-05, -0.030075188726186752, 0.030048759654164314, -0.03697292506694794, -0.0009381978888995945, 0.013081913813948631, -0.010716598480939865, 0.001805370207875967, 0.04984341189265251, 0.01548687182366848, 0.014839382842183113, 0.024538498371839523, -0.0010480396449565887, -0.029678765684366226, -0.0041624270379543304, -0.011978540569543839, 0.015381159260869026, 0.006038822699338198, -0.001211563590914011, 0.004509296268224716, -0.01626650057733059, 0.0065938131883740425, 0.010359819047152996, -0.002243085764348507, 0.010121965780854225, -0.0207064226269722, -0.005761327687650919, -0.011628367938101292, 0.007373442407697439, 0.0235606599599123, 0.023111380636692047, 0.044822074472904205, 0.017376482486724854, -0.031423021107912064, 0.01733683981001377, -0.0075452253222465515, 0.0019490730483084917, -0.01043249573558569, -0.004192158579826355, 0.03501724451780319, 0.022014614194631577, 0.028991635888814926, 0.011932291090488434, 0.017667191103100777, 0.012447639368474483, -0.002649417845532298, 0.017720047384500504, -0.00193585897795856, 0.051799092441797256, -0.0014609788777306676, 0.012619421817362309, -0.023362448439002037, 0.0404878631234169, 0.0014618047280237079, -0.01556615624576807, 0.03403940424323082, -0.03282371163368225, -0.001214867108501494, 0.031238025054335594, -0.017310410737991333, -0.008846809156239033, -0.009454656392335892, -0.003974126651883125, -0.019252877682447433, -0.0037362738512456417, -0.0073602283373475075, 0.026362039148807526, -0.04260211065411568, -0.015249018557369709, -0.021010346710681915, 0.003211015136912465, -0.0030574018601328135, -0.009130911901593208, -0.007492369040846825, -0.025516338646411896, 0.007736829109489918, -0.026005258783698082, 0.02237139455974102, 0.019503943622112274, -0.03792433813214302, -0.023388875648379326, 0.01793147251009941, 0.04318353161215782, 0.0050808037631213665, 0.009005378000438213, 0.0052294619381427765, -0.003660293063148856, 0.0036801141686737537, 0.006560778245329857, -0.03229514881968498, -0.02093106135725975, -0.021974973380565643, 0.006458369083702564, -0.003571098204702139, 0.001006745733320713, -0.014271179214119911, -0.01583043672144413, 0.030894460156559944, 0.008569314144551754, -0.015843652188777924, 0.0158965066075325, 0.004304478410631418, 0.023534230887889862, 0.006547564174979925, -0.008265390992164612, 0.014839382842183113, 0.00981143582612276, -0.019530372694134712, -0.006253551226109266, -0.004773577209562063, -0.02189568802714348, -0.020442143082618713, 0.0233360193669796, -0.027960939332842827, 0.014694028533995152, 0.028172364458441734, -0.01301584392786026, -0.008371103554964066, 0.007076126057654619, -0.01923966407775879, 0.005662222392857075, 0.0064088162034749985, -0.01880360022187233, 0.024102434515953064, 8.981427527032793e-05, 0.009970003738999367, 0.0007911915308795869, -0.01809004135429859, 0.018248608335852623, -0.030683035030961037, 0.023943867534399033, 0.021221771836280823, -0.03694649785757065, 0.01170104555785656, -0.0012792856432497501, -0.015011166222393513, -0.012031396850943565, -0.004023679532110691, 0.01889609731733799, 0.019847510382533073, 0.028727354481816292, -0.03747505694627762, -0.022358180955052376, 0.01190586294978857, -0.02603168785572052, -0.006451762281358242, -0.022133540362119675, -0.016966845840215683, -0.027273807674646378, -0.0038056476041674614, 0.007393263280391693, 0.018948953598737717, -0.022952811792492867, -0.020323215052485466, 0.0030970440711826086, 0.015909722074866295, -0.008053965866565704, 0.01481295470148325, -0.007122375536710024, -0.00943483505398035, -0.0279080830514431, -0.010776061564683914, -0.021142486482858658, -0.019345376640558243, 0.020627139136195183, -0.02909734845161438, 0.016689350828528404, 0.011872828006744385, 0.01642506942152977, -0.003960913047194481, 0.016068290919065475, 0.011139447800815105, 0.007611295208334923, 0.008873237296938896, -0.03459439426660538, -0.005447493866086006, -0.041624270379543304, 0.014429747126996517, 0.03744862973690033, 0.013821900822222233, -0.008483422920107841, -0.019662512466311455, 0.01733683981001377, 0.008965736255049706, -0.008767524734139442, 0.013101735152304173, -0.015156520530581474, -0.02127462811768055, -0.006309710908681154, 0.017098985612392426, 0.013861543498933315, 0.022728173062205315, -0.02415529079735279, -0.0004067451227456331, 0.027538089081645012, -0.01353119220584631, -0.014271179214119911, -0.0011743990471586585, 0.0021390251349657774, -0.032427288591861725, 0.00847681611776352, -0.003077222965657711, 0.03618008270859718, -0.013557620346546173, 0.007162017747759819, -0.021671049296855927, -0.01708577200770378, 0.01699327491223812, 0.0065574743784964085, 0.017733260989189148, 0.014588315971195698, -0.01777290366590023, -0.007076126057654619, 0.007426298689097166, -0.0001269788044737652, 0.001540263183414936, 0.014442961663007736, -0.0110931983217597, -0.004393673036247492, -0.028542358428239822, 0.005867040250450373, -0.006002484355121851, 0.02459135465323925, 0.0012181706260889769, 0.012302285060286522, 0.049631986767053604, -0.01633257046341896, 0.017350053414702415, 0.015037594363093376, -0.011410336010158062, 0.021393554285168648, 0.013511370867490768, 0.0062898900359869, 0.005804273299872875, -0.011205518618226051, -0.018935739994049072, 0.0016022040508687496, -0.0018466641195118427, -0.00591328926384449, 0.025172773748636246, 0.01156229805201292, -0.02408922091126442, -0.0035843122750520706, -0.0049684843979775906, 0.03850575536489487, -0.0028278075624257326, -0.0386643223464489, 0.03348441421985626, 0.03448868170380592, 0.011813364923000336, -0.010987486690282822, 0.006597116589546204, -0.009078055620193481, -0.012929952703416348, 0.0086353849619627, 0.01000964641571045, 0.004806612152606249, -0.02249032072722912, -0.032902996987104416, 0.026732033118605614, -0.018420392647385597, 0.022609246894717216, 0.030154472216963768, -0.0069505926221609116, 0.02036285772919655, 0.007816113531589508, 0.010141787119209766, -0.008001109585165977, 0.0007263600709848106, 0.02994304709136486, 5.321753997122869e-05, -0.02308495342731476, 0.02609775774180889, 0.000992705812677741, -0.019636085256934166, -0.015936149284243584, 0.02397029474377632, 0.0313437357544899, -0.02703595533967018, -0.03144944831728935, 0.026243112981319427, -0.015037594363093376, 0.014509031549096107, 0.0018598781898617744, -0.01168783102184534, 0.00824556965380907, -0.009897327050566673, -0.01770683377981186, -0.012374961748719215, 0.0112649817019701, -0.024736709892749786, -0.015658654272556305, -0.0022348270285874605, -0.023269949480891228, 0.012394783087074757, 0.006884522270411253, -0.004988305736333132, -0.032057296484708786, -0.03063017874956131, 0.00045340723590925336, -0.033246561884880066, 0.0045555452816188335, -0.004281353671103716, 0.01573793962597847, 0.00533517450094223, 0.03924574330449104, -0.03282371163368225, -0.0013519629137590528, -0.015843652188777924, 0.020732851698994637, -0.01314137689769268, 0.013808687217533588, -0.006996841635555029, -0.011172482743859291, 0.03250657394528389, 0.0015964229824021459, -0.03575723245739937, -0.02223925292491913, -0.00467777531594038, 0.021063202992081642, -0.008311640471220016, -0.006844880059361458, 0.016372213140130043, 0.010987486690282822, -0.0019094308372586966, -0.017389696091413498, 4.371348495624261e-06, 0.04307781904935837, 0.004172337707132101, 0.017905043438076973, 0.04405565932393074, -0.014575102366507053, 0.02843664586544037, -0.005242676008492708, -0.0010571243474259973, -0.01196532603353262, -0.034832246601581573, -0.004357334692031145, 0.012427818030118942, -0.010855345986783504, -0.031423021107912064, -0.02703595533967018, -0.023045310750603676, 0.005569723900407553, 0.0019969739951193333, 0.026044901460409164, 0.006091678980737925, -0.006669794209301472, 0.01761433482170105, 0.023732442408800125, -0.0013412265107035637, 0.011284802109003067, -0.03131730854511261, 0.002462769392877817, -0.008529672399163246, -0.002921957755461335, -0.04307781904935837, -0.013339588418602943, 0.016319356858730316, 0.03287656605243683, 0.014746884815394878, -0.022701745852828026, 0.008741096593439579, 0.014429747126996517, -0.058088984340429306, 0.0006132147391326725, -0.053675487637519836, 0.01871110126376152, 0.0062370337545871735, 0.03652364760637283, 0.012976201251149178, 0.012672278098762035, 0.00957358255982399, 0.0005397115601226687, -0.005566420499235392, -0.011872828006744385, 0.018446819856762886, -0.014429747126996517, 0.008688241243362427, -0.02381172589957714, -0.044504936784505844, -0.0006194087909534574, 0.02646775171160698, -0.0042912643402814865, -0.01439010538160801, 0.02067999541759491, -0.016345785930752754, 0.009837863966822624, -0.0018202359788119793, -0.001487407018430531, 0.01250049564987421, 0.0038023442029953003, -0.009884112514555454, -0.04336852580308914, 0.0014039933448657393, 0.016028648242354393, 0.01670256443321705, 0.021393554285168648, -0.015460443682968616, 0.017231127247214317, 0.008813774213194847, 0.0031812835950404406, -0.003415832994505763, -0.006494707893580198, -0.001543566701002419, -0.004942056257277727, 0.017693618312478065, 0.012738348916172981, 0.011912469752132893, 0.014799741096794605, 0.0023900920059531927, 0.015434015542268753, -0.012705313041806221, 0.011694437824189663, -0.019530372694134712, -0.011000700294971466, 0.012903524562716484, -0.002918654354289174, 0.0017657279968261719, 0.002168756676837802, -0.0014213367830961943, 0.00482643349096179, -0.0034026189241558313, -0.006015698425471783, -0.031211595982313156, -0.002087820554152131, 0.027670230716466904, -0.013346195220947266, -0.006270068697631359, -0.021763548254966736, -0.014337249100208282, -0.026573464274406433, 0.005837308708578348, -0.004178944509476423, 0.003511634888127446, -0.011813364923000336, 0.021446410566568375, 0.013821900822222233, -0.021988186985254288, -0.005163391586393118, 0.003014456247910857, 0.016385426744818687, -0.011251767165958881, 0.005923199933022261, 0.18859098851680756, 0.021512480452656746, 0.019556799903512, 0.036682214587926865, -0.034435827285051346, 0.015751153230667114, 0.005989270284771919, 0.007802898995578289, -0.01805039867758751, 0.018671458587050438, -0.032770853489637375, 0.009646260179579258, -0.03345798701047897, 0.014918667264282703, 0.006151142530143261, -0.006626848131418228, -0.04870700463652611, -0.012705313041806221, -0.03504367172718048, 0.02759094536304474, -0.005520171485841274, -0.011198910884559155, 0.007181838620454073, -0.011522655375301838, 0.01445617526769638, 0.004912324715405703, 0.00824556965380907, 0.019437873736023903, 0.02859521470963955, 0.01024749968200922, -0.0008853416657075286, -0.027696657925844193, -0.003508331486955285, -4.676536627812311e-05, -0.016966845840215683, -0.0030739193316549063, 0.02171069197356701, -0.023891011252999306, 0.0020795618183910847, -0.010855345986783504, -0.009322515688836575, -0.02152569405734539, 0.014495817944407463, -0.024644210934638977, 0.009362157434225082, -0.005067589692771435, -0.02486884966492653, 0.018063612282276154, -0.041439276188611984, -0.002355405129492283, -0.061154644936323166, -0.00969911552965641, 0.017217913642525673, 0.023415304720401764, 0.019266091287136078, 0.00043482499313540757, 0.017165057361125946, -0.002028357470408082, -0.0025849994271993637, 0.004971787799149752, -0.013927613385021687, 0.022767815738916397, -0.03520224243402481, 0.01889609731733799, -0.017587905749678612, 0.0032506573479622602, -0.032612286508083344, 0.002327325288206339, -0.020125005394220352, 0.0032836925238370895, -0.014495817944407463, -0.004218586720526218, -0.03670864179730415, 0.02074606530368328, -0.01335940882563591, -0.014350462704896927, 0.004126088693737984, -0.005110535770654678, -0.001484103500843048, 0.029388057067990303, -0.021737119182944298, -0.015579369850456715, 0.007029877044260502, 0.019860723987221718, 0.006805237848311663, -0.011350872926414013, 0.023045310750603676, -0.014416533522307873, -0.029203061014413834, -0.012104073539376259, -0.008536279201507568, 0.00010633184137986973, -0.01971536874771118, 0.0027898172847926617, 0.006699525751173496, -0.014297607354819775, 0.01152926217764616, 0.0043143886141479015, -0.009084662422537804, 0.010571243241429329, -0.024921705946326256, 0.06649312376976013, 0.02465742640197277, -0.010551422834396362, -0.032902996987104416, -0.022675316780805588, -0.002736961003392935, 0.029652338474988937, 0.020547853782773018, -0.021142486482858658, -0.00991714745759964, -0.02722095139324665, -0.018473248928785324, -0.018010756000876427, -0.007723615039139986, 0.005724988877773285, -0.011549083516001701, -0.024208147078752518, 0.013114948756992817, -0.05312049761414528, -0.02005893550813198, -0.024115649983286858, 0.020138218998908997, 0.013689760118722916, -0.022041043266654015, -0.017191484570503235, -0.019755011424422264, -0.006299800239503384, 0.0012784597929567099, -0.051296960562467575, 0.026983099058270454, -0.006170963402837515, 0.00951411947607994, -0.00018860997806768864, -0.0014931882033124566, -0.017402909696102142, 0.00408974988386035, -0.03559866175055504, 0.012850668281316757, 0.0037032386753708124, -0.010690170340240002, 0.0022282199934124947, 0.01871110126376152, 0.0026824530214071274, 0.012242821045219898, 0.0005203033797442913, 0.004340816754847765, 0.0022728173062205315, -0.020032506436109543, 0.005054375622421503, -0.01674220710992813, -0.019094308838248253, -0.005417762324213982, -0.02946734055876732, 0.025053847581148148, -0.01779933087527752, 0.021578550338745117, -0.04455779120326042, 0.014720456674695015, 0.027617374435067177, -0.042126405984163284, 0.01836753636598587, 0.014522246085107327, -0.0225299634039402, -0.009018592536449432, 0.008291819132864475, -0.16480568051338196, 0.022543177008628845, 0.05119124799966812, -0.02909734845161438, 0.01263924315571785, -0.016200430691242218, -0.0018037183908745646, 0.013597262091934681, -0.02843664586544037, -0.004978395067155361, 0.02612418495118618, -0.034435827285051346, 0.0019936703611165285, -0.012117288075387478, -0.013623690232634544, 0.0009357202216051519, 0.004453136585652828, 0.017627548426389694, 0.004489474929869175, 0.016068290919065475, 0.009897327050566673, -0.021829618141055107, -0.006303104106336832, -0.01548687182366848, -0.021010346710681915, -0.020376071333885193, -0.03298227861523628, -0.005804273299872875, -0.0025106703396886587, 0.004515903070569038, 0.009203588590025902, 0.009309301152825356, 0.04429351165890694, -0.015883293002843857, -0.01196532603353262, -0.009078055620193481, -0.008060573600232601, -0.0038485934492200613, -0.01655721105635166, 0.039219312369823456, 0.03063017874956131, 0.01576436683535576, 0.023573873564600945, -0.015790795907378197, -0.008450387977063656, 0.020045720040798187, 0.022662103176116943, -0.014059754088521004, 0.021419981494545937, -0.009970003738999367, 0.007426298689097166, -0.03158159181475639, -0.005857129581272602, 0.00885341688990593, 0.005454101134091616, -0.02383815497159958, -0.014641172252595425, 0.011020521633327007, 0.02477635256946087, -0.0026312486734241247, 0.02841021679341793, -0.011357479728758335, -0.006012394558638334, -0.009970003738999367, -0.0007131460006348789, -0.04971127212047577, -0.004833040293306112, 0.016160788014531136, -0.025238843634724617, 0.003019411349669099, 0.0022067471873015165, -0.04038215056061745, 0.015024379827082157, -0.03602151200175285, 0.008285212330520153, -0.003182935295626521, -0.022292109206318855, -0.0011810060823336244, 0.015447230078279972, 0.00911769736558199, 0.001427117851562798, 0.03575723245739937, 0.002466073026880622, -0.024327075108885765, 0.014244751073420048, -0.0025800440926104784, -0.01871110126376152, 0.009111090563237667, -0.008575920946896076, 0.013247089460492134, 0.02468385361135006, -0.03229514881968498, 1.6982125089270994e-05, -0.028515929356217384, 0.002048178343102336, 0.02124819904565811, 0.002429734217002988, 0.003673507133498788, 0.013366016559302807, -0.008701454848051071, 0.026005258783698082, -0.007029877044260502, -0.05565759912133217, -0.0158965066075325, 0.011555690318346024, 0.0059198965318500996, -0.0313437357544899, 0.022820672020316124, 0.026679176837205887, -0.017905043438076973, -0.007868969812989235, 0.01949073001742363, 0.03744862973690033, 0.015685083344578743, -0.00766415148973465, 0.00973215140402317, -0.020534640178084373, -0.02593918889760971, -0.015116877853870392, -0.003855200484395027, 0.014363677240908146, 0.007386656478047371, -0.00889966543763876, -0.014231536537408829, 0.009619832038879395, -0.027432376518845558, -0.08631420135498047, -0.03440939635038376, 0.032902996987104416, 0.027485232800245285, -0.007783078122884035, -0.00788218341767788, -0.013887971639633179, 0.024446001276373863, -0.0019672424532473087, 0.011892649345099926, 0.017535049468278885, -0.012771383859217167, 0.014310820959508419, -0.006035519298166037, 0.027775943279266357, 0.007148803677409887, 0.002865798072889447, -0.019226448610424995, 0.0055069574154913425, 0.007307372055947781, 0.005559813231229782, -0.010465530678629875, -0.0026048205327242613, -0.007941646501421928, -0.03335227444767952, 0.017389696091413498, -0.023877795785665512, 0.009983218275010586, 0.0084636015817523, 0.008767524734139442, -0.021723905578255653, 0.0013205795548856258, -0.010558029636740685, -0.00782272033393383, -0.014191894792020321, -0.0007346188649535179, -0.01779933087527752, -0.011892649345099926, 0.03559866175055504, -0.028145935386419296, 0.0057910592295229435, 0.02377208322286606, 0.02239782176911831, -0.015632227063179016, -0.0041987658478319645, -0.011073377914726734, -0.015949362888932228, -0.004773577209562063, -0.0029665553011000156, -0.027326663956046104, 0.014865810982882977, -0.024353502318263054, 0.003059053560718894, -0.013980469666421413, -0.003052446525543928, -0.012315498664975166, 0.0027154881972819567, 0.01320083998143673, -0.00753201125189662, 0.014059754088521004, 0.008972343057394028, 0.006484797224402428, -0.000536820967681706, 0.035122957080602646, 0.034805819392204285, 0.010617492720484734, -0.015619012527167797, -0.018222181126475334, 0.02074606530368328, -0.03425082936882973, -0.00599257368594408, 0.015909722074866295, -0.0306566059589386, -0.0012916738633066416, -0.023851368576288223, -0.005308746360242367, -0.01154247671365738, -0.02005893550813198, -0.018129682168364525, -0.019913580268621445, -0.034118689596652985, -0.015037594363093376, 0.024736709892749786, -0.00731397932395339, 0.01168783102184534, 0.027538089081645012, 0.022358180955052376, -0.022252468392252922, 0.02440635859966278, -0.014218322932720184, 0.00796146783977747, -0.0025354467798024416, 0.024327075108885765, 0.013584047555923462, 0.013247089460492134, 0.005599455442279577, -0.019794654101133347, 0.0008671723189763725, -0.031423021107912064, 0.012507102452218533, -0.034964386373758316, -0.0012668974231928587, -0.08345996588468552, 0.020006079226732254, -0.001833450049161911, 0.0032787371892482042, 0.010227678343653679, -0.02074606530368328, 0.012401389889419079, 0.006745774764567614, -0.007294157985597849, 0.027696657925844193, -0.022675316780805588, 0.022635675966739655, -0.0017938078381121159, -0.005797666497528553, -0.014879025518894196, 0.012758169323205948, 0.001303236116655171, 0.016874346882104874, -0.004928842186927795, 0.005579634569585323, -0.025423841550946236, -0.008985556662082672, 0.003377842716872692, 0.0033761910162866116, -0.004007162060588598, 0.015870079398155212, 0.0011570556089282036, 0.0010306962067261338, -0.007835933938622475, 0.006540956906974316, 0.01923966407775879, -0.00860234908759594, -0.00424831872805953, 0.005516867619007826, -0.0015460443682968616, -0.03641793504357338, -0.0243667159229517, 0.03229514881968498, 0.019530372694134712, -0.013471728190779686, -0.012038003653287888, -0.026679176837205887, -0.017323626205325127, -0.015249018557369709, 0.02278102934360504, -0.012084253132343292, -0.0324801467359066, 0.03374869376420975, 0.030603749677538872, 0.010551422834396362, 0.034277256578207016, 0.009104483760893345, -0.004651347175240517, -0.016728993505239487, -0.007776470854878426, -0.009626438841223717, 0.004918931983411312, -0.018261823803186417, 0.005150177516043186, -0.04931485280394554, 0.035968657582998276, -0.005430976394563913, 0.033642981201410294, 0.008133250288665295, 0.02587311901152134, 0.0034984208177775145, -0.02946734055876732, 0.022199612110853195, 0.014654386788606644, -0.000981969409622252, -0.020666781812906265, -0.028515929356217384, -0.0023471463937312365, 0.041967835277318954, -0.009910540655255318, 0.0153283029794693, 0.002953341230750084, 0.039906445890665054, -0.02271495945751667, 0.01770683377981186, 0.03945716843008995, 0.0017789420671761036, -0.013597262091934681, 0.0345415398478508, 0.02337566204369068, -0.023679586127400398, -0.0263091828674078, 0.012711920775473118, 0.00372305978089571, 0.021763548254966736, -0.019160378724336624, 0.03755434229969978, 0.0026510697789490223, 0.009454656392335892, 0.01996643655002117, 0.028357360512018204, 0.01548687182366848, -0.02452528476715088, 0.011251767165958881, -0.01683470606803894, 0.005212944466620684, -0.013471728190779686, -0.010227678343653679, -0.02646775171160698, -0.011000700294971466, 0.013029057532548904, -0.014271179214119911, 0.0053219604305922985, -0.027617374435067177, 0.007479154970496893, 0.020851777866482735, 0.007241301704198122, 0.03739577531814575, 0.0072479089722037315, -0.0025982134975492954, -0.019160378724336624, -0.02052142657339573, 0.009718936868011951, -0.011694437824189663, 0.031898725777864456, -0.01724434085190296, 0.004056714940816164, 0.010908202268183231, 0.015116877853870392, 0.02052142657339573, 0.01293655950576067, 0.016596851870417595, -0.0067788101732730865, -0.015579369850456715, -0.0443727932870388, 0.023454947397112846, 0.008027537725865841, -0.01942466013133526, -0.028833067044615746, -0.016187217086553574, -0.03723720461130142, -0.020732851698994637, 0.013445300050079823, 0.0012735044583678246, 0.08071144670248032, 0.03686721250414848, -0.027432376518845558, 0.007261123042553663, -0.012090859934687614, 0.01843360625207424, -0.008965736255049706, -0.012520316988229752, -0.012110681273043156, -0.021486053243279457, 0.02465742640197277, 0.008126643486320972, -0.015090450644493103, -0.028119508177042007, -0.008483422920107841, -0.018288251012563705, -0.01462795864790678, 0.014482603408396244, 0.01051178015768528, -0.003331593470647931, 0.01576436683535576, -0.004654650576412678, 0.02806665189564228, 0.01284406054764986, -0.026348823681473732, -0.015619012527167797, 0.05460047349333763, -0.007128982339054346, -0.030524466186761856, -0.005411155521869659, -0.010201250202953815, 0.020640352740883827, -0.02822522073984146, -0.028119508177042007, 0.03044518083333969, 0.0252784863114357, 0.012441032566130161, 0.004634829703718424, 0.019847510382533073, -0.016755420714616776, 0.014773312956094742, 0.028806637972593307, 0.0027072294615209103, -0.023851368576288223, -0.04458421841263771, 0.014139038510620594, -0.03628579527139664, -0.00459849089384079, -0.023111380636692047], 'ai_metadata': {'tags': ['construction', 'document'], 'document_type': 'unknown', 'topics': ['fire_safety_requirements.txt'], 'supplier_mentions': [], 'categories': ['general'], 'summary': '```json\n{\n    "tags": [\n        "AS 1851",\n        "AS 2118",\n        "AS 3786",\n        "NCC Volume One"\n    ],\n    "document_type": "specification",\n    "topics": [\n        "fire safety",\n        "h'}, 'tags': ['["fire safety"', ' "high-rise"', ' "NCC"', ' "AS 1851"]'], 'knowledge_bank_type': 'personal', 'upload_timestamp': '2025-08-12T08:40:33.307000', 'status': 'active', 'view_count': 0, 'reference_count': 17, 'storage_path': 'personal_knowledge_bank/demo_user_auto_token/35cbfdfc-6978-475a-80d0-f4584a0bf26f/fire_safety_requirements.txt', 'file_data': 'CiAgICAgICAgRmlyZSBTYWZldHkgUmVxdWlyZW1lbnRzIGZvciBIaWdoLVJpc2UgQnVpbGRpbmdzIGluIEF1c3RyYWxpYQogICAgICAgIAogICAgICAgIFRoaXMgZG9jdW1lbnQgb3V0bGluZXMgdGhlIGtleSBmaXJlIHNhZmV0eSByZXF1aXJlbWVudHMgZm9yIGhpZ2gtcmlzZSBidWlsZGluZ3MgCiAgICAgICAgaW4gYWNjb3JkYW5jZSB3aXRoIEF1c3RyYWxpYW4gU3RhbmRhcmRzIGFuZCB0aGUgTmF0aW9uYWwgQ29uc3RydWN0aW9uIENvZGUgKE5DQykuCiAgICAgICAgCiAgICAgICAgS2V5IFN0YW5kYXJkczoKICAgICAgICAtIEFTIDE4NTE6IE1haW50ZW5hbmNlIG9mIGZpcmUgcHJvdGVjdGlvbiBzeXN0ZW1zCiAgICAgICAgLSBBUyAyMTE4OiBBdXRvbWF0aWMgZmlyZSBzcHJpbmtsZXIgc3lzdGVtcwogICAgICAgIC0gQVMgMzc4NjogU21va2UgYWxhcm1zIHVzaW5nIHNjYXR0ZXJlZCBsaWdodAogICAgICAgIC0gTkNDIFZvbHVtZSBPbmU6IEZpcmUgc2FmZXR5IHByb3Zpc2lvbnMKICAgICAgICAKICAgICAgICBSZXF1aXJlbWVudHM6CiAgICAgICAgMS4gRmlyZSByZXNpc3RhbmNlIGxldmVscyAoRlJMKSBmb3Igc3RydWN0dXJhbCBlbGVtZW50cwogICAgICAgIDIuIEVncmVzcyBwcm92aXNpb25zIGFuZCB0cmF2ZWwgZGlzdGFuY2VzCiAgICAgICAgMy4gU21va2UgaGF6YXJkIG1hbmFnZW1lbnQgc3lzdGVtcwogICAgICAgIDQuIEZpcmUgc3ByaW5rbGVyIHN5c3RlbSBpbnN0YWxsYXRpb24KICAgICAgICA1LiBF'}, 'similarity_score': 0.8139295319208002, 'source': 'Personal Knowledge Bank', 'privacy': 'Private to your account'}, {'type': 'personal_document', 'document': {'_id': '689afee8d2f76a65144ba744', 'document_id': 'af288c46-fdc3-47c4-bf23-ba634f3df438', 'user_id': 'demo_user_auto_token', 'filename': 'fire_safety_test.txt', 'original_size': 270, 'content_type': 'text/plain', 'file_hash': '5189fca3e817d140dd19e57d4e70a89171ab5e36b4f17e51f8b492849f6f6f7a', 'extracted_text': '\n        Fire Safety Requirements for High-Rise Buildings in Australia\n        \n        Key Standards:\n        - AS 1851: Maintenance of fire protection systems\n        - AS 2118: Automatic fire sprinkler systems\n        - NCC Volume One: Fire safety provisions\n        ', 'embedding': [-0.005112096667289734, 0.001992238452658057, -0.008514681831002235, -0.02964029833674431, 0.021526694297790527, 0.016687462106347084, 0.0029472634196281433, -0.012900236994028091, -0.013649791479110718, -0.01495165005326271, -0.01245313324034214, 0.002173052169382572, -0.005615087691694498, 0.018160272389650345, 0.011782479472458363, 0.00632847985252738, 0.026273876428604126, -0.01088169775903225, 0.004122552461922169, -0.010381994768977165, -0.015306702814996243, 0.02512981928884983, -0.009297112002968788, -0.0015336290234699845, 0.0016758143901824951, 0.007830877788364887, 0.0005313457804732025, -0.03837195783853531, 0.010875122621655464, -0.006657232064753771, 0.01952788047492504, -0.007653351407498121, 0.0036491495557129383, -0.013965393416583538, -0.010309669189155102, -0.00808072928339243, -0.027720386162400246, -0.016043107956647873, 0.025813622400164604, -0.00883028469979763, 0.021908046677708626, -0.003948314115405083, 0.010289943777024746, -0.004868820309638977, -0.00710762245580554, 0.015333002433180809, 0.02034318633377552, -0.0024146849755197763, -0.02777298539876938, 0.0075744506902992725, -0.01070417184382677, 1.942976814461872e-05, -0.030981607735157013, -0.024196162819862366, -0.011276200413703918, -0.007041872013360262, -0.02140834368765354, 0.012630660086870193, -0.0050233337096869946, -0.03700434789061546, -0.006121366284787655, 0.00850810669362545, -0.04620940983295441, 0.025879373773932457, 0.02155299484729767, -0.015017400495707989, -0.012735860422253609, 0.0007774989935569465, -0.03795115277171135, -0.02782558649778366, 0.04144907742738724, 0.026234425604343414, 0.009185336530208588, -0.012361083179712296, 0.016726912930607796, -0.0008424275438301265, 0.008587007410824299, 0.003938451409339905, -0.014820149168372154, -0.023183604702353477, 0.0008473588386550546, -0.01597735658288002, 0.004845807328820229, 0.025655822828412056, 0.013662941753864288, 0.025024617090821266, -0.0033466974273324013, 0.011440576985478401, 0.0263527762144804, -0.005536186974495649, 0.008961785584688187, 0.0062167043797671795, 0.01326843909919262, 0.009941467083990574, 0.0005235378630459309, 0.007120772730559111, 0.0020333323627710342, 0.01846272312104702, 0.0076599265448749065, -0.02572157233953476, 0.0033286160323768854, -0.017358116805553436, -0.022710202261805534, 0.0031527336686849594, 0.004214603453874588, -0.001990594668313861, 0.02864089235663414, 0.0043691168539226055, -0.005670975428074598, -0.011105249635875225, -0.016345560550689697, 0.02072453871369362, -0.004171865526586771, -0.03979216516017914, 0.03316452354192734, -0.029377296566963196, 0.009520663879811764, 0.004020639695227146, -0.010138718411326408, -0.017055664211511612, 0.006144378799945116, 0.01600365713238716, 0.01784466952085495, 0.021697646006941795, 0.007396924775093794, 0.0031494460999965668, -0.012492584064602852, -0.01783151924610138, -0.02036948688328266, -0.025563770905137062, 0.0014119907282292843, -0.01264380943030119, 0.020093334838747978, -0.00596685241907835, -0.021631894633173943, 0.01951473020017147, -0.008245104923844337, 0.013952243141829967, -0.04920763149857521, -0.02987699955701828, -0.0027401496190577745, 0.024577515199780464, -0.03258591890335083, 0.012223007157444954, 0.016095707193017006, -0.007383774500340223, 0.00029176758835092187, 0.002534679602831602, -0.0027598747983574867, -0.0029949326999485493, -0.011789053678512573, -0.009086711332201958, -0.01826547272503376, 0.00182786223012954, -0.009159036912024021, 0.01822602190077305, -0.019869783893227577, -0.002588923554867506, -0.011572077870368958, -0.03739885240793228, 0.013491990976035595, -0.005463861860334873, 0.01890982687473297, -0.003889138577505946, -0.0023916722275316715, -0.004490755032747984, -0.002626730129122734, -0.013051462359726429, -0.006897221319377422, 0.005398111417889595, 0.015306702814996243, 0.006976121570914984, -0.026392227038741112, 0.006463268306106329, 0.02674727886915207, 0.02658947929739952, 0.009974341839551926, 0.008310855366289616, 0.004766907077282667, -0.0031395836267620325, -0.004457879811525345, 0.017910420894622803, 0.03547893837094307, 0.028325289487838745, -0.03340122476220131, -0.009126161225140095, 0.019356930628418922, 0.029140595346689224, -0.004132415167987347, -0.010829097591340542, -0.005296198185533285, 0.01161810290068388, -0.0045860931277275085, -0.029140595346689224, -0.619842529296875, -0.021434644237160683, -0.0022733216173946857, -0.029508797451853752, -0.007817727513611317, 0.022499801591038704, 0.03440063074231148, 0.01309091318398714, -0.0008942059939727187, 0.005559199955314398, -0.004043652210384607, 0.023775359615683556, -0.009205061942338943, 0.0037938004825264215, -0.012867361307144165, -0.008705358020961285, -0.01766056939959526, -0.02181599661707878, 0.026234425604343414, 0.01574065536260605, -0.013051462359726429, 0.033111922442913055, -0.02653687819838524, -0.026457978412508965, 0.0008654401754029095, -0.005749876145273447, -0.009329987689852715, -0.036609847098588943, 0.002510023070499301, 0.016687462106347084, -0.03852975741028786, 0.015714354813098907, 0.026471126824617386, 0.009606139734387398, 0.034321729093790054, -0.025024617090821266, -0.019251728430390358, 0.02676042914390564, 0.04528890550136566, 0.02363070845603943, -0.010914573445916176, 0.00012728874571621418, 0.023617558181285858, 0.004283641465008259, 0.014491396956145763, 0.007048447150737047, 0.05233735218644142, -0.010809372179210186, 0.028956493362784386, -0.029429897665977478, 0.009836265817284584, 0.007390349637717009, -0.006246292032301426, -0.0030228765681385994, 0.013505140319466591, -0.015096301212906837, 0.027509985491633415, 0.015845855697989464, -0.014583447948098183, 0.004918132908642292, -0.015319853089749813, 0.0035242235753685236, -0.004086390137672424, -0.021894896402955055, -0.027089182287454605, 0.02135574258863926, 0.012538609094917774, 0.01743701659142971, 0.010368844494223595, -0.028325289487838745, -0.01152605190873146, 0.018396973609924316, -0.007436374668031931, -0.005184422247111797, 0.0063909427262842655, 0.01662171073257923, 0.01746331714093685, -0.00513182207942009, 0.009001235477626324, 0.012065205723047256, 0.0070550222881138325, 0.001173645374365151, -0.017581667751073837, -0.012841060757637024, 0.010769922286272049, -0.01760796830058098, -0.014491396956145763, -0.01389964297413826, 0.020027583464980125, 0.009836265817284584, 0.033296022564172745, 0.0018295060144737363, 0.0009821471758186817, -0.007982103154063225, -0.006035890430212021, 0.011341950856149197, -0.013925943523645401, -0.007936078123748302, 0.0009024247992783785, -0.010217618197202682, -0.008922334760427475, -0.0035570987965911627, -0.04789262264966965, -0.011171000078320503, 0.0032595780212432146, -0.01399169396609068, 0.005355373490601778, 0.011690428480505943, 0.037346251308918, -0.0028930194675922394, 0.012610934674739838, -0.01766056939959526, -0.02531391941010952, -0.011230175383388996, 0.011624678038060665, -0.03461103141307831, 0.015530253760516644, 0.007114197593182325, 0.01683211326599121, 0.015017400495707989, 0.009277387522161007, -0.010756772011518478, 0.04444729909300804, -0.018673125654459, 0.010454320348799229, 0.04087047278881073, 0.006466555874794722, -0.014557147398591042, 0.008823709562420845, -0.013544591143727303, -0.00027532997773960233, -0.004589380696415901, 0.03505813702940941, -0.004300078842788935, 0.016700612381100655, -0.013794442638754845, -0.015661755576729774, -0.013209263794124126, 0.02327565662562847, -0.026208125054836273, -0.029324697330594063, -0.01989608258008957, 0.011019773781299591, -0.017331816256046295, -0.038082655519247055, -0.004803069867193699, -0.01203890610486269, 0.023827960714697838, -0.023972610011696815, 0.018804626539349556, -0.029166895896196365, -0.012702985666692257, -0.02493256703019142, 0.016043107956647873, -0.021066442131996155, 0.00349792349152267, 0.016753211617469788, -0.009066985920071602, 0.004247478675097227, -0.005335648078471422, 0.011512902565300465, 0.004280353896319866, -0.04294818639755249, 0.0005872336332686245, 0.001990594668313861, 0.008153054863214493, 0.027089182287454605, 0.0035899740178138018, -0.002362084574997425, -0.04257998615503311, 0.0027779561933130026, -0.019646231085062027, 0.0024902978911995888, 0.018015621230006218, 0.003210265189409256, 0.011348525993525982, -0.016911013051867485, -0.003701749723404646, 0.0035044983960688114, -0.007738826796412468, 0.008199079893529415, 0.007094472646713257, -0.023170456290245056, 0.009047260507941246, 0.003109995974227786, 0.010973748750984669, 0.030350403860211372, -0.011190725490450859, -0.011499752290546894, 0.021289993077516556, -0.022131597623229027, 0.008231955580413342, 0.018002470955252647, 0.020408937707543373, -0.013860193081200123, 0.012959412299096584, 0.024143561720848083, -0.015306702814996243, -0.0018393686041235924, 0.018304923549294472, 0.014806998893618584, -0.03461103141307831, 0.03300672024488449, -0.00016273233632091433, 0.030666004866361618, 0.012157256714999676, 0.010303094051778316, -0.006469843443483114, 0.04094937443733215, -0.006644082255661488, 0.003981189336627722, -0.015477653592824936, -0.007850602269172668, -0.018094521015882492, 0.009113010950386524, 0.007955803535878658, -0.007068172562867403, 0.02491941675543785, -0.017778920009732246, 0.0009369438048452139, 0.007811152376234531, -0.005970139987766743, 0.02428821288049221, 0.016687462106347084, -0.023486057296395302, 0.005440848879516125, 0.03158651292324066, 0.024538064375519753, 0.001850874861702323, 0.009908591397106647, -0.04147537797689438, -0.011907405219972134, 0.016148308292031288, -0.0061739664524793625, 0.03074490651488304, 0.005177847109735012, 0.02866719290614128, -0.029771799221634865, -0.0033088908530771732, 0.01203890610486269, 0.04455249756574631, 0.011828504502773285, 0.015319853089749813, -0.00850810669362545, 0.028956493362784386, 0.00477019464597106, 0.022473501041531563, 0.029535098001360893, 0.007817727513611317, 0.017923571169376373, 0.016740063205361366, 0.002260171342641115, -0.005016758572310209, 0.02302580513060093, 0.015175201930105686, 0.00222565233707428, 0.014346745796501637, 0.010493770241737366, 0.02073768898844719, 0.01318953838199377, 0.008994660340249538, -0.01850217394530773, 0.030981607735157013, 0.0002428656880510971, 0.002728643361479044, 0.004076527431607246, -0.0010848823003470898, -0.011335375718772411, 0.01745016686618328, -0.032033614814281464, -0.022881153970956802, 0.0018574499990791082, 0.009862566366791725, -0.010191318579018116, 0.029824400320649147, 0.013104062527418137, 0.00021101781749166548, 0.029798099771142006, 0.003701749723404646, 0.011078949086368084, -0.01026364415884018, -0.01637185923755169, 0.01720031537115574, 0.01183507964015007, -0.00010663899593055248, -0.004168577957898378, -0.010105842724442482, -0.00023423595121130347, -0.022381450980901718, 0.04331639036536217, 0.0011358389165252447, 0.00024656415916979313, -0.014833299443125725, -0.002607004949823022, 0.014057444408535957, -0.003001507604494691, 0.017147714272141457, -0.03589973971247673, -0.010717322118580341, 0.003790512913838029, -0.0058287763968110085, -0.04279038682579994, 0.0015352728078141809, -0.005799188744276762, 0.03653094545006752, -0.0036951748188585043, 0.0005128534394316375, 0.004467742517590523, -0.00891575962305069, 0.009395738132297993, 0.0009763940470293164, -0.005365236196666956, 0.005121959373354912, 0.027246983721852303, 0.017923571169376373, -0.01658226177096367, -0.005299485754221678, -0.026431677863001823, 0.034979235380887985, -0.034137628972530365, 0.002580704865977168, 0.017897270619869232, -0.002069495152682066, 0.008277980610728264, 0.052784454077482224, 0.008462081663310528, 0.01933063007891178, 0.02761518582701683, -0.006857770960777998, -0.0257478728890419, -0.008797409012913704, -0.0165691114962101, 0.013459115289151669, 0.006200266536325216, -0.009658739902079105, 0.00943518802523613, -0.01721346564590931, 0.009251086972653866, 0.00871193315833807, 0.0011958361137658358, 0.008304281160235405, -0.022381450980901718, 0.0008321540080942214, -0.011499752290546894, -2.070111622742843e-05, 0.030613405629992485, 0.03032410331070423, 0.04394759610295296, 0.013505140319466591, -0.03092900663614273, 0.01788412034511566, -0.005220585037022829, 0.005638100206851959, -0.009987492114305496, -0.01026364415884018, 0.03755665197968483, 0.011131549254059792, 0.02840419113636017, 0.007883477956056595, 0.02535337023437023, 0.015635455027222633, 0.013518290594220161, 0.032375518232584, -0.0005588787607848644, 0.05286335572600365, -0.0024524915497750044, 0.019448980689048767, -0.02964029833674431, 0.033506423234939575, -0.0005255925934761763, -0.017397567629814148, 0.039923667907714844, -0.03211251646280289, 0.0007836630684323609, 0.026431677863001823, -0.015280402265489101, -0.010441170074045658, -0.014741248451173306, -0.003675449639558792, -0.013110637664794922, -0.004444730002433062, -0.012624084949493408, 0.010428019799292088, -0.04357939213514328, -0.012834486551582813, -0.01888352632522583, -0.004474317654967308, 0.005404686089605093, -0.01121044997125864, -0.009172186255455017, -0.029745498672127724, 0.0029357571620494127, -0.021723946556448936, 0.02200009673833847, 0.021487243473529816, -0.03158651292324066, -0.020264286547899246, 0.014912200160324574, 0.04739291965961456, 0.011124975048005581, 0.016976764425635338, -0.0026102925185114145, -0.017344966530799866, 0.00798867829144001, 0.008764534257352352, -0.03150761127471924, -0.023959461599588394, -0.01764741912484169, 0.004033789504319429, -0.001164604676887393, 0.0025116668548434973, -0.0074824001640081406, -0.019409529864788055, 0.03266482055187225, 0.01890982687473297, -0.016279809176921844, 0.018567925319075584, 0.007239123340696096, 0.023920010775327682, -0.0026283739134669304, -0.00040436521521769464, 0.022697051987051964, 0.0021829146426171064, -0.012393957935273647, -0.0055624875240027905, 0.0045532179065048695, -0.024406563490629196, -0.02572157233953476, 0.02679987996816635, -0.022065848112106323, 0.01864682510495186, 0.01823917217552662, -0.01948843151330948, -0.013031737878918648, -0.004786632023751736, -0.014583447948098183, 0.00710762245580554, 0.01683211326599121, -0.014504547230899334, 0.012564909644424915, -0.0014769192785024643, 0.0069629717618227005, 0.00024430398480035365, -0.01680581271648407, 0.010940873064100742, -0.02285485342144966, 0.018962427973747253, 0.012019180692732334, -0.034742534160614014, 0.007870327681303024, 0.0034321730490773916, -0.019343780353665352, -0.016674311831593513, 0.0005062784184701741, 0.008974934928119183, 0.013649791479110718, 0.030771207064390182, -0.03340122476220131, -0.03006110154092312, 0.005799188744276762, -0.021079590544104576, -0.009066985920071602, -0.014701798558235168, -0.019593631848692894, -0.021881746128201485, -0.00617067888379097, 0.013373639434576035, 0.017726318910717964, -0.023196754977107048, -0.016963614150881767, 0.004474317654967308, 0.018002470955252647, -0.0013881562044844031, 0.013432814739644527, -0.007936078123748302, -0.008126754313707352, -0.02990330010652542, -0.008560707792639732, -0.01933063007891178, -0.020895490422844887, 0.01463604811578989, -0.02782558649778366, 0.020185384899377823, 0.01141427643597126, 0.020014435052871704, -0.006394230294972658, 0.011841654777526855, 0.013235563412308693, 0.013156663626432419, 0.0069629717618227005, -0.02591882459819317, -0.0005592897068709135, -0.03529483824968338, 0.018765175715088844, 0.03813525661826134, 0.012722710147500038, -0.010250493884086609, -0.01781836897134781, 0.022578701376914978, 0.002018538536503911, -0.006502718664705753, 0.004063377156853676, -0.01890982687473297, -0.019462130963802338, -0.006446830928325653, 0.013860193081200123, 0.02034318633377552, 0.01462289784103632, -0.025248169898986816, -0.004835945088416338, 0.029114294797182083, -0.015109451487660408, -0.010342543944716454, -0.0047734822146594524, -0.0013182963011786342, -0.026720980182290077, 0.015859005972743034, -0.0042343284003436565, 0.03942396491765976, -0.01764741912484169, 0.0015903387684375048, -0.023288806900382042, -0.0016536236507818103, 0.016463911160826683, 0.011407701298594475, 0.011867954395711422, 0.02034318633377552, -0.00965216476470232, -0.004651843570172787, 0.007462675217539072, -0.0034255979117006063, -0.0010133787291124463, 0.016437610611319542, -0.016976764425635338, 0.007607325911521912, -0.032059915363788605, -0.0042343284003436565, -0.01067787129431963, 0.028693491593003273, -0.0010405007051303983, 0.013228989206254482, 0.047813721001148224, -0.01788412034511566, 0.01910707727074623, 0.016253508627414703, -0.005667687859386206, 0.020027583464980125, 0.016963614150881767, 0.007219398394227028, 0.011243325658142567, -0.007995253428816795, -0.017555367201566696, 0.004339529201388359, -0.002975207520648837, -0.0009689971338957548, 0.020895490422844887, 0.007488975301384926, -0.025997724384069443, -0.010165018029510975, -0.0012582991039380431, 0.0301137026399374, -0.007212823256850243, -0.039082061499357224, 0.035584140568971634, 0.025668973103165627, 0.015425053425133228, -0.0054013985209167, 0.010165018029510975, -0.014991100877523422, -0.00839633122086525, 0.012019180692732334, 0.005138396751135588, 0.0006936671561561525, -0.013768142089247704, -0.020290585234761238, 0.016306109726428986, -0.02013278566300869, 0.025458570569753647, 0.026471126824617386, -0.0016897863242775202, 0.017305515706539154, 0.007212823256850243, 0.013005437329411507, -0.00628574239090085, 0.007732251659035683, 0.025050917640328407, 0.003448610659688711, -0.016279809176921844, 0.015714354813098907, 0.0013634997885674238, -0.020619338378310204, -0.009468063712120056, 0.017792070284485817, 0.0259714238345623, -0.029850700870156288, -0.035189636051654816, 0.02493256703019142, -0.006075340788811445, 0.006413955707103014, 0.000890918483491987, -0.01245313324034214, 0.004559793043881655, -0.003991051577031612, -0.017081964761018753, -0.013978543691337109, 0.006864346098154783, -0.02819378860294819, -0.014202095568180084, -0.0002897128870245069, -0.023183604702353477, 0.02511666901409626, 0.007581025827676058, -0.006877496372908354, -0.02369645982980728, -0.029719199985265732, 0.006150953937321901, -0.041817281395196915, -0.0014078812673687935, -0.007028722204267979, 0.01742386631667614, 0.007344324141740799, 0.037241049110889435, -0.031192008405923843, -0.0011251544347032905, -0.020080184563994408, 0.02323620580136776, -0.011295925825834274, 0.008573857136070728, -0.009579839184880257, -0.0048984079621732235, 0.029535098001360893, 0.00731144892051816, -0.026024024933576584, -0.02035633660852909, 0.004865532740950584, 0.016897862777113914, -0.009382587857544422, 0.008692208677530289, 0.022263098508119583, 0.008225380443036556, -0.006344917695969343, -0.02491941675543785, 0.0006838045665062964, 0.045367803424596786, 0.005286335479468107, 0.02135574258863926, 0.04836602509021759, -0.027352184057235718, 0.02512981928884983, -0.0057367258705198765, -0.004714306443929672, -0.02098754048347473, -0.03792485594749451, -0.006683532148599625, 0.010861973278224468, -0.007291723974049091, -0.03795115277171135, -0.03429542854428291, -0.020027583464980125, 0.011151274666190147, 0.0068380460143089294, 0.027115482836961746, 0.008120179176330566, -0.00932341255247593, 0.02222364954650402, 0.027878187596797943, 0.005963564850389957, 0.004743894096463919, -0.028535692021250725, 0.004467742517590523, -0.002631661482155323, 0.00934971310198307, -0.037267349660396576, -0.008126754313707352, 0.013662941753864288, 0.03671504557132721, 0.007719101849943399, -0.015293552540242672, 0.006160816177725792, 0.019541030749678612, -0.05928059667348862, 0.003925301134586334, -0.0486290268599987, 0.019251728430390358, 0.0051153842359781265, 0.03592604026198387, 0.011756178922951221, 0.0027171368710696697, 0.0062167043797671795, -0.0066177817061543465, -0.010309669189155102, -0.00394502654671669, 0.014478246681392193, -0.010526645928621292, 0.00881713442504406, -0.03458473086357117, -0.048471223562955856, -0.006811745930463076, 0.023749059066176414, -0.00018461490981280804, -0.010105842724442482, 0.009277387522161007, -0.011440576985478401, 0.00471101887524128, -0.008744808845221996, 0.00456636818125844, 0.0049904584884643555, 0.0053849611431360245, -0.01007296796888113, -0.0486290268599987, -0.007949228398501873, 0.017134565860033035, 0.01368924230337143, 0.020211685448884964, -0.0167926624417305, 0.021447794511914253, 0.015425053425133228, 0.0006123009952716529, -0.0012813117355108261, -0.0027401496190577745, 0.004267203621566296, -0.005490161944180727, 0.02098754048347473, 0.001480206847190857, 0.01336706429719925, 0.008573857136070728, 0.0011350170243531466, 0.013123787939548492, -0.01868627592921257, 0.014254695735871792, -0.028798693791031837, -0.010605545714497566, 0.012157256714999676, -0.004125840030610561, -0.00012276839697733521, -0.0005025799619033933, -0.007304873783141375, 0.011046074330806732, -0.0082056550309062, -0.009592989459633827, -0.03169171139597893, -0.005118671804666519, 0.030166301876306534, -0.011453727260231972, -0.00596685241907835, -0.014096894301474094, -0.013965393416583538, -0.021723946556448936, 0.011736453510820866, -0.01184822991490364, -0.0005942196003161371, -0.015517104417085648, 0.023315105587244034, 0.017397567629814148, -0.01721346564590931, -0.006499431096017361, -0.0021829146426171064, 0.018133971840143204, -0.012334782630205154, 0.005365236196666956, 0.17968280613422394, 0.012058630585670471, 0.02030373550951481, 0.03069230541586876, -0.0344795323908329, 0.015425053425133228, 0.01338021457195282, 0.012617509812116623, -0.01908077858388424, 0.0074495249427855015, -0.02487996779382229, 0.005569062195718288, -0.022868003696203232, 0.01683211326599121, 0.007278573699295521, -0.004247478675097227, -0.04631461203098297, -0.013419665396213531, -0.02674727886915207, 0.02118479274213314, 0.00018430670024827123, -0.011348525993525982, 0.011493177153170109, -0.011775904335081577, 0.011749603785574436, 0.0025494734290987253, 0.022920602932572365, 0.017963020130991936, 0.030455604195594788, 0.012209856882691383, -0.004388841800391674, -0.014806998893618584, -0.007738826796412468, 0.00746924988925457, -0.0158064067363739, -0.005500024184584618, 0.01908077858388424, -0.01968568190932274, 0.016937313601374626, -0.016858413815498352, -0.003882563440129161, -0.017147714272141457, 0.015885306522250175, -0.02493256703019142, 0.0038727009668946266, -0.0025823486503213644, -0.026392227038741112, 0.016661161556839943, -0.03566303849220276, 0.009882290847599506, -0.05459916591644287, -0.004885257687419653, 0.015096301212906837, 0.013459115289151669, 0.01638500951230526, 0.000466417201096192, 0.021092740818858147, 0.0005790148279629648, -0.006877496372908354, 0.007035297341644764, -0.007535000331699848, 0.023643858730793, -0.03355902433395386, 0.018738875165581703, -0.014044294133782387, 0.0009542032494209707, -0.0328226201236248, -0.0019084064988419414, -0.016503360122442245, 0.00648628082126379, -0.01472809910774231, -0.00023813988082110882, -0.03897686302661896, 0.011769329197704792, -0.0165691114962101, -0.017160864546895027, 0.011986305005848408, -0.0002035181678365916, -0.008172780275344849, 0.026221275329589844, -0.01462289784103632, -0.008850009180605412, 0.009099860675632954, 0.024432864040136337, 0.002621798776090145, -0.011999455280601978, 0.03261221945285797, -0.018791476264595985, -0.027851887047290802, -0.0033729977440088987, -0.005894526839256287, -0.009645589627325535, -0.023801660165190697, 0.00871193315833807, 0.0026924805715680122, -0.017476467415690422, 0.009283962659537792, 0.0027401496190577745, -0.016082558780908585, 0.001944569288752973, -0.022657601162791252, 0.05828119069337845, 0.01865997537970543, -0.008771108463406563, -0.02428821288049221, -0.020290585234761238, -0.005240309983491898, 0.031034208834171295, 0.028509391471743584, -0.019974984228610992, -0.013873343355953693, -0.026457978412508965, -0.01702936366200447, -0.01400484424084425, -0.008324005641043186, 0.00290452572517097, -0.009106435813009739, -0.022315699607133865, 0.007456100080162287, -0.0448681004345417, -0.01990923285484314, -0.02096123993396759, 0.01620090939104557, 0.016766361892223358, -0.018922977149486542, -0.012676685117185116, -0.018396973609924316, -0.01202575583010912, -0.00019663490820676088, -0.049891434609889984, 0.02570842206478119, -0.004444730002433062, 0.00606876565143466, -0.0033154659904539585, -0.001972513273358345, -0.016516510397195816, 0.00694982148706913, -0.029850700870156288, 0.021316293627023697, -0.0014547285391017795, -0.009849416092038155, 0.0027072743978351355, 0.01741071604192257, 0.0005925758741796017, 0.01574065536260605, 0.008679058402776718, 0.01286078616976738, -0.002166477032005787, -0.007784852292388678, 0.0015607511159032583, -0.021421493962407112, -0.005542762111872435, -0.003708324860781431, -0.03716214746236801, 0.027720386162400246, -0.01826547272503376, 0.015517104417085648, -0.04707731679081917, 0.009185336530208588, 0.024972017854452133, -0.038503456860780716, 0.023380856961011887, 0.018199721351265907, -0.019028177484869957, -0.014793849550187588, 0.009205061942338943, -0.16495470702648163, 0.015438203699886799, 0.0539153628051281, -0.02490626648068428, 0.018594224005937576, -0.01890982687473297, -0.0002802612434606999, 0.010651571676135063, -0.017700018361210823, -0.00883028469979763, 0.03150761127471924, -0.03547893837094307, 0.0029850699938833714, -0.009803391061723232, -0.014346745796501637, -0.010316244326531887, 0.0034190230071544647, 0.013531440868973732, 0.006716407369822264, 0.012696410529315472, 0.006916946265846491, -0.01421524491161108, -0.0047636195085942745, -0.014767549000680447, -0.010697596706449986, -0.024367112666368484, -0.034742534160614014, 0.002927538473159075, 0.0002860144304577261, 0.00452034268528223, 0.00440856721252203, 0.009994067251682281, 0.044762901961803436, -0.013952243141829967, -0.016253508627414703, -0.006982696708291769, -0.003016301430761814, -0.013104062527418137, -0.018094521015882492, 0.039765868335962296, 0.036031242460012436, 0.02114534191787243, 0.02345975674688816, -0.019199129194021225, -0.005960277281701565, 0.014596598222851753, 0.023985760286450386, -0.013768142089247704, 0.015582854859530926, -0.02055358700454235, 0.0031790337525308132, -0.030587105080485344, -0.002110589062795043, 0.004569655749946833, 0.01122360024601221, -0.018817776814103127, -0.017515918239951134, 0.009494363330304623, 0.01783151924610138, 0.000872015196364373, 0.03221771493554115, -0.01037541963160038, -0.001392265548929572, -0.013662941753864288, -0.002309484174475074, -0.038713861256837845, 0.0030656142625957727, 0.002863431815057993, -0.029719199985265732, 0.006233141757547855, 0.005013471003621817, -0.037661854177713394, 0.02056673727929592, -0.04689321294426918, 0.0020349761471152306, 4.846526644541882e-05, -0.02306525409221649, -0.0015812980709597468, 0.014977950602769852, 0.011585228145122528, -0.004178440663963556, 0.045551907271146774, 0.0037280500400811434, -0.02098754048347473, 0.0165691114962101, 0.006177254021167755, -0.009494363330304623, -0.00017547149036545306, -0.01183507964015007, 0.013505140319466591, 0.03298041969537735, -0.029508797451853752, -0.016871564090251923, -0.019988134503364563, 0.0034781983122229576, 0.023078404366970062, -0.005246885120868683, 0.004734031856060028, 0.018318073824048042, -0.010769922286272049, 0.022486651316285133, -0.007738826796412468, -0.054073162376880646, -0.011966580525040627, 0.01388649269938469, 0.010520070791244507, -0.03408502787351608, 0.009034110233187675, 0.011789053678512573, -0.011789053678512573, -0.004875394981354475, 0.023578107357025146, 0.04376349225640297, 0.015911607071757317, -0.008034704253077507, 0.010789647698402405, -0.02302580513060093, -0.028167488053441048, -0.015148901380598545, -0.0003760103427339345, 0.007535000331699848, 0.006982696708291769, -0.0055953627452254295, -0.009553538635373116, 0.012170406989753246, -0.017331816256046295, -0.06932726502418518, -0.03958176448941231, 0.03442693129181862, 0.023315105587244034, 0.0038595509249716997, -0.009928316809237003, -0.010750196874141693, 0.018304923549294472, -0.00264481152407825, -0.0012287113349884748, 0.018147122114896774, -0.020198535174131393, 0.015701204538345337, -0.013084338046610355, 0.029535098001360893, 0.006552031263709068, 0.0028979505877941847, -0.024012060835957527, 0.0041915904730558395, 0.0034321730490773916, 0.010638421401381493, -0.008014978840947151, -0.005539474543184042, -0.007646776270121336, -0.04415799677371979, 0.02240774966776371, -0.025379670783877373, 0.014754398725926876, 0.005329073406755924, 0.0017292365664616227, -0.019409529864788055, 0.006923521403223276, -0.01545135397464037, -0.00881713442504406, -0.02322305552661419, 0.0011900829849764705, -0.014031143859028816, -0.005960277281701565, 0.027457384392619133, -0.020803440362215042, 0.0047307442873716354, 0.02182914689183235, 0.028746092692017555, -0.01359719131141901, 0.0031297209206968546, -0.01599050685763359, -0.007798002101480961, -0.008751383982598782, -0.009757365100085735, -0.027115482836961746, 0.007811152376234531, -0.020001284778118134, 0.013386789709329605, -0.013847042806446552, -0.0029949326999485493, -0.019383229315280914, 0.0017012926982715726, 0.008350306190550327, -0.012301907874643803, 0.008856584317982197, 0.006811745930463076, 0.009027536027133465, 0.0038858510088175535, 0.04557820409536362, 0.037872254848480225, 0.013965393416583538, -0.012439983896911144, -0.023959461599588394, 0.023604407906532288, -0.032244015485048294, -0.007922927848994732, 0.01788412034511566, -0.029009094461798668, -0.0010931011056527495, -0.019054478034377098, -0.0007692801882512867, -0.011374826543033123, -0.029377296566963196, -0.019580481573939323, -0.019212279468774796, -0.038266755640506744, -0.013741842471063137, 0.026234425604343414, -0.011289350688457489, 0.008757959119975567, 0.026602627709507942, 0.02119794301688671, -0.02217104844748974, 0.019185978919267654, -0.008442356251180172, -0.00022683902352582663, 0.0011465232819318771, 0.030823806300759315, 0.012893661856651306, 0.013531440868973732, 0.007679651491343975, -0.01741071604192257, -0.005105521529912949, -0.0398973673582077, 0.017384417355060577, -0.030955307185649872, -0.0006295604980550706, -0.08058374375104904, 0.023551808670163155, -0.00316423992626369, 0.0060819159261882305, 0.006275879684835672, -0.02653687819838524, 0.009362862445414066, 0.007068172562867403, -0.0063514928333461285, 0.026694679632782936, -0.018528474494814873, 0.022065848112106323, -0.0019051190465688705, -0.013794442638754845, -0.016345560550689697, 0.011335375718772411, 0.001504041370935738, 0.028772393241524696, -0.008271405473351479, 0.0034650482703000307, -0.026431677863001823, -0.002751655876636505, 0.0022108585108071566, 0.002510023070499301, -0.007022147066891193, 0.015083150938153267, -0.002695768140256405, 0.0021599018946290016, -0.003777362871915102, 0.001151454634964466, 0.02180284634232521, -0.008468656800687313, -0.0014456878416240215, 0.011440576985478401, -0.003708324860781431, -0.03916096314787865, -0.027536284178495407, 0.025800473988056183, 0.017160864546895027, -0.012091506272554398, -0.012183556333184242, -0.01972513273358345, -0.02779928594827652, -0.011184150353074074, 0.021947497501969337, -0.009553538635373116, -0.02595827355980873, 0.03274371847510338, 0.027010280638933182, -1.4935109902580734e-05, 0.028772393241524696, 0.012223007157444954, -0.005453999154269695, -0.014872749336063862, -0.010605545714497566, -0.0076599265448749065, -0.00316423992626369, -0.03048190474510193, 0.0010914573213085532, -0.04557820409536362, 0.033743128180503845, -0.004635406192392111, 0.03029780276119709, 0.007535000331699848, 0.031218308955430984, 0.0011818641796708107, -0.022868003696203232, 0.02368330955505371, 0.008547557517886162, -0.0004413498390931636, -0.02637907676398754, -0.03608384355902672, -0.005486874375492334, 0.037845954298973083, -0.0030376703944057226, 0.011105249635875225, 0.0027598747983574867, 0.031218308955430984, -0.02117164246737957, 0.01433359645307064, 0.035163335502147675, 0.0006377793033607304, -0.02031688578426838, 0.030166301876306534, 0.017358116805553436, -0.02264445275068283, -0.025576921179890633, 0.009514088742434978, 0.003964751493185759, 0.014596598222851753, -0.02030373550951481, 0.029719199985265732, -0.0021418207325041294, 0.0095601137727499, 0.028325289487838745, 0.02716808207333088, 0.007620476186275482, -0.023170456290245056, -0.001341309049166739, -0.011960005387663841, 0.005128534510731697, -0.01746331714093685, -0.015819557011127472, -0.016542810946702957, -0.02118479274213314, 0.010395145043730736, -0.013833892531692982, 0.006325192283838987, -0.03111310862004757, 0.0028141189832240343, 0.028509391471743584, 0.0038727009668946266, 0.03008740209043026, 0.007692801766097546, -0.002263458911329508, -0.017305515706539154, -0.018817776814103127, 0.0058222017250955105, -0.023183604702353477, 0.03150761127471924, -0.009283962659537792, -0.004319803789258003, 0.011420851573348045, 0.004954295698553324, 0.016674311831593513, 0.012689835391938686, 0.006877496372908354, -0.013143513351678848, -0.007535000331699848, -0.042027682065963745, 0.01805507205426693, -0.006930096540600061, -0.02140834368765354, -0.031034208834171295, -0.019448980689048767, -0.026024024933576584, -0.017765769734978676, 0.019633080810308456, 0.00270069926045835, 0.08021553605794907, 0.03987106680870056, -0.03111310862004757, 0.009389162994921207, -0.004477605223655701, 0.010848823003470898, 0.0009468063362874091, -0.011900830082595348, -0.009237936697900295, -0.02175024524331093, 0.017910420894622803, 0.012499159201979637, -0.013518290594220161, -0.03182321414351463, -0.007587600965052843, -0.021842297166585922, -0.020080184563994408, 0.011828504502773285, 0.0119337048381567, -0.0030130138620734215, 0.01718716509640217, 0.0019232004415243864, 0.02903539501130581, 0.0076270513236522675, -0.019856633618474007, -0.008554132655262947, 0.04313229024410248, 0.007778277155011892, -0.02465641498565674, -0.007922927848994732, -0.015083150938153267, 0.02347290702164173, -0.03232291713356972, -0.022894304245710373, 0.023643858730793, 0.015937907621264458, 0.015898456797003746, 0.0072719985619187355, 0.021960647776722908, -0.01746331714093685, 0.014267846010625362, 0.026655228808522224, -0.0024492039810866117, -0.028903894126415253, -0.04150167852640152, 0.012683260254561901, -0.04342159256339073, -0.009685039520263672, -0.016937313601374626], 'ai_metadata': {'tags': ['construction', 'document'], 'document_type': 'unknown', 'topics': ['fire_safety_test.txt'], 'supplier_mentions': [], 'categories': ['general'], 'summary': '```json\n{\n  "tags": [\n    "AS 1851",\n    "AS 2118",\n    "NCC Volume One"\n  ],\n  "document_type": "specification",\n  "topics": [\n    "Fire safety",\n    "High-rise buildings",\n    "Fire protection syste'}, 'tags': ['["fire safety"', ' "test"]'], 'knowledge_bank_type': 'personal', 'upload_timestamp': '2025-08-12T08:44:24.276000', 'status': 'active', 'view_count': 0, 'reference_count': 13, 'storage_path': 'personal_knowledge_bank/demo_user_auto_token/af288c46-fdc3-47c4-bf23-ba634f3df438/fire_safety_test.txt', 'file_data': 'CiAgICAgICAgRmlyZSBTYWZldHkgUmVxdWlyZW1lbnRzIGZvciBIaWdoLVJpc2UgQnVpbGRpbmdzIGluIEF1c3RyYWxpYQogICAgICAgIAogICAgICAgIEtleSBTdGFuZGFyZHM6CiAgICAgICAgLSBBUyAxODUxOiBNYWludGVuYW5jZSBvZiBmaXJlIHByb3RlY3Rpb24gc3lzdGVtcwogICAgICAgIC0gQVMgMjExODogQXV0b21hdGljIGZpcmUgc3ByaW5rbGVyIHN5c3RlbXMKICAgICAgICAtIE5DQyBWb2x1bWUgT25lOiBGaXJlIHNhZmV0eSBwcm92aXNpb25zCiAgICAgICAg'}, 'similarity_score': 0.8079690184090269, 'source': 'Personal Knowledge Bank', 'privacy': 'Private to your account'}, {'type': 'personal_document', 'document': {'_id': '689aef5aaa7af9acc74f4a41', 'document_id': 'b7c66531-02e2-448c-b9d7-ccef4e4cf3da', 'user_id': 'demo_user_auto_token', 'filename': 'AS_NZS_1170_1_Summary.txt', 'original_size': 540, 'content_type': 'text/plain', 'file_hash': '285c16ed6b4d2553d78d0de099f846346e10f7caa322ef04db5b327a48f5ed61', 'extracted_text': '\n        AS/NZS 1170.1:2002 Structural Design Actions\n        \n        This standard specifies minimum design loads for buildings and structures.\n        \n        Key Requirements:\n        - Dead loads: Self-weight of structure and permanent fixtures\n        - Live loads: Occupancy and use loads\n        - Wind loads: As per AS/NZS 1170.2\n        - Earthquake loads: As per AS/NZS 1170.4\n        \n        For office buildings:\n        - General areas: 3.0 kPa\n        - Corridors and stairs: 4.0 kPa\n        - Plant rooms: 7.5 kPa\n        ', 'embedding': [-0.0009479006985202432, 0.020677663385868073, 0.004457836505025625, -0.008183164522051811, 0.021403195336461067, -0.00559496833011508, -0.028267845511436462, -0.0394577831029892, 0.0023457708302885294, -0.024737853556871414, -0.012054994702339172, 0.004014843143522739, 0.013840919360518456, 0.011113197542726994, -0.0010159192606806755, 0.012578214518725872, 0.006365846376866102, 0.0034567418042570353, 0.012543333694338799, -0.009536560624837875, 0.00027796076028607786, 0.034797634929418564, -0.024737853556871414, -0.001451064134016633, -0.0010804497869685292, 0.006083307322114706, 0.022449636831879616, -0.02480761520564556, 0.019142884761095047, -0.02955147996544838, 0.013582797721028328, -0.04252734035253525, 1.8585218640509993e-05, -0.0027748113498091698, -0.0048729246482253075, -0.014343210496008396, -0.026537731289863586, 0.01027604565024376, 0.015431509353220463, 0.009773754514753819, -0.0009705735719762743, -0.007806445937603712, 0.004000891000032425, -0.018780117854475975, 0.0113992253318429, -0.004785721190273762, 0.0360533632338047, 0.0028550385031849146, -0.0033259366173297167, -0.008692432194948196, 0.0009234837489202619, 0.013003767468035221, -0.016784904524683952, 0.013708370737731457, 0.007091378327459097, -0.02422160841524601, -0.0018678962951526046, -0.011238770559430122, 0.012682858854532242, -0.043364495038986206, -0.027221405878663063, -0.011775943450629711, -0.042806390672922134, 0.01970098540186882, -0.0009313320042565465, -0.021905487403273582, -0.008043639361858368, 0.0032369892578572035, -0.014524593949317932, -0.010359760373830795, 0.03119787946343422, 0.032955899834632874, 0.00595075823366642, 0.014608309604227543, 0.01519431546330452, -0.031142069026827812, 0.03203503042459488, -0.01508269552141428, -0.017524389550089836, 0.006404215935617685, 0.021431101486086845, -0.01805458590388298, -0.00496710417792201, 0.03859272599220276, 0.006868137512356043, -0.006069354712963104, 0.002666679210960865, 0.017691820859909058, -0.0014100786065682769, 0.015529177151620388, -0.016045421361923218, 0.023523982614278793, 0.008022710680961609, 0.008434310555458069, -0.013338628225028515, -0.004279941786080599, 0.0024120453745126724, 0.01363860722631216, 0.005256619304418564, -0.01538965106010437, -0.001465016626752913, -0.025937771424651146, -0.025993581861257553, 0.004492717795073986, -0.0010813218541443348, -0.00667280238121748, 0.0188777856528759, -0.006125165149569511, 0.010687645524740219, 0.014252519235014915, -0.04448069632053375, 0.016143089160323143, 0.010136520490050316, -0.01597565785050392, 0.03136530891060829, 0.0010185354622080922, 0.017566246911883354, 0.0015775089850649238, -0.023677460849285126, -0.0012234633322805166, 0.01395254023373127, 0.007806445937603712, 0.038871776312589645, 0.010534167289733887, 0.003533480688929558, 0.0020579996053129435, -0.035578977316617966, -0.006997198797762394, -0.0096342284232378, -0.013380485586822033, -0.004900829400867224, 0.025323860347270966, 0.02254730463027954, -0.0034218602813780308, -0.022477541118860245, 0.028965473175048828, 0.00030019760015420616, 0.03468601405620575, -0.04222038388252258, -0.02871432714164257, -0.0029788671527057886, 0.025714531540870667, -0.05237783491611481, -0.01868245005607605, 0.02628658525645733, -0.007652968168258667, 0.0037811382208019495, 0.008155259303748608, -0.009920256212353706, -0.017901107668876648, -0.0009635972674004734, -0.0004905189853161573, 0.009690038859844208, 0.017915060743689537, -0.012180566787719727, -0.002260311506688595, -0.0007887544925324619, -7.657545938855037e-05, -0.020607901737093925, -0.03789509832859039, -0.007318106945604086, 0.018835928291082382, -0.009480751119554043, -0.010185354389250278, -0.002527153817936778, 0.0020667200442403555, 0.006972781848162413, -0.017705772072076797, -0.022058965638279915, -0.013003767468035221, 0.004241572227329016, 0.02027304098010063, -0.021403195336461067, 0.008099449798464775, 0.03033282235264778, 0.026956306770443916, 0.030081676319241524, -0.009034269489347935, 0.02131948061287403, -0.003976474050432444, -0.015208268538117409, 0.009662133641541004, 0.02748650312423706, 0.03502087667584419, -0.02399836853146553, -0.01640818640589714, 0.022937975823879242, -0.0040322840213775635, 0.017482532188296318, -0.008971483446657658, 0.0007992188911885023, -0.0034497654996812344, -0.019533555954694748, 0.006808839272707701, -0.594713032245636, -0.03421162813901901, -0.012466594576835632, -0.01261309627443552, -0.019547509029507637, 0.01685466803610325, 0.03387676551938057, 0.019142884761095047, -0.01932426728308201, -0.005092677194625139, -0.006620480213314295, 0.022086869925260544, -0.01262007188051939, -0.0018155742436647415, -0.008183164522051811, -0.014280424453318119, -0.0072343917563557625, 0.006732100620865822, 0.03303961455821991, 0.006854185368865728, -0.012159638106822968, 0.040322840213775635, -0.028993377462029457, -0.017175575718283653, 0.021654341369867325, -0.012166614644229412, -0.0072134630754590034, -0.04785721004009247, 0.014301353134214878, 0.020886952057480812, -0.031700171530246735, 0.03716956451535225, 0.006226320751011372, 0.028574801981449127, 0.026398206129670143, -0.011392248794436455, -0.019770748913288116, 0.021068334579467773, 0.03649984300136566, 0.03206293657422066, -0.01766391471028328, 0.0005458930972963572, 0.005015938077121973, -0.021863630041480064, 0.011350391432642937, -0.00839942879974842, 0.020203277468681335, -0.009829564020037651, 0.0327884666621685, -0.03303961455821991, 0.012250330299139023, -0.007108819205313921, -0.009069151245057583, 0.019966084510087967, 0.03956940397620201, -0.01158060785382986, 0.034797634929418564, 0.005751934368163347, 0.0033677942119538784, -0.00431482307612896, 0.022631019353866577, 0.007694825530052185, 0.014112994074821472, -0.04509460926055908, -0.01118296105414629, -0.008999387733638287, -0.004077629651874304, 0.029914245009422302, -0.021068334579467773, -0.01891964301466942, 0.008071544580161572, 0.013561869040131569, -0.0050787245854735374, 0.004070653580129147, 0.01826387457549572, 0.033960480242967606, 0.007820398546755314, -0.002874223282560706, -0.012780526652932167, 0.022114776074886322, -0.005797280464321375, 0.00197428441606462, 0.004436907824128866, -0.00697975791990757, 0.003209084039554, -0.010338831692934036, -0.017817392945289612, 0.001226951484568417, 0.02994215115904808, 0.0041648331098258495, 0.016310518607497215, 0.0014798413030803204, 0.03019329532980919, -0.019533555954694748, -0.007750635966658592, 0.01519431546330452, 0.004674100782722235, -0.023119358345866203, 0.018612688407301903, -0.001226951484568417, -0.007680872920900583, -0.007091378327459097, -0.015375698916614056, -0.018403399735689163, 0.013980444520711899, 0.0074785612523555756, -0.022603115066885948, 0.02628658525645733, 0.034574393182992935, -0.00984351709485054, 0.011057388037443161, -0.016115183010697365, -0.047717686742544174, -0.012361950241029263, 0.0011737573659047484, -0.038090433925390244, 0.011350391432642937, -0.005786815658211708, 0.00667280238121748, -0.019533555954694748, 0.004325287416577339, -0.0021835723891854286, 0.03474182263016701, 0.00031044401112012565, -0.017887156456708908, 0.03876015543937683, 0.01034580823034048, -0.012138709425926208, 0.010555095970630646, -0.023021690547466278, -0.007771564647555351, 0.0027782993856817484, 0.02609124965965748, -0.016547711566090584, 0.010959720239043236, 0.014524593949317932, 0.007073937449604273, -0.012466594576835632, 0.03532782942056656, -0.025323860347270966, -0.040518175810575485, -0.024500660598278046, 0.014315306209027767, -0.021849676966667175, -0.036025457084178925, -0.022519398480653763, -0.028491085395216942, 0.010024899616837502, -0.004813626408576965, 0.008748242631554604, -0.016938382759690285, -0.013324675150215626, -0.029467763379216194, 0.0015557082369923592, -0.020175373181700706, 5.474055342347128e-06, -0.003188155358657241, -0.013771156780421734, 0.010338831692934036, 0.0264540147036314, 0.0004216282977722585, -0.013017719611525536, -0.049977999180555344, -0.0006889066426083446, -0.0029265452176332474, 0.009145889431238174, 0.005908900406211615, 0.00032941074459813535, 0.004618290811777115, -0.05156858637928963, -0.005703100468963385, 0.0037741619162261486, -0.01170618087053299, 0.0041473922319710255, -0.003142809495329857, -0.008462215773761272, -0.024584375321865082, 0.006369334179908037, 0.016980240121483803, -0.008406405337154865, 0.01252938061952591, -0.009090079925954342, -0.02648192085325718, 0.009501679800450802, 0.01826387457549572, 0.044201646000146866, 0.02074742689728737, -0.009111008606851101, -0.012571237981319427, 0.022003155201673508, -0.012522404082119465, 0.023900700733065605, 0.005601944867521524, 0.013010743074119091, 0.013533963821828365, 0.01844525709748268, 0.012801455333828926, -0.007150676567107439, 0.014008349739015102, 0.0054380022920668125, 0.017091860994696617, -0.017301149666309357, 0.0034410450607538223, -0.012103828601539135, 0.02955147996544838, -0.0025149453431367874, 0.015961704775691032, -0.008859862573444843, 0.04741073027253151, 0.005633337888866663, 0.002009165706112981, 0.0015940776793286204, -0.017803439870476723, 0.019812606275081635, -0.0014676328282803297, 0.03340237960219383, 0.005703100468963385, 0.014608309604227543, -0.022658925503492355, -0.006254225969314575, 0.012361950241029263, 0.001049056532792747, 0.03535573557019234, 0.024291371926665306, -0.01597565785050392, 0.008078520186245441, 0.02441694401204586, 0.029718909412622452, -0.028798041865229607, 0.0010542888194322586, -0.0219473447650671, -0.031728073954582214, 0.0019045217195525765, -8.300671470351517e-05, 0.0018609199905768037, 0.003917175345122814, 0.019770748913288116, -0.016157040372490883, 0.014803644269704819, -0.008448262698948383, 0.02663539908826351, -0.0180964432656765, 0.0055845039896667, -0.005608920939266682, 0.035774312913417816, -0.013415367342531681, 0.03351400047540665, 0.015919847413897514, 0.006264690309762955, 0.001535651390440762, 0.013199103064835072, -0.011441082693636417, -0.018528973683714867, 0.015947753563523293, 0.00299805193208158, -0.0023248419165611267, 0.0037950908299535513, 0.00962725281715393, 0.002907360438257456, 0.007862255908548832, 0.024277418851852417, -0.007070449646562338, 0.028993377462029457, 0.009703991003334522, 0.009941184893250465, -0.009717944078147411, -0.024179751053452492, -0.00945982150733471, 0.011434106156229973, -0.010087686590850353, 0.013408390805125237, 0.010373713448643684, 0.014496688731014729, -0.01910102739930153, 0.006766981910914183, 0.008727313950657845, 0.01558498665690422, 0.02751440927386284, 0.022017108276486397, 0.008971483446657658, 0.007743659429252148, -0.009117985144257545, 0.006341429427266121, 0.029467763379216194, -0.012947957031428814, 0.01365256030112505, 0.015417556278407574, -0.004224131349474192, -0.023454219102859497, 0.05123372748494148, -0.005235690623521805, -0.003976474050432444, -0.02526804991066456, -0.009996994398534298, 0.004367144778370857, -0.010192329995334148, 0.011196913197636604, -0.0264540147036314, -0.02281240187585354, -0.006125165149569511, 0.0031968755647540092, -0.036611463874578476, 0.013401414267718792, -0.028449228033423424, 0.026105202734470367, 0.025672672316432, -0.004545039962977171, -0.008908696472644806, -0.00017135462258011103, -0.011134127154946327, 0.0004652299976442009, 0.023761175572872162, -0.01723138615489006, 0.032927993685007095, -0.006836744491010904, -0.00754134776070714, 0.0004796185530722141, -0.037030041217803955, 0.054080042988061905, -0.014426926150918007, -0.012215448543429375, -0.010520215146243572, -0.010178377851843834, -0.0005546134780161083, 0.0227984506636858, 0.02811436727643013, 0.009550513699650764, 0.021696198731660843, 0.015152458101511002, -0.0011048667365685105, -0.017524389550089836, 0.0023544910363852978, 0.007520419079810381, -1.0260021554131526e-05, 0.0068437205627560616, -0.002858526539057493, -0.01643609255552292, -0.01905917003750801, 0.006829768419265747, -0.0021103215403854847, 0.019170789048075676, -0.03309542313218117, 0.01405020710080862, -0.0036485891323536634, -0.00042250033584423363, 0.0019864928908646107, 0.041355326771736145, 0.055084627121686935, 0.017315102741122246, -0.012445665895938873, -0.01075740810483694, 0.0020527674350887537, 0.0017929013120010495, 0.004757815971970558, 0.019045216962695122, 0.0242355614900589, 0.0070495205000042915, 0.016143089160323143, -0.019128931686282158, 0.015417556278407574, 0.019407982006669044, 0.005608920939266682, 0.003373026382178068, -0.0056612431071698666, 0.020649759098887444, 0.01970098540186882, 0.0048729246482253075, -0.014929217286407948, 0.03290008753538132, -0.024096036329865456, 0.010178377851843834, 0.03934616222977638, -0.01823597028851509, 0.0013542684027925134, 0.028170177713036537, -0.02007770538330078, -0.01700814627110958, -0.004876412451267242, 0.012641001492738724, -0.01661747507750988, -0.008748242631554604, -0.0012993302661925554, 0.006442585028707981, -0.04774559289216995, 0.0025812198873609304, -0.03309542313218117, 0.02378907985985279, -0.0023754199501127005, -0.013666512444615364, -0.015612891875207424, -0.046489860862493515, 0.03610917180776596, -0.05625664070248604, -0.0065751345828175545, 0.005713564809411764, -0.01516641117632389, -0.02362165041267872, 0.023468172177672386, 0.01826387457549572, -0.016240756958723068, 0.01721743494272232, 0.01302469614893198, -0.01445483136922121, 0.02832365594804287, -0.02172410488128662, -0.014001374132931232, -0.030611872673034668, -0.016477949917316437, -0.0016219827812165022, 0.03954149782657623, -0.003284079022705555, 0.01808249205350876, -0.005877507384866476, 0.00024286139523610473, -0.007471585180610418, -0.0015478598652407527, -0.0031846670899540186, -0.0038264840841293335, 0.015529177151620388, 0.005448466632515192, 0.012668905779719353, 0.029384048655629158, -0.0048031616024672985, -0.007164629176259041, -0.005793792195618153, -0.014057183638215065, -0.014399020932614803, -0.004234595689922571, 0.0032352451235055923, -0.0030224688816815615, 0.0011554446537047625, 0.02236592210829258, -0.014608309604227543, 0.0003980833862442523, 0.00729020219296217, -0.004290406126528978, 0.020049799233675003, 0.006498395465314388, -0.013171197846531868, 0.04347611218690872, 0.028421323746442795, 0.0018731284653767943, 0.005783327855169773, 0.0038404364604502916, 0.003763697575777769, -0.03181179240345955, -0.0014423438115045428, -0.0005977791151963174, -0.006205392070114613, 0.023314693942666054, -0.019742844626307487, -0.025128524750471115, -0.00954353716224432, 0.005441490560770035, -0.01352698728442192, 0.013896729797124863, 0.019840512424707413, -0.015557081438601017, 0.005064771976321936, -0.018738260492682457, -0.0035927789285779, -0.004088093992322683, 0.003217804478481412, -0.00995513703674078, -0.028965473175048828, 0.014678072184324265, -0.021026477217674255, 0.002858526539057493, -0.014929217286407948, -0.029384048655629158, -0.009697015397250652, 0.008594764396548271, -0.02791903167963028, 0.028770137578248978, -0.015501271933317184, 0.012787502259016037, 0.024068132042884827, 0.0006727740401402116, -0.02708187885582447, -0.029495669528841972, -0.003638124791905284, 0.008922649547457695, 0.01582217961549759, -0.006826280150562525, 0.03471392020583153, -0.00038173276698216796, 0.013317699544131756, 0.0024800640530884266, -0.0049880328588187695, -0.015738464891910553, 0.0022620554082095623, -0.019184742122888565, -0.03468601405620575, 0.005863554775714874, 0.03792300447821617, -0.004063677042722702, -0.02074742689728737, -0.030221201479434967, 0.026830734685063362, 0.029663098976016045, -0.016547711566090584, -0.005420561879873276, -0.013261889107525349, -0.012801455333828926, 0.020970666781067848, 0.011559679172933102, -0.021793866530060768, 0.013917658478021622, -0.02134738676249981, 0.008734289556741714, 0.012431712821125984, -0.01787320338189602, -0.03585802763700485, 0.0036137078423053026, 0.0184871144592762, -0.025965675711631775, 0.02218453772366047, 0.0050996532663702965, 0.026593541726469994, -0.0034113959409296513, -0.007339036092162132, -0.03507668524980545, -0.010485333390533924, -0.014496688731014729, 0.004831066820770502, 0.04244362562894821, 0.008678480051457882, -0.006665825843811035, -0.028072509914636612, -0.0038613653741776943, -0.007611110340803862, -0.021459005773067474, -0.0016097743064165115, -0.02175200916826725, 0.013157244771718979, -0.021584579721093178, 0.005999592132866383, -0.00295270630158484, 0.015571034513413906, 0.011350391432642937, 0.024723900482058525, 0.038453198969364166, -0.011071340180933475, 0.012299164198338985, 0.017538342624902725, -0.011957326903939247, 0.012382878921926022, 0.005431026220321655, 0.01967308111488819, 0.001446703914552927, -0.007032080087810755, -0.015012932941317558, -0.00891567301005125, -0.006240273360162973, -0.004046236630529165, 0.02910499833524227, 0.014092065393924713, -0.02505876123905182, -0.0037218399811536074, -0.01017140131443739, 0.00800178200006485, 0.009264486841857433, 0.0016359352739527822, 0.0479409284889698, 0.007834350690245628, 0.02094276249408722, 0.0010106870904564857, 0.0019045217195525765, -0.019659128040075302, 0.0006631816504523158, 0.000898194732144475, -0.030863018706440926, 0.011524797417223454, 0.0019707961473613977, -0.019198695197701454, -0.012710764072835445, -0.005490324459969997, 0.010889957658946514, 0.023510029539465904, -0.011538750492036343, 0.031281594187021255, -0.00019642559345811605, 0.030277011916041374, 0.011092268861830235, 0.013450248166918755, 0.011057388037443161, -0.01405020710080862, -0.013185149990022182, 0.0016123903915286064, 0.016659332439303398, -0.026830734685063362, -0.015012932941317558, -0.00850407313555479, 0.02420765720307827, -0.04289010912179947, -0.01621285080909729, 0.02236592210829258, -0.017552295699715614, 0.025142475962638855, -0.0013725811149924994, -0.01003885269165039, 0.014747834764420986, -0.022700782865285873, -0.017691820859909058, -0.005657754838466644, 0.011775943450629711, -0.02731907367706299, -0.011887564323842525, -0.008036662824451923, -0.0051275584846735, 0.0030573501717299223, -0.008427334018051624, -0.011587584391236305, -0.015682654455304146, -0.01343629602342844, 0.0036206841468811035, -0.05491719767451286, 0.016310518607497215, 0.0024434386286884546, -0.004063677042722702, -0.008406405337154865, 0.019993988797068596, -0.011057388037443161, 0.014859454706311226, -0.011203889735043049, 0.01829177886247635, -0.02422160841524601, -0.0014440878294408321, -0.026384253054857254, -0.026384253054857254, 0.011545727029442787, 0.0036730060819536448, -0.027807412669062614, -0.039290353655815125, 0.007918066345155239, 0.029886340722441673, -0.021277623251080513, 0.023719318211078644, 0.017329053953289986, 0.019449841231107712, 0.010317903012037277, -0.00356487394310534, -0.000530196528416127, 0.0160035640001297, 0.0036346365232020617, 0.0006775702349841595, 0.038257863372564316, -0.024179751053452492, 0.018780117854475975, 0.0184871144592762, -0.018542924895882607, -0.010080710053443909, -0.02772369608283043, -0.010199306532740593, 0.03245360776782036, 0.022658925503492355, -0.0027939961291849613, -0.0180964432656765, -0.01929636299610138, -0.019156837835907936, -0.008622669614851475, 0.013247936964035034, 0.015054790303111076, -0.021877583116292953, 0.01808249205350876, 0.012801455333828926, 0.00789713766425848, 0.008692432194948196, -0.013806038536131382, -0.03421162813901901, 0.021584579721093178, -0.0017353470902889967, -0.02461227960884571, -0.013261889107525349, 0.007464608643203974, 0.026719113811850548, 0.022882165387272835, -0.019352173432707787, 0.0018644081428647041, 0.008685455657541752, -0.05257317051291466, 0.018808024004101753, -0.044648125767707825, 0.02464018575847149, 0.026300538331270218, 0.02663539908826351, -0.014831549488008022, 0.02236592210829258, -0.02173805609345436, 0.014245542697608471, -0.038257863372564316, -0.026174964383244514, -0.0062995715998113155, -0.01578032225370407, 0.021012524142861366, 0.0013900217600166798, -0.008804052136838436, 0.006114700343459845, 0.020412566140294075, 0.005214761942625046, 0.006976270116865635, 0.0005450210883282125, 0.01763601042330265, -0.011943373829126358, 0.0018835929222404957, 0.004674100782722235, 0.0025062249042093754, 0.004691541660577059, -0.0022794962860643864, -0.05843323841691017, -0.011699204333126545, -0.0012191031128168106, 0.03320704400539398, 0.03236989304423332, -0.002009165706112981, 0.03345819190144539, -0.010820194147527218, 0.0009287159191444516, 0.00995513703674078, -0.010269069112837315, -0.00430435873568058, -0.004178785718977451, 0.05647988244891167, 0.011692228727042675, -0.006547229364514351, 0.03672308474779129, 0.018333638086915016, 0.011099245399236679, -0.007729706820100546, 0.009473774582147598, -0.03390467166900635, 0.003006772371008992, 0.010241163894534111, -0.00913193728774786, 0.02073347382247448, -0.0007996549247764051, -0.001587973441928625, -0.0014824573881924152, -0.01618494652211666, -0.004339240025728941, -0.017343007028102875, 0.007938995026051998, 0.020872998982667923, -0.0009697015048004687, -0.026802828535437584, -0.012145685963332653, -0.014803644269704819, -0.011427129618823528, 0.006013544742017984, -0.02748650312423706, -0.015501271933317184, -0.013380485586822033, -0.01519431546330452, 0.028379466384649277, -0.037671856582164764, -0.011322486214339733, 0.02628658525645733, -0.013296770863234997, -0.01099460106343031, 0.020984619855880737, 0.1840618997812271, 0.014426926150918007, 0.0036102195736020803, 0.03340237960219383, -0.012354973703622818, -0.0036764941178262234, 0.005835649557411671, 0.012389855459332466, -0.027221405878663063, 0.024361133575439453, 0.002858526539057493, -0.014217638410627842, -0.020635806024074554, 0.01261309627443552, 0.011678275652229786, 0.0027887639589607716, -0.03203503042459488, -0.014510641805827618, -0.028435276821255684, 0.042387817054986954, -0.004321799147874117, -0.015124552883207798, 0.011482940055429935, -0.00621236814185977, 0.028574801981449127, 0.016491901129484177, 0.006219344679266214, 0.017119767144322395, 0.007220439147204161, 0.013415367342531681, 0.008211069740355015, -0.008741266094148159, -0.007666920777410269, -0.007014639209955931, -0.0068018632009625435, -0.013387462124228477, 0.03672308474779129, -0.02235196903347969, 0.01764996349811554, 0.014092065393924713, 0.004436907824128866, -0.019045216962695122, -0.00356487394310534, -0.026593541726469994, -0.010834147222340107, -0.008301761001348495, -0.020482327789068222, 0.024277418851852417, -0.025519195944070816, 0.013673488982021809, -0.032286178320646286, 0.008566859178245068, 0.01808249205350876, 0.015180363319814205, -0.005336846690624952, -0.0032980316318571568, -0.008685455657541752, -0.010855075903236866, 0.01280843187123537, 0.019575413316488266, -0.011482940055429935, 0.01374325156211853, -0.02833760902285576, 0.019952131435275078, -0.018556877970695496, -0.029300333932042122, -0.014552499167621136, 0.01911497861146927, -0.006282131187617779, -0.015501271933317184, -0.02198920212686062, -0.009111008606851101, -0.03016539104282856, -0.0037009110674262047, -0.012089875526726246, -0.014119970612227917, 0.0291329026222229, -0.0032143164426088333, -0.006658849772065878, 0.01951960287988186, -0.007625062949955463, -0.01262007188051939, 0.01847316324710846, 0.020845094695687294, -0.016910478472709656, -0.007945971563458443, 0.008385476656258106, 0.002038814825937152, -0.011741062626242638, -0.026830734685063362, -0.0021329945884644985, -0.022882165387272835, 0.004433419555425644, 0.013568844646215439, 0.012501475401222706, 0.00913193728774786, 0.0030207247473299503, 0.017524389550089836, -0.013373509049415588, -0.008531978353857994, -0.02687259204685688, 0.06903716921806335, 0.008845910429954529, 0.008671503514051437, 0.007450656034052372, -0.01643609255552292, 0.013233983889222145, 0.01947774551808834, 0.010101638734340668, -0.013596749864518642, -0.006812327541410923, -0.033374473452568054, -0.025770340114831924, 0.001848711515776813, -0.010617882944643497, 0.013066553510725498, 0.0010333600221201777, 0.006160046439617872, 0.019449841231107712, -0.050759341567754745, -0.005281036254018545, -0.0007216079393401742, 0.002042303094640374, 0.001885336940176785, 0.0016237267991527915, -0.01890569180250168, -0.05176392197608948, 0.0043706330470740795, 0.0032736146822571754, -0.05067562311887741, 0.024319276213645935, 0.02239382639527321, -0.004733399022370577, -0.010673693381249905, -0.017984824255108833, -0.009173794649541378, -0.006205392070114613, -0.025519195944070816, 0.010638811625540257, 0.0011598048731684685, -0.0017405793769285083, -0.01137829665094614, 0.029607288539409637, -0.0010691133793443441, 0.011448059231042862, 0.008183164522051811, 0.003871829714626074, -0.00011069378524553031, -0.019198695197701454, -0.005713564809411764, -0.02237987332046032, -0.02505876123905182, -0.007687849458307028, -0.010387665592133999, 0.013178173452615738, -0.028686420992016792, -0.0033346570562571287, -0.04118789732456207, 0.025128524750471115, 0.007059985306113958, -0.035606879740953445, 0.008301761001348495, 0.009710967540740967, -0.01027604565024376, -0.02193339169025421, 0.005856578703969717, -0.17725306749343872, 0.02584010362625122, 0.0509546734392643, -0.019226599484682083, 0.029188713058829308, -0.007422751281410456, -0.011057388037443161, 0.0047613042406737804, -0.017817392945289612, -0.003850901033729315, 0.020970666781067848, -0.013582797721028328, 0.0032648942433297634, -0.0051170941442251205, -0.0037881145253777504, -0.024542517960071564, 0.011748038232326508, 0.019128931686282158, 0.017691820859909058, 0.019784701988101006, -0.005574039649218321, 0.0013211311306804419, -0.009676086716353893, -0.019003359600901604, -0.009173794649541378, 0.01220847200602293, -0.015682654455304146, 0.018808024004101753, 0.018612688407301903, -0.01538965106010437, -0.028993377462029457, 0.022951927036046982, 0.04202504828572273, 0.005633337888866663, -0.01685466803610325, -0.017384864389896393, -0.007318106945604086, -0.0040322840213775635, -0.02851899154484272, 0.03142112120985985, 0.010896933265030384, 0.013610702939331532, -0.020607901737093925, -0.03669517859816551, 0.018556877970695496, 0.03730909153819084, 0.02977471984922886, -0.026523778215050697, 0.005340334493666887, -0.002392860595136881, 0.007063473109155893, -0.04291801154613495, 0.008518025279045105, 0.014482736587524414, 0.0017562758876010776, -0.0021277624182403088, -0.029272427782416344, 0.02172410488128662, -0.010464404709637165, -0.021779915317893028, 0.009697015397250652, -0.005901924334466457, 0.016505854204297066, -0.020803237333893776, -0.00651234807446599, -0.024668090045452118, -0.018124349415302277, 0.03870434686541557, -0.004831066820770502, 0.010178377851843834, -0.0029125926084816456, -0.032955899834632874, 0.014510641805827618, -0.03842529281973839, 0.026426110416650772, 0.008315714076161385, -0.007604134269058704, 0.014189733192324638, 0.031923409551382065, -0.004245060030370951, -0.014482736587524414, 0.03652774915099144, 0.0008681095787324011, 0.008762194775044918, -0.0034480213653296232, -0.00374276889488101, -0.01843130588531494, 0.02337050437927246, -0.001469376846216619, 0.011775943450629711, 0.01784529909491539, -0.022003155201673508, -0.014057183638215065, -0.032481513917446136, 0.008476167917251587, 0.012759597972035408, 0.004858972039073706, 0.008134330622851849, -0.04230410233139992, 0.004740375559777021, 0.01313631609082222, -0.020510233938694, -0.04967104271054268, 0.0006418168195523322, 0.01844525709748268, 0.014147874899208546, -0.02667725645005703, 0.033932577818632126, 0.023063547909259796, -0.010959720239043236, -0.00687860231846571, 0.0010412082774564624, 0.03181179240345955, 0.03513249382376671, 0.010387665592133999, 0.039095018059015274, -0.0012330557219684124, -0.01241776067763567, -0.02215663343667984, -0.010701597668230534, 0.025337811559438705, 0.015836132690310478, -0.012264282442629337, -0.011350391432642937, -0.005444978829473257, -0.030025865882635117, -0.09409593045711517, -0.0352720208466053, 0.027165595442056656, 0.021793866530060768, 0.010596954263746738, -0.0033311687875539064, -0.005047331098467112, 0.012334045022726059, -0.006812327541410923, 0.011210865341126919, -0.011015529744327068, -0.03036072663962841, 0.0021190419793128967, -0.015068743377923965, 0.026830734685063362, 0.0059786634519696236, -0.01598961092531681, -0.01580822840332985, -0.02073347382247448, 0.025575004518032074, -0.00338174682110548, -0.014859454706311226, -0.0017676124116405845, -0.010694622062146664, -0.03343028575181961, 0.008657551370561123, -0.03225827217102051, 0.01910102739930153, 0.008692432194948196, 0.01138527225703001, 0.027012117207050323, -0.0071855578571558, -0.022924022749066353, -0.00934820156544447, -0.03666727617383003, -0.025086667388677597, -0.005682171788066626, -0.020579995587468147, 0.014287400990724564, 0.0031968755647540092, -0.007164629176259041, 0.021431101486086845, 0.001336827757768333, -0.01829177886247635, -0.010415570810437202, -0.027765553444623947, -0.0017745885998010635, 0.0209009051322937, -0.007548323832452297, -0.01950564980506897, -0.005134534556418657, -0.006205392070114613, 0.0007159396773204207, -0.013422342948615551, 0.025491289794445038, -0.006135629490017891, 0.01311538740992546, 0.004457836505025625, 0.015054790303111076, 0.003247453598305583, 0.007136723957955837, 0.024109989404678345, 0.0048729246482253075, 0.03714166209101677, 0.02772369608283043, -0.00579030392691493, -0.023844890296459198, -0.018528973683714867, 0.02648192085325718, -0.030053770169615746, -0.02811436727643013, 0.00860871747136116, -0.0031393214594572783, -0.0026614470407366753, -0.015445461496710777, 0.0007312002708204091, -0.04202504828572273, -0.013394437730312347, 0.014650166966021061, 0.007513442542403936, -0.02524014376103878, -0.022533351555466652, 0.015557081438601017, -0.002099857199937105, 0.03343028575181961, 0.033123329281806946, -0.011364343576133251, -0.00754134776070714, 0.03834157809615135, -0.021068334579467773, -0.005664731375873089, 0.004095070529729128, 0.048331595957279205, 0.002844574162736535, 0.0009897582931444049, 0.004381097387522459, -0.004904317669570446, -0.004252036567777395, -0.017580199986696243, 0.002459135139361024, -0.050340764224529266, -0.013833942823112011, -0.0751204714179039, 0.012982837855815887, 0.008845910429954529, 0.006665825843811035, -0.0174406748265028, 0.012236377224326134, -0.002098113065585494, 0.0264540147036314, 0.0006435608956962824, 0.01538965106010437, -0.028393417596817017, 0.011755014769732952, -0.02748650312423706, -0.019338220357894897, -0.027207452803850174, -0.02317516878247261, -0.0005406609270721674, 0.003596267197281122, 0.009920256212353706, -0.0023963486310094595, -0.024054178968071938, -0.01703605055809021, -0.0016106462571769953, 0.018975453451275826, -0.006951853167265654, -0.0011318997712805867, -0.024096036329865456, -0.0019777724519371986, 0.003578826552256942, 9.333485650131479e-06, 0.010296974331140518, -0.02542152814567089, -0.007171605248004198, 0.032090842723846436, -0.01827782765030861, -0.05154068022966385, -0.0018661521608009934, 0.0246262326836586, 0.036220792680978775, -0.015668701380491257, 0.0047822329215705395, -0.023942558094859123, -0.013819990679621696, -0.010527191683650017, -0.0002655342686921358, 0.0035474332980811596, -0.029914245009422302, 0.021082287654280663, 0.021193908527493477, -0.01519431546330452, 0.045457374304533005, 0.015264078974723816, 0.0003985194198321551, -0.010652763769030571, -0.024123940616846085, -0.010715550743043423, -0.0041439044289290905, -0.008259903639554977, 0.003282334888353944, -0.004949663300067186, 0.0348813496530056, -0.010624859482049942, 0.021682247519493103, 0.006547229364514351, 0.0018801047699525952, -0.005124070215970278, -0.023663507774472237, -0.010694622062146664, -0.00863662175834179, -0.021082287654280663, 0.0010813218541443348, -0.02095671556890011, 0.013366533443331718, 0.023844890296459198, 0.006215856410562992, 0.003012004541233182, -0.007359964773058891, 0.015919847413897514, -0.04579223692417145, 0.029300333932042122, 0.02893756702542305, 0.0036939349956810474, -0.012857265770435333, 0.023956511169672012, 0.02300773747265339, -0.02688654325902462, -0.018180159851908684, 0.004970592446625233, 0.006285618990659714, -0.020189324393868446, -0.009341225028038025, 0.03471392020583153, 0.010506262071430683, -0.024151846766471863, 0.03136530891060829, 0.018194111064076424, -0.004531087353825569, -0.02441694401204586, 0.03836948424577713, 3.147496681776829e-05, 0.002253335202112794, -0.004928734619170427, -0.004161344841122627, -0.05536367744207382, -0.022728687152266502, -0.006421656347811222, -0.029439859092235565, 0.0019533555023372173, -0.007520419079810381, 0.008169212378561497, 0.011587584391236305, -0.006194927729666233, 0.016868621110916138, 0.01886383444070816, -0.01582217961549759, 0.01222242508083582, -4.9460664740763605e-05, -0.004265989176928997, -0.03242570161819458, 0.03881596401333809, -0.020635806024074554, -0.018208064138889313, 0.002879455452784896, 0.0174406748265028, 0.018947549164295197, 0.023035643622279167, 0.004088093992322683, 0.014496688731014729, 0.006058890372514725, -0.020175373181700706, 0.01458040438592434, 0.007743659429252148, -0.02649587392807007, -0.02747255004942417, -0.013931610621511936, 0.004618290811777115, -0.018305731937289238, 0.006208880338817835, 0.0023527471348643303, 0.08734289556741714, 0.04308544099330902, -0.039095018059015274, 0.02281240187585354, 0.00028711711638607085, 0.02378907985985279, -0.0034427891951054335, 0.0019864928908646107, 0.0283515602350235, -0.029244523495435715, 0.00034663340193219483, 0.00652281241491437, -0.008999387733638287, -0.012641001492738724, -0.0065018837340176105, -0.013073530048131943, -0.007548323832452297, 0.017970871180295944, -0.005465907510370016, 0.021863630041480064, 0.021877583116292953, -0.006965805310755968, 0.012501475401222706, 0.02440299279987812, -0.032732658088207245, -0.01889173872768879, 0.037420712411403656, 0.01967308111488819, -0.020356755703687668, -0.008434310555458069, -0.014803644269704819, 0.02055209130048752, -0.015250125899910927, -0.018542924895882607, 0.02770974487066269, 0.013806038536131382, -0.0018696403130888939, -0.035578977316617966, 0.0006788782775402069, 0.006791398860514164, 0.01075740810483694, 0.03290008753538132, -0.011455034837126732, -0.02828179858624935, -0.018515020608901978, -0.009996994398534298, -0.015459413640201092, -0.0040113553404808044, -0.03407210111618042], 'ai_metadata': {'tags': ['construction', 'document'], 'document_type': 'unknown', 'topics': ['AS_NZS_1170_1_Summary.txt'], 'supplier_mentions': [], 'categories': ['general'], 'summary': '```json\n{\n  "tags": [\n    "AS/NZS 1170.1",\n    "Structural Design",\n    "Design Loads",\n    "Building Codes",\n    "Dead Loads",\n    "Live Loads",\n    "Wind Loads",\n    "Earthquake Loads",\n    "AS/NZS '}, 'tags': ['construction', 'standards', 'AS/NZS', 'structural'], 'knowledge_bank_type': 'personal', 'upload_timestamp': '2025-08-12T07:38:02.550000', 'status': 'active', 'view_count': 0, 'reference_count': 9, 'storage_path': 'personal_knowledge_bank/demo_user_auto_token/b7c66531-02e2-448c-b9d7-ccef4e4cf3da/AS_NZS_1170_1_Summary.txt', 'file_data': 'CiAgICAgICAgQVMvTlpTIDExNzAuMToyMDAyIFN0cnVjdHVyYWwgRGVzaWduIEFjdGlvbnMKICAgICAgICAKICAgICAgICBUaGlzIHN0YW5kYXJkIHNwZWNpZmllcyBtaW5pbXVtIGRlc2lnbiBsb2FkcyBmb3IgYnVpbGRpbmdzIGFuZCBzdHJ1Y3R1cmVzLgogICAgICAgIAogICAgICAgIEtleSBSZXF1aXJlbWVudHM6CiAgICAgICAgLSBEZWFkIGxvYWRzOiBTZWxmLXdlaWdodCBvZiBzdHJ1Y3R1cmUgYW5kIHBlcm1hbmVudCBmaXh0dXJlcwogICAgICAgIC0gTGl2ZSBsb2FkczogT2NjdXBhbmN5IGFuZCB1c2UgbG9hZHMKICAgICAgICAtIFdpbmQgbG9hZHM6IEFzIHBlciBBUy9OWlMgMTE3MC4yCiAgICAgICAgLSBFYXJ0aHF1YWtlIGxvYWRzOiBBcyBwZXIgQVMvTlpTIDExNzAuNAogICAgICAgIAogICAgICAgIEZvciBvZmZpY2UgYnVpbGRpbmdzOgogICAgICAgIC0gR2VuZXJhbCBhcmVhczogMy4wIGtQYQogICAgICAgIC0gQ29ycmlkb3JzIGFuZCBzdGFpcnM6IDQuMCBrUGEKICAgICAgICAtIFBsYW50IHJvb21zOiA3LjUga1BhCiAgICAgICAg'}, 'similarity_score': 0.7544650272158169, 'source': 'Personal Knowledge Bank', 'privacy': 'Private to your account'}, {'type': 'personal_document', 'document': {'_id': '689aef5daa7af9acc74f4a42', 'document_id': 'f41f1e30-eb07-4e6e-89e5-276921ac131c', 'user_id': 'demo_user_auto_token', 'filename': 'ACME_Steel_Beams_Catalog.txt', 'original_size': 615, 'content_type': 'text/plain', 'file_hash': '1cab681360898573e1ff24e5e0e9088d2d6ba02b7d65475611cf711795613488', 'extracted_text': '\n            ACME Construction Materials - Steel Beam Specifications\n            \n            Product: Universal Beams (UB) - Grade 300\n            Standards Compliance: AS/NZS 3679.1\n            \n            Available Sizes:\n            - 310UB40.4: 310mm deep, 165mm wide\n            - 360UB44.7: 360mm deep, 170mm wide\n            - 410UB53.7: 410mm deep, 178mm wide\n            \n            Fire Rating: Up to 4 hours with appropriate protection\n            Corrosion Protection: Hot-dip galvanized available\n            \n            Contact: sales@acme-steel.com.au\n            ABN: 12 345 678 901\n            ', 'embedding': [-0.004690931178629398, -0.006349104922264814, -0.0157609935849905, -0.034778282046318054, -0.005538368131965399, 0.005388231482356787, -0.01628146693110466, -0.031014861539006233, 0.007920533418655396, -0.016975432634353638, -0.01187746413052082, -0.005882013589143753, 0.00600879592821002, -0.011503791436553001, -0.015013648197054863, -0.00016139671788550913, 0.0025556564796715975, 0.034564755856990814, 0.0023905064444988966, -0.01685532182455063, -0.013592355884611607, 0.011003335937857628, -0.011303609237074852, -0.012471336871385574, -0.006479223258793354, -0.004794358275830746, 0.02375492826104164, -0.01959114335477352, 0.041771307587623596, -0.006342432461678982, 0.01570761203765869, -0.008654533885419369, -0.015133757144212723, -0.0029526841826736927, 0.004750985652208328, 0.014426447451114655, 0.007353351451456547, -0.01574764959514141, 0.03758082911372185, 0.009435243904590607, 0.011010008864104748, -0.002126933541148901, 0.0038902030792087317, 0.00704640569165349, 0.01999150775372982, 0.011910827830433846, 0.025956930592656136, -0.01572095789015293, -0.00978889875113964, 0.001881710602901876, -0.003076129825785756, 0.010809826664626598, -0.025663329288363457, -0.0061055500991642475, 0.014706702902913094, -0.0015188807155936956, -0.0007623597048223019, 0.010022444650530815, 0.01439975667744875, -0.01227115560323, 0.008427660912275314, -0.006242341361939907, -0.030294205993413925, 0.017028814181685448, -0.01963117904961109, -0.005641795229166746, -0.00810069777071476, -0.003700030269101262, -0.009828935377299786, 0.00599545007571578, 0.017068849876523018, 0.013305428437888622, 0.023194419220089912, -0.019270852208137512, 0.02049863524734974, -0.01429299358278513, 0.006305732298642397, -0.021072490140795708, -0.014920230023562908, -0.0031962390057742596, 0.015307248570024967, -0.01620139554142952, 0.0007406733348034322, 0.007153169251978397, -0.01677525043487549, 0.007767060771584511, 0.00789384264498949, -0.0016848649829626083, -0.008047315292060375, -0.011503791436553001, -0.01672186702489853, 0.02039187029004097, 0.030400969088077545, -0.004737640265375376, -0.003946921322494745, 0.004430694505572319, -0.013812556862831116, 0.046602364629507065, 0.008320897817611694, -0.008567788638174534, -0.008974825032055378, 0.008507734164595604, -0.017255686223506927, -0.003823475679382682, -0.011363663710653782, -0.017882922664284706, -0.011063390411436558, 0.0103093720972538, -0.012958446517586708, -0.026183802634477615, 0.008174097165465355, 0.00038952077738940716, -0.008561115711927414, -0.00997573509812355, 0.00397694855928421, -0.013645738363265991, 0.026424020528793335, -0.0025489837862551212, 0.021779799833893776, -0.021606307476758957, -0.010636336170136929, 0.04350621625781059, 0.02786533161997795, 0.01010918989777565, 0.0162948127835989, 0.014319684356451035, -0.02807885967195034, -0.01644161343574524, 0.029333332553505898, 0.00201850151643157, 0.019110705703496933, -0.004117075819522142, 0.014426447451114655, 0.0003774264478124678, -0.013292083516716957, 0.03651319444179535, 0.0016990444855764508, 0.022887472063302994, -0.0313885323703289, -0.02476918324828148, 0.007099787704646587, 0.026183802634477615, -0.034564755856990814, 0.018950561061501503, -0.0007027221727184951, 0.006208977662026882, 0.01668183133006096, 0.01041613519191742, -0.013679102063179016, -0.0242754016071558, -0.009161662310361862, 0.01685532182455063, 0.01960448920726776, 0.014840157702565193, 0.0046775853261351585, -0.014559902250766754, 0.0070664240047335625, 0.017669396474957466, -0.022073399275541306, -0.0332568995654583, 0.004620867315679789, 0.013579010963439941, 0.017389141023159027, -0.02887958660721779, -0.0003250871959608048, -0.014506520703434944, 0.015360630117356777, -0.01580103114247322, -0.01586775854229927, -0.009768880903720856, 0.0019284196896478534, 0.012478009797632694, -0.008387625217437744, -0.007313314825296402, 0.018510160967707634, 0.04142432287335396, 0.02459569275379181, 0.007767060771584511, -0.0033230208791792393, 0.005421595182269812, 0.0010709735797718167, -0.014052774757146835, 0.022220199927687645, 0.042198359966278076, -0.03688686713576317, 0.009508644230663776, 0.0020168335177004337, 0.02073885314166546, 0.05372884124517441, -0.017429176717996597, 0.0054282681085169315, 0.019564451649785042, -0.010189262218773365, -0.008240824565291405, -0.6196566224098206, -0.034618135541677475, -0.0016565058613196015, -0.011283590458333492, 0.001181907719001174, 0.03323020786046982, 0.04049014300107956, 0.00606217747554183, -0.014866848476231098, -0.02885289490222931, -0.012618137523531914, -0.00020591635257005692, 0.010342735797166824, -0.005508340895175934, 0.004620867315679789, 0.005244767758995295, -0.011116772890090942, -0.03560570254921913, 0.021232634782791138, 0.01568092219531536, -0.017575977370142937, 0.004440703429281712, -0.027064602822065353, -0.009555352851748466, 0.011203518137335777, -0.004737640265375376, -0.007653624285012484, -0.03683348372578621, 0.013518956489861012, -0.012845010496675968, -0.04438701644539833, 0.030481042340397835, 0.01678859442472458, 0.005835304502397776, 0.03683348372578621, 0.0062523502856493, -0.009228388778865337, -0.005431604105979204, 0.011056717485189438, 0.013238701038062572, -0.02797209471464157, -0.0046275402419269085, 0.027238095179200172, -0.0237415824085474, 0.0051546860486269, 0.027438275516033173, 0.041771307587623596, -0.02390172891318798, 0.009301789104938507, -0.04395996406674385, 0.004947831388562918, 0.018670305609703064, 0.026864420622587204, 0.004063694272190332, 0.021673034876585007, 0.006539277732372284, 0.030614497140049934, -0.004270548932254314, -0.022033363580703735, 0.009582043625414371, 0.011230208911001682, -0.008494388312101364, -0.0013445556396618485, -0.02459569275379181, -0.01996481604874134, 0.0040837121196091175, -0.004670912865549326, 0.0016806945204734802, 0.004073703195899725, -0.00299772503785789, 6.417292024707422e-05, 0.02372823655605316, -0.003104488831013441, 0.01426630187779665, 0.014519866555929184, 0.004607521928846836, 0.015320594422519207, -0.001534728449769318, 0.0166951771825552, 0.018123142421245575, -0.013185319490730762, 0.01992478035390377, 0.007019714917987585, -0.02476918324828148, -0.0047109490260481834, -0.012544737197458744, -0.015440703369677067, -0.00496117677539587, 0.030481042340397835, -0.011777373030781746, 0.03282984346151352, -0.013505610637366772, 0.0020802244544029236, -0.02831907756626606, -0.00244722468778491, 0.018950561061501503, 0.012751592323184013, 0.012631482444703579, 0.003134516067802906, 0.0014613284729421139, -0.022153472527861595, -0.0009116620640270412, 0.009728844277560711, 0.013799211010336876, 0.01633484847843647, -0.0002420950768282637, -0.0056918407790362835, -0.01041613519191742, 0.038114648312330246, -0.0004078707715962082, 0.010963299311697483, 0.01010918989777565, -0.03397755324840546, -0.007266605738550425, -0.003276311792433262, -0.030134059488773346, 0.018843796104192734, 0.004147103521972895, -0.006272368598729372, -0.013438883237540722, 0.007727024145424366, 0.013238701038062572, 0.0287995133548975, 0.0025222930125892162, -0.005618440918624401, 0.004981195088475943, 0.010969972237944603, -0.002370488364249468, 0.0028692749328911304, -0.000697300536558032, 0.015133757144212723, -0.0004712617374025285, 0.027037912979722023, -0.00810069777071476, 0.014653320424258709, 0.031121624633669853, 0.006148923188447952, -0.027464967221021652, 0.009141643531620502, -0.01429299358278513, -0.01005580835044384, -0.018309978768229485, 0.021512890234589577, -0.009361843578517437, -0.02887958660721779, -0.008747952058911324, -0.007253260351717472, 0.027411585673689842, 0.006335759535431862, -0.01188413705676794, -0.003670003032311797, -0.023261146619915962, -0.017175612971186638, 0.014439793303608894, -0.00717318756505847, -0.012771610170602798, -0.0025473155546933413, -0.03971610590815544, 0.019190778955817223, -0.006249014288187027, 0.006282377522438765, 0.01024264469742775, -0.04438701644539833, -0.0013537306804209948, 0.012811646796762943, -0.0015755989588797092, 0.01192417275160551, 0.029146496206521988, -0.0033413709606975317, -0.026090383529663086, 0.0051546860486269, -0.01586775854229927, -0.009215043857693672, -0.014573248103260994, -0.017762813717126846, 0.0015172126004472375, -0.03667333722114563, 0.008060661144554615, 0.018176523968577385, -0.0022053380962461233, 0.002368820132687688, 0.03747406601905823, -0.018950561061501503, -0.005861995741724968, 0.00032550422474741936, 0.04500090703368187, 0.026837730780243874, 0.007640278898179531, -0.030507734045386314, 0.01692204922437668, -0.025676675140857697, 0.018563542515039444, -0.003179557155817747, 0.029333332553505898, 0.006656050682067871, 0.013432210311293602, 0.030534423887729645, -0.0024188656825572252, 0.0025673338677734137, 0.0033196844160556793, 0.011984228156507015, -0.01578768528997898, 0.037901122123003006, -0.018336668610572815, 0.022820744663476944, 0.0013303760206326842, 0.013932665809988976, -0.030427660793066025, 0.033924173563718796, -0.007940552197396755, 0.02376827411353588, -0.004760994575917721, -0.038728538900613785, 0.005985441152006388, 0.006636032368987799, 0.008060661144554615, -0.007540187798440456, 0.029840460047125816, 0.00514467665925622, -0.030400969088077545, 0.030454352498054504, 0.009081589058041573, 0.008761297911405563, -0.007873824797570705, -0.026183802634477615, -0.0011602214071899652, 0.01584106683731079, 0.0286660585552454, 0.014933575876057148, -0.007640278898179531, -0.003846830455586314, -8.7162567069754e-05, 0.029947223141789436, -0.008260843344032764, 0.006769487168639898, 0.013292083516716957, 0.023060964420437813, -0.02007157914340496, 0.02871944196522236, 0.0014821807853877544, 0.02826569601893425, 0.0019617832731455564, 0.014853502623736858, -0.011056717485189438, 0.02781195007264614, 0.00411373982205987, 0.003042766125872731, 0.015587503090500832, 0.022367000579833984, -0.011957536451518536, -0.0037901122123003006, 0.004827721975743771, -0.02420867420732975, 0.013705792836844921, 0.029493477195501328, 0.006372459698468447, 0.006032150238752365, 0.022073399275541306, 0.025810129940509796, 0.013605701737105846, 0.02351471036672592, 0.015107066370546818, 0.02783863991498947, 0.02456900104880333, 0.019177433103322983, 0.014306338503956795, -0.01212435495108366, -0.011003335937857628, -0.012217773124575615, -0.012838337570428848, -0.01972459815442562, 0.013085228390991688, -0.002267060801386833, -0.010142553597688675, 0.00023146040621213615, 0.002812556689605117, 0.017228996381163597, 0.004594176542013884, 0.004193812608718872, 0.02384834550321102, -0.011043372564017773, -0.03384409844875336, -0.01028935331851244, 0.014119502156972885, -0.008427660912275314, 0.004517439752817154, 2.932353163487278e-05, 0.006509250495582819, -0.002754170447587967, 0.03520533815026283, 0.010876554064452648, 0.01660175807774067, -0.029493477195501328, 0.01024931762367487, -0.0005734379519708455, 0.0034764937590807676, 0.026237184181809425, -0.042545344680547714, -0.023154381662607193, -0.001010918989777565, 0.005398240871727467, -0.030534423887729645, -0.0037467393558472395, 0.002198665402829647, 0.008727934211492538, 0.005678495392203331, -0.0016856990987434983, 0.0035298755392432213, -0.0016690172487869859, 0.009481953456997871, -0.00043456171988509595, -0.008901425637304783, -0.017802851274609566, 0.03213588148355484, 0.005478313658386469, -0.017135577276349068, 0.003720048349350691, -0.02037852443754673, 0.02478252910077572, -0.017495904117822647, 0.002195328939706087, 0.0020385198295116425, -0.038168031722307205, -0.0010517894988879561, 0.03250955417752266, 0.019284198060631752, 0.01570761203765869, 0.034804973751306534, 0.02057870663702488, 0.008928116410970688, -0.02087230794131756, -0.02488929219543934, 0.024982711300253868, 0.01186411827802658, -0.021019108593463898, 0.0048310584388673306, -0.013532301411032677, 0.005384895019233227, -0.019377615302801132, -0.00411373982205987, 0.005631786305457354, -0.012664846144616604, 0.013018500991165638, -0.03181558847427368, -0.012918409891426563, 0.013185319490730762, 0.03573915734887123, 0.03547224774956703, 0.03355050086975098, -0.008981497958302498, 0.00043039125739596784, -0.0031411887612193823, 0.0204852893948555, -0.029306640848517418, 0.012718228623270988, 0.005531695205718279, 0.0018516832496970892, 0.015587503090500832, -0.007733697071671486, 0.0021419471595436335, 0.004907794762402773, -0.01641492173075676, 0.017188958823680878, 0.015120412223041058, 0.034724898636341095, 0.018510160967707634, -0.0033530481159687042, -0.018149832263588905, 0.013372155837714672, -0.02428874745965004, 0.011797390878200531, 0.02079223468899727, 0.0071198055520653725, -0.0058453138917684555, 0.017175612971186638, -0.01224446389824152, -0.011310282163321972, -0.012965119443833828, 0.009408553130924702, -0.0040603578090667725, -0.021806489676237106, 0.01186411827802658, 0.011497118510305882, -0.05271458625793457, -0.001495526172220707, -0.012464664876461029, 0.0064391870982944965, -0.010496208444237709, -0.026530785486102104, -0.025916893035173416, -0.03600606694817543, 0.007420078851282597, -0.031041551381349564, 0.012764937244355679, -0.01199757307767868, 0.004877767525613308, -0.026797693222761154, 0.02443554624915123, 0.01193084567785263, -0.010522899217903614, 0.007353351451456547, -0.0032579617109149694, -0.016948740929365158, 0.023114345967769623, -0.027144676074385643, -0.021072490140795708, -0.018670305609703064, -0.023434637114405632, 0.0017198967980220914, 0.026490747928619385, 0.002789202146232128, -0.016962086781859398, -0.003656657412648201, 0.010963299311697483, 0.001225280575454235, -0.006385805085301399, 0.012858355417847633, -0.027024567127227783, 0.025089474394917488, -0.018777068704366684, -0.0067060962319374084, 0.026637548580765724, -0.011537154205143452, -0.019124051555991173, -0.007593569811433554, -0.014546557329595089, -0.006392478011548519, -0.013432210311293602, 0.013852592557668686, -0.012985137291252613, 0.0001953859464265406, -0.01195086445659399, -0.01588110439479351, -0.022166818380355835, 0.02460903860628605, -0.01984470710158348, 0.010009098798036575, 0.0016439944738522172, -0.03331028297543526, 0.01415953878313303, 0.023221109062433243, 0.014960266649723053, -0.0018316650530323386, -0.022527145221829414, 0.0011326964013278484, -0.04099727049469948, 0.03928904980421066, 0.008487716317176819, -0.00822747964411974, 0.04409341886639595, -0.005241431295871735, -0.0329899899661541, 0.009121625684201717, -0.017896268516778946, 0.01622808538377285, 0.016948740929365158, 0.013258719816803932, -0.001916742417961359, -0.03629966452717781, -0.034911736845970154, -0.0031912343110889196, 0.013579010963439941, 0.006135577801615, -0.02491598390042782, -0.008894752711057663, 0.02057870663702488, -0.029333332553505898, 0.027184711769223213, -0.02826569601893425, -0.02434212900698185, 0.014760084450244904, 0.011130117811262608, -0.002123597078025341, 0.000524226576089859, -0.006395814009010792, 0.006295723374933004, 0.004727630876004696, 0.00016671406046953052, -0.03320351615548134, -0.019457688555121422, 0.004724294878542423, -0.009642099030315876, 0.017962995916604996, 0.021152561530470848, 0.03323020786046982, 0.00019715839880518615, 0.0009383530123159289, 0.00803397037088871, -0.0038134667556732893, -0.00606217747554183, -0.01634819433093071, 0.010789808817207813, -0.02490263804793358, -0.011837427504360676, 0.0407036691904068, 0.009088261984288692, -0.019551105797290802, 0.0033296935725957155, 0.00802729744464159, 0.0413709431886673, -0.003516530152410269, 0.006515923421829939, -0.009034879505634308, -0.02073885314166546, -0.0072999694384634495, -0.0027408248279243708, 0.0016122990055009723, 0.007606915198266506, -0.03253624588251114, -0.02089899778366089, 0.004787685815244913, 0.011397027410566807, 0.004484076518565416, -0.005101304035633802, 0.019057324156165123, -0.034377917647361755, 0.03723384812474251, -0.008667879737913609, 0.05765241011977196, 0.014826811850070953, 0.002468910999596119, -0.02084561623632908, -0.0202183797955513, 0.01231786422431469, 0.013879284262657166, 0.03210918977856636, 0.02430209144949913, -0.027705185115337372, -0.01610797643661499, -0.012237791903316975, -0.01604124903678894, 0.00195844704285264, -0.0010509553831070662, -0.03331028297543526, -0.00521807698532939, -0.01004913542419672, 0.005508340895175934, -0.02799878641963005, 0.007553533185273409, 0.01214437372982502, 0.01673521287739277, 0.02452896535396576, -0.0021035789977759123, -0.008260843344032764, 0.01582772098481655, -0.015107066370546818, 0.04062359780073166, 0.003760084742680192, 0.011583863757550716, 0.004220503382384777, 0.011964209377765656, -0.009335152804851532, -0.0032963298726826906, -0.010442826896905899, 0.014813465997576714, 0.014319684356451035, 0.022193508222699165, -0.00520806759595871, -0.0018199877813458443, 0.03237609937787056, 0.013632392510771751, -0.0040336670354008675, -0.03768759220838547, 0.05271458625793457, -0.0006301561952568591, 0.011850773356854916, 0.007800424471497536, -0.008661206811666489, -0.02362147346138954, -0.0031411887612193823, 0.0006664391839876771, -0.015414012596011162, 0.01592114008963108, -0.008707916364073753, -0.0203518345952034, 0.034724898636341095, -0.012958446517586708, 0.03747406601905823, -0.006592659745365381, -0.005004549399018288, 0.015534121543169022, 0.019124051555991173, -0.00828086119145155, 0.0004987867432646453, -0.0071198055520653725, -0.0030177433509379625, 0.006355777848511934, -0.009154989384114742, 0.022006671875715256, -0.015414012596011162, -0.009255080483853817, -0.00417713075876236, 0.015187139622867107, 0.01665514148771763, -0.03621959313750267, -0.02057870663702488, 0.022607218474149704, -0.003656657412648201, 0.018456777557730675, -0.004707613028585911, -0.013705792836844921, -0.00992902647703886, -0.00796724297106266, -0.007933879271149635, -0.027358204126358032, 0.01569426618516445, -0.018737033009529114, 0.0008833030005916953, 0.0060488320887088776, -0.026797693222761154, 0.00021832347556483, -0.005568395368754864, 0.006015468388795853, -0.03170882537961006, -0.022380344569683075, 0.006752805318683386, -0.00984895322471857, 0.03742068260908127, 0.01181073673069477, -0.00404367595911026, -0.00195844704285264, 0.00587867759168148, -0.021139217540621758, 0.004424021579325199, 0.02885289490222931, 0.014252956956624985, -0.018616924062371254, -0.018670305609703064, -0.008507734164595604, -0.008667879737913609, -0.018096450716257095, -0.012424628250300884, 0.0037133756559342146, -0.004924476612359285, -0.0022136790212243795, 0.021179253235459328, -0.022553836926817894, -0.014052774757146835, 0.011650591157376766, 0.01439975667744875, 0.011316954158246517, -0.010449498891830444, 0.00034969288390129805, 0.016948740929365158, 0.006342432461678982, -0.0002721223863773048, 0.007333333138376474, -0.0316554419696331, 0.011116772890090942, 0.008934789337217808, -0.02084561623632908, 0.0009875644464045763, -0.03747406601905823, -0.0022370335645973682, 0.005968759302049875, 0.018283287063241005, -0.0017932968912646174, -0.025916893035173416, -0.034484680742025375, -0.009935698471963406, -0.010943281464278698, 0.00104178034234792, -0.0031161662191152573, 0.010336062870919704, 0.018790414556860924, -0.0033997572027146816, 0.0165617223829031, 0.02834576740860939, -0.00992235355079174, -0.004944494925439358, -0.014893539249897003, 0.00703973276540637, -0.03344373404979706, -0.013412192463874817, 0.023541400209069252, 0.02423536404967308, 0.00800727866590023, -0.02455565519630909, -0.030427660793066025, 0.017282377928495407, -0.03744737431406975, 0.012751592323184013, 0.003251289017498493, 0.021446162834763527, 0.008908097632229328, 0.029253259301185608, -0.003720048349350691, 0.015067029744386673, -0.009535335004329681, 0.004016985185444355, -0.021005762740969658, 0.01435972098261118, 0.01389262918382883, 0.002193660940974951, -0.011917500756680965, -0.013312101364135742, -0.06267030537128448, -0.002762511372566223, 0.03237609937787056, -0.0286660585552454, 0.005034576635807753, 0.04334606975317001, 0.006142250262200832, -0.005705186165869236, -0.0030060659628361464, -0.0027258112095296383, -0.004300576169043779, 0.009602062404155731, 0.03960933908820152, -0.05148680508136749, 0.004764331039041281, -0.0013445556396618485, 0.021045798435807228, 0.012571427971124649, 0.014746738597750664, 0.01201091893017292, 0.005658477079123259, 0.027545040473341942, 0.0038601758424192667, -0.005054594948887825, -0.017282377928495407, -0.005892022978514433, 0.02911980450153351, 0.017616014927625656, 0.011230208911001682, 0.02045859768986702, 0.009488625451922417, 0.001741583226248622, -0.0026991204358637333, 0.026330603286623955, -0.0237415824085474, 0.006946314591914415, 0.017442522570490837, -0.02383500151336193, -0.0029076433274894953, -0.042892325669527054, -0.0026674249675124884, 0.01453321147710085, -0.01646830327808857, 0.003206247929483652, -0.00783378817141056, -0.022220199927687645, 0.022660600021481514, 0.0038902030792087317, -0.03589930012822151, -0.022286927327513695, 0.01636154018342495, -0.030347587540745735, -0.012277827598154545, -0.012558083049952984, 0.021579617634415627, -0.003900212235748768, -0.0013845920329913497, 0.015053684823215008, -0.04387988895177841, -0.010516226291656494, 0.013759174384176731, -0.01636154018342495, -0.003659993875771761, -0.010849863290786743, 0.17594660818576813, -0.0044173491187393665, 0.01674855872988701, 0.015333939343690872, -0.006088868714869022, -0.015520775690674782, 0.014186229556798935, 0.0017232331447303295, -0.001150212250649929, 0.01653503067791462, 0.026864420622587204, -0.017442522570490837, -0.04492083564400673, 0.00593873206526041, 0.008441006764769554, -0.008314224891364574, -0.03928904980421066, -0.022380344569683075, -0.011630573309957981, 0.021939944475889206, 0.012925082817673683, -0.01648164913058281, -0.008814679458737373, 0.004607521928846836, 0.014186229556798935, 0.006959659978747368, -0.00783378817141056, 0.01568092219531536, 0.017922960221767426, 0.022820744663476944, -0.0054582953453063965, -0.01596117578446865, -0.002403851831331849, 0.018830452114343643, -0.015467394143342972, -0.006932969205081463, 0.03221595287322998, -0.037767667323350906, 0.000217906417674385, 0.019511070102453232, -0.012284500524401665, -0.004510767292231321, 0.0009667121339589357, -0.006872914731502533, -0.02762511372566223, -0.017015468329191208, -0.03130846098065376, 0.005268122535198927, -0.035018499940633774, 0.01597452163696289, -0.023661509156227112, -0.0034664846025407314, 0.011777373030781746, 0.019217470660805702, -0.0015497421845793724, -0.003136184299364686, 0.018016377463936806, -0.006349104922264814, 0.03248286247253418, -0.01042280811816454, -0.01654837653040886, 0.014439793303608894, -0.02877282351255417, 0.010669699870049953, -0.011984228156507015, 0.0017966332379728556, -0.02443554624915123, -0.021219288930296898, -0.002056869911029935, 0.011330300010740757, -0.008167424239218235, -0.006939642131328583, -0.015427357517182827, 0.009882316924631596, -0.010663026943802834, -0.009408553130924702, 0.00349317560903728, 0.01676190458238125, 0.012804973870515823, -0.011236881837248802, -0.013225356116890907, -0.003231270704418421, -0.011497118510305882, 0.03744737431406975, -0.010789808817207813, 0.00490112230181694, 0.021713072434067726, -0.0016264786245301366, 0.022660600021481514, -0.021953290328383446, -0.0003943167976103723, -0.004297239705920219, 0.01188413705676794, 0.005811950191855431, -0.0052747949957847595, 0.0023521382827311754, -0.026690930128097534, 0.011623900383710861, -0.019497724249958992, 0.03162875398993492, -0.030534423887729645, 0.037660904228687286, 0.011330300010740757, -0.0024205336812883615, -0.018563542515039444, -0.026891112327575684, 0.0018983924528583884, 0.015280557796359062, 0.012558083049952984, -0.02861267700791359, -0.009094934910535812, -0.02394176460802555, -0.015387321822345257, -0.002760843141004443, 0.022273581475019455, 0.001600621733814478, -0.02053867094218731, -0.023287836462259293, 0.02443554624915123, -0.02448892779648304, 0.008968153037130833, -0.04105065017938614, 0.0056918407790362835, 0.0014062783448025584, 0.003229602472856641, -0.034351225942373276, -0.02358143776655197, 0.006038823164999485, 0.011477099731564522, -0.03963603079319, 0.013665756210684776, 0.012638155370950699, 0.02072550728917122, -0.013999393209815025, 0.01585441268980503, 0.005658477079123259, -0.004827721975743771, -0.013625719584524632, -0.010015771724283695, 0.0019350924994796515, -0.01606794074177742, -0.009542007930576801, 0.017309067770838737, -0.007653624285012484, 0.019124051555991173, -0.009041552431881428, -0.004851076751947403, 0.015067029744386673, -0.012971792370080948, -0.022780708968639374, -0.008694570511579514, -0.030134059488773346, -0.0011919168755412102, -0.015227176249027252, 0.0038168029859662056, 0.012591446749866009, -0.022447071969509125, -0.04716287553310394, 0.00029380875639617443, 0.01566757634282112, -0.03587261214852333, -0.02426205575466156, 0.03587261214852333, -0.026237184181809425, -0.021286016330122948, -0.006796177942305803, -0.16793933510780334, 0.04561480134725571, 0.026117075234651566, -0.00042580373701639473, 0.007707006298005581, 0.013558992184698582, 0.011703972704708576, -0.004157112445682287, -0.03216256946325302, 0.004547467455267906, 0.029600242152810097, -0.026263875886797905, -0.015467394143342972, -0.002657415810972452, -0.006112223025411367, -0.01395935658365488, 0.002477251924574375, 0.013478919863700867, 0.013232029043138027, 0.019818015396595, -0.0018550197128206491, -0.012905064970254898, 0.011904154904186726, 0.0058453138917684555, -0.015387321822345257, 0.010909917764365673, -0.004153775982558727, 0.019818015396595, -0.00729329651221633, -0.0200849249958992, -0.010696390643715858, -0.018576888367533684, 0.031228387728333473, -0.0007965574623085558, -0.01568092219531536, -0.013365483842790127, -0.01620139554142952, -0.010816499590873718, -0.0004854412982240319, 0.015093721449375153, 0.01996481604874134, 0.017495904117822647, -0.012164391577243805, -0.017095541581511497, -0.0050212312489748, 0.03589930012822151, 0.011190172284841537, -0.011023354716598988, 0.01674855872988701, -0.023274490609765053, 0.002607370261102915, -0.025156201794743538, -0.008254170417785645, 0.002480588387697935, -0.006872914731502533, -0.009148316457867622, -0.007253260351717472, 0.0022553836461156607, 0.00703973276540637, -0.03216256946325302, -0.004667576402425766, -0.0014346374664455652, 0.010943281464278698, -0.018696997314691544, -0.022340308874845505, -0.03894206881523132, 0.014800121076405048, 0.03162875398993492, -0.012664846144616604, 0.008647861890494823, 0.0006493402761407197, -0.0010217621456831694, 0.011490445584058762, -0.04812374711036682, 0.013599028810858727, 0.0014488170854747295, -0.005254777148365974, 0.011377008631825447, 0.01439975667744875, -0.01426630187779665, -0.0016314830863848329, 0.04879102110862732, -0.004343948792666197, 0.0329899899661541, -0.012571427971124649, 0.014639975503087044, -0.03197573497891426, 0.017228996381163597, -0.003970276098698378, -0.008754624985158443, 0.005201395135372877, -0.02874613180756569, -0.004824385512620211, -0.029813768342137337, 0.011683954857289791, 0.02789202146232128, -0.007199878338724375, 0.001224446459673345, -0.0040336670354008675, 0.0034698210656642914, 0.021019108593463898, -0.008260843344032764, -0.05359538644552231, 0.021913254633545876, 0.01439975667744875, 0.02494267374277115, -0.02068547159433365, 0.013252046890556812, 0.01993812434375286, 0.013492265716195107, 0.003374734427779913, 0.003419775515794754, 0.02087230794131756, 0.03323020786046982, -0.006239004898816347, 0.026637548580765724, -0.034618135541677475, -0.018189869821071625, -0.003379739122465253, -0.017282377928495407, -0.006926296278834343, 0.025196237489581108, -0.015053684823215008, -0.0018383378628641367, -0.00029130649636499584, -0.014066120609641075, -0.09176342189311981, -0.00599545007571578, 0.01664179563522339, 0.022660600021481514, -0.003139520762488246, 0.0021302697714418173, 0.008561115711927414, 0.003629966638982296, -0.006746132858097553, 0.008254170417785645, -0.004013648722320795, -0.022527145221829414, -0.006422505248337984, -0.014519866555929184, 0.04008977860212326, -0.0028292385395616293, -0.0028726113960146904, -0.02439551055431366, -0.05258113145828247, -0.00028505080263130367, -0.02850591391324997, -0.007420078851282597, -0.010969972237944603, -0.008767970837652683, -0.011090081185102463, -0.023528054356575012, -0.02786533161997795, 0.012151045724749565, 0.03955595940351486, 0.011610554531216621, -0.02024507150053978, -0.015227176249027252, 0.012471336871385574, 0.0020034878980368376, -0.01568092219531536, -0.011637245304882526, -0.017629358917474747, -0.042118288576602936, 0.0285326037555933, -0.017736123874783516, -0.014706702902913094, 0.005761904641985893, 0.0032612979412078857, -0.02043190784752369, -0.0030244160443544388, -0.02911980450153351, 0.005201395135372877, 0.03784773871302605, -0.017909614369273186, -0.007927206344902515, 0.01245131902396679, 0.006155595649033785, 0.012698209844529629, -0.023234454914927483, 0.021486198529601097, -0.006589323282241821, -0.01564088463783264, 0.008260843344032764, -0.01633484847843647, 0.010989991016685963, -0.006792841944843531, 0.022313617169857025, -0.01989808864891529, 0.03624628484249115, 0.029279951006174088, -0.001911737839691341, -0.012538064271211624, 0.005434940569102764, 0.010396117344498634, -0.03613951802253723, 0.018977250903844833, 0.022633908316493034, -0.015440703369677067, -0.0005392401944845915, -0.006712769158184528, -0.003277979791164398, -0.021366089582443237, -0.021873217076063156, 0.0007702835719101131, -0.005671822931617498, -0.030721260234713554, -0.00840764306485653, 0.026730967685580254, -0.018483469262719154, -0.003696693805977702, 0.01632150448858738, 0.004424021579325199, -0.013812556862831116, 0.03533879294991493, -0.05236760526895523, 0.006372459698468447, 0.03557901084423065, 0.05140673369169235, -0.017682740464806557, -0.02016499824821949, 0.023528054356575012, -0.006906278431415558, -0.01012253575026989, -0.029466787353157997, 0.02016499824821949, -0.050365786999464035, -0.018376706168055534, -0.0706242024898529, 0.04884440079331398, 0.009528662078082561, -0.02358143776655197, 4.0766226447885856e-05, -0.00828086119145155, 0.010763118043541908, -0.008874733932316303, 0.004183803219348192, 0.009168334305286407, -0.018763724714517593, 0.027358204126358032, -0.013785865157842636, -0.0020435242913663387, -0.014453139156103134, -0.011303609237074852, 0.0048577492125332355, 0.01042948104441166, 0.021632999181747437, 0.01012253575026989, -0.018390050157904625, -0.02488929219543934, -0.009068243205547333, -0.011550500057637691, -0.04940491169691086, 0.022060053423047066, -0.038194719702005386, 0.00984895322471857, -0.01010251697152853, -0.01633484847843647, 0.006038823164999485, -0.00605884101241827, -0.010969972237944603, 0.050072185695171356, 0.010829845443367958, -0.03715377673506737, 0.0007694494561292231, 0.004157112445682287, 0.02057870663702488, -0.034191083163022995, 0.01024264469742775, -0.025249620899558067, 0.0012161055346950889, 0.00047584925778210163, 0.013659083284437656, 0.005121322348713875, -0.01644161343574524, 0.022433726117014885, 0.02807885967195034, 0.011236881837248802, 0.0029727022629231215, 0.017082195729017258, 0.010282681323587894, -0.02096572518348694, -0.0166951771825552, -0.010696390643715858, -0.0144664840772748, -0.014746738597750664, 0.0011268577072769403, -0.007319987751543522, 0.0289329681545496, 0.0007093948661349714, 0.011023354716598988, -0.004984531085938215, 0.021406125277280807, 0.026410676538944244, -0.015333939343690872, -0.01403942983597517, 0.01434637513011694, -0.0019717924296855927, 0.0040570213459432125, -8.643273758934811e-05, -0.007340006064623594, 0.003946921322494745, 0.0003453139215707779, -0.01693539507687092, 0.006399150472134352, 0.008307551965117455, -0.034991808235645294, 0.01581437699496746, 0.03224264457821846, 0.01565423049032688, -0.013445556163787842, 0.011830754578113556, 0.02874613180756569, -0.010809826664626598, -0.007446769624948502, 0.012111010029911995, 0.018750378862023354, -0.003953594248741865, 0.0011535485973581672, 0.050792839378118515, -0.009868971072137356, 0.017749467864632607, 0.007206551264971495, 0.0048343949019908905, -0.004414012655615807, -0.034484680742025375, -6.964664498809725e-05, 0.007620260585099459, -0.017482560127973557, -0.013532301411032677, 0.015427357517182827, -0.034164391458034515, -0.009114952757954597, 0.02051197923719883, -0.022340308874845505, -0.023234454914927483, -0.03605944663286209, 0.014986957423388958, 0.0031411887612193823, -0.01570761203765869, 0.018109796568751335, 0.029333332553505898, 0.01018259022384882, 0.02455565519630909, -0.017322413623332977, 0.0030127386562526226, -0.027331512421369553, 0.0756954774260521, -0.017202304676175117, 0.004774339962750673, -0.010929935611784458, 0.011857446283102036, 0.029466787353157997, -0.0052481042221188545, -0.003966939635574818, -0.0006105550564825535, 0.002679102122783661, -0.01564088463783264, -0.0020151652861386538, -0.04468061774969101, -0.017415832728147507, -0.018243251368403435, -0.018603578209877014, 0.010989991016685963, -0.0016156353522092104, 0.01608128473162651, 0.03603275492787361, 0.08882741630077362, 0.054102517664432526, -0.008841370232403278, 0.01193751860409975, -0.01415953878313303, 0.03290991857647896, 0.0010009098332375288, -0.010556262917816639, 0.018483469262719154, -0.03589930012822151, -0.030347587540745735, 0.005888686515390873, -0.012671519070863724, -0.025289656594395638, -0.0143330292776227, -0.009074916131794453, -0.005918713752180338, 0.033897481858730316, -0.029413405805826187, -0.009728844277560711, 0.005498331505805254, -0.01644161343574524, 0.018496815115213394, 0.031228387728333473, -0.018376706168055534, -0.011717318557202816, 0.0032329389359802008, -0.009034879505634308, -0.017549287527799606, -0.04404003545641899, -0.003519866382703185, 0.00788049679249525, -0.02871944196522236, -0.02047194354236126, 0.039235666394233704, 0.0009175007580779493, -0.008134061470627785, -0.006245677825063467, 0.018923869356513023, -0.003244616324082017, 0.008721261285245419, 0.034191083163022995, 0.001119350898079574, 0.007246587425470352, -0.017335759475827217, -0.002644070191308856, -0.026410676538944244, -0.013058537617325783, -0.013358810916543007], 'ai_metadata': {'tags': ['construction', 'document'], 'document_type': 'unknown', 'topics': ['ACME_Steel_Beams_Catalog.txt'], 'supplier_mentions': [], 'categories': ['general'], 'summary': '```json\n{\n  "tags": [\n    "AS/NZS 3679.1", \n    "Grade 300", \n    "Universal Beams", \n    "Corrosion Protection", \n    "Hot-dip galvanized", \n    "Fire Rating"\n  ],\n  "document_type": "specification",'}, 'tags': ['steel', 'beams', 'supplier', 'structural'], 'knowledge_bank_type': 'personal', 'upload_timestamp': '2025-08-12T07:38:05.841000', 'status': 'active', 'view_count': 0, 'reference_count': 5, 'storage_path': 'personal_knowledge_bank/demo_user_auto_token/f41f1e30-eb07-4e6e-89e5-276921ac131c/ACME_Steel_Beams_Catalog.txt', 'file_data': 'CiAgICAgICAgICAgIEFDTUUgQ29uc3RydWN0aW9uIE1hdGVyaWFscyAtIFN0ZWVsIEJlYW0gU3BlY2lmaWNhdGlvbnMKICAgICAgICAgICAgCiAgICAgICAgICAgIFByb2R1Y3Q6IFVuaXZlcnNhbCBCZWFtcyAoVUIpIC0gR3JhZGUgMzAwCiAgICAgICAgICAgIFN0YW5kYXJkcyBDb21wbGlhbmNlOiBBUy9OWlMgMzY3OS4xCiAgICAgICAgICAgIAogICAgICAgICAgICBBdmFpbGFibGUgU2l6ZXM6CiAgICAgICAgICAgIC0gMzEwVUI0MC40OiAzMTBtbSBkZWVwLCAxNjVtbSB3aWRlCiAgICAgICAgICAgIC0gMzYwVUI0NC43OiAzNjBtbSBkZWVwLCAxNzBtbSB3aWRlCiAgICAgICAgICAgIC0gNDEwVUI1My43OiA0MTBtbSBkZWVwLCAxNzhtbSB3aWRlCiAgICAgICAgICAgIAogICAgICAgICAgICBGaXJlIFJhdGluZzogVXAgdG8gNCBob3VycyB3aXRoIGFwcHJvcHJpYXRlIHByb3RlY3Rpb24KICAgICAgICAgICAgQ29ycm9zaW9uIFByb3RlY3Rpb246IEhvdC1kaXAgZ2FsdmFuaXplZCBhdmFpbGFibGUKICAgICAgICAgICAgCiAgICAgICAgICAgIENvbnRhY3Q6IHNhbGVzQGFjbWUtc3RlZWwuY29tLmF1CiAgICAgICAgICAgIEFCTjogMTIgMzQ1IDY3OCA5MDEKICAgICAgICAgICAg'}, 'similarity_score': 0.7440998456798074, 'source': 'Personal Knowledge Bank', 'privacy': 'Private to your account'}], 'mentor_note_results': [{'type': 'mentor_note', 'note': {'_id': '68969307c587380ac29d3fcd', 'note_id': 'b291f354-9230-4c17-9d63-97f743def8b8', 'user_id': 'dev_user_123', 'user_email': 'dev@example.com', 'title': 'Fire Rating Requirements for Steel Structures', 'content': 'When designing steel structures in commercial buildings, fire rating requirements must be considered early in the design process. AS 1530.4 provides the testing methodology for fire resistance, while the BCA specifies minimum requirements based on building classification and height.', 'tags': ['fire-rating', 'steel', 'BCA', 'AS1530', 'construction', 'document'], 'category': 'structural-design', 'attachment_url': None, 'embedding': [-0.002707350766286254, -0.005037156865000725, -0.03159759193658829, -0.04249153286218643, 0.005972951650619507, -0.015359940938651562, -0.017657477408647537, -0.018406113609671593, 0.0137852244079113, 0.006027808412909508, -0.0007308879285119474, -0.009138518944382668, 0.0065247477032244205, 0.021839512512087822, -0.0137852244079113, 0.0008462488185614347, 0.015682628378272057, 0.020910171791911125, 0.0028219050727784634, -0.003940018359571695, -0.010758412070572376, 0.012236322276294231, -0.017412235960364342, 0.003614103654399514, -0.008925545029342175, 0.006563470233231783, 0.013965928927063942, -0.031029662117362022, 0.005711574573069811, 0.0076606092043221, 0.026770181953907013, -0.02096180059015751, -0.009893609210848808, 0.005266265477985144, -0.0030058370903134346, 0.0004065866523887962, -0.008112371899187565, 0.001750581432133913, 0.00757671007886529, -0.014533859677612782, -0.0013343141181394458, -0.021413564682006836, 0.004740284290164709, 0.006582831498235464, 0.008157548494637012, -0.008454421535134315, 0.025776304304599762, -0.002528259065002203, -0.030616620555520058, -0.013578703626990318, 0.021065061911940575, -0.007105586118996143, -0.017670385539531708, -0.01449513714760542, -0.0018280264921486378, 0.0005090400227345526, -0.017463864758610725, 0.006027808412909508, 0.022058939561247826, -0.03526332601904869, -0.011152091436088085, 0.00507910642772913, -0.025789210572838783, 0.0024362930562347174, -0.008247900754213333, -0.02720903791487217, 0.022536518052220345, 0.01057125348597765, -0.016818489879369736, 0.01443059928715229, 0.018948229029774666, 0.030203580856323242, 0.019128933548927307, 0.024356476962566376, 0.03686385601758957, -0.00463057029992342, 0.022239645943045616, -0.02837071381509304, 0.010622883215546608, -0.021852420642971992, -0.0030510134529322386, -0.01212660875171423, -0.0029429129790514708, 0.02624097466468811, -0.007583164144307375, 0.014727472327649593, -0.0013383477926254272, -0.001787690562196076, -0.007828406989574432, 0.007454088889062405, -0.01853518933057785, 0.008589950390160084, 0.011281166225671768, 0.01009367499500513, -0.021594269201159477, -0.01965814270079136, 0.008615764789283276, 0.005285626742988825, 0.014353154227137566, -0.00027609977405518293, 0.003985194489359856, 0.0018377071246504784, -0.020238980650901794, 0.0029558204114437103, 0.002700897166505456, -0.015940777957439423, 0.003994875121861696, -0.008131733164191246, -0.007370190229266882, -0.029738910496234894, -0.03275926783680916, 0.014107911847531796, -0.0034430790692567825, -0.008990082889795303, 0.009222418069839478, 0.02216220088303089, 0.011913634836673737, -0.002334646414965391, -0.0011156931286677718, -0.008234993554651737, 0.0020894038025289774, -0.005182366352528334, 0.020935986191034317, 0.010300195775926113, 0.026847627013921738, -0.004343378357589245, -0.024562997743487358, -0.012920420616865158, -0.007396005094051361, -0.01998083107173443, 0.008828738704323769, 0.009073982015252113, 0.012623547576367855, -0.008396337740123272, -0.009474114514887333, 0.022549426183104515, -0.008015565574169159, 0.040219809859991074, -0.042878758162260056, -0.031055476516485214, 0.0019538747146725655, 0.0023878898937255144, -0.02427903190255165, -0.016031131148338318, -0.011035923846065998, -0.01675395295023918, 0.01834157668054104, 0.01805761083960533, -0.017463864758610725, -0.017296068370342255, -0.030126135796308517, 0.008589950390160084, 0.007589617744088173, 0.008731932379305363, -0.014766194857656956, 0.02263977751135826, -0.01803179644048214, 0.018741708248853683, -0.01295914314687252, -0.03590870276093483, 0.04393717646598816, 0.006744175683706999, 0.005992312915623188, 0.006266597658395767, 0.002508897799998522, 0.006899065803736448, 0.00775096146389842, -0.008222085423767567, 0.0023556211963295937, -0.009945238940417767, 0.01024856511503458, 0.030874771997332573, -0.02769952267408371, 0.01171356812119484, 0.013217293657362461, 0.02131030336022377, 0.022200923413038254, 0.016599060967564583, 0.013423813506960869, -0.005634129513055086, -0.005943909753113985, -0.00569221330806613, 0.03882579877972603, 0.029558205977082253, -0.032346226274967194, 0.0413556732237339, 0.022342905402183533, 0.0042207567021250725, 0.022910835221409798, -0.031210366636514664, 0.008512505330145359, 0.005718028172850609, -0.012675178237259388, -0.005166232120245695, -0.6476473808288574, -0.030564991757273674, 0.0026831491850316525, -0.04096844792366028, 0.0005396953783929348, 0.0036754142493009567, 0.03164922073483467, -0.010455085895955563, -0.005579272750765085, -0.0017521949484944344, 0.023014096543192863, 0.010229203850030899, 0.0005800313665531576, -0.012423481792211533, -0.016121484339237213, -0.016495801508426666, 0.014662934467196465, -0.005847103428095579, 0.012087886221706867, 0.013036588206887245, -0.01197817176580429, 0.024498460814356804, -0.038438573479652405, -0.027673708274960518, 0.0165474321693182, -0.012313767336308956, 0.001765102380886674, -0.026770181953907013, 0.023323876783251762, -0.01252674125134945, -0.010190481320023537, 0.018935320898890495, 0.025789210572838783, 0.026331325992941856, 0.04102007672190666, -0.00015287335554603487, -0.002371755428612232, 0.02177497372031212, 0.04902273416519165, 0.011610307730734348, -0.00884164683520794, 0.007312105968594551, 0.04032307118177414, 0.021065061911940575, -0.006292412523180246, 0.02642167918384075, 0.03198481723666191, -0.0019474209984764457, 0.020213166251778603, -0.02821582369506359, -0.009319224394857883, 0.010448631830513477, -0.014740380458533764, 0.008809377439320087, 0.026460401713848114, -0.007228207308799028, 0.024717887863516808, 0.009112704545259476, -0.03177829831838608, 0.0014545153826475143, 0.021387748420238495, -0.009493475779891014, 0.015824610367417336, -0.03704456239938736, -0.02327224612236023, -0.004840317647904158, -0.0153212184086442, 0.008641580119729042, 0.007363736163824797, 0.011113368906080723, -0.0034624403342604637, 0.025040576234459877, 0.00689261220395565, 0.002079722937196493, 0.007989750243723392, 0.01770910806953907, 0.015024345368146896, -0.0011447350261732936, 0.014520952478051186, 0.012578371912240982, 0.012165331281721592, 0.007163669914007187, -0.01734769716858864, -0.009041712619364262, -0.014391876757144928, -0.015953686088323593, -0.010784227401018143, -0.02098761685192585, 0.028473973274230957, 0.009280501864850521, 0.019425807520747185, -0.02049713023006916, -0.002479855902493, -0.03182992711663246, -0.008912637829780579, 0.011068192310631275, 0.012571917846798897, -0.022717222571372986, 0.010700328275561333, -0.0002831585588864982, -0.028628863394260406, -0.017128270119428635, -0.01658615469932556, -0.0013859441969543695, 0.012500926852226257, -0.010829403065145016, 0.007544441614300013, -0.0027702751103788614, 0.023039910942316055, -0.010442177765071392, 0.00229269708506763, -0.006834528408944607, -0.0334046445786953, -0.02261396311223507, -0.0018038249108940363, -0.023362599313259125, 0.024550089612603188, 0.013643241487443447, -0.00021277228370308876, 0.009699996560811996, 0.0009511223761364818, 0.014262801967561245, 0.021736251190304756, -0.028577234596014023, -0.023478766903281212, 0.049255069345235825, -0.008112371899187565, 0.0053759790025651455, 0.007789683993905783, 0.000353948213160038, 0.008699663914740086, 0.007886490784585476, 0.01804470270872116, -0.00984843261539936, -0.00430142879486084, 0.005350164137780666, -0.001406918978318572, -0.0275704488158226, 0.02296246588230133, -0.02112959884107113, -0.023401321843266487, -0.00680871307849884, 0.0018506146734580398, 0.0005517961690202355, -0.03374024108052254, 0.0033753146417438984, -0.04460836574435234, 0.02195568010210991, 0.00032772982376627624, 0.01964523456990719, -0.03283671289682388, -0.001126180519349873, 0.0020522945560514927, 0.0031655675265938044, -0.003526977961882949, -0.007821952924132347, 0.02346585877239704, -0.020213166251778603, 0.019593605771660805, -0.007615432608872652, -0.017489681020379066, -0.0023620747961103916, -0.02096180059015751, 0.003314004046842456, 0.0029945429414510727, -0.004333697725087404, 0.019632328301668167, 0.008583496324717999, -0.0165474321693182, -0.02457590587437153, -0.0007224173750728369, -0.012707446701824665, 0.0036044230218976736, 0.01515342015773058, -0.0019554882310330868, 0.01302368100732565, -0.012113700620830059, -0.008228539489209652, -0.0026282924227416515, -0.007215299643576145, 0.0023507808800786734, 0.01525668054819107, -0.009009444154798985, 0.022523609921336174, 0.004953258205205202, 0.04706079140305519, -0.0003513263654895127, -0.0009527358342893422, -0.017476772889494896, 0.011700660921633244, -0.019322548061609268, 0.01737351343035698, 0.015527738258242607, 0.012068524956703186, 0.00737664382904768, -0.0034398522693663836, -0.006595739163458347, -0.010351825505495071, -0.014946900308132172, -0.0041723535396158695, 0.00046225031837821007, -0.005669625010341406, 0.027931857854127884, -0.014288617298007011, 0.022046033293008804, -0.0048951744101941586, 0.017747830599546432, -0.01122953649610281, 0.044659994542598724, 0.015824610367417336, 0.0004820149333681911, -0.013256016187369823, -0.010829403065145016, -0.01572135090827942, -0.014882362447679043, 0.01140378788113594, 0.005169459152966738, 0.029248423874378204, -0.008228539489209652, -0.030926400795578957, 0.02821582369506359, 0.015282495878636837, 0.027183223515748978, 0.0165474321693182, -0.006886158138513565, -0.004330470692366362, 0.02656366117298603, 0.014172449707984924, 0.00829307734966278, -0.004824182949960232, -0.0020974709186702967, 0.00836406834423542, 0.013888483867049217, -0.002289470052346587, 0.03965188190340996, 0.030074505135416985, 0.035676367580890656, -0.018819153308868408, 0.011965264566242695, 0.007512172684073448, 0.02769952267408371, 0.009558013640344143, 0.018728801980614662, -0.008615764789283276, 0.04081355780363083, 0.03208807855844498, 0.026666922494769096, 0.03250111639499664, -0.0018312534084543586, 0.0031736348755657673, 0.003501162864267826, -0.004549898207187653, -0.022071847692131996, 0.004285294562578201, 0.026512032374739647, 0.012842975556850433, 0.026821812614798546, 0.023014096543192863, 0.006053623743355274, -0.000663930200971663, 0.0008002658141776919, 0.0022765626199543476, 0.03544403240084648, -0.00901589822024107, 0.027183223515748978, 0.00385289266705513, -0.034514691680669785, 0.0014351541176438332, 0.012223415076732635, -0.012242776341736317, -0.011081100441515446, 0.003355953376740217, 0.007454088889062405, -0.0035689272917807102, 0.0031365256290882826, 0.013862669467926025, -0.00030352824251167476, 0.03232041373848915, 0.01688302680850029, 0.002757367445155978, 0.013133394531905651, -0.012991411611437798, 0.013230200856924057, 0.015179235488176346, 0.0018393206410109997, -0.0150114381685853, 0.00185545498970896, 0.00818981695920229, -0.02035514824092388, 0.0324753038585186, 0.012720353901386261, -0.009622551500797272, -0.012662270106375217, 0.00974517222493887, -0.0047306036576628685, 0.014572582207620144, 0.00291064428165555, -0.054831117391586304, -0.015514831058681011, -0.005440516863018274, 0.007118493318557739, -0.006776444613933563, 0.012901059351861477, -0.016521615907549858, 0.03588288649916649, 0.0061342958360910416, 0.012352489866316319, 0.011294074356555939, 0.011578039266169071, -0.0019458075985312462, 0.015966594219207764, 0.010622883215546608, -0.0017489680321887136, 0.01653452403843403, 0.03544403240084648, -0.010680967010557652, 0.004643477965146303, -0.0183802992105484, 0.03756086155772209, -0.006557016633450985, 0.0009011057554744184, 0.013501258566975594, -0.013307645916938782, 0.009803256019949913, 0.06293703615665436, 0.004307882394641638, 0.010009776800870895, 0.00689261220395565, 0.006289185956120491, -0.011003655381500721, -0.04476325586438179, -0.006263370625674725, 0.01817377842962742, 0.0005739809712395072, -0.018819153308868408, -0.004533763974905014, 0.008157548494637012, 0.01853518933057785, 0.011997533030807972, 0.02736392803490162, 0.008331799879670143, -0.030874771997332573, -0.0005751910503022373, -0.008176909759640694, -0.03167503699660301, 0.004798368085175753, 0.048609692603349686, 0.018948229029774666, 0.0057954732328653336, -0.014301524497568607, 0.0002545200113672763, 0.010739050805568695, 0.0044272770173847675, -0.022046033293008804, 0.010842311196029186, 0.01951616071164608, -0.001679590088315308, 0.025324540212750435, 0.010267926380038261, 0.010706782341003418, 0.013165662996470928, -0.015075975097715855, -0.00019250345940236002, -0.007454088889062405, 0.03242367133498192, -0.008925545029342175, 0.006398899480700493, 0.011661938391625881, 0.016031131148338318, -0.014482229948043823, 0.006247236393392086, 0.020948894321918488, -0.009919423609972, 0.024498460814356804, 0.020213166251778603, 0.007150762248784304, -0.013449628837406635, -0.005669625010341406, 0.007008779793977737, -0.023491673171520233, -0.0006304513663053513, -0.0037141370121389627, 0.01055834535509348, -0.021723344922065735, -0.027828598394989967, -0.019103119149804115, 0.004198168870061636, 0.005950363352894783, -0.040891002863645554, -0.017747830599546432, -0.0076477015390992165, 0.007512172684073448, -0.024627534672617912, -0.012326675467193127, 0.013488351367413998, -0.022846298292279243, -0.012842975556850433, 0.026189344003796577, 0.022549426183104515, -0.01968395709991455, 0.010145305655896664, -0.009061073884367943, -0.0046951076947152615, 0.01074550487101078, -0.008809377439320087, -0.012746169231832027, -0.02066492848098278, -0.03836112841963768, -0.004849998280405998, 0.04422114044427872, -0.018122147768735886, -0.010861672461032867, 0.004911308642476797, 0.01550192292779684, -0.018909506499767303, 0.0028590140864253044, 0.0071378545835614204, -0.0046822004951536655, 0.043859731405973434, 0.006011674180626869, -0.013707779347896576, 0.014792010188102722, 0.005911640822887421, -0.028267454355955124, -0.0022281594574451447, -0.00014369691780302674, -0.0027444600127637386, -0.02342713624238968, 0.0059342291206121445, -0.009577374905347824, -0.0015956913121044636, 0.002162008546292782, -0.0043530589900910854, 0.0035689272917807102, 0.007970388978719711, -0.022188015282154083, 0.011371519416570663, 0.005308214575052261, -0.017902720719575882, 0.04607982188463211, -0.001135054393671453, 0.011061739176511765, 0.016650691628456116, -0.008893276564776897, 0.019464530050754547, -0.041381485760211945, 0.030848955735564232, 0.03931628540158272, -0.016198929399251938, 0.009454753249883652, -0.0020619751885533333, -0.01981303282082081, -0.014288617298007011, -0.01671523042023182, -0.007202392444014549, 0.02950657531619072, 0.016947565600275993, -0.03208807855844498, -0.03350790590047836, -0.022033125162124634, -0.010255019180476665, -0.0023056045174598694, -0.02556978352367878, 0.021529732272028923, -0.02524709515273571, 0.03175248205661774, -0.0073443748988211155, 0.01188781950622797, 0.004782233387231827, -0.028887014836072922, -0.021697528660297394, 0.0229753740131855, -0.012636455707252026, 0.02656366117298603, -0.027260668575763702, 0.022342905402183533, -0.00836406834423542, 0.01965814270079136, -0.012320221401751041, -0.030255211517214775, 0.014637120068073273, -0.030694065615534782, 0.03611522167921066, 0.02115541324019432, 0.01804470270872116, -0.001628766767680645, 0.020213166251778603, 0.0026492669712752104, -0.0010713236406445503, 0.012333128601312637, -0.016095668077468872, -0.006053623743355274, -0.02067783661186695, -0.004882266744971275, 0.025621414184570312, 0.0057212552055716515, -0.017438050359487534, -0.010274380445480347, 0.02640877105295658, 0.02132321149110794, -0.006489252205938101, -0.0060568503104150295, -0.041381485760211945, -0.010300195775926113, -0.002091017086058855, 0.01674104481935501, -0.0003579818003345281, 0.002199117559939623, -0.03097803145647049, -0.002057134872302413, 0.019219286739826202, -0.016805581748485565, -0.0001787892251741141, 7.431903941323981e-05, 0.02426612377166748, -0.018457744270563126, 0.003021971555426717, -0.01705082505941391, 0.051062121987342834, 0.0032946427818387747, -0.012888152152299881, -0.03291415795683861, -0.023569118231534958, -0.005233996547758579, 0.006463437341153622, 0.01951616071164608, 0.013565796427428722, -0.02806093357503414, -0.012733262032270432, 0.008970721624791622, -0.008938453160226345, -0.006447302643209696, 0.009990415535867214, -0.0006215774337761104, -0.011829735711216927, -0.022859206423163414, 0.007499265018850565, -0.005398567300289869, 0.0021555547136813402, 0.01670232228934765, 0.005517961923032999, 0.04610563814640045, -0.016444170847535133, 0.006005220580846071, 0.024304846301674843, -0.030874771997332573, 0.027596263214945793, -0.0036044230218976736, 0.011106914840638638, -0.015205050818622112, 0.017012102529406548, -0.02164589986205101, -2.3621756554348394e-05, 0.002847720170393586, -0.007299198769032955, 0.02395634353160858, 0.01884496957063675, -0.002400797326117754, 0.006447302643209696, 0.005069425795227289, 0.043033648282289505, 0.010777773335576057, -0.020781096071004868, 0.03128781169652939, 0.009609643369913101, 0.005488920025527477, -0.011997533030807972, 0.015514831058681011, -0.03211389109492302, -0.0030800553504377604, 0.0018247996922582388, -0.03017776645720005, 0.006124615203589201, -0.008325345814228058, -0.008415699005126953, 0.035831257700920105, -0.015592276118695736, 0.01449513714760542, 0.0183802992105484, -0.008712571114301682, 0.039419546723365784, -0.011545770801603794, 0.008454421535134315, -0.0026944433338940144, 0.02883538417518139, 0.03175248205661774, 0.012571917846798897, -0.028912829235196114, -0.0009309544111602008, 0.013281830586493015, -0.01608276180922985, -0.004485360812395811, 0.0020668155048042536, 0.02723485231399536, -0.008790016174316406, -0.02282048389315605, -0.004446638282388449, 0.011306981556117535, 0.02129739709198475, 0.016108576208353043, -0.011565132066607475, 0.002250747522339225, -0.012158877216279507, -0.025143835693597794, -0.012662270106375217, -0.006034262478351593, -0.015953686088323593, -0.009441846050322056, 0.0037754476070404053, -0.008022019639611244, 0.014895270578563213, -0.014443507418036461, 0.002738006180152297, -0.020419685170054436, -0.010145305655896664, 0.004091681446880102, -0.036786410957574844, 0.009680635295808315, 0.012029802426695824, 0.00020934372150804847, 0.008886822499334812, 0.019245103001594543, -0.05101049318909645, 0.004740284290164709, -0.0039174300618469715, 0.022665593773126602, -0.022678500041365623, 0.013230200856924057, -0.006905519403517246, -0.012158877216279507, 0.022988280281424522, -0.012604186311364174, -0.021503916010260582, -0.043369244784116745, 0.0016481280326843262, 0.008712571114301682, -0.017580032348632812, -0.00951929111033678, 9.267190762329847e-05, -0.001423860085196793, 0.011932996101677418, -0.014262801967561245, -0.010881033726036549, 0.013397998176515102, 0.007537987548857927, 0.0035334317944943905, 0.04602819308638573, -0.025376170873641968, 0.011526409536600113, 0.00305262696929276, 0.007176577113568783, -0.027622077614068985, -0.00696360319852829, 4.731914305011742e-05, 0.005924548488110304, -0.018109241500496864, -0.020613297820091248, -0.022046033293008804, -0.018160870298743248, 0.004362739622592926, -0.0038173969369381666, 0.014972715638577938, 0.001319793169386685, -0.016457078978419304, -0.00647957157343626, -0.020858541131019592, -0.0021442605648189783, 0.027622077614068985, -0.03260437771677971, -0.014701656997203827, 0.0017796233296394348, -0.016766859218478203, -0.05292080342769623, -0.02424030937254429, 0.02000664547085762, 0.040916815400123596, 0.008196271024644375, -0.01361742615699768, 0.007112039718776941, 0.008964267559349537, -0.061078350991010666, 0.00901589822024107, -0.021194135770201683, 0.007686424069106579, 0.018638448789715767, 0.015669720247387886, -0.016676507890224457, 0.042026862502098083, -0.007634793873876333, -0.003446306101977825, -0.005130736622959375, 0.0042691598646342754, -0.010597067885100842, -0.006989418528974056, 0.03774156793951988, -0.0069184270687401295, -0.035521477460861206, -0.02214929275214672, 0.03629592806100845, -0.01214597001671791, -0.013423813506960869, -0.0009801642736420035, -0.01074550487101078, 0.014107911847531796, 0.02097470872104168, -0.0011124663287773728, 0.01269453950226307, 0.0079639358446002, 0.0021910504437983036, -0.03211389109492302, 0.0006437622359953821, 0.014120819047093391, 0.013243108056485653, 0.013243108056485653, -0.011707114055752754, 0.005579272750765085, -0.0006691738963127136, -0.005175912752747536, 0.018638448789715767, -0.009454753249883652, -0.005989085882902145, -0.023310968652367592, -0.0058438763953745365, 0.007957481779158115, 0.009409576654434204, 0.016508709639310837, -0.001957101747393608, 0.0073508284986019135, 0.0008873915066942573, 0.007312105968594551, -0.015527738258242607, -0.0004896787577308714, -0.003707683179527521, -0.015695536509156227, -0.005472785793244839, -0.02445973828434944, 0.004133631009608507, 0.0353923998773098, -0.0042562526650726795, -0.014288617298007011, -0.024537183344364166, -0.01888369210064411, 0.02265268564224243, 0.006295639555901289, 0.014856548048555851, -0.0011753904400393367, -0.0006054430268704891, -0.030100321397185326, -0.00233787321485579, -0.011442510411143303, -0.0029638877604156733, 0.002799317007884383, -0.01181682851165533, 0.012830068357288837, -0.024782424792647362, 0.014236986637115479, 0.0028219050727784634, 0.01587624102830887, -0.014249894767999649, 0.00626982469111681, 0.17595522105693817, 0.008305984549224377, -0.0012842975556850433, 0.029145164415240288, -0.025324540212750435, -0.014869455248117447, -0.009377308189868927, 0.020226072520017624, -0.0013794904807582498, 0.03361116349697113, -0.0018151190597563982, -0.016444170847535133, -0.023840175941586494, 0.011984625831246376, -0.007744507864117622, 0.013462536036968231, -0.034824471920728683, 0.007176577113568783, -0.031210366636514664, 0.0364508181810379, 0.032346226274967194, -0.013862669467926025, -0.0019232194172218442, -0.004030371084809303, 0.029945431277155876, 0.014120819047093391, 0.02265268564224243, 0.020587483420968056, 0.026008639484643936, 0.014004651457071304, 0.0033753146417438984, -0.019619420170783997, 0.0055082812905311584, -0.013901391997933388, -0.036166850477457047, -0.005634129513055086, 0.015979500487446785, -0.021413564682006836, 0.0002099487610394135, 0.007712238933891058, -0.004298201762139797, -0.009945238940417767, -0.00603103544563055, -0.015050160698592663, -0.01221696101129055, -0.014533859677612782, -0.041588008403778076, 0.0104163633659482, -0.022885020822286606, -0.001415792852640152, -0.03890324383974075, -0.006899065803736448, 0.007873582653701305, 0.010616429150104523, 0.02674436755478382, 0.004995207767933607, 0.006527974735945463, -0.015579367987811565, 0.0031591139268130064, -0.0038593464996665716, -0.007473450154066086, 0.004382100887596607, -0.04096844792366028, 0.01998083107173443, -0.02178788185119629, -0.00975808035582304, -0.017915628850460052, 0.01884496957063675, -0.0033075502142310143, 0.012559010647237301, -0.028603048995137215, -0.002394343726336956, -0.027260668575763702, -0.0038593464996665716, -0.01055834535509348, -0.0037657669745385647, 0.02510511316359043, 0.000834148027934134, 0.014133727177977562, 0.01822540909051895, -0.03082314133644104, -0.01403046678751707, -0.005621221847832203, 0.033043231815099716, -0.003914203494787216, -0.007892943918704987, 0.02492440864443779, -0.002931618830189109, -0.01026147324591875, -0.015540645457804203, 0.0033301382791250944, 0.0018506146734580398, -0.01048735436052084, 0.0012052390957251191, -0.00385289266705513, -0.00757671007886529, -0.010035591199994087, 0.024214494973421097, -0.0005187206552363932, 0.015966594219207764, -0.0330948643386364, 0.0652603879570961, 0.025608506053686142, -0.02065202035009861, -0.010584160685539246, 0.0009002990555018187, -0.016805581748485565, 0.019606512039899826, 0.009293409064412117, -0.0005005694692954421, -0.02147810161113739, -0.020045368000864983, -0.01734769716858864, -0.027312297374010086, -0.0017667158972471952, -0.011532862670719624, -0.010455085895955563, -0.03330138325691223, 0.014469321817159653, -0.0468800887465477, -0.02391762100160122, -0.008557680994272232, 0.015398663468658924, 0.011287620291113853, -0.01756712608039379, -0.012907513417303562, -0.01901276595890522, 0.005563138052821159, 0.02393052913248539, -0.04644123092293739, -0.0007232240750454366, -0.00853186659514904, -0.022252552211284637, -0.011197268031537533, -0.01000332273542881, 0.013798131607472897, 0.01097138598561287, -0.02953238971531391, -0.004982300102710724, 0.0040497323498129845, 0.010119490325450897, -0.030590806156396866, 0.01449513714760542, 0.008615764789283276, 0.0031397526618093252, 0.006085892673581839, -0.008557680994272232, 0.0012375077931210399, -0.005304988007992506, 0.0047790068201720715, -0.01107464637607336, -0.025802118703722954, 0.0004412755952216685, -0.01801888830959797, -0.004178807605057955, -0.02493731491267681, 0.004072320181876421, -0.04693171754479408, 0.008938453160226345, -0.002458881353959441, -0.024214494973421097, 0.014637120068073273, 0.021749159321188927, -0.006511840503662825, 0.0010882647475227714, 0.0055082812905311584, -0.1608792394399643, 0.03066825121641159, 0.03559892252087593, 0.000498149311169982, 0.038929060101509094, 0.008164001628756523, -0.0017699426971375942, 0.008331799879670143, -0.023078633472323418, 0.02146519348025322, 0.017644571140408516, -0.02522128075361252, -0.009048166684806347, 0.0031220046803355217, -0.015230865217745304, -0.0055082812905311584, -0.0019022447522729635, 0.017502587288618088, 0.02128448896110058, 0.012074978090822697, 0.0038141701370477676, -0.010371186770498753, -0.002547620330005884, -0.024730795994400978, -0.010835857130587101, -0.005240450147539377, -0.030281025916337967, -0.00017899090016726404, -0.004485360812395811, -0.011332796886563301, -0.022046033293008804, 0.0020442274399101734, 0.02313026413321495, -0.01269453950226307, -0.003781901439651847, -0.023878898471593857, -0.020613297820091248, -0.014637120068073273, -0.03849020600318909, 0.03833531215786934, 0.012520288117229939, 0.0073443748988211155, -0.02199440263211727, -0.007654155138880014, -0.0007212072960101068, 0.019438715651631355, 0.03299160301685333, 0.000719190516974777, 0.00618592556566, -0.02391762100160122, -0.009996868669986725, -0.02216220088303089, -0.0021281263325363398, 0.004637023899704218, -0.01048735436052084, -0.01368196401745081, -0.03232041373848915, 0.031726665794849396, 0.005776111967861652, -0.00910625047981739, -0.0013302805600687861, -0.007834860123693943, 0.03152014687657356, -0.00401746341958642, -0.007241114974021912, -0.02100052312016487, 0.0035657004918903112, 0.014327339828014374, -0.009061073884367943, -0.01706373319029808, 0.013953021727502346, -0.02325933799147606, 0.007325013633817434, -0.036967117339372635, 0.005050064530223608, 0.014482229948043823, -0.0026508804876357317, 0.01197817176580429, 0.022420350462198257, -0.01574716530740261, 0.008396337740123272, 0.039935845881700516, -0.019580697640776634, -0.006595739163458347, -0.007447635289281607, 0.027415558695793152, 0.01772201620042324, 0.012823614291846752, -0.03263019397854805, 0.008925545029342175, 0.025324540212750435, -0.024653350934386253, -0.02325933799147606, -0.010590614750981331, 0.0042627062648534775, 0.0244339220225811, 0.007202392444014549, -0.015992408618330956, -0.0039819679223001, 0.00450149504467845, 0.01212660875171423, -0.01658615469932556, -0.04641541838645935, 0.008228539489209652, 0.013862669467926025, 0.025982823222875595, -0.021607177332043648, 0.006834528408944607, 0.029274240136146545, -0.00018756229837890714, 0.012926874682307243, 0.005324349272996187, 0.024369385093450546, 0.016650691628456116, 0.010326010175049305, 0.0014456415083259344, -0.005269492045044899, -0.013243108056485653, -0.021542638540267944, -0.007712238933891058, 0.016198929399251938, 0.013488351367413998, -0.004330470692366362, 0.004453091882169247, -0.005898733623325825, -0.006840982008725405, -0.10212424397468567, -0.03146851807832718, 0.016018223017454147, 0.02310444787144661, 0.017786553129553795, -0.019077304750680923, -0.012139515951275826, 0.03017776645720005, -0.003228491637855768, 0.008499597199261189, 0.004307882394641638, -0.02571176551282406, 0.005940682720392942, -0.007602525409311056, 0.02751881815493107, -0.006957149598747492, 0.013346368446946144, 0.0017521949484944344, -0.007525080349296331, 0.012881698086857796, -0.0004687040636781603, -0.03536658734083176, -0.0137852244079113, -0.006647369358688593, -0.009286955930292606, -0.0034850286319851875, -0.02378854714334011, -0.000663930200971663, 0.007531533949077129, 0.0034624403342604637, -0.017980165779590607, -0.00023515876091551036, 0.015992408618330956, 0.01834157668054104, -0.014366062358021736, -0.020897263661026955, -0.011145637370646, -0.037276897579431534, 0.023014096543192863, -0.00383030460216105, -0.007596071343868971, 0.005834195762872696, 0.012074978090822697, -0.010319557040929794, 0.01525668054819107, -0.018483558669686317, -0.018419021740555763, 0.01866426318883896, 0.007079770788550377, -0.027286482974886894, -0.0009680634830147028, -0.0208327267318964, 0.008157548494637012, -0.02689925767481327, 0.012262137606739998, -0.02341422811150551, 0.007828406989574432, 0.025298725813627243, -0.010442177765071392, -0.0017683292971923947, 0.0226010549813509, 0.015605183318257332, 0.00837697647511959, 0.013514166697859764, 0.018638448789715767, -0.007899397984147072, -0.011455417610704899, -0.00026057043578475714, 0.019141841679811478, -0.04933251440525055, 0.010997201316058636, 0.00030393159249797463, -0.02360784076154232, -0.009887155145406723, -0.024356476962566376, -0.008815831504762173, -0.03510843589901924, -0.02067783661186695, -0.02311735600233078, -0.013539981096982956, -0.002278176136314869, -0.01515342015773058, 0.02966146543622017, -0.013133394531905651, 0.027286482974886894, 0.023194801062345505, -0.013823946937918663, -0.015192142687737942, 0.034850284457206726, -0.04383391514420509, 0.0032494664192199707, 0.020742373540997505, 0.0241241417825222, 0.00794457457959652, -0.022588148713111877, 0.02116832137107849, 0.0023588479962199926, -0.018780430778861046, -0.03454050421714783, 0.021039245650172234, -0.03913557901978493, -0.0019425806822255254, -0.05508926510810852, 0.016147298738360405, 0.014740380458533764, -0.022678500041365623, 0.0028590140864253044, 0.009770987555384636, 0.01335927564650774, -0.0068216207437217236, 0.011500594206154346, 0.008060742169618607, -0.02393052913248539, 0.016134390607476234, -0.0036947757471352816, -0.016508709639310837, -0.012668724171817303, 0.009286955930292606, 0.00667963782325387, -0.007034594658762217, 0.010758412070572376, -0.008260807953774929, -0.02886119857430458, -0.0024895365349948406, 0.0022265459410846233, -0.004569259472191334, -0.02953238971531391, 0.01804470270872116, -0.02904190495610237, 0.011726475320756435, -0.028422344475984573, -0.009093343280255795, 0.018302854150533676, -0.008170455694198608, -0.014391876757144928, 0.007195938378572464, -0.02821582369506359, -0.04267223924398422, -0.01734769716858864, 0.030074505135416985, 0.028448158875107765, -0.02932586893439293, 0.011255351826548576, -0.02806093357503414, 0.0042562526650726795, -0.03131362795829773, 0.004485360812395811, -0.005905187223106623, -0.0257375817745924, 0.0019361269660294056, 0.014301524497568607, 0.006731268018484116, 0.005611541215330362, 0.01821250095963478, 0.0019361269660294056, -0.004330470692366362, -0.012236322276294231, -0.008144640363752842, -0.01525668054819107, -0.012733262032270432, -0.0017328336834907532, -0.03890324383974075, 0.042052678763866425, 0.007312105968594551, 0.02244616486132145, -0.004927443340420723, 0.020135721191763878, 0.006337589118629694, -0.014172449707984924, 0.014921084977686405, 0.005214635282754898, -0.01591496355831623, -3.675615880638361e-05, 0.01326892338693142, 0.004162672907114029, 0.015385755337774754, -0.020213166251778603, -0.001506952103227377, -0.006582831498235464, 0.014133727177977562, -0.012920420616865158, 0.02576339617371559, 0.02917097881436348, -0.01164903026074171, -0.022510703653097153, 0.033353015780448914, 0.0275704488158226, 0.008854554034769535, -0.007783230394124985, 0.011668391525745392, 0.0005683339550159872, -0.011416695080697536, -0.004340151324868202, 0.014921084977686405, 0.0020522945560514927, 0.01590205542743206, 0.030616620555520058, 0.0120620708912611, -0.018238315358757973, -0.012462204322218895, 0.014417692087590694, 0.013694871217012405, -0.007867129519581795, -0.0028557872865349054, -0.009900062344968319, -0.011623215861618519, -0.03655407577753067, 0.009796802885830402, -0.005359844770282507, -0.012597733177244663, -0.036166850477457047, 0.02362074889242649, -0.005727708805352449, 0.011894273571670055, 0.012178238481283188, -0.0020248661749064922, 0.004507949110120535, 0.00770578533411026, -0.008415699005126953, 0.012804253026843071, -0.00724756857380271, 0.01640544831752777, -0.010132397525012493, 0.0003950909012928605, -0.0032155842054635286, 0.00803492683917284, 0.0063956729136407375, 0.030616620555520058, -0.007744507864117622, -0.013307645916938782, -0.003223651321604848, -0.029609834775328636, 0.025376170873641968, 0.003284962149336934, -0.0189998596906662, -0.0034398522693663836, -0.008499597199261189, -0.003691548714414239, -0.01000332273542881, 0.0010221137199550867, -0.008925545029342175, 0.05493437498807907, 0.04915181174874306, 0.002675082068890333, -0.011113368906080723, -0.004159445874392986, 0.016328003257513046, 0.0038593464996665716, -0.008970721624791622, 0.02444683015346527, -0.031029662117362022, 0.026266789063811302, 0.006398899480700493, -0.013049495406448841, -0.03017776645720005, -0.02177497372031212, -0.0053275758400559425, -0.006218194495886564, 0.02395634353160858, 0.008880369365215302, 0.00504361093044281, 0.006815167143940926, -0.02213638462126255, 0.04455673694610596, 0.024666257202625275, -0.022562332451343536, -0.018961137160658836, 0.005553457420319319, 0.001900631352327764, -0.007286291103810072, -0.022394536063075066, -0.01098429411649704, 0.0031558868940919638, -0.008383429609239101, 0.00025512505089864135, 0.035185880959033966, 0.0066086468286812305, -0.02999706007540226, -0.020045368000864983, 0.01689593493938446, 0.017773644998669624, 0.016624877229332924, 0.003041332820430398, -0.022097662091255188, -0.026770181953907013, -0.033533718436956406, 0.02904190495610237, -0.017618754878640175, -0.021026339381933212, -0.018393205478787422], 'ai_metadata': {'tags': ['construction', 'document'], 'document_type': 'unknown', 'topics': ['Fire Rating Requirements for Steel Structures'], 'supplier_mentions': [], 'categories': ['general'], 'summary': '```json\n{\n  "tags": [\n    "AS 1530.4",\n    "BCA",\n    "fire resistance",\n    "building classification",\n    "building height"\n  ],\n  "document_type": "specification",\n  "topics": [\n    "fire rating re'}, 'created_timestamp': '2025-08-09T00:15:03.948000', 'status': 'active', 'reference_count': 0, 'helpful_votes': 0, 'view_count': 0}, 'similarity_score': 0.8704149614193435}, {'type': 'mentor_note', 'note': {'_id': '6897f97f49d846ff2666c598', 'note_id': 'fd01a2ce-ed41-4f98-82c2-7b63e2b4f538', 'user_id': 'dev_user_123', 'user_email': 'dev@example.com', 'title': 'Fire Rating Requirements for Steel Structures', 'content': 'When designing steel structures in commercial buildings, fire rating requirements must be considered early in the design process. AS 1530.4 provides the testing methodology for fire resistance, while the BCA specifies minimum requirements based on building classification and height.', 'tags': ['fire-rating', 'steel', 'BCA', 'AS1530', 'construction', 'document'], 'category': 'structural-design', 'attachment_url': None, 'embedding': [-0.002707350766286254, -0.005037156865000725, -0.03159759193658829, -0.04249153286218643, 0.005972951650619507, -0.015359940938651562, -0.017657477408647537, -0.018406113609671593, 0.0137852244079113, 0.006027808412909508, -0.0007308879285119474, -0.009138518944382668, 0.0065247477032244205, 0.021839512512087822, -0.0137852244079113, 0.0008462488185614347, 0.015682628378272057, 0.020910171791911125, 0.0028219050727784634, -0.003940018359571695, -0.010758412070572376, 0.012236322276294231, -0.017412235960364342, 0.003614103654399514, -0.008925545029342175, 0.006563470233231783, 0.013965928927063942, -0.031029662117362022, 0.005711574573069811, 0.0076606092043221, 0.026770181953907013, -0.02096180059015751, -0.009893609210848808, 0.005266265477985144, -0.0030058370903134346, 0.0004065866523887962, -0.008112371899187565, 0.001750581432133913, 0.00757671007886529, -0.014533859677612782, -0.0013343141181394458, -0.021413564682006836, 0.004740284290164709, 0.006582831498235464, 0.008157548494637012, -0.008454421535134315, 0.025776304304599762, -0.002528259065002203, -0.030616620555520058, -0.013578703626990318, 0.021065061911940575, -0.007105586118996143, -0.017670385539531708, -0.01449513714760542, -0.0018280264921486378, 0.0005090400227345526, -0.017463864758610725, 0.006027808412909508, 0.022058939561247826, -0.03526332601904869, -0.011152091436088085, 0.00507910642772913, -0.025789210572838783, 0.0024362930562347174, -0.008247900754213333, -0.02720903791487217, 0.022536518052220345, 0.01057125348597765, -0.016818489879369736, 0.01443059928715229, 0.018948229029774666, 0.030203580856323242, 0.019128933548927307, 0.024356476962566376, 0.03686385601758957, -0.00463057029992342, 0.022239645943045616, -0.02837071381509304, 0.010622883215546608, -0.021852420642971992, -0.0030510134529322386, -0.01212660875171423, -0.0029429129790514708, 0.02624097466468811, -0.007583164144307375, 0.014727472327649593, -0.0013383477926254272, -0.001787690562196076, -0.007828406989574432, 0.007454088889062405, -0.01853518933057785, 0.008589950390160084, 0.011281166225671768, 0.01009367499500513, -0.021594269201159477, -0.01965814270079136, 0.008615764789283276, 0.005285626742988825, 0.014353154227137566, -0.00027609977405518293, 0.003985194489359856, 0.0018377071246504784, -0.020238980650901794, 0.0029558204114437103, 0.002700897166505456, -0.015940777957439423, 0.003994875121861696, -0.008131733164191246, -0.007370190229266882, -0.029738910496234894, -0.03275926783680916, 0.014107911847531796, -0.0034430790692567825, -0.008990082889795303, 0.009222418069839478, 0.02216220088303089, 0.011913634836673737, -0.002334646414965391, -0.0011156931286677718, -0.008234993554651737, 0.0020894038025289774, -0.005182366352528334, 0.020935986191034317, 0.010300195775926113, 0.026847627013921738, -0.004343378357589245, -0.024562997743487358, -0.012920420616865158, -0.007396005094051361, -0.01998083107173443, 0.008828738704323769, 0.009073982015252113, 0.012623547576367855, -0.008396337740123272, -0.009474114514887333, 0.022549426183104515, -0.008015565574169159, 0.040219809859991074, -0.042878758162260056, -0.031055476516485214, 0.0019538747146725655, 0.0023878898937255144, -0.02427903190255165, -0.016031131148338318, -0.011035923846065998, -0.01675395295023918, 0.01834157668054104, 0.01805761083960533, -0.017463864758610725, -0.017296068370342255, -0.030126135796308517, 0.008589950390160084, 0.007589617744088173, 0.008731932379305363, -0.014766194857656956, 0.02263977751135826, -0.01803179644048214, 0.018741708248853683, -0.01295914314687252, -0.03590870276093483, 0.04393717646598816, 0.006744175683706999, 0.005992312915623188, 0.006266597658395767, 0.002508897799998522, 0.006899065803736448, 0.00775096146389842, -0.008222085423767567, 0.0023556211963295937, -0.009945238940417767, 0.01024856511503458, 0.030874771997332573, -0.02769952267408371, 0.01171356812119484, 0.013217293657362461, 0.02131030336022377, 0.022200923413038254, 0.016599060967564583, 0.013423813506960869, -0.005634129513055086, -0.005943909753113985, -0.00569221330806613, 0.03882579877972603, 0.029558205977082253, -0.032346226274967194, 0.0413556732237339, 0.022342905402183533, 0.0042207567021250725, 0.022910835221409798, -0.031210366636514664, 0.008512505330145359, 0.005718028172850609, -0.012675178237259388, -0.005166232120245695, -0.6476473808288574, -0.030564991757273674, 0.0026831491850316525, -0.04096844792366028, 0.0005396953783929348, 0.0036754142493009567, 0.03164922073483467, -0.010455085895955563, -0.005579272750765085, -0.0017521949484944344, 0.023014096543192863, 0.010229203850030899, 0.0005800313665531576, -0.012423481792211533, -0.016121484339237213, -0.016495801508426666, 0.014662934467196465, -0.005847103428095579, 0.012087886221706867, 0.013036588206887245, -0.01197817176580429, 0.024498460814356804, -0.038438573479652405, -0.027673708274960518, 0.0165474321693182, -0.012313767336308956, 0.001765102380886674, -0.026770181953907013, 0.023323876783251762, -0.01252674125134945, -0.010190481320023537, 0.018935320898890495, 0.025789210572838783, 0.026331325992941856, 0.04102007672190666, -0.00015287335554603487, -0.002371755428612232, 0.02177497372031212, 0.04902273416519165, 0.011610307730734348, -0.00884164683520794, 0.007312105968594551, 0.04032307118177414, 0.021065061911940575, -0.006292412523180246, 0.02642167918384075, 0.03198481723666191, -0.0019474209984764457, 0.020213166251778603, -0.02821582369506359, -0.009319224394857883, 0.010448631830513477, -0.014740380458533764, 0.008809377439320087, 0.026460401713848114, -0.007228207308799028, 0.024717887863516808, 0.009112704545259476, -0.03177829831838608, 0.0014545153826475143, 0.021387748420238495, -0.009493475779891014, 0.015824610367417336, -0.03704456239938736, -0.02327224612236023, -0.004840317647904158, -0.0153212184086442, 0.008641580119729042, 0.007363736163824797, 0.011113368906080723, -0.0034624403342604637, 0.025040576234459877, 0.00689261220395565, 0.002079722937196493, 0.007989750243723392, 0.01770910806953907, 0.015024345368146896, -0.0011447350261732936, 0.014520952478051186, 0.012578371912240982, 0.012165331281721592, 0.007163669914007187, -0.01734769716858864, -0.009041712619364262, -0.014391876757144928, -0.015953686088323593, -0.010784227401018143, -0.02098761685192585, 0.028473973274230957, 0.009280501864850521, 0.019425807520747185, -0.02049713023006916, -0.002479855902493, -0.03182992711663246, -0.008912637829780579, 0.011068192310631275, 0.012571917846798897, -0.022717222571372986, 0.010700328275561333, -0.0002831585588864982, -0.028628863394260406, -0.017128270119428635, -0.01658615469932556, -0.0013859441969543695, 0.012500926852226257, -0.010829403065145016, 0.007544441614300013, -0.0027702751103788614, 0.023039910942316055, -0.010442177765071392, 0.00229269708506763, -0.006834528408944607, -0.0334046445786953, -0.02261396311223507, -0.0018038249108940363, -0.023362599313259125, 0.024550089612603188, 0.013643241487443447, -0.00021277228370308876, 0.009699996560811996, 0.0009511223761364818, 0.014262801967561245, 0.021736251190304756, -0.028577234596014023, -0.023478766903281212, 0.049255069345235825, -0.008112371899187565, 0.0053759790025651455, 0.007789683993905783, 0.000353948213160038, 0.008699663914740086, 0.007886490784585476, 0.01804470270872116, -0.00984843261539936, -0.00430142879486084, 0.005350164137780666, -0.001406918978318572, -0.0275704488158226, 0.02296246588230133, -0.02112959884107113, -0.023401321843266487, -0.00680871307849884, 0.0018506146734580398, 0.0005517961690202355, -0.03374024108052254, 0.0033753146417438984, -0.04460836574435234, 0.02195568010210991, 0.00032772982376627624, 0.01964523456990719, -0.03283671289682388, -0.001126180519349873, 0.0020522945560514927, 0.0031655675265938044, -0.003526977961882949, -0.007821952924132347, 0.02346585877239704, -0.020213166251778603, 0.019593605771660805, -0.007615432608872652, -0.017489681020379066, -0.0023620747961103916, -0.02096180059015751, 0.003314004046842456, 0.0029945429414510727, -0.004333697725087404, 0.019632328301668167, 0.008583496324717999, -0.0165474321693182, -0.02457590587437153, -0.0007224173750728369, -0.012707446701824665, 0.0036044230218976736, 0.01515342015773058, -0.0019554882310330868, 0.01302368100732565, -0.012113700620830059, -0.008228539489209652, -0.0026282924227416515, -0.007215299643576145, 0.0023507808800786734, 0.01525668054819107, -0.009009444154798985, 0.022523609921336174, 0.004953258205205202, 0.04706079140305519, -0.0003513263654895127, -0.0009527358342893422, -0.017476772889494896, 0.011700660921633244, -0.019322548061609268, 0.01737351343035698, 0.015527738258242607, 0.012068524956703186, 0.00737664382904768, -0.0034398522693663836, -0.006595739163458347, -0.010351825505495071, -0.014946900308132172, -0.0041723535396158695, 0.00046225031837821007, -0.005669625010341406, 0.027931857854127884, -0.014288617298007011, 0.022046033293008804, -0.0048951744101941586, 0.017747830599546432, -0.01122953649610281, 0.044659994542598724, 0.015824610367417336, 0.0004820149333681911, -0.013256016187369823, -0.010829403065145016, -0.01572135090827942, -0.014882362447679043, 0.01140378788113594, 0.005169459152966738, 0.029248423874378204, -0.008228539489209652, -0.030926400795578957, 0.02821582369506359, 0.015282495878636837, 0.027183223515748978, 0.0165474321693182, -0.006886158138513565, -0.004330470692366362, 0.02656366117298603, 0.014172449707984924, 0.00829307734966278, -0.004824182949960232, -0.0020974709186702967, 0.00836406834423542, 0.013888483867049217, -0.002289470052346587, 0.03965188190340996, 0.030074505135416985, 0.035676367580890656, -0.018819153308868408, 0.011965264566242695, 0.007512172684073448, 0.02769952267408371, 0.009558013640344143, 0.018728801980614662, -0.008615764789283276, 0.04081355780363083, 0.03208807855844498, 0.026666922494769096, 0.03250111639499664, -0.0018312534084543586, 0.0031736348755657673, 0.003501162864267826, -0.004549898207187653, -0.022071847692131996, 0.004285294562578201, 0.026512032374739647, 0.012842975556850433, 0.026821812614798546, 0.023014096543192863, 0.006053623743355274, -0.000663930200971663, 0.0008002658141776919, 0.0022765626199543476, 0.03544403240084648, -0.00901589822024107, 0.027183223515748978, 0.00385289266705513, -0.034514691680669785, 0.0014351541176438332, 0.012223415076732635, -0.012242776341736317, -0.011081100441515446, 0.003355953376740217, 0.007454088889062405, -0.0035689272917807102, 0.0031365256290882826, 0.013862669467926025, -0.00030352824251167476, 0.03232041373848915, 0.01688302680850029, 0.002757367445155978, 0.013133394531905651, -0.012991411611437798, 0.013230200856924057, 0.015179235488176346, 0.0018393206410109997, -0.0150114381685853, 0.00185545498970896, 0.00818981695920229, -0.02035514824092388, 0.0324753038585186, 0.012720353901386261, -0.009622551500797272, -0.012662270106375217, 0.00974517222493887, -0.0047306036576628685, 0.014572582207620144, 0.00291064428165555, -0.054831117391586304, -0.015514831058681011, -0.005440516863018274, 0.007118493318557739, -0.006776444613933563, 0.012901059351861477, -0.016521615907549858, 0.03588288649916649, 0.0061342958360910416, 0.012352489866316319, 0.011294074356555939, 0.011578039266169071, -0.0019458075985312462, 0.015966594219207764, 0.010622883215546608, -0.0017489680321887136, 0.01653452403843403, 0.03544403240084648, -0.010680967010557652, 0.004643477965146303, -0.0183802992105484, 0.03756086155772209, -0.006557016633450985, 0.0009011057554744184, 0.013501258566975594, -0.013307645916938782, 0.009803256019949913, 0.06293703615665436, 0.004307882394641638, 0.010009776800870895, 0.00689261220395565, 0.006289185956120491, -0.011003655381500721, -0.04476325586438179, -0.006263370625674725, 0.01817377842962742, 0.0005739809712395072, -0.018819153308868408, -0.004533763974905014, 0.008157548494637012, 0.01853518933057785, 0.011997533030807972, 0.02736392803490162, 0.008331799879670143, -0.030874771997332573, -0.0005751910503022373, -0.008176909759640694, -0.03167503699660301, 0.004798368085175753, 0.048609692603349686, 0.018948229029774666, 0.0057954732328653336, -0.014301524497568607, 0.0002545200113672763, 0.010739050805568695, 0.0044272770173847675, -0.022046033293008804, 0.010842311196029186, 0.01951616071164608, -0.001679590088315308, 0.025324540212750435, 0.010267926380038261, 0.010706782341003418, 0.013165662996470928, -0.015075975097715855, -0.00019250345940236002, -0.007454088889062405, 0.03242367133498192, -0.008925545029342175, 0.006398899480700493, 0.011661938391625881, 0.016031131148338318, -0.014482229948043823, 0.006247236393392086, 0.020948894321918488, -0.009919423609972, 0.024498460814356804, 0.020213166251778603, 0.007150762248784304, -0.013449628837406635, -0.005669625010341406, 0.007008779793977737, -0.023491673171520233, -0.0006304513663053513, -0.0037141370121389627, 0.01055834535509348, -0.021723344922065735, -0.027828598394989967, -0.019103119149804115, 0.004198168870061636, 0.005950363352894783, -0.040891002863645554, -0.017747830599546432, -0.0076477015390992165, 0.007512172684073448, -0.024627534672617912, -0.012326675467193127, 0.013488351367413998, -0.022846298292279243, -0.012842975556850433, 0.026189344003796577, 0.022549426183104515, -0.01968395709991455, 0.010145305655896664, -0.009061073884367943, -0.0046951076947152615, 0.01074550487101078, -0.008809377439320087, -0.012746169231832027, -0.02066492848098278, -0.03836112841963768, -0.004849998280405998, 0.04422114044427872, -0.018122147768735886, -0.010861672461032867, 0.004911308642476797, 0.01550192292779684, -0.018909506499767303, 0.0028590140864253044, 0.0071378545835614204, -0.0046822004951536655, 0.043859731405973434, 0.006011674180626869, -0.013707779347896576, 0.014792010188102722, 0.005911640822887421, -0.028267454355955124, -0.0022281594574451447, -0.00014369691780302674, -0.0027444600127637386, -0.02342713624238968, 0.0059342291206121445, -0.009577374905347824, -0.0015956913121044636, 0.002162008546292782, -0.0043530589900910854, 0.0035689272917807102, 0.007970388978719711, -0.022188015282154083, 0.011371519416570663, 0.005308214575052261, -0.017902720719575882, 0.04607982188463211, -0.001135054393671453, 0.011061739176511765, 0.016650691628456116, -0.008893276564776897, 0.019464530050754547, -0.041381485760211945, 0.030848955735564232, 0.03931628540158272, -0.016198929399251938, 0.009454753249883652, -0.0020619751885533333, -0.01981303282082081, -0.014288617298007011, -0.01671523042023182, -0.007202392444014549, 0.02950657531619072, 0.016947565600275993, -0.03208807855844498, -0.03350790590047836, -0.022033125162124634, -0.010255019180476665, -0.0023056045174598694, -0.02556978352367878, 0.021529732272028923, -0.02524709515273571, 0.03175248205661774, -0.0073443748988211155, 0.01188781950622797, 0.004782233387231827, -0.028887014836072922, -0.021697528660297394, 0.0229753740131855, -0.012636455707252026, 0.02656366117298603, -0.027260668575763702, 0.022342905402183533, -0.00836406834423542, 0.01965814270079136, -0.012320221401751041, -0.030255211517214775, 0.014637120068073273, -0.030694065615534782, 0.03611522167921066, 0.02115541324019432, 0.01804470270872116, -0.001628766767680645, 0.020213166251778603, 0.0026492669712752104, -0.0010713236406445503, 0.012333128601312637, -0.016095668077468872, -0.006053623743355274, -0.02067783661186695, -0.004882266744971275, 0.025621414184570312, 0.0057212552055716515, -0.017438050359487534, -0.010274380445480347, 0.02640877105295658, 0.02132321149110794, -0.006489252205938101, -0.0060568503104150295, -0.041381485760211945, -0.010300195775926113, -0.002091017086058855, 0.01674104481935501, -0.0003579818003345281, 0.002199117559939623, -0.03097803145647049, -0.002057134872302413, 0.019219286739826202, -0.016805581748485565, -0.0001787892251741141, 7.431903941323981e-05, 0.02426612377166748, -0.018457744270563126, 0.003021971555426717, -0.01705082505941391, 0.051062121987342834, 0.0032946427818387747, -0.012888152152299881, -0.03291415795683861, -0.023569118231534958, -0.005233996547758579, 0.006463437341153622, 0.01951616071164608, 0.013565796427428722, -0.02806093357503414, -0.012733262032270432, 0.008970721624791622, -0.008938453160226345, -0.006447302643209696, 0.009990415535867214, -0.0006215774337761104, -0.011829735711216927, -0.022859206423163414, 0.007499265018850565, -0.005398567300289869, 0.0021555547136813402, 0.01670232228934765, 0.005517961923032999, 0.04610563814640045, -0.016444170847535133, 0.006005220580846071, 0.024304846301674843, -0.030874771997332573, 0.027596263214945793, -0.0036044230218976736, 0.011106914840638638, -0.015205050818622112, 0.017012102529406548, -0.02164589986205101, -2.3621756554348394e-05, 0.002847720170393586, -0.007299198769032955, 0.02395634353160858, 0.01884496957063675, -0.002400797326117754, 0.006447302643209696, 0.005069425795227289, 0.043033648282289505, 0.010777773335576057, -0.020781096071004868, 0.03128781169652939, 0.009609643369913101, 0.005488920025527477, -0.011997533030807972, 0.015514831058681011, -0.03211389109492302, -0.0030800553504377604, 0.0018247996922582388, -0.03017776645720005, 0.006124615203589201, -0.008325345814228058, -0.008415699005126953, 0.035831257700920105, -0.015592276118695736, 0.01449513714760542, 0.0183802992105484, -0.008712571114301682, 0.039419546723365784, -0.011545770801603794, 0.008454421535134315, -0.0026944433338940144, 0.02883538417518139, 0.03175248205661774, 0.012571917846798897, -0.028912829235196114, -0.0009309544111602008, 0.013281830586493015, -0.01608276180922985, -0.004485360812395811, 0.0020668155048042536, 0.02723485231399536, -0.008790016174316406, -0.02282048389315605, -0.004446638282388449, 0.011306981556117535, 0.02129739709198475, 0.016108576208353043, -0.011565132066607475, 0.002250747522339225, -0.012158877216279507, -0.025143835693597794, -0.012662270106375217, -0.006034262478351593, -0.015953686088323593, -0.009441846050322056, 0.0037754476070404053, -0.008022019639611244, 0.014895270578563213, -0.014443507418036461, 0.002738006180152297, -0.020419685170054436, -0.010145305655896664, 0.004091681446880102, -0.036786410957574844, 0.009680635295808315, 0.012029802426695824, 0.00020934372150804847, 0.008886822499334812, 0.019245103001594543, -0.05101049318909645, 0.004740284290164709, -0.0039174300618469715, 0.022665593773126602, -0.022678500041365623, 0.013230200856924057, -0.006905519403517246, -0.012158877216279507, 0.022988280281424522, -0.012604186311364174, -0.021503916010260582, -0.043369244784116745, 0.0016481280326843262, 0.008712571114301682, -0.017580032348632812, -0.00951929111033678, 9.267190762329847e-05, -0.001423860085196793, 0.011932996101677418, -0.014262801967561245, -0.010881033726036549, 0.013397998176515102, 0.007537987548857927, 0.0035334317944943905, 0.04602819308638573, -0.025376170873641968, 0.011526409536600113, 0.00305262696929276, 0.007176577113568783, -0.027622077614068985, -0.00696360319852829, 4.731914305011742e-05, 0.005924548488110304, -0.018109241500496864, -0.020613297820091248, -0.022046033293008804, -0.018160870298743248, 0.004362739622592926, -0.0038173969369381666, 0.014972715638577938, 0.001319793169386685, -0.016457078978419304, -0.00647957157343626, -0.020858541131019592, -0.0021442605648189783, 0.027622077614068985, -0.03260437771677971, -0.014701656997203827, 0.0017796233296394348, -0.016766859218478203, -0.05292080342769623, -0.02424030937254429, 0.02000664547085762, 0.040916815400123596, 0.008196271024644375, -0.01361742615699768, 0.007112039718776941, 0.008964267559349537, -0.061078350991010666, 0.00901589822024107, -0.021194135770201683, 0.007686424069106579, 0.018638448789715767, 0.015669720247387886, -0.016676507890224457, 0.042026862502098083, -0.007634793873876333, -0.003446306101977825, -0.005130736622959375, 0.0042691598646342754, -0.010597067885100842, -0.006989418528974056, 0.03774156793951988, -0.0069184270687401295, -0.035521477460861206, -0.02214929275214672, 0.03629592806100845, -0.01214597001671791, -0.013423813506960869, -0.0009801642736420035, -0.01074550487101078, 0.014107911847531796, 0.02097470872104168, -0.0011124663287773728, 0.01269453950226307, 0.0079639358446002, 0.0021910504437983036, -0.03211389109492302, 0.0006437622359953821, 0.014120819047093391, 0.013243108056485653, 0.013243108056485653, -0.011707114055752754, 0.005579272750765085, -0.0006691738963127136, -0.005175912752747536, 0.018638448789715767, -0.009454753249883652, -0.005989085882902145, -0.023310968652367592, -0.0058438763953745365, 0.007957481779158115, 0.009409576654434204, 0.016508709639310837, -0.001957101747393608, 0.0073508284986019135, 0.0008873915066942573, 0.007312105968594551, -0.015527738258242607, -0.0004896787577308714, -0.003707683179527521, -0.015695536509156227, -0.005472785793244839, -0.02445973828434944, 0.004133631009608507, 0.0353923998773098, -0.0042562526650726795, -0.014288617298007011, -0.024537183344364166, -0.01888369210064411, 0.02265268564224243, 0.006295639555901289, 0.014856548048555851, -0.0011753904400393367, -0.0006054430268704891, -0.030100321397185326, -0.00233787321485579, -0.011442510411143303, -0.0029638877604156733, 0.002799317007884383, -0.01181682851165533, 0.012830068357288837, -0.024782424792647362, 0.014236986637115479, 0.0028219050727784634, 0.01587624102830887, -0.014249894767999649, 0.00626982469111681, 0.17595522105693817, 0.008305984549224377, -0.0012842975556850433, 0.029145164415240288, -0.025324540212750435, -0.014869455248117447, -0.009377308189868927, 0.020226072520017624, -0.0013794904807582498, 0.03361116349697113, -0.0018151190597563982, -0.016444170847535133, -0.023840175941586494, 0.011984625831246376, -0.007744507864117622, 0.013462536036968231, -0.034824471920728683, 0.007176577113568783, -0.031210366636514664, 0.0364508181810379, 0.032346226274967194, -0.013862669467926025, -0.0019232194172218442, -0.004030371084809303, 0.029945431277155876, 0.014120819047093391, 0.02265268564224243, 0.020587483420968056, 0.026008639484643936, 0.014004651457071304, 0.0033753146417438984, -0.019619420170783997, 0.0055082812905311584, -0.013901391997933388, -0.036166850477457047, -0.005634129513055086, 0.015979500487446785, -0.021413564682006836, 0.0002099487610394135, 0.007712238933891058, -0.004298201762139797, -0.009945238940417767, -0.00603103544563055, -0.015050160698592663, -0.01221696101129055, -0.014533859677612782, -0.041588008403778076, 0.0104163633659482, -0.022885020822286606, -0.001415792852640152, -0.03890324383974075, -0.006899065803736448, 0.007873582653701305, 0.010616429150104523, 0.02674436755478382, 0.004995207767933607, 0.006527974735945463, -0.015579367987811565, 0.0031591139268130064, -0.0038593464996665716, -0.007473450154066086, 0.004382100887596607, -0.04096844792366028, 0.01998083107173443, -0.02178788185119629, -0.00975808035582304, -0.017915628850460052, 0.01884496957063675, -0.0033075502142310143, 0.012559010647237301, -0.028603048995137215, -0.002394343726336956, -0.027260668575763702, -0.0038593464996665716, -0.01055834535509348, -0.0037657669745385647, 0.02510511316359043, 0.000834148027934134, 0.014133727177977562, 0.01822540909051895, -0.03082314133644104, -0.01403046678751707, -0.005621221847832203, 0.033043231815099716, -0.003914203494787216, -0.007892943918704987, 0.02492440864443779, -0.002931618830189109, -0.01026147324591875, -0.015540645457804203, 0.0033301382791250944, 0.0018506146734580398, -0.01048735436052084, 0.0012052390957251191, -0.00385289266705513, -0.00757671007886529, -0.010035591199994087, 0.024214494973421097, -0.0005187206552363932, 0.015966594219207764, -0.0330948643386364, 0.0652603879570961, 0.025608506053686142, -0.02065202035009861, -0.010584160685539246, 0.0009002990555018187, -0.016805581748485565, 0.019606512039899826, 0.009293409064412117, -0.0005005694692954421, -0.02147810161113739, -0.020045368000864983, -0.01734769716858864, -0.027312297374010086, -0.0017667158972471952, -0.011532862670719624, -0.010455085895955563, -0.03330138325691223, 0.014469321817159653, -0.0468800887465477, -0.02391762100160122, -0.008557680994272232, 0.015398663468658924, 0.011287620291113853, -0.01756712608039379, -0.012907513417303562, -0.01901276595890522, 0.005563138052821159, 0.02393052913248539, -0.04644123092293739, -0.0007232240750454366, -0.00853186659514904, -0.022252552211284637, -0.011197268031537533, -0.01000332273542881, 0.013798131607472897, 0.01097138598561287, -0.02953238971531391, -0.004982300102710724, 0.0040497323498129845, 0.010119490325450897, -0.030590806156396866, 0.01449513714760542, 0.008615764789283276, 0.0031397526618093252, 0.006085892673581839, -0.008557680994272232, 0.0012375077931210399, -0.005304988007992506, 0.0047790068201720715, -0.01107464637607336, -0.025802118703722954, 0.0004412755952216685, -0.01801888830959797, -0.004178807605057955, -0.02493731491267681, 0.004072320181876421, -0.04693171754479408, 0.008938453160226345, -0.002458881353959441, -0.024214494973421097, 0.014637120068073273, 0.021749159321188927, -0.006511840503662825, 0.0010882647475227714, 0.0055082812905311584, -0.1608792394399643, 0.03066825121641159, 0.03559892252087593, 0.000498149311169982, 0.038929060101509094, 0.008164001628756523, -0.0017699426971375942, 0.008331799879670143, -0.023078633472323418, 0.02146519348025322, 0.017644571140408516, -0.02522128075361252, -0.009048166684806347, 0.0031220046803355217, -0.015230865217745304, -0.0055082812905311584, -0.0019022447522729635, 0.017502587288618088, 0.02128448896110058, 0.012074978090822697, 0.0038141701370477676, -0.010371186770498753, -0.002547620330005884, -0.024730795994400978, -0.010835857130587101, -0.005240450147539377, -0.030281025916337967, -0.00017899090016726404, -0.004485360812395811, -0.011332796886563301, -0.022046033293008804, 0.0020442274399101734, 0.02313026413321495, -0.01269453950226307, -0.003781901439651847, -0.023878898471593857, -0.020613297820091248, -0.014637120068073273, -0.03849020600318909, 0.03833531215786934, 0.012520288117229939, 0.0073443748988211155, -0.02199440263211727, -0.007654155138880014, -0.0007212072960101068, 0.019438715651631355, 0.03299160301685333, 0.000719190516974777, 0.00618592556566, -0.02391762100160122, -0.009996868669986725, -0.02216220088303089, -0.0021281263325363398, 0.004637023899704218, -0.01048735436052084, -0.01368196401745081, -0.03232041373848915, 0.031726665794849396, 0.005776111967861652, -0.00910625047981739, -0.0013302805600687861, -0.007834860123693943, 0.03152014687657356, -0.00401746341958642, -0.007241114974021912, -0.02100052312016487, 0.0035657004918903112, 0.014327339828014374, -0.009061073884367943, -0.01706373319029808, 0.013953021727502346, -0.02325933799147606, 0.007325013633817434, -0.036967117339372635, 0.005050064530223608, 0.014482229948043823, -0.0026508804876357317, 0.01197817176580429, 0.022420350462198257, -0.01574716530740261, 0.008396337740123272, 0.039935845881700516, -0.019580697640776634, -0.006595739163458347, -0.007447635289281607, 0.027415558695793152, 0.01772201620042324, 0.012823614291846752, -0.03263019397854805, 0.008925545029342175, 0.025324540212750435, -0.024653350934386253, -0.02325933799147606, -0.010590614750981331, 0.0042627062648534775, 0.0244339220225811, 0.007202392444014549, -0.015992408618330956, -0.0039819679223001, 0.00450149504467845, 0.01212660875171423, -0.01658615469932556, -0.04641541838645935, 0.008228539489209652, 0.013862669467926025, 0.025982823222875595, -0.021607177332043648, 0.006834528408944607, 0.029274240136146545, -0.00018756229837890714, 0.012926874682307243, 0.005324349272996187, 0.024369385093450546, 0.016650691628456116, 0.010326010175049305, 0.0014456415083259344, -0.005269492045044899, -0.013243108056485653, -0.021542638540267944, -0.007712238933891058, 0.016198929399251938, 0.013488351367413998, -0.004330470692366362, 0.004453091882169247, -0.005898733623325825, -0.006840982008725405, -0.10212424397468567, -0.03146851807832718, 0.016018223017454147, 0.02310444787144661, 0.017786553129553795, -0.019077304750680923, -0.012139515951275826, 0.03017776645720005, -0.003228491637855768, 0.008499597199261189, 0.004307882394641638, -0.02571176551282406, 0.005940682720392942, -0.007602525409311056, 0.02751881815493107, -0.006957149598747492, 0.013346368446946144, 0.0017521949484944344, -0.007525080349296331, 0.012881698086857796, -0.0004687040636781603, -0.03536658734083176, -0.0137852244079113, -0.006647369358688593, -0.009286955930292606, -0.0034850286319851875, -0.02378854714334011, -0.000663930200971663, 0.007531533949077129, 0.0034624403342604637, -0.017980165779590607, -0.00023515876091551036, 0.015992408618330956, 0.01834157668054104, -0.014366062358021736, -0.020897263661026955, -0.011145637370646, -0.037276897579431534, 0.023014096543192863, -0.00383030460216105, -0.007596071343868971, 0.005834195762872696, 0.012074978090822697, -0.010319557040929794, 0.01525668054819107, -0.018483558669686317, -0.018419021740555763, 0.01866426318883896, 0.007079770788550377, -0.027286482974886894, -0.0009680634830147028, -0.0208327267318964, 0.008157548494637012, -0.02689925767481327, 0.012262137606739998, -0.02341422811150551, 0.007828406989574432, 0.025298725813627243, -0.010442177765071392, -0.0017683292971923947, 0.0226010549813509, 0.015605183318257332, 0.00837697647511959, 0.013514166697859764, 0.018638448789715767, -0.007899397984147072, -0.011455417610704899, -0.00026057043578475714, 0.019141841679811478, -0.04933251440525055, 0.010997201316058636, 0.00030393159249797463, -0.02360784076154232, -0.009887155145406723, -0.024356476962566376, -0.008815831504762173, -0.03510843589901924, -0.02067783661186695, -0.02311735600233078, -0.013539981096982956, -0.002278176136314869, -0.01515342015773058, 0.02966146543622017, -0.013133394531905651, 0.027286482974886894, 0.023194801062345505, -0.013823946937918663, -0.015192142687737942, 0.034850284457206726, -0.04383391514420509, 0.0032494664192199707, 0.020742373540997505, 0.0241241417825222, 0.00794457457959652, -0.022588148713111877, 0.02116832137107849, 0.0023588479962199926, -0.018780430778861046, -0.03454050421714783, 0.021039245650172234, -0.03913557901978493, -0.0019425806822255254, -0.05508926510810852, 0.016147298738360405, 0.014740380458533764, -0.022678500041365623, 0.0028590140864253044, 0.009770987555384636, 0.01335927564650774, -0.0068216207437217236, 0.011500594206154346, 0.008060742169618607, -0.02393052913248539, 0.016134390607476234, -0.0036947757471352816, -0.016508709639310837, -0.012668724171817303, 0.009286955930292606, 0.00667963782325387, -0.007034594658762217, 0.010758412070572376, -0.008260807953774929, -0.02886119857430458, -0.0024895365349948406, 0.0022265459410846233, -0.004569259472191334, -0.02953238971531391, 0.01804470270872116, -0.02904190495610237, 0.011726475320756435, -0.028422344475984573, -0.009093343280255795, 0.018302854150533676, -0.008170455694198608, -0.014391876757144928, 0.007195938378572464, -0.02821582369506359, -0.04267223924398422, -0.01734769716858864, 0.030074505135416985, 0.028448158875107765, -0.02932586893439293, 0.011255351826548576, -0.02806093357503414, 0.0042562526650726795, -0.03131362795829773, 0.004485360812395811, -0.005905187223106623, -0.0257375817745924, 0.0019361269660294056, 0.014301524497568607, 0.006731268018484116, 0.005611541215330362, 0.01821250095963478, 0.0019361269660294056, -0.004330470692366362, -0.012236322276294231, -0.008144640363752842, -0.01525668054819107, -0.012733262032270432, -0.0017328336834907532, -0.03890324383974075, 0.042052678763866425, 0.007312105968594551, 0.02244616486132145, -0.004927443340420723, 0.020135721191763878, 0.006337589118629694, -0.014172449707984924, 0.014921084977686405, 0.005214635282754898, -0.01591496355831623, -3.675615880638361e-05, 0.01326892338693142, 0.004162672907114029, 0.015385755337774754, -0.020213166251778603, -0.001506952103227377, -0.006582831498235464, 0.014133727177977562, -0.012920420616865158, 0.02576339617371559, 0.02917097881436348, -0.01164903026074171, -0.022510703653097153, 0.033353015780448914, 0.0275704488158226, 0.008854554034769535, -0.007783230394124985, 0.011668391525745392, 0.0005683339550159872, -0.011416695080697536, -0.004340151324868202, 0.014921084977686405, 0.0020522945560514927, 0.01590205542743206, 0.030616620555520058, 0.0120620708912611, -0.018238315358757973, -0.012462204322218895, 0.014417692087590694, 0.013694871217012405, -0.007867129519581795, -0.0028557872865349054, -0.009900062344968319, -0.011623215861618519, -0.03655407577753067, 0.009796802885830402, -0.005359844770282507, -0.012597733177244663, -0.036166850477457047, 0.02362074889242649, -0.005727708805352449, 0.011894273571670055, 0.012178238481283188, -0.0020248661749064922, 0.004507949110120535, 0.00770578533411026, -0.008415699005126953, 0.012804253026843071, -0.00724756857380271, 0.01640544831752777, -0.010132397525012493, 0.0003950909012928605, -0.0032155842054635286, 0.00803492683917284, 0.0063956729136407375, 0.030616620555520058, -0.007744507864117622, -0.013307645916938782, -0.003223651321604848, -0.029609834775328636, 0.025376170873641968, 0.003284962149336934, -0.0189998596906662, -0.0034398522693663836, -0.008499597199261189, -0.003691548714414239, -0.01000332273542881, 0.0010221137199550867, -0.008925545029342175, 0.05493437498807907, 0.04915181174874306, 0.002675082068890333, -0.011113368906080723, -0.004159445874392986, 0.016328003257513046, 0.0038593464996665716, -0.008970721624791622, 0.02444683015346527, -0.031029662117362022, 0.026266789063811302, 0.006398899480700493, -0.013049495406448841, -0.03017776645720005, -0.02177497372031212, -0.0053275758400559425, -0.006218194495886564, 0.02395634353160858, 0.008880369365215302, 0.00504361093044281, 0.006815167143940926, -0.02213638462126255, 0.04455673694610596, 0.024666257202625275, -0.022562332451343536, -0.018961137160658836, 0.005553457420319319, 0.001900631352327764, -0.007286291103810072, -0.022394536063075066, -0.01098429411649704, 0.0031558868940919638, -0.008383429609239101, 0.00025512505089864135, 0.035185880959033966, 0.0066086468286812305, -0.02999706007540226, -0.020045368000864983, 0.01689593493938446, 0.017773644998669624, 0.016624877229332924, 0.003041332820430398, -0.022097662091255188, -0.026770181953907013, -0.033533718436956406, 0.02904190495610237, -0.017618754878640175, -0.021026339381933212, -0.018393205478787422], 'ai_metadata': {'tags': ['construction', 'document'], 'document_type': 'unknown', 'topics': ['Fire Rating Requirements for Steel Structures'], 'supplier_mentions': [], 'categories': ['general'], 'summary': '```json\n{\n  "tags": [\n    "AS 1530.4",\n    "BCA",\n    "fire resistance",\n    "building classification",\n    "fire rating requirements"\n  ],\n  "document_type": "specification",\n  "topics": [\n    "fire '}, 'created_timestamp': '2025-08-10T01:44:31.337000', 'status': 'active', 'reference_count': 0, 'helpful_votes': 0, 'view_count': 0}, 'similarity_score': 0.8704149614193435}, {'type': 'mentor_note', 'note': {'_id': '6897f9f449d846ff2666c5b2', 'note_id': '3d15ed95-6a16-42a1-aec3-9b79dd26a96b', 'user_id': 'dev_user_123', 'user_email': 'dev@example.com', 'title': 'Fire Rating Requirements for Steel Structures', 'content': 'When designing steel structures in commercial buildings, fire rating requirements must be considered early in the design process. AS 1530.4 provides the testing methodology for fire resistance, while the BCA specifies minimum requirements based on building classification and height.', 'tags': ['fire-rating', 'steel', 'BCA', 'AS1530', 'construction', 'document'], 'category': 'structural-design', 'attachment_url': None, 'embedding': [-0.002707350766286254, -0.005037156865000725, -0.03159759193658829, -0.04249153286218643, 0.005972951650619507, -0.015359940938651562, -0.017657477408647537, -0.018406113609671593, 0.0137852244079113, 0.006027808412909508, -0.0007308879285119474, -0.009138518944382668, 0.0065247477032244205, 0.021839512512087822, -0.0137852244079113, 0.0008462488185614347, 0.015682628378272057, 0.020910171791911125, 0.0028219050727784634, -0.003940018359571695, -0.010758412070572376, 0.012236322276294231, -0.017412235960364342, 0.003614103654399514, -0.008925545029342175, 0.006563470233231783, 0.013965928927063942, -0.031029662117362022, 0.005711574573069811, 0.0076606092043221, 0.026770181953907013, -0.02096180059015751, -0.009893609210848808, 0.005266265477985144, -0.0030058370903134346, 0.0004065866523887962, -0.008112371899187565, 0.001750581432133913, 0.00757671007886529, -0.014533859677612782, -0.0013343141181394458, -0.021413564682006836, 0.004740284290164709, 0.006582831498235464, 0.008157548494637012, -0.008454421535134315, 0.025776304304599762, -0.002528259065002203, -0.030616620555520058, -0.013578703626990318, 0.021065061911940575, -0.007105586118996143, -0.017670385539531708, -0.01449513714760542, -0.0018280264921486378, 0.0005090400227345526, -0.017463864758610725, 0.006027808412909508, 0.022058939561247826, -0.03526332601904869, -0.011152091436088085, 0.00507910642772913, -0.025789210572838783, 0.0024362930562347174, -0.008247900754213333, -0.02720903791487217, 0.022536518052220345, 0.01057125348597765, -0.016818489879369736, 0.01443059928715229, 0.018948229029774666, 0.030203580856323242, 0.019128933548927307, 0.024356476962566376, 0.03686385601758957, -0.00463057029992342, 0.022239645943045616, -0.02837071381509304, 0.010622883215546608, -0.021852420642971992, -0.0030510134529322386, -0.01212660875171423, -0.0029429129790514708, 0.02624097466468811, -0.007583164144307375, 0.014727472327649593, -0.0013383477926254272, -0.001787690562196076, -0.007828406989574432, 0.007454088889062405, -0.01853518933057785, 0.008589950390160084, 0.011281166225671768, 0.01009367499500513, -0.021594269201159477, -0.01965814270079136, 0.008615764789283276, 0.005285626742988825, 0.014353154227137566, -0.00027609977405518293, 0.003985194489359856, 0.0018377071246504784, -0.020238980650901794, 0.0029558204114437103, 0.002700897166505456, -0.015940777957439423, 0.003994875121861696, -0.008131733164191246, -0.007370190229266882, -0.029738910496234894, -0.03275926783680916, 0.014107911847531796, -0.0034430790692567825, -0.008990082889795303, 0.009222418069839478, 0.02216220088303089, 0.011913634836673737, -0.002334646414965391, -0.0011156931286677718, -0.008234993554651737, 0.0020894038025289774, -0.005182366352528334, 0.020935986191034317, 0.010300195775926113, 0.026847627013921738, -0.004343378357589245, -0.024562997743487358, -0.012920420616865158, -0.007396005094051361, -0.01998083107173443, 0.008828738704323769, 0.009073982015252113, 0.012623547576367855, -0.008396337740123272, -0.009474114514887333, 0.022549426183104515, -0.008015565574169159, 0.040219809859991074, -0.042878758162260056, -0.031055476516485214, 0.0019538747146725655, 0.0023878898937255144, -0.02427903190255165, -0.016031131148338318, -0.011035923846065998, -0.01675395295023918, 0.01834157668054104, 0.01805761083960533, -0.017463864758610725, -0.017296068370342255, -0.030126135796308517, 0.008589950390160084, 0.007589617744088173, 0.008731932379305363, -0.014766194857656956, 0.02263977751135826, -0.01803179644048214, 0.018741708248853683, -0.01295914314687252, -0.03590870276093483, 0.04393717646598816, 0.006744175683706999, 0.005992312915623188, 0.006266597658395767, 0.002508897799998522, 0.006899065803736448, 0.00775096146389842, -0.008222085423767567, 0.0023556211963295937, -0.009945238940417767, 0.01024856511503458, 0.030874771997332573, -0.02769952267408371, 0.01171356812119484, 0.013217293657362461, 0.02131030336022377, 0.022200923413038254, 0.016599060967564583, 0.013423813506960869, -0.005634129513055086, -0.005943909753113985, -0.00569221330806613, 0.03882579877972603, 0.029558205977082253, -0.032346226274967194, 0.0413556732237339, 0.022342905402183533, 0.0042207567021250725, 0.022910835221409798, -0.031210366636514664, 0.008512505330145359, 0.005718028172850609, -0.012675178237259388, -0.005166232120245695, -0.6476473808288574, -0.030564991757273674, 0.0026831491850316525, -0.04096844792366028, 0.0005396953783929348, 0.0036754142493009567, 0.03164922073483467, -0.010455085895955563, -0.005579272750765085, -0.0017521949484944344, 0.023014096543192863, 0.010229203850030899, 0.0005800313665531576, -0.012423481792211533, -0.016121484339237213, -0.016495801508426666, 0.014662934467196465, -0.005847103428095579, 0.012087886221706867, 0.013036588206887245, -0.01197817176580429, 0.024498460814356804, -0.038438573479652405, -0.027673708274960518, 0.0165474321693182, -0.012313767336308956, 0.001765102380886674, -0.026770181953907013, 0.023323876783251762, -0.01252674125134945, -0.010190481320023537, 0.018935320898890495, 0.025789210572838783, 0.026331325992941856, 0.04102007672190666, -0.00015287335554603487, -0.002371755428612232, 0.02177497372031212, 0.04902273416519165, 0.011610307730734348, -0.00884164683520794, 0.007312105968594551, 0.04032307118177414, 0.021065061911940575, -0.006292412523180246, 0.02642167918384075, 0.03198481723666191, -0.0019474209984764457, 0.020213166251778603, -0.02821582369506359, -0.009319224394857883, 0.010448631830513477, -0.014740380458533764, 0.008809377439320087, 0.026460401713848114, -0.007228207308799028, 0.024717887863516808, 0.009112704545259476, -0.03177829831838608, 0.0014545153826475143, 0.021387748420238495, -0.009493475779891014, 0.015824610367417336, -0.03704456239938736, -0.02327224612236023, -0.004840317647904158, -0.0153212184086442, 0.008641580119729042, 0.007363736163824797, 0.011113368906080723, -0.0034624403342604637, 0.025040576234459877, 0.00689261220395565, 0.002079722937196493, 0.007989750243723392, 0.01770910806953907, 0.015024345368146896, -0.0011447350261732936, 0.014520952478051186, 0.012578371912240982, 0.012165331281721592, 0.007163669914007187, -0.01734769716858864, -0.009041712619364262, -0.014391876757144928, -0.015953686088323593, -0.010784227401018143, -0.02098761685192585, 0.028473973274230957, 0.009280501864850521, 0.019425807520747185, -0.02049713023006916, -0.002479855902493, -0.03182992711663246, -0.008912637829780579, 0.011068192310631275, 0.012571917846798897, -0.022717222571372986, 0.010700328275561333, -0.0002831585588864982, -0.028628863394260406, -0.017128270119428635, -0.01658615469932556, -0.0013859441969543695, 0.012500926852226257, -0.010829403065145016, 0.007544441614300013, -0.0027702751103788614, 0.023039910942316055, -0.010442177765071392, 0.00229269708506763, -0.006834528408944607, -0.0334046445786953, -0.02261396311223507, -0.0018038249108940363, -0.023362599313259125, 0.024550089612603188, 0.013643241487443447, -0.00021277228370308876, 0.009699996560811996, 0.0009511223761364818, 0.014262801967561245, 0.021736251190304756, -0.028577234596014023, -0.023478766903281212, 0.049255069345235825, -0.008112371899187565, 0.0053759790025651455, 0.007789683993905783, 0.000353948213160038, 0.008699663914740086, 0.007886490784585476, 0.01804470270872116, -0.00984843261539936, -0.00430142879486084, 0.005350164137780666, -0.001406918978318572, -0.0275704488158226, 0.02296246588230133, -0.02112959884107113, -0.023401321843266487, -0.00680871307849884, 0.0018506146734580398, 0.0005517961690202355, -0.03374024108052254, 0.0033753146417438984, -0.04460836574435234, 0.02195568010210991, 0.00032772982376627624, 0.01964523456990719, -0.03283671289682388, -0.001126180519349873, 0.0020522945560514927, 0.0031655675265938044, -0.003526977961882949, -0.007821952924132347, 0.02346585877239704, -0.020213166251778603, 0.019593605771660805, -0.007615432608872652, -0.017489681020379066, -0.0023620747961103916, -0.02096180059015751, 0.003314004046842456, 0.0029945429414510727, -0.004333697725087404, 0.019632328301668167, 0.008583496324717999, -0.0165474321693182, -0.02457590587437153, -0.0007224173750728369, -0.012707446701824665, 0.0036044230218976736, 0.01515342015773058, -0.0019554882310330868, 0.01302368100732565, -0.012113700620830059, -0.008228539489209652, -0.0026282924227416515, -0.007215299643576145, 0.0023507808800786734, 0.01525668054819107, -0.009009444154798985, 0.022523609921336174, 0.004953258205205202, 0.04706079140305519, -0.0003513263654895127, -0.0009527358342893422, -0.017476772889494896, 0.011700660921633244, -0.019322548061609268, 0.01737351343035698, 0.015527738258242607, 0.012068524956703186, 0.00737664382904768, -0.0034398522693663836, -0.006595739163458347, -0.010351825505495071, -0.014946900308132172, -0.0041723535396158695, 0.00046225031837821007, -0.005669625010341406, 0.027931857854127884, -0.014288617298007011, 0.022046033293008804, -0.0048951744101941586, 0.017747830599546432, -0.01122953649610281, 0.044659994542598724, 0.015824610367417336, 0.0004820149333681911, -0.013256016187369823, -0.010829403065145016, -0.01572135090827942, -0.014882362447679043, 0.01140378788113594, 0.005169459152966738, 0.029248423874378204, -0.008228539489209652, -0.030926400795578957, 0.02821582369506359, 0.015282495878636837, 0.027183223515748978, 0.0165474321693182, -0.006886158138513565, -0.004330470692366362, 0.02656366117298603, 0.014172449707984924, 0.00829307734966278, -0.004824182949960232, -0.0020974709186702967, 0.00836406834423542, 0.013888483867049217, -0.002289470052346587, 0.03965188190340996, 0.030074505135416985, 0.035676367580890656, -0.018819153308868408, 0.011965264566242695, 0.007512172684073448, 0.02769952267408371, 0.009558013640344143, 0.018728801980614662, -0.008615764789283276, 0.04081355780363083, 0.03208807855844498, 0.026666922494769096, 0.03250111639499664, -0.0018312534084543586, 0.0031736348755657673, 0.003501162864267826, -0.004549898207187653, -0.022071847692131996, 0.004285294562578201, 0.026512032374739647, 0.012842975556850433, 0.026821812614798546, 0.023014096543192863, 0.006053623743355274, -0.000663930200971663, 0.0008002658141776919, 0.0022765626199543476, 0.03544403240084648, -0.00901589822024107, 0.027183223515748978, 0.00385289266705513, -0.034514691680669785, 0.0014351541176438332, 0.012223415076732635, -0.012242776341736317, -0.011081100441515446, 0.003355953376740217, 0.007454088889062405, -0.0035689272917807102, 0.0031365256290882826, 0.013862669467926025, -0.00030352824251167476, 0.03232041373848915, 0.01688302680850029, 0.002757367445155978, 0.013133394531905651, -0.012991411611437798, 0.013230200856924057, 0.015179235488176346, 0.0018393206410109997, -0.0150114381685853, 0.00185545498970896, 0.00818981695920229, -0.02035514824092388, 0.0324753038585186, 0.012720353901386261, -0.009622551500797272, -0.012662270106375217, 0.00974517222493887, -0.0047306036576628685, 0.014572582207620144, 0.00291064428165555, -0.054831117391586304, -0.015514831058681011, -0.005440516863018274, 0.007118493318557739, -0.006776444613933563, 0.012901059351861477, -0.016521615907549858, 0.03588288649916649, 0.0061342958360910416, 0.012352489866316319, 0.011294074356555939, 0.011578039266169071, -0.0019458075985312462, 0.015966594219207764, 0.010622883215546608, -0.0017489680321887136, 0.01653452403843403, 0.03544403240084648, -0.010680967010557652, 0.004643477965146303, -0.0183802992105484, 0.03756086155772209, -0.006557016633450985, 0.0009011057554744184, 0.013501258566975594, -0.013307645916938782, 0.009803256019949913, 0.06293703615665436, 0.004307882394641638, 0.010009776800870895, 0.00689261220395565, 0.006289185956120491, -0.011003655381500721, -0.04476325586438179, -0.006263370625674725, 0.01817377842962742, 0.0005739809712395072, -0.018819153308868408, -0.004533763974905014, 0.008157548494637012, 0.01853518933057785, 0.011997533030807972, 0.02736392803490162, 0.008331799879670143, -0.030874771997332573, -0.0005751910503022373, -0.008176909759640694, -0.03167503699660301, 0.004798368085175753, 0.048609692603349686, 0.018948229029774666, 0.0057954732328653336, -0.014301524497568607, 0.0002545200113672763, 0.010739050805568695, 0.0044272770173847675, -0.022046033293008804, 0.010842311196029186, 0.01951616071164608, -0.001679590088315308, 0.025324540212750435, 0.010267926380038261, 0.010706782341003418, 0.013165662996470928, -0.015075975097715855, -0.00019250345940236002, -0.007454088889062405, 0.03242367133498192, -0.008925545029342175, 0.006398899480700493, 0.011661938391625881, 0.016031131148338318, -0.014482229948043823, 0.006247236393392086, 0.020948894321918488, -0.009919423609972, 0.024498460814356804, 0.020213166251778603, 0.007150762248784304, -0.013449628837406635, -0.005669625010341406, 0.007008779793977737, -0.023491673171520233, -0.0006304513663053513, -0.0037141370121389627, 0.01055834535509348, -0.021723344922065735, -0.027828598394989967, -0.019103119149804115, 0.004198168870061636, 0.005950363352894783, -0.040891002863645554, -0.017747830599546432, -0.0076477015390992165, 0.007512172684073448, -0.024627534672617912, -0.012326675467193127, 0.013488351367413998, -0.022846298292279243, -0.012842975556850433, 0.026189344003796577, 0.022549426183104515, -0.01968395709991455, 0.010145305655896664, -0.009061073884367943, -0.0046951076947152615, 0.01074550487101078, -0.008809377439320087, -0.012746169231832027, -0.02066492848098278, -0.03836112841963768, -0.004849998280405998, 0.04422114044427872, -0.018122147768735886, -0.010861672461032867, 0.004911308642476797, 0.01550192292779684, -0.018909506499767303, 0.0028590140864253044, 0.0071378545835614204, -0.0046822004951536655, 0.043859731405973434, 0.006011674180626869, -0.013707779347896576, 0.014792010188102722, 0.005911640822887421, -0.028267454355955124, -0.0022281594574451447, -0.00014369691780302674, -0.0027444600127637386, -0.02342713624238968, 0.0059342291206121445, -0.009577374905347824, -0.0015956913121044636, 0.002162008546292782, -0.0043530589900910854, 0.0035689272917807102, 0.007970388978719711, -0.022188015282154083, 0.011371519416570663, 0.005308214575052261, -0.017902720719575882, 0.04607982188463211, -0.001135054393671453, 0.011061739176511765, 0.016650691628456116, -0.008893276564776897, 0.019464530050754547, -0.041381485760211945, 0.030848955735564232, 0.03931628540158272, -0.016198929399251938, 0.009454753249883652, -0.0020619751885533333, -0.01981303282082081, -0.014288617298007011, -0.01671523042023182, -0.007202392444014549, 0.02950657531619072, 0.016947565600275993, -0.03208807855844498, -0.03350790590047836, -0.022033125162124634, -0.010255019180476665, -0.0023056045174598694, -0.02556978352367878, 0.021529732272028923, -0.02524709515273571, 0.03175248205661774, -0.0073443748988211155, 0.01188781950622797, 0.004782233387231827, -0.028887014836072922, -0.021697528660297394, 0.0229753740131855, -0.012636455707252026, 0.02656366117298603, -0.027260668575763702, 0.022342905402183533, -0.00836406834423542, 0.01965814270079136, -0.012320221401751041, -0.030255211517214775, 0.014637120068073273, -0.030694065615534782, 0.03611522167921066, 0.02115541324019432, 0.01804470270872116, -0.001628766767680645, 0.020213166251778603, 0.0026492669712752104, -0.0010713236406445503, 0.012333128601312637, -0.016095668077468872, -0.006053623743355274, -0.02067783661186695, -0.004882266744971275, 0.025621414184570312, 0.0057212552055716515, -0.017438050359487534, -0.010274380445480347, 0.02640877105295658, 0.02132321149110794, -0.006489252205938101, -0.0060568503104150295, -0.041381485760211945, -0.010300195775926113, -0.002091017086058855, 0.01674104481935501, -0.0003579818003345281, 0.002199117559939623, -0.03097803145647049, -0.002057134872302413, 0.019219286739826202, -0.016805581748485565, -0.0001787892251741141, 7.431903941323981e-05, 0.02426612377166748, -0.018457744270563126, 0.003021971555426717, -0.01705082505941391, 0.051062121987342834, 0.0032946427818387747, -0.012888152152299881, -0.03291415795683861, -0.023569118231534958, -0.005233996547758579, 0.006463437341153622, 0.01951616071164608, 0.013565796427428722, -0.02806093357503414, -0.012733262032270432, 0.008970721624791622, -0.008938453160226345, -0.006447302643209696, 0.009990415535867214, -0.0006215774337761104, -0.011829735711216927, -0.022859206423163414, 0.007499265018850565, -0.005398567300289869, 0.0021555547136813402, 0.01670232228934765, 0.005517961923032999, 0.04610563814640045, -0.016444170847535133, 0.006005220580846071, 0.024304846301674843, -0.030874771997332573, 0.027596263214945793, -0.0036044230218976736, 0.011106914840638638, -0.015205050818622112, 0.017012102529406548, -0.02164589986205101, -2.3621756554348394e-05, 0.002847720170393586, -0.007299198769032955, 0.02395634353160858, 0.01884496957063675, -0.002400797326117754, 0.006447302643209696, 0.005069425795227289, 0.043033648282289505, 0.010777773335576057, -0.020781096071004868, 0.03128781169652939, 0.009609643369913101, 0.005488920025527477, -0.011997533030807972, 0.015514831058681011, -0.03211389109492302, -0.0030800553504377604, 0.0018247996922582388, -0.03017776645720005, 0.006124615203589201, -0.008325345814228058, -0.008415699005126953, 0.035831257700920105, -0.015592276118695736, 0.01449513714760542, 0.0183802992105484, -0.008712571114301682, 0.039419546723365784, -0.011545770801603794, 0.008454421535134315, -0.0026944433338940144, 0.02883538417518139, 0.03175248205661774, 0.012571917846798897, -0.028912829235196114, -0.0009309544111602008, 0.013281830586493015, -0.01608276180922985, -0.004485360812395811, 0.0020668155048042536, 0.02723485231399536, -0.008790016174316406, -0.02282048389315605, -0.004446638282388449, 0.011306981556117535, 0.02129739709198475, 0.016108576208353043, -0.011565132066607475, 0.002250747522339225, -0.012158877216279507, -0.025143835693597794, -0.012662270106375217, -0.006034262478351593, -0.015953686088323593, -0.009441846050322056, 0.0037754476070404053, -0.008022019639611244, 0.014895270578563213, -0.014443507418036461, 0.002738006180152297, -0.020419685170054436, -0.010145305655896664, 0.004091681446880102, -0.036786410957574844, 0.009680635295808315, 0.012029802426695824, 0.00020934372150804847, 0.008886822499334812, 0.019245103001594543, -0.05101049318909645, 0.004740284290164709, -0.0039174300618469715, 0.022665593773126602, -0.022678500041365623, 0.013230200856924057, -0.006905519403517246, -0.012158877216279507, 0.022988280281424522, -0.012604186311364174, -0.021503916010260582, -0.043369244784116745, 0.0016481280326843262, 0.008712571114301682, -0.017580032348632812, -0.00951929111033678, 9.267190762329847e-05, -0.001423860085196793, 0.011932996101677418, -0.014262801967561245, -0.010881033726036549, 0.013397998176515102, 0.007537987548857927, 0.0035334317944943905, 0.04602819308638573, -0.025376170873641968, 0.011526409536600113, 0.00305262696929276, 0.007176577113568783, -0.027622077614068985, -0.00696360319852829, 4.731914305011742e-05, 0.005924548488110304, -0.018109241500496864, -0.020613297820091248, -0.022046033293008804, -0.018160870298743248, 0.004362739622592926, -0.0038173969369381666, 0.014972715638577938, 0.001319793169386685, -0.016457078978419304, -0.00647957157343626, -0.020858541131019592, -0.0021442605648189783, 0.027622077614068985, -0.03260437771677971, -0.014701656997203827, 0.0017796233296394348, -0.016766859218478203, -0.05292080342769623, -0.02424030937254429, 0.02000664547085762, 0.040916815400123596, 0.008196271024644375, -0.01361742615699768, 0.007112039718776941, 0.008964267559349537, -0.061078350991010666, 0.00901589822024107, -0.021194135770201683, 0.007686424069106579, 0.018638448789715767, 0.015669720247387886, -0.016676507890224457, 0.042026862502098083, -0.007634793873876333, -0.003446306101977825, -0.005130736622959375, 0.0042691598646342754, -0.010597067885100842, -0.006989418528974056, 0.03774156793951988, -0.0069184270687401295, -0.035521477460861206, -0.02214929275214672, 0.03629592806100845, -0.01214597001671791, -0.013423813506960869, -0.0009801642736420035, -0.01074550487101078, 0.014107911847531796, 0.02097470872104168, -0.0011124663287773728, 0.01269453950226307, 0.0079639358446002, 0.0021910504437983036, -0.03211389109492302, 0.0006437622359953821, 0.014120819047093391, 0.013243108056485653, 0.013243108056485653, -0.011707114055752754, 0.005579272750765085, -0.0006691738963127136, -0.005175912752747536, 0.018638448789715767, -0.009454753249883652, -0.005989085882902145, -0.023310968652367592, -0.0058438763953745365, 0.007957481779158115, 0.009409576654434204, 0.016508709639310837, -0.001957101747393608, 0.0073508284986019135, 0.0008873915066942573, 0.007312105968594551, -0.015527738258242607, -0.0004896787577308714, -0.003707683179527521, -0.015695536509156227, -0.005472785793244839, -0.02445973828434944, 0.004133631009608507, 0.0353923998773098, -0.0042562526650726795, -0.014288617298007011, -0.024537183344364166, -0.01888369210064411, 0.02265268564224243, 0.006295639555901289, 0.014856548048555851, -0.0011753904400393367, -0.0006054430268704891, -0.030100321397185326, -0.00233787321485579, -0.011442510411143303, -0.0029638877604156733, 0.002799317007884383, -0.01181682851165533, 0.012830068357288837, -0.024782424792647362, 0.014236986637115479, 0.0028219050727784634, 0.01587624102830887, -0.014249894767999649, 0.00626982469111681, 0.17595522105693817, 0.008305984549224377, -0.0012842975556850433, 0.029145164415240288, -0.025324540212750435, -0.014869455248117447, -0.009377308189868927, 0.020226072520017624, -0.0013794904807582498, 0.03361116349697113, -0.0018151190597563982, -0.016444170847535133, -0.023840175941586494, 0.011984625831246376, -0.007744507864117622, 0.013462536036968231, -0.034824471920728683, 0.007176577113568783, -0.031210366636514664, 0.0364508181810379, 0.032346226274967194, -0.013862669467926025, -0.0019232194172218442, -0.004030371084809303, 0.029945431277155876, 0.014120819047093391, 0.02265268564224243, 0.020587483420968056, 0.026008639484643936, 0.014004651457071304, 0.0033753146417438984, -0.019619420170783997, 0.0055082812905311584, -0.013901391997933388, -0.036166850477457047, -0.005634129513055086, 0.015979500487446785, -0.021413564682006836, 0.0002099487610394135, 0.007712238933891058, -0.004298201762139797, -0.009945238940417767, -0.00603103544563055, -0.015050160698592663, -0.01221696101129055, -0.014533859677612782, -0.041588008403778076, 0.0104163633659482, -0.022885020822286606, -0.001415792852640152, -0.03890324383974075, -0.006899065803736448, 0.007873582653701305, 0.010616429150104523, 0.02674436755478382, 0.004995207767933607, 0.006527974735945463, -0.015579367987811565, 0.0031591139268130064, -0.0038593464996665716, -0.007473450154066086, 0.004382100887596607, -0.04096844792366028, 0.01998083107173443, -0.02178788185119629, -0.00975808035582304, -0.017915628850460052, 0.01884496957063675, -0.0033075502142310143, 0.012559010647237301, -0.028603048995137215, -0.002394343726336956, -0.027260668575763702, -0.0038593464996665716, -0.01055834535509348, -0.0037657669745385647, 0.02510511316359043, 0.000834148027934134, 0.014133727177977562, 0.01822540909051895, -0.03082314133644104, -0.01403046678751707, -0.005621221847832203, 0.033043231815099716, -0.003914203494787216, -0.007892943918704987, 0.02492440864443779, -0.002931618830189109, -0.01026147324591875, -0.015540645457804203, 0.0033301382791250944, 0.0018506146734580398, -0.01048735436052084, 0.0012052390957251191, -0.00385289266705513, -0.00757671007886529, -0.010035591199994087, 0.024214494973421097, -0.0005187206552363932, 0.015966594219207764, -0.0330948643386364, 0.0652603879570961, 0.025608506053686142, -0.02065202035009861, -0.010584160685539246, 0.0009002990555018187, -0.016805581748485565, 0.019606512039899826, 0.009293409064412117, -0.0005005694692954421, -0.02147810161113739, -0.020045368000864983, -0.01734769716858864, -0.027312297374010086, -0.0017667158972471952, -0.011532862670719624, -0.010455085895955563, -0.03330138325691223, 0.014469321817159653, -0.0468800887465477, -0.02391762100160122, -0.008557680994272232, 0.015398663468658924, 0.011287620291113853, -0.01756712608039379, -0.012907513417303562, -0.01901276595890522, 0.005563138052821159, 0.02393052913248539, -0.04644123092293739, -0.0007232240750454366, -0.00853186659514904, -0.022252552211284637, -0.011197268031537533, -0.01000332273542881, 0.013798131607472897, 0.01097138598561287, -0.02953238971531391, -0.004982300102710724, 0.0040497323498129845, 0.010119490325450897, -0.030590806156396866, 0.01449513714760542, 0.008615764789283276, 0.0031397526618093252, 0.006085892673581839, -0.008557680994272232, 0.0012375077931210399, -0.005304988007992506, 0.0047790068201720715, -0.01107464637607336, -0.025802118703722954, 0.0004412755952216685, -0.01801888830959797, -0.004178807605057955, -0.02493731491267681, 0.004072320181876421, -0.04693171754479408, 0.008938453160226345, -0.002458881353959441, -0.024214494973421097, 0.014637120068073273, 0.021749159321188927, -0.006511840503662825, 0.0010882647475227714, 0.0055082812905311584, -0.1608792394399643, 0.03066825121641159, 0.03559892252087593, 0.000498149311169982, 0.038929060101509094, 0.008164001628756523, -0.0017699426971375942, 0.008331799879670143, -0.023078633472323418, 0.02146519348025322, 0.017644571140408516, -0.02522128075361252, -0.009048166684806347, 0.0031220046803355217, -0.015230865217745304, -0.0055082812905311584, -0.0019022447522729635, 0.017502587288618088, 0.02128448896110058, 0.012074978090822697, 0.0038141701370477676, -0.010371186770498753, -0.002547620330005884, -0.024730795994400978, -0.010835857130587101, -0.005240450147539377, -0.030281025916337967, -0.00017899090016726404, -0.004485360812395811, -0.011332796886563301, -0.022046033293008804, 0.0020442274399101734, 0.02313026413321495, -0.01269453950226307, -0.003781901439651847, -0.023878898471593857, -0.020613297820091248, -0.014637120068073273, -0.03849020600318909, 0.03833531215786934, 0.012520288117229939, 0.0073443748988211155, -0.02199440263211727, -0.007654155138880014, -0.0007212072960101068, 0.019438715651631355, 0.03299160301685333, 0.000719190516974777, 0.00618592556566, -0.02391762100160122, -0.009996868669986725, -0.02216220088303089, -0.0021281263325363398, 0.004637023899704218, -0.01048735436052084, -0.01368196401745081, -0.03232041373848915, 0.031726665794849396, 0.005776111967861652, -0.00910625047981739, -0.0013302805600687861, -0.007834860123693943, 0.03152014687657356, -0.00401746341958642, -0.007241114974021912, -0.02100052312016487, 0.0035657004918903112, 0.014327339828014374, -0.009061073884367943, -0.01706373319029808, 0.013953021727502346, -0.02325933799147606, 0.007325013633817434, -0.036967117339372635, 0.005050064530223608, 0.014482229948043823, -0.0026508804876357317, 0.01197817176580429, 0.022420350462198257, -0.01574716530740261, 0.008396337740123272, 0.039935845881700516, -0.019580697640776634, -0.006595739163458347, -0.007447635289281607, 0.027415558695793152, 0.01772201620042324, 0.012823614291846752, -0.03263019397854805, 0.008925545029342175, 0.025324540212750435, -0.024653350934386253, -0.02325933799147606, -0.010590614750981331, 0.0042627062648534775, 0.0244339220225811, 0.007202392444014549, -0.015992408618330956, -0.0039819679223001, 0.00450149504467845, 0.01212660875171423, -0.01658615469932556, -0.04641541838645935, 0.008228539489209652, 0.013862669467926025, 0.025982823222875595, -0.021607177332043648, 0.006834528408944607, 0.029274240136146545, -0.00018756229837890714, 0.012926874682307243, 0.005324349272996187, 0.024369385093450546, 0.016650691628456116, 0.010326010175049305, 0.0014456415083259344, -0.005269492045044899, -0.013243108056485653, -0.021542638540267944, -0.007712238933891058, 0.016198929399251938, 0.013488351367413998, -0.004330470692366362, 0.004453091882169247, -0.005898733623325825, -0.006840982008725405, -0.10212424397468567, -0.03146851807832718, 0.016018223017454147, 0.02310444787144661, 0.017786553129553795, -0.019077304750680923, -0.012139515951275826, 0.03017776645720005, -0.003228491637855768, 0.008499597199261189, 0.004307882394641638, -0.02571176551282406, 0.005940682720392942, -0.007602525409311056, 0.02751881815493107, -0.006957149598747492, 0.013346368446946144, 0.0017521949484944344, -0.007525080349296331, 0.012881698086857796, -0.0004687040636781603, -0.03536658734083176, -0.0137852244079113, -0.006647369358688593, -0.009286955930292606, -0.0034850286319851875, -0.02378854714334011, -0.000663930200971663, 0.007531533949077129, 0.0034624403342604637, -0.017980165779590607, -0.00023515876091551036, 0.015992408618330956, 0.01834157668054104, -0.014366062358021736, -0.020897263661026955, -0.011145637370646, -0.037276897579431534, 0.023014096543192863, -0.00383030460216105, -0.007596071343868971, 0.005834195762872696, 0.012074978090822697, -0.010319557040929794, 0.01525668054819107, -0.018483558669686317, -0.018419021740555763, 0.01866426318883896, 0.007079770788550377, -0.027286482974886894, -0.0009680634830147028, -0.0208327267318964, 0.008157548494637012, -0.02689925767481327, 0.012262137606739998, -0.02341422811150551, 0.007828406989574432, 0.025298725813627243, -0.010442177765071392, -0.0017683292971923947, 0.0226010549813509, 0.015605183318257332, 0.00837697647511959, 0.013514166697859764, 0.018638448789715767, -0.007899397984147072, -0.011455417610704899, -0.00026057043578475714, 0.019141841679811478, -0.04933251440525055, 0.010997201316058636, 0.00030393159249797463, -0.02360784076154232, -0.009887155145406723, -0.024356476962566376, -0.008815831504762173, -0.03510843589901924, -0.02067783661186695, -0.02311735600233078, -0.013539981096982956, -0.002278176136314869, -0.01515342015773058, 0.02966146543622017, -0.013133394531905651, 0.027286482974886894, 0.023194801062345505, -0.013823946937918663, -0.015192142687737942, 0.034850284457206726, -0.04383391514420509, 0.0032494664192199707, 0.020742373540997505, 0.0241241417825222, 0.00794457457959652, -0.022588148713111877, 0.02116832137107849, 0.0023588479962199926, -0.018780430778861046, -0.03454050421714783, 0.021039245650172234, -0.03913557901978493, -0.0019425806822255254, -0.05508926510810852, 0.016147298738360405, 0.014740380458533764, -0.022678500041365623, 0.0028590140864253044, 0.009770987555384636, 0.01335927564650774, -0.0068216207437217236, 0.011500594206154346, 0.008060742169618607, -0.02393052913248539, 0.016134390607476234, -0.0036947757471352816, -0.016508709639310837, -0.012668724171817303, 0.009286955930292606, 0.00667963782325387, -0.007034594658762217, 0.010758412070572376, -0.008260807953774929, -0.02886119857430458, -0.0024895365349948406, 0.0022265459410846233, -0.004569259472191334, -0.02953238971531391, 0.01804470270872116, -0.02904190495610237, 0.011726475320756435, -0.028422344475984573, -0.009093343280255795, 0.018302854150533676, -0.008170455694198608, -0.014391876757144928, 0.007195938378572464, -0.02821582369506359, -0.04267223924398422, -0.01734769716858864, 0.030074505135416985, 0.028448158875107765, -0.02932586893439293, 0.011255351826548576, -0.02806093357503414, 0.0042562526650726795, -0.03131362795829773, 0.004485360812395811, -0.005905187223106623, -0.0257375817745924, 0.0019361269660294056, 0.014301524497568607, 0.006731268018484116, 0.005611541215330362, 0.01821250095963478, 0.0019361269660294056, -0.004330470692366362, -0.012236322276294231, -0.008144640363752842, -0.01525668054819107, -0.012733262032270432, -0.0017328336834907532, -0.03890324383974075, 0.042052678763866425, 0.007312105968594551, 0.02244616486132145, -0.004927443340420723, 0.020135721191763878, 0.006337589118629694, -0.014172449707984924, 0.014921084977686405, 0.005214635282754898, -0.01591496355831623, -3.675615880638361e-05, 0.01326892338693142, 0.004162672907114029, 0.015385755337774754, -0.020213166251778603, -0.001506952103227377, -0.006582831498235464, 0.014133727177977562, -0.012920420616865158, 0.02576339617371559, 0.02917097881436348, -0.01164903026074171, -0.022510703653097153, 0.033353015780448914, 0.0275704488158226, 0.008854554034769535, -0.007783230394124985, 0.011668391525745392, 0.0005683339550159872, -0.011416695080697536, -0.004340151324868202, 0.014921084977686405, 0.0020522945560514927, 0.01590205542743206, 0.030616620555520058, 0.0120620708912611, -0.018238315358757973, -0.012462204322218895, 0.014417692087590694, 0.013694871217012405, -0.007867129519581795, -0.0028557872865349054, -0.009900062344968319, -0.011623215861618519, -0.03655407577753067, 0.009796802885830402, -0.005359844770282507, -0.012597733177244663, -0.036166850477457047, 0.02362074889242649, -0.005727708805352449, 0.011894273571670055, 0.012178238481283188, -0.0020248661749064922, 0.004507949110120535, 0.00770578533411026, -0.008415699005126953, 0.012804253026843071, -0.00724756857380271, 0.01640544831752777, -0.010132397525012493, 0.0003950909012928605, -0.0032155842054635286, 0.00803492683917284, 0.0063956729136407375, 0.030616620555520058, -0.007744507864117622, -0.013307645916938782, -0.003223651321604848, -0.029609834775328636, 0.025376170873641968, 0.003284962149336934, -0.0189998596906662, -0.0034398522693663836, -0.008499597199261189, -0.003691548714414239, -0.01000332273542881, 0.0010221137199550867, -0.008925545029342175, 0.05493437498807907, 0.04915181174874306, 0.002675082068890333, -0.011113368906080723, -0.004159445874392986, 0.016328003257513046, 0.0038593464996665716, -0.008970721624791622, 0.02444683015346527, -0.031029662117362022, 0.026266789063811302, 0.006398899480700493, -0.013049495406448841, -0.03017776645720005, -0.02177497372031212, -0.0053275758400559425, -0.006218194495886564, 0.02395634353160858, 0.008880369365215302, 0.00504361093044281, 0.006815167143940926, -0.02213638462126255, 0.04455673694610596, 0.024666257202625275, -0.022562332451343536, -0.018961137160658836, 0.005553457420319319, 0.001900631352327764, -0.007286291103810072, -0.022394536063075066, -0.01098429411649704, 0.0031558868940919638, -0.008383429609239101, 0.00025512505089864135, 0.035185880959033966, 0.0066086468286812305, -0.02999706007540226, -0.020045368000864983, 0.01689593493938446, 0.017773644998669624, 0.016624877229332924, 0.003041332820430398, -0.022097662091255188, -0.026770181953907013, -0.033533718436956406, 0.02904190495610237, -0.017618754878640175, -0.021026339381933212, -0.018393205478787422], 'ai_metadata': {'tags': ['construction', 'document'], 'document_type': 'unknown', 'topics': ['Fire Rating Requirements for Steel Structures'], 'supplier_mentions': [], 'categories': ['general'], 'summary': '```json\n{\n  "tags": [\n    "AS 1530.4",\n    "BCA",\n    "fire resistance",\n    "steel structures"\n  ],\n  "document_type": "specification",\n  "topics": [\n    "fire rating requirements",\n    "steel constr'}, 'created_timestamp': '2025-08-10T01:46:28.763000', 'status': 'active', 'reference_count': 0, 'helpful_votes': 0, 'view_count': 0}, 'similarity_score': 0.8704149614193435}, {'type': 'mentor_note', 'note': {'_id': '6897fc74e9a0a256f74bb70a', 'note_id': 'd3039903-8d5d-408a-9491-ee9547dc60ef', 'user_id': 'dev_user_123', 'user_email': 'dev@example.com', 'title': 'Fire Rating Requirements for Steel Structures', 'content': 'When designing steel structures in commercial buildings, fire rating requirements must be considered early in the design process. AS 1530.4 provides the testing methodology for fire resistance, while the BCA specifies minimum requirements based on building classification and height.', 'tags': ['fire-rating', 'steel', 'BCA', 'AS1530', 'construction', 'document'], 'category': 'structural-design', 'attachment_url': None, 'embedding': [-0.002707350766286254, -0.005037156865000725, -0.03159759193658829, -0.04249153286218643, 0.005972951650619507, -0.015359940938651562, -0.017657477408647537, -0.018406113609671593, 0.0137852244079113, 0.006027808412909508, -0.0007308879285119474, -0.009138518944382668, 0.0065247477032244205, 0.021839512512087822, -0.0137852244079113, 0.0008462488185614347, 0.015682628378272057, 0.020910171791911125, 0.0028219050727784634, -0.003940018359571695, -0.010758412070572376, 0.012236322276294231, -0.017412235960364342, 0.003614103654399514, -0.008925545029342175, 0.006563470233231783, 0.013965928927063942, -0.031029662117362022, 0.005711574573069811, 0.0076606092043221, 0.026770181953907013, -0.02096180059015751, -0.009893609210848808, 0.005266265477985144, -0.0030058370903134346, 0.0004065866523887962, -0.008112371899187565, 0.001750581432133913, 0.00757671007886529, -0.014533859677612782, -0.0013343141181394458, -0.021413564682006836, 0.004740284290164709, 0.006582831498235464, 0.008157548494637012, -0.008454421535134315, 0.025776304304599762, -0.002528259065002203, -0.030616620555520058, -0.013578703626990318, 0.021065061911940575, -0.007105586118996143, -0.017670385539531708, -0.01449513714760542, -0.0018280264921486378, 0.0005090400227345526, -0.017463864758610725, 0.006027808412909508, 0.022058939561247826, -0.03526332601904869, -0.011152091436088085, 0.00507910642772913, -0.025789210572838783, 0.0024362930562347174, -0.008247900754213333, -0.02720903791487217, 0.022536518052220345, 0.01057125348597765, -0.016818489879369736, 0.01443059928715229, 0.018948229029774666, 0.030203580856323242, 0.019128933548927307, 0.024356476962566376, 0.03686385601758957, -0.00463057029992342, 0.022239645943045616, -0.02837071381509304, 0.010622883215546608, -0.021852420642971992, -0.0030510134529322386, -0.01212660875171423, -0.0029429129790514708, 0.02624097466468811, -0.007583164144307375, 0.014727472327649593, -0.0013383477926254272, -0.001787690562196076, -0.007828406989574432, 0.007454088889062405, -0.01853518933057785, 0.008589950390160084, 0.011281166225671768, 0.01009367499500513, -0.021594269201159477, -0.01965814270079136, 0.008615764789283276, 0.005285626742988825, 0.014353154227137566, -0.00027609977405518293, 0.003985194489359856, 0.0018377071246504784, -0.020238980650901794, 0.0029558204114437103, 0.002700897166505456, -0.015940777957439423, 0.003994875121861696, -0.008131733164191246, -0.007370190229266882, -0.029738910496234894, -0.03275926783680916, 0.014107911847531796, -0.0034430790692567825, -0.008990082889795303, 0.009222418069839478, 0.02216220088303089, 0.011913634836673737, -0.002334646414965391, -0.0011156931286677718, -0.008234993554651737, 0.0020894038025289774, -0.005182366352528334, 0.020935986191034317, 0.010300195775926113, 0.026847627013921738, -0.004343378357589245, -0.024562997743487358, -0.012920420616865158, -0.007396005094051361, -0.01998083107173443, 0.008828738704323769, 0.009073982015252113, 0.012623547576367855, -0.008396337740123272, -0.009474114514887333, 0.022549426183104515, -0.008015565574169159, 0.040219809859991074, -0.042878758162260056, -0.031055476516485214, 0.0019538747146725655, 0.0023878898937255144, -0.02427903190255165, -0.016031131148338318, -0.011035923846065998, -0.01675395295023918, 0.01834157668054104, 0.01805761083960533, -0.017463864758610725, -0.017296068370342255, -0.030126135796308517, 0.008589950390160084, 0.007589617744088173, 0.008731932379305363, -0.014766194857656956, 0.02263977751135826, -0.01803179644048214, 0.018741708248853683, -0.01295914314687252, -0.03590870276093483, 0.04393717646598816, 0.006744175683706999, 0.005992312915623188, 0.006266597658395767, 0.002508897799998522, 0.006899065803736448, 0.00775096146389842, -0.008222085423767567, 0.0023556211963295937, -0.009945238940417767, 0.01024856511503458, 0.030874771997332573, -0.02769952267408371, 0.01171356812119484, 0.013217293657362461, 0.02131030336022377, 0.022200923413038254, 0.016599060967564583, 0.013423813506960869, -0.005634129513055086, -0.005943909753113985, -0.00569221330806613, 0.03882579877972603, 0.029558205977082253, -0.032346226274967194, 0.0413556732237339, 0.022342905402183533, 0.0042207567021250725, 0.022910835221409798, -0.031210366636514664, 0.008512505330145359, 0.005718028172850609, -0.012675178237259388, -0.005166232120245695, -0.6476473808288574, -0.030564991757273674, 0.0026831491850316525, -0.04096844792366028, 0.0005396953783929348, 0.0036754142493009567, 0.03164922073483467, -0.010455085895955563, -0.005579272750765085, -0.0017521949484944344, 0.023014096543192863, 0.010229203850030899, 0.0005800313665531576, -0.012423481792211533, -0.016121484339237213, -0.016495801508426666, 0.014662934467196465, -0.005847103428095579, 0.012087886221706867, 0.013036588206887245, -0.01197817176580429, 0.024498460814356804, -0.038438573479652405, -0.027673708274960518, 0.0165474321693182, -0.012313767336308956, 0.001765102380886674, -0.026770181953907013, 0.023323876783251762, -0.01252674125134945, -0.010190481320023537, 0.018935320898890495, 0.025789210572838783, 0.026331325992941856, 0.04102007672190666, -0.00015287335554603487, -0.002371755428612232, 0.02177497372031212, 0.04902273416519165, 0.011610307730734348, -0.00884164683520794, 0.007312105968594551, 0.04032307118177414, 0.021065061911940575, -0.006292412523180246, 0.02642167918384075, 0.03198481723666191, -0.0019474209984764457, 0.020213166251778603, -0.02821582369506359, -0.009319224394857883, 0.010448631830513477, -0.014740380458533764, 0.008809377439320087, 0.026460401713848114, -0.007228207308799028, 0.024717887863516808, 0.009112704545259476, -0.03177829831838608, 0.0014545153826475143, 0.021387748420238495, -0.009493475779891014, 0.015824610367417336, -0.03704456239938736, -0.02327224612236023, -0.004840317647904158, -0.0153212184086442, 0.008641580119729042, 0.007363736163824797, 0.011113368906080723, -0.0034624403342604637, 0.025040576234459877, 0.00689261220395565, 0.002079722937196493, 0.007989750243723392, 0.01770910806953907, 0.015024345368146896, -0.0011447350261732936, 0.014520952478051186, 0.012578371912240982, 0.012165331281721592, 0.007163669914007187, -0.01734769716858864, -0.009041712619364262, -0.014391876757144928, -0.015953686088323593, -0.010784227401018143, -0.02098761685192585, 0.028473973274230957, 0.009280501864850521, 0.019425807520747185, -0.02049713023006916, -0.002479855902493, -0.03182992711663246, -0.008912637829780579, 0.011068192310631275, 0.012571917846798897, -0.022717222571372986, 0.010700328275561333, -0.0002831585588864982, -0.028628863394260406, -0.017128270119428635, -0.01658615469932556, -0.0013859441969543695, 0.012500926852226257, -0.010829403065145016, 0.007544441614300013, -0.0027702751103788614, 0.023039910942316055, -0.010442177765071392, 0.00229269708506763, -0.006834528408944607, -0.0334046445786953, -0.02261396311223507, -0.0018038249108940363, -0.023362599313259125, 0.024550089612603188, 0.013643241487443447, -0.00021277228370308876, 0.009699996560811996, 0.0009511223761364818, 0.014262801967561245, 0.021736251190304756, -0.028577234596014023, -0.023478766903281212, 0.049255069345235825, -0.008112371899187565, 0.0053759790025651455, 0.007789683993905783, 0.000353948213160038, 0.008699663914740086, 0.007886490784585476, 0.01804470270872116, -0.00984843261539936, -0.00430142879486084, 0.005350164137780666, -0.001406918978318572, -0.0275704488158226, 0.02296246588230133, -0.02112959884107113, -0.023401321843266487, -0.00680871307849884, 0.0018506146734580398, 0.0005517961690202355, -0.03374024108052254, 0.0033753146417438984, -0.04460836574435234, 0.02195568010210991, 0.00032772982376627624, 0.01964523456990719, -0.03283671289682388, -0.001126180519349873, 0.0020522945560514927, 0.0031655675265938044, -0.003526977961882949, -0.007821952924132347, 0.02346585877239704, -0.020213166251778603, 0.019593605771660805, -0.007615432608872652, -0.017489681020379066, -0.0023620747961103916, -0.02096180059015751, 0.003314004046842456, 0.0029945429414510727, -0.004333697725087404, 0.019632328301668167, 0.008583496324717999, -0.0165474321693182, -0.02457590587437153, -0.0007224173750728369, -0.012707446701824665, 0.0036044230218976736, 0.01515342015773058, -0.0019554882310330868, 0.01302368100732565, -0.012113700620830059, -0.008228539489209652, -0.0026282924227416515, -0.007215299643576145, 0.0023507808800786734, 0.01525668054819107, -0.009009444154798985, 0.022523609921336174, 0.004953258205205202, 0.04706079140305519, -0.0003513263654895127, -0.0009527358342893422, -0.017476772889494896, 0.011700660921633244, -0.019322548061609268, 0.01737351343035698, 0.015527738258242607, 0.012068524956703186, 0.00737664382904768, -0.0034398522693663836, -0.006595739163458347, -0.010351825505495071, -0.014946900308132172, -0.0041723535396158695, 0.00046225031837821007, -0.005669625010341406, 0.027931857854127884, -0.014288617298007011, 0.022046033293008804, -0.0048951744101941586, 0.017747830599546432, -0.01122953649610281, 0.044659994542598724, 0.015824610367417336, 0.0004820149333681911, -0.013256016187369823, -0.010829403065145016, -0.01572135090827942, -0.014882362447679043, 0.01140378788113594, 0.005169459152966738, 0.029248423874378204, -0.008228539489209652, -0.030926400795578957, 0.02821582369506359, 0.015282495878636837, 0.027183223515748978, 0.0165474321693182, -0.006886158138513565, -0.004330470692366362, 0.02656366117298603, 0.014172449707984924, 0.00829307734966278, -0.004824182949960232, -0.0020974709186702967, 0.00836406834423542, 0.013888483867049217, -0.002289470052346587, 0.03965188190340996, 0.030074505135416985, 0.035676367580890656, -0.018819153308868408, 0.011965264566242695, 0.007512172684073448, 0.02769952267408371, 0.009558013640344143, 0.018728801980614662, -0.008615764789283276, 0.04081355780363083, 0.03208807855844498, 0.026666922494769096, 0.03250111639499664, -0.0018312534084543586, 0.0031736348755657673, 0.003501162864267826, -0.004549898207187653, -0.022071847692131996, 0.004285294562578201, 0.026512032374739647, 0.012842975556850433, 0.026821812614798546, 0.023014096543192863, 0.006053623743355274, -0.000663930200971663, 0.0008002658141776919, 0.0022765626199543476, 0.03544403240084648, -0.00901589822024107, 0.027183223515748978, 0.00385289266705513, -0.034514691680669785, 0.0014351541176438332, 0.012223415076732635, -0.012242776341736317, -0.011081100441515446, 0.003355953376740217, 0.007454088889062405, -0.0035689272917807102, 0.0031365256290882826, 0.013862669467926025, -0.00030352824251167476, 0.03232041373848915, 0.01688302680850029, 0.002757367445155978, 0.013133394531905651, -0.012991411611437798, 0.013230200856924057, 0.015179235488176346, 0.0018393206410109997, -0.0150114381685853, 0.00185545498970896, 0.00818981695920229, -0.02035514824092388, 0.0324753038585186, 0.012720353901386261, -0.009622551500797272, -0.012662270106375217, 0.00974517222493887, -0.0047306036576628685, 0.014572582207620144, 0.00291064428165555, -0.054831117391586304, -0.015514831058681011, -0.005440516863018274, 0.007118493318557739, -0.006776444613933563, 0.012901059351861477, -0.016521615907549858, 0.03588288649916649, 0.0061342958360910416, 0.012352489866316319, 0.011294074356555939, 0.011578039266169071, -0.0019458075985312462, 0.015966594219207764, 0.010622883215546608, -0.0017489680321887136, 0.01653452403843403, 0.03544403240084648, -0.010680967010557652, 0.004643477965146303, -0.0183802992105484, 0.03756086155772209, -0.006557016633450985, 0.0009011057554744184, 0.013501258566975594, -0.013307645916938782, 0.009803256019949913, 0.06293703615665436, 0.004307882394641638, 0.010009776800870895, 0.00689261220395565, 0.006289185956120491, -0.011003655381500721, -0.04476325586438179, -0.006263370625674725, 0.01817377842962742, 0.0005739809712395072, -0.018819153308868408, -0.004533763974905014, 0.008157548494637012, 0.01853518933057785, 0.011997533030807972, 0.02736392803490162, 0.008331799879670143, -0.030874771997332573, -0.0005751910503022373, -0.008176909759640694, -0.03167503699660301, 0.004798368085175753, 0.048609692603349686, 0.018948229029774666, 0.0057954732328653336, -0.014301524497568607, 0.0002545200113672763, 0.010739050805568695, 0.0044272770173847675, -0.022046033293008804, 0.010842311196029186, 0.01951616071164608, -0.001679590088315308, 0.025324540212750435, 0.010267926380038261, 0.010706782341003418, 0.013165662996470928, -0.015075975097715855, -0.00019250345940236002, -0.007454088889062405, 0.03242367133498192, -0.008925545029342175, 0.006398899480700493, 0.011661938391625881, 0.016031131148338318, -0.014482229948043823, 0.006247236393392086, 0.020948894321918488, -0.009919423609972, 0.024498460814356804, 0.020213166251778603, 0.007150762248784304, -0.013449628837406635, -0.005669625010341406, 0.007008779793977737, -0.023491673171520233, -0.0006304513663053513, -0.0037141370121389627, 0.01055834535509348, -0.021723344922065735, -0.027828598394989967, -0.019103119149804115, 0.004198168870061636, 0.005950363352894783, -0.040891002863645554, -0.017747830599546432, -0.0076477015390992165, 0.007512172684073448, -0.024627534672617912, -0.012326675467193127, 0.013488351367413998, -0.022846298292279243, -0.012842975556850433, 0.026189344003796577, 0.022549426183104515, -0.01968395709991455, 0.010145305655896664, -0.009061073884367943, -0.0046951076947152615, 0.01074550487101078, -0.008809377439320087, -0.012746169231832027, -0.02066492848098278, -0.03836112841963768, -0.004849998280405998, 0.04422114044427872, -0.018122147768735886, -0.010861672461032867, 0.004911308642476797, 0.01550192292779684, -0.018909506499767303, 0.0028590140864253044, 0.0071378545835614204, -0.0046822004951536655, 0.043859731405973434, 0.006011674180626869, -0.013707779347896576, 0.014792010188102722, 0.005911640822887421, -0.028267454355955124, -0.0022281594574451447, -0.00014369691780302674, -0.0027444600127637386, -0.02342713624238968, 0.0059342291206121445, -0.009577374905347824, -0.0015956913121044636, 0.002162008546292782, -0.0043530589900910854, 0.0035689272917807102, 0.007970388978719711, -0.022188015282154083, 0.011371519416570663, 0.005308214575052261, -0.017902720719575882, 0.04607982188463211, -0.001135054393671453, 0.011061739176511765, 0.016650691628456116, -0.008893276564776897, 0.019464530050754547, -0.041381485760211945, 0.030848955735564232, 0.03931628540158272, -0.016198929399251938, 0.009454753249883652, -0.0020619751885533333, -0.01981303282082081, -0.014288617298007011, -0.01671523042023182, -0.007202392444014549, 0.02950657531619072, 0.016947565600275993, -0.03208807855844498, -0.03350790590047836, -0.022033125162124634, -0.010255019180476665, -0.0023056045174598694, -0.02556978352367878, 0.021529732272028923, -0.02524709515273571, 0.03175248205661774, -0.0073443748988211155, 0.01188781950622797, 0.004782233387231827, -0.028887014836072922, -0.021697528660297394, 0.0229753740131855, -0.012636455707252026, 0.02656366117298603, -0.027260668575763702, 0.022342905402183533, -0.00836406834423542, 0.01965814270079136, -0.012320221401751041, -0.030255211517214775, 0.014637120068073273, -0.030694065615534782, 0.03611522167921066, 0.02115541324019432, 0.01804470270872116, -0.001628766767680645, 0.020213166251778603, 0.0026492669712752104, -0.0010713236406445503, 0.012333128601312637, -0.016095668077468872, -0.006053623743355274, -0.02067783661186695, -0.004882266744971275, 0.025621414184570312, 0.0057212552055716515, -0.017438050359487534, -0.010274380445480347, 0.02640877105295658, 0.02132321149110794, -0.006489252205938101, -0.0060568503104150295, -0.041381485760211945, -0.010300195775926113, -0.002091017086058855, 0.01674104481935501, -0.0003579818003345281, 0.002199117559939623, -0.03097803145647049, -0.002057134872302413, 0.019219286739826202, -0.016805581748485565, -0.0001787892251741141, 7.431903941323981e-05, 0.02426612377166748, -0.018457744270563126, 0.003021971555426717, -0.01705082505941391, 0.051062121987342834, 0.0032946427818387747, -0.012888152152299881, -0.03291415795683861, -0.023569118231534958, -0.005233996547758579, 0.006463437341153622, 0.01951616071164608, 0.013565796427428722, -0.02806093357503414, -0.012733262032270432, 0.008970721624791622, -0.008938453160226345, -0.006447302643209696, 0.009990415535867214, -0.0006215774337761104, -0.011829735711216927, -0.022859206423163414, 0.007499265018850565, -0.005398567300289869, 0.0021555547136813402, 0.01670232228934765, 0.005517961923032999, 0.04610563814640045, -0.016444170847535133, 0.006005220580846071, 0.024304846301674843, -0.030874771997332573, 0.027596263214945793, -0.0036044230218976736, 0.011106914840638638, -0.015205050818622112, 0.017012102529406548, -0.02164589986205101, -2.3621756554348394e-05, 0.002847720170393586, -0.007299198769032955, 0.02395634353160858, 0.01884496957063675, -0.002400797326117754, 0.006447302643209696, 0.005069425795227289, 0.043033648282289505, 0.010777773335576057, -0.020781096071004868, 0.03128781169652939, 0.009609643369913101, 0.005488920025527477, -0.011997533030807972, 0.015514831058681011, -0.03211389109492302, -0.0030800553504377604, 0.0018247996922582388, -0.03017776645720005, 0.006124615203589201, -0.008325345814228058, -0.008415699005126953, 0.035831257700920105, -0.015592276118695736, 0.01449513714760542, 0.0183802992105484, -0.008712571114301682, 0.039419546723365784, -0.011545770801603794, 0.008454421535134315, -0.0026944433338940144, 0.02883538417518139, 0.03175248205661774, 0.012571917846798897, -0.028912829235196114, -0.0009309544111602008, 0.013281830586493015, -0.01608276180922985, -0.004485360812395811, 0.0020668155048042536, 0.02723485231399536, -0.008790016174316406, -0.02282048389315605, -0.004446638282388449, 0.011306981556117535, 0.02129739709198475, 0.016108576208353043, -0.011565132066607475, 0.002250747522339225, -0.012158877216279507, -0.025143835693597794, -0.012662270106375217, -0.006034262478351593, -0.015953686088323593, -0.009441846050322056, 0.0037754476070404053, -0.008022019639611244, 0.014895270578563213, -0.014443507418036461, 0.002738006180152297, -0.020419685170054436, -0.010145305655896664, 0.004091681446880102, -0.036786410957574844, 0.009680635295808315, 0.012029802426695824, 0.00020934372150804847, 0.008886822499334812, 0.019245103001594543, -0.05101049318909645, 0.004740284290164709, -0.0039174300618469715, 0.022665593773126602, -0.022678500041365623, 0.013230200856924057, -0.006905519403517246, -0.012158877216279507, 0.022988280281424522, -0.012604186311364174, -0.021503916010260582, -0.043369244784116745, 0.0016481280326843262, 0.008712571114301682, -0.017580032348632812, -0.00951929111033678, 9.267190762329847e-05, -0.001423860085196793, 0.011932996101677418, -0.014262801967561245, -0.010881033726036549, 0.013397998176515102, 0.007537987548857927, 0.0035334317944943905, 0.04602819308638573, -0.025376170873641968, 0.011526409536600113, 0.00305262696929276, 0.007176577113568783, -0.027622077614068985, -0.00696360319852829, 4.731914305011742e-05, 0.005924548488110304, -0.018109241500496864, -0.020613297820091248, -0.022046033293008804, -0.018160870298743248, 0.004362739622592926, -0.0038173969369381666, 0.014972715638577938, 0.001319793169386685, -0.016457078978419304, -0.00647957157343626, -0.020858541131019592, -0.0021442605648189783, 0.027622077614068985, -0.03260437771677971, -0.014701656997203827, 0.0017796233296394348, -0.016766859218478203, -0.05292080342769623, -0.02424030937254429, 0.02000664547085762, 0.040916815400123596, 0.008196271024644375, -0.01361742615699768, 0.007112039718776941, 0.008964267559349537, -0.061078350991010666, 0.00901589822024107, -0.021194135770201683, 0.007686424069106579, 0.018638448789715767, 0.015669720247387886, -0.016676507890224457, 0.042026862502098083, -0.007634793873876333, -0.003446306101977825, -0.005130736622959375, 0.0042691598646342754, -0.010597067885100842, -0.006989418528974056, 0.03774156793951988, -0.0069184270687401295, -0.035521477460861206, -0.02214929275214672, 0.03629592806100845, -0.01214597001671791, -0.013423813506960869, -0.0009801642736420035, -0.01074550487101078, 0.014107911847531796, 0.02097470872104168, -0.0011124663287773728, 0.01269453950226307, 0.0079639358446002, 0.0021910504437983036, -0.03211389109492302, 0.0006437622359953821, 0.014120819047093391, 0.013243108056485653, 0.013243108056485653, -0.011707114055752754, 0.005579272750765085, -0.0006691738963127136, -0.005175912752747536, 0.018638448789715767, -0.009454753249883652, -0.005989085882902145, -0.023310968652367592, -0.0058438763953745365, 0.007957481779158115, 0.009409576654434204, 0.016508709639310837, -0.001957101747393608, 0.0073508284986019135, 0.0008873915066942573, 0.007312105968594551, -0.015527738258242607, -0.0004896787577308714, -0.003707683179527521, -0.015695536509156227, -0.005472785793244839, -0.02445973828434944, 0.004133631009608507, 0.0353923998773098, -0.0042562526650726795, -0.014288617298007011, -0.024537183344364166, -0.01888369210064411, 0.02265268564224243, 0.006295639555901289, 0.014856548048555851, -0.0011753904400393367, -0.0006054430268704891, -0.030100321397185326, -0.00233787321485579, -0.011442510411143303, -0.0029638877604156733, 0.002799317007884383, -0.01181682851165533, 0.012830068357288837, -0.024782424792647362, 0.014236986637115479, 0.0028219050727784634, 0.01587624102830887, -0.014249894767999649, 0.00626982469111681, 0.17595522105693817, 0.008305984549224377, -0.0012842975556850433, 0.029145164415240288, -0.025324540212750435, -0.014869455248117447, -0.009377308189868927, 0.020226072520017624, -0.0013794904807582498, 0.03361116349697113, -0.0018151190597563982, -0.016444170847535133, -0.023840175941586494, 0.011984625831246376, -0.007744507864117622, 0.013462536036968231, -0.034824471920728683, 0.007176577113568783, -0.031210366636514664, 0.0364508181810379, 0.032346226274967194, -0.013862669467926025, -0.0019232194172218442, -0.004030371084809303, 0.029945431277155876, 0.014120819047093391, 0.02265268564224243, 0.020587483420968056, 0.026008639484643936, 0.014004651457071304, 0.0033753146417438984, -0.019619420170783997, 0.0055082812905311584, -0.013901391997933388, -0.036166850477457047, -0.005634129513055086, 0.015979500487446785, -0.021413564682006836, 0.0002099487610394135, 0.007712238933891058, -0.004298201762139797, -0.009945238940417767, -0.00603103544563055, -0.015050160698592663, -0.01221696101129055, -0.014533859677612782, -0.041588008403778076, 0.0104163633659482, -0.022885020822286606, -0.001415792852640152, -0.03890324383974075, -0.006899065803736448, 0.007873582653701305, 0.010616429150104523, 0.02674436755478382, 0.004995207767933607, 0.006527974735945463, -0.015579367987811565, 0.0031591139268130064, -0.0038593464996665716, -0.007473450154066086, 0.004382100887596607, -0.04096844792366028, 0.01998083107173443, -0.02178788185119629, -0.00975808035582304, -0.017915628850460052, 0.01884496957063675, -0.0033075502142310143, 0.012559010647237301, -0.028603048995137215, -0.002394343726336956, -0.027260668575763702, -0.0038593464996665716, -0.01055834535509348, -0.0037657669745385647, 0.02510511316359043, 0.000834148027934134, 0.014133727177977562, 0.01822540909051895, -0.03082314133644104, -0.01403046678751707, -0.005621221847832203, 0.033043231815099716, -0.003914203494787216, -0.007892943918704987, 0.02492440864443779, -0.002931618830189109, -0.01026147324591875, -0.015540645457804203, 0.0033301382791250944, 0.0018506146734580398, -0.01048735436052084, 0.0012052390957251191, -0.00385289266705513, -0.00757671007886529, -0.010035591199994087, 0.024214494973421097, -0.0005187206552363932, 0.015966594219207764, -0.0330948643386364, 0.0652603879570961, 0.025608506053686142, -0.02065202035009861, -0.010584160685539246, 0.0009002990555018187, -0.016805581748485565, 0.019606512039899826, 0.009293409064412117, -0.0005005694692954421, -0.02147810161113739, -0.020045368000864983, -0.01734769716858864, -0.027312297374010086, -0.0017667158972471952, -0.011532862670719624, -0.010455085895955563, -0.03330138325691223, 0.014469321817159653, -0.0468800887465477, -0.02391762100160122, -0.008557680994272232, 0.015398663468658924, 0.011287620291113853, -0.01756712608039379, -0.012907513417303562, -0.01901276595890522, 0.005563138052821159, 0.02393052913248539, -0.04644123092293739, -0.0007232240750454366, -0.00853186659514904, -0.022252552211284637, -0.011197268031537533, -0.01000332273542881, 0.013798131607472897, 0.01097138598561287, -0.02953238971531391, -0.004982300102710724, 0.0040497323498129845, 0.010119490325450897, -0.030590806156396866, 0.01449513714760542, 0.008615764789283276, 0.0031397526618093252, 0.006085892673581839, -0.008557680994272232, 0.0012375077931210399, -0.005304988007992506, 0.0047790068201720715, -0.01107464637607336, -0.025802118703722954, 0.0004412755952216685, -0.01801888830959797, -0.004178807605057955, -0.02493731491267681, 0.004072320181876421, -0.04693171754479408, 0.008938453160226345, -0.002458881353959441, -0.024214494973421097, 0.014637120068073273, 0.021749159321188927, -0.006511840503662825, 0.0010882647475227714, 0.0055082812905311584, -0.1608792394399643, 0.03066825121641159, 0.03559892252087593, 0.000498149311169982, 0.038929060101509094, 0.008164001628756523, -0.0017699426971375942, 0.008331799879670143, -0.023078633472323418, 0.02146519348025322, 0.017644571140408516, -0.02522128075361252, -0.009048166684806347, 0.0031220046803355217, -0.015230865217745304, -0.0055082812905311584, -0.0019022447522729635, 0.017502587288618088, 0.02128448896110058, 0.012074978090822697, 0.0038141701370477676, -0.010371186770498753, -0.002547620330005884, -0.024730795994400978, -0.010835857130587101, -0.005240450147539377, -0.030281025916337967, -0.00017899090016726404, -0.004485360812395811, -0.011332796886563301, -0.022046033293008804, 0.0020442274399101734, 0.02313026413321495, -0.01269453950226307, -0.003781901439651847, -0.023878898471593857, -0.020613297820091248, -0.014637120068073273, -0.03849020600318909, 0.03833531215786934, 0.012520288117229939, 0.0073443748988211155, -0.02199440263211727, -0.007654155138880014, -0.0007212072960101068, 0.019438715651631355, 0.03299160301685333, 0.000719190516974777, 0.00618592556566, -0.02391762100160122, -0.009996868669986725, -0.02216220088303089, -0.0021281263325363398, 0.004637023899704218, -0.01048735436052084, -0.01368196401745081, -0.03232041373848915, 0.031726665794849396, 0.005776111967861652, -0.00910625047981739, -0.0013302805600687861, -0.007834860123693943, 0.03152014687657356, -0.00401746341958642, -0.007241114974021912, -0.02100052312016487, 0.0035657004918903112, 0.014327339828014374, -0.009061073884367943, -0.01706373319029808, 0.013953021727502346, -0.02325933799147606, 0.007325013633817434, -0.036967117339372635, 0.005050064530223608, 0.014482229948043823, -0.0026508804876357317, 0.01197817176580429, 0.022420350462198257, -0.01574716530740261, 0.008396337740123272, 0.039935845881700516, -0.019580697640776634, -0.006595739163458347, -0.007447635289281607, 0.027415558695793152, 0.01772201620042324, 0.012823614291846752, -0.03263019397854805, 0.008925545029342175, 0.025324540212750435, -0.024653350934386253, -0.02325933799147606, -0.010590614750981331, 0.0042627062648534775, 0.0244339220225811, 0.007202392444014549, -0.015992408618330956, -0.0039819679223001, 0.00450149504467845, 0.01212660875171423, -0.01658615469932556, -0.04641541838645935, 0.008228539489209652, 0.013862669467926025, 0.025982823222875595, -0.021607177332043648, 0.006834528408944607, 0.029274240136146545, -0.00018756229837890714, 0.012926874682307243, 0.005324349272996187, 0.024369385093450546, 0.016650691628456116, 0.010326010175049305, 0.0014456415083259344, -0.005269492045044899, -0.013243108056485653, -0.021542638540267944, -0.007712238933891058, 0.016198929399251938, 0.013488351367413998, -0.004330470692366362, 0.004453091882169247, -0.005898733623325825, -0.006840982008725405, -0.10212424397468567, -0.03146851807832718, 0.016018223017454147, 0.02310444787144661, 0.017786553129553795, -0.019077304750680923, -0.012139515951275826, 0.03017776645720005, -0.003228491637855768, 0.008499597199261189, 0.004307882394641638, -0.02571176551282406, 0.005940682720392942, -0.007602525409311056, 0.02751881815493107, -0.006957149598747492, 0.013346368446946144, 0.0017521949484944344, -0.007525080349296331, 0.012881698086857796, -0.0004687040636781603, -0.03536658734083176, -0.0137852244079113, -0.006647369358688593, -0.009286955930292606, -0.0034850286319851875, -0.02378854714334011, -0.000663930200971663, 0.007531533949077129, 0.0034624403342604637, -0.017980165779590607, -0.00023515876091551036, 0.015992408618330956, 0.01834157668054104, -0.014366062358021736, -0.020897263661026955, -0.011145637370646, -0.037276897579431534, 0.023014096543192863, -0.00383030460216105, -0.007596071343868971, 0.005834195762872696, 0.012074978090822697, -0.010319557040929794, 0.01525668054819107, -0.018483558669686317, -0.018419021740555763, 0.01866426318883896, 0.007079770788550377, -0.027286482974886894, -0.0009680634830147028, -0.0208327267318964, 0.008157548494637012, -0.02689925767481327, 0.012262137606739998, -0.02341422811150551, 0.007828406989574432, 0.025298725813627243, -0.010442177765071392, -0.0017683292971923947, 0.0226010549813509, 0.015605183318257332, 0.00837697647511959, 0.013514166697859764, 0.018638448789715767, -0.007899397984147072, -0.011455417610704899, -0.00026057043578475714, 0.019141841679811478, -0.04933251440525055, 0.010997201316058636, 0.00030393159249797463, -0.02360784076154232, -0.009887155145406723, -0.024356476962566376, -0.008815831504762173, -0.03510843589901924, -0.02067783661186695, -0.02311735600233078, -0.013539981096982956, -0.002278176136314869, -0.01515342015773058, 0.02966146543622017, -0.013133394531905651, 0.027286482974886894, 0.023194801062345505, -0.013823946937918663, -0.015192142687737942, 0.034850284457206726, -0.04383391514420509, 0.0032494664192199707, 0.020742373540997505, 0.0241241417825222, 0.00794457457959652, -0.022588148713111877, 0.02116832137107849, 0.0023588479962199926, -0.018780430778861046, -0.03454050421714783, 0.021039245650172234, -0.03913557901978493, -0.0019425806822255254, -0.05508926510810852, 0.016147298738360405, 0.014740380458533764, -0.022678500041365623, 0.0028590140864253044, 0.009770987555384636, 0.01335927564650774, -0.0068216207437217236, 0.011500594206154346, 0.008060742169618607, -0.02393052913248539, 0.016134390607476234, -0.0036947757471352816, -0.016508709639310837, -0.012668724171817303, 0.009286955930292606, 0.00667963782325387, -0.007034594658762217, 0.010758412070572376, -0.008260807953774929, -0.02886119857430458, -0.0024895365349948406, 0.0022265459410846233, -0.004569259472191334, -0.02953238971531391, 0.01804470270872116, -0.02904190495610237, 0.011726475320756435, -0.028422344475984573, -0.009093343280255795, 0.018302854150533676, -0.008170455694198608, -0.014391876757144928, 0.007195938378572464, -0.02821582369506359, -0.04267223924398422, -0.01734769716858864, 0.030074505135416985, 0.028448158875107765, -0.02932586893439293, 0.011255351826548576, -0.02806093357503414, 0.0042562526650726795, -0.03131362795829773, 0.004485360812395811, -0.005905187223106623, -0.0257375817745924, 0.0019361269660294056, 0.014301524497568607, 0.006731268018484116, 0.005611541215330362, 0.01821250095963478, 0.0019361269660294056, -0.004330470692366362, -0.012236322276294231, -0.008144640363752842, -0.01525668054819107, -0.012733262032270432, -0.0017328336834907532, -0.03890324383974075, 0.042052678763866425, 0.007312105968594551, 0.02244616486132145, -0.004927443340420723, 0.020135721191763878, 0.006337589118629694, -0.014172449707984924, 0.014921084977686405, 0.005214635282754898, -0.01591496355831623, -3.675615880638361e-05, 0.01326892338693142, 0.004162672907114029, 0.015385755337774754, -0.020213166251778603, -0.001506952103227377, -0.006582831498235464, 0.014133727177977562, -0.012920420616865158, 0.02576339617371559, 0.02917097881436348, -0.01164903026074171, -0.022510703653097153, 0.033353015780448914, 0.0275704488158226, 0.008854554034769535, -0.007783230394124985, 0.011668391525745392, 0.0005683339550159872, -0.011416695080697536, -0.004340151324868202, 0.014921084977686405, 0.0020522945560514927, 0.01590205542743206, 0.030616620555520058, 0.0120620708912611, -0.018238315358757973, -0.012462204322218895, 0.014417692087590694, 0.013694871217012405, -0.007867129519581795, -0.0028557872865349054, -0.009900062344968319, -0.011623215861618519, -0.03655407577753067, 0.009796802885830402, -0.005359844770282507, -0.012597733177244663, -0.036166850477457047, 0.02362074889242649, -0.005727708805352449, 0.011894273571670055, 0.012178238481283188, -0.0020248661749064922, 0.004507949110120535, 0.00770578533411026, -0.008415699005126953, 0.012804253026843071, -0.00724756857380271, 0.01640544831752777, -0.010132397525012493, 0.0003950909012928605, -0.0032155842054635286, 0.00803492683917284, 0.0063956729136407375, 0.030616620555520058, -0.007744507864117622, -0.013307645916938782, -0.003223651321604848, -0.029609834775328636, 0.025376170873641968, 0.003284962149336934, -0.0189998596906662, -0.0034398522693663836, -0.008499597199261189, -0.003691548714414239, -0.01000332273542881, 0.0010221137199550867, -0.008925545029342175, 0.05493437498807907, 0.04915181174874306, 0.002675082068890333, -0.011113368906080723, -0.004159445874392986, 0.016328003257513046, 0.0038593464996665716, -0.008970721624791622, 0.02444683015346527, -0.031029662117362022, 0.026266789063811302, 0.006398899480700493, -0.013049495406448841, -0.03017776645720005, -0.02177497372031212, -0.0053275758400559425, -0.006218194495886564, 0.02395634353160858, 0.008880369365215302, 0.00504361093044281, 0.006815167143940926, -0.02213638462126255, 0.04455673694610596, 0.024666257202625275, -0.022562332451343536, -0.018961137160658836, 0.005553457420319319, 0.001900631352327764, -0.007286291103810072, -0.022394536063075066, -0.01098429411649704, 0.0031558868940919638, -0.008383429609239101, 0.00025512505089864135, 0.035185880959033966, 0.0066086468286812305, -0.02999706007540226, -0.020045368000864983, 0.01689593493938446, 0.017773644998669624, 0.016624877229332924, 0.003041332820430398, -0.022097662091255188, -0.026770181953907013, -0.033533718436956406, 0.02904190495610237, -0.017618754878640175, -0.021026339381933212, -0.018393205478787422], 'ai_metadata': {'tags': ['construction', 'document'], 'document_type': 'unknown', 'topics': ['Fire Rating Requirements for Steel Structures'], 'supplier_mentions': [], 'categories': ['general'], 'summary': '```json\n{\n    "tags": [\n        "AS 1530.4",\n        "BCA",\n        "fire resistance",\n        "fire rating",\n        "steel structures"\n    ],\n    "document_type": "specification",\n    "topics": [\n  '}, 'created_timestamp': '2025-08-10T01:57:08.363000', 'status': 'active', 'reference_count': 0, 'helpful_votes': 0, 'view_count': 0}, 'similarity_score': 0.8704149614193435}, {'type': 'mentor_note', 'note': {'_id': '6897fc9de9a0a256f74bb719', 'note_id': '3557b955-d394-4e56-9b1e-1661546705d5', 'user_id': 'dev_user_123', 'user_email': 'dev@example.com', 'title': 'Fire Rating Requirements for Steel Structures', 'content': 'When designing steel structures in commercial buildings, fire rating requirements must be considered early in the design process. AS 1530.4 provides the testing methodology for fire resistance, while the BCA specifies minimum requirements based on building classification and height.', 'tags': ['fire-rating', 'steel', 'BCA', 'AS1530', 'construction', 'document'], 'category': 'structural-design', 'attachment_url': None, 'embedding': [-0.002707350766286254, -0.005037156865000725, -0.03159759193658829, -0.04249153286218643, 0.005972951650619507, -0.015359940938651562, -0.017657477408647537, -0.018406113609671593, 0.0137852244079113, 0.006027808412909508, -0.0007308879285119474, -0.009138518944382668, 0.0065247477032244205, 0.021839512512087822, -0.0137852244079113, 0.0008462488185614347, 0.015682628378272057, 0.020910171791911125, 0.0028219050727784634, -0.003940018359571695, -0.010758412070572376, 0.012236322276294231, -0.017412235960364342, 0.003614103654399514, -0.008925545029342175, 0.006563470233231783, 0.013965928927063942, -0.031029662117362022, 0.005711574573069811, 0.0076606092043221, 0.026770181953907013, -0.02096180059015751, -0.009893609210848808, 0.005266265477985144, -0.0030058370903134346, 0.0004065866523887962, -0.008112371899187565, 0.001750581432133913, 0.00757671007886529, -0.014533859677612782, -0.0013343141181394458, -0.021413564682006836, 0.004740284290164709, 0.006582831498235464, 0.008157548494637012, -0.008454421535134315, 0.025776304304599762, -0.002528259065002203, -0.030616620555520058, -0.013578703626990318, 0.021065061911940575, -0.007105586118996143, -0.017670385539531708, -0.01449513714760542, -0.0018280264921486378, 0.0005090400227345526, -0.017463864758610725, 0.006027808412909508, 0.022058939561247826, -0.03526332601904869, -0.011152091436088085, 0.00507910642772913, -0.025789210572838783, 0.0024362930562347174, -0.008247900754213333, -0.02720903791487217, 0.022536518052220345, 0.01057125348597765, -0.016818489879369736, 0.01443059928715229, 0.018948229029774666, 0.030203580856323242, 0.019128933548927307, 0.024356476962566376, 0.03686385601758957, -0.00463057029992342, 0.022239645943045616, -0.02837071381509304, 0.010622883215546608, -0.021852420642971992, -0.0030510134529322386, -0.01212660875171423, -0.0029429129790514708, 0.02624097466468811, -0.007583164144307375, 0.014727472327649593, -0.0013383477926254272, -0.001787690562196076, -0.007828406989574432, 0.007454088889062405, -0.01853518933057785, 0.008589950390160084, 0.011281166225671768, 0.01009367499500513, -0.021594269201159477, -0.01965814270079136, 0.008615764789283276, 0.005285626742988825, 0.014353154227137566, -0.00027609977405518293, 0.003985194489359856, 0.0018377071246504784, -0.020238980650901794, 0.0029558204114437103, 0.002700897166505456, -0.015940777957439423, 0.003994875121861696, -0.008131733164191246, -0.007370190229266882, -0.029738910496234894, -0.03275926783680916, 0.014107911847531796, -0.0034430790692567825, -0.008990082889795303, 0.009222418069839478, 0.02216220088303089, 0.011913634836673737, -0.002334646414965391, -0.0011156931286677718, -0.008234993554651737, 0.0020894038025289774, -0.005182366352528334, 0.020935986191034317, 0.010300195775926113, 0.026847627013921738, -0.004343378357589245, -0.024562997743487358, -0.012920420616865158, -0.007396005094051361, -0.01998083107173443, 0.008828738704323769, 0.009073982015252113, 0.012623547576367855, -0.008396337740123272, -0.009474114514887333, 0.022549426183104515, -0.008015565574169159, 0.040219809859991074, -0.042878758162260056, -0.031055476516485214, 0.0019538747146725655, 0.0023878898937255144, -0.02427903190255165, -0.016031131148338318, -0.011035923846065998, -0.01675395295023918, 0.01834157668054104, 0.01805761083960533, -0.017463864758610725, -0.017296068370342255, -0.030126135796308517, 0.008589950390160084, 0.007589617744088173, 0.008731932379305363, -0.014766194857656956, 0.02263977751135826, -0.01803179644048214, 0.018741708248853683, -0.01295914314687252, -0.03590870276093483, 0.04393717646598816, 0.006744175683706999, 0.005992312915623188, 0.006266597658395767, 0.002508897799998522, 0.006899065803736448, 0.00775096146389842, -0.008222085423767567, 0.0023556211963295937, -0.009945238940417767, 0.01024856511503458, 0.030874771997332573, -0.02769952267408371, 0.01171356812119484, 0.013217293657362461, 0.02131030336022377, 0.022200923413038254, 0.016599060967564583, 0.013423813506960869, -0.005634129513055086, -0.005943909753113985, -0.00569221330806613, 0.03882579877972603, 0.029558205977082253, -0.032346226274967194, 0.0413556732237339, 0.022342905402183533, 0.0042207567021250725, 0.022910835221409798, -0.031210366636514664, 0.008512505330145359, 0.005718028172850609, -0.012675178237259388, -0.005166232120245695, -0.6476473808288574, -0.030564991757273674, 0.0026831491850316525, -0.04096844792366028, 0.0005396953783929348, 0.0036754142493009567, 0.03164922073483467, -0.010455085895955563, -0.005579272750765085, -0.0017521949484944344, 0.023014096543192863, 0.010229203850030899, 0.0005800313665531576, -0.012423481792211533, -0.016121484339237213, -0.016495801508426666, 0.014662934467196465, -0.005847103428095579, 0.012087886221706867, 0.013036588206887245, -0.01197817176580429, 0.024498460814356804, -0.038438573479652405, -0.027673708274960518, 0.0165474321693182, -0.012313767336308956, 0.001765102380886674, -0.026770181953907013, 0.023323876783251762, -0.01252674125134945, -0.010190481320023537, 0.018935320898890495, 0.025789210572838783, 0.026331325992941856, 0.04102007672190666, -0.00015287335554603487, -0.002371755428612232, 0.02177497372031212, 0.04902273416519165, 0.011610307730734348, -0.00884164683520794, 0.007312105968594551, 0.04032307118177414, 0.021065061911940575, -0.006292412523180246, 0.02642167918384075, 0.03198481723666191, -0.0019474209984764457, 0.020213166251778603, -0.02821582369506359, -0.009319224394857883, 0.010448631830513477, -0.014740380458533764, 0.008809377439320087, 0.026460401713848114, -0.007228207308799028, 0.024717887863516808, 0.009112704545259476, -0.03177829831838608, 0.0014545153826475143, 0.021387748420238495, -0.009493475779891014, 0.015824610367417336, -0.03704456239938736, -0.02327224612236023, -0.004840317647904158, -0.0153212184086442, 0.008641580119729042, 0.007363736163824797, 0.011113368906080723, -0.0034624403342604637, 0.025040576234459877, 0.00689261220395565, 0.002079722937196493, 0.007989750243723392, 0.01770910806953907, 0.015024345368146896, -0.0011447350261732936, 0.014520952478051186, 0.012578371912240982, 0.012165331281721592, 0.007163669914007187, -0.01734769716858864, -0.009041712619364262, -0.014391876757144928, -0.015953686088323593, -0.010784227401018143, -0.02098761685192585, 0.028473973274230957, 0.009280501864850521, 0.019425807520747185, -0.02049713023006916, -0.002479855902493, -0.03182992711663246, -0.008912637829780579, 0.011068192310631275, 0.012571917846798897, -0.022717222571372986, 0.010700328275561333, -0.0002831585588864982, -0.028628863394260406, -0.017128270119428635, -0.01658615469932556, -0.0013859441969543695, 0.012500926852226257, -0.010829403065145016, 0.007544441614300013, -0.0027702751103788614, 0.023039910942316055, -0.010442177765071392, 0.00229269708506763, -0.006834528408944607, -0.0334046445786953, -0.02261396311223507, -0.0018038249108940363, -0.023362599313259125, 0.024550089612603188, 0.013643241487443447, -0.00021277228370308876, 0.009699996560811996, 0.0009511223761364818, 0.014262801967561245, 0.021736251190304756, -0.028577234596014023, -0.023478766903281212, 0.049255069345235825, -0.008112371899187565, 0.0053759790025651455, 0.007789683993905783, 0.000353948213160038, 0.008699663914740086, 0.007886490784585476, 0.01804470270872116, -0.00984843261539936, -0.00430142879486084, 0.005350164137780666, -0.001406918978318572, -0.0275704488158226, 0.02296246588230133, -0.02112959884107113, -0.023401321843266487, -0.00680871307849884, 0.0018506146734580398, 0.0005517961690202355, -0.03374024108052254, 0.0033753146417438984, -0.04460836574435234, 0.02195568010210991, 0.00032772982376627624, 0.01964523456990719, -0.03283671289682388, -0.001126180519349873, 0.0020522945560514927, 0.0031655675265938044, -0.003526977961882949, -0.007821952924132347, 0.02346585877239704, -0.020213166251778603, 0.019593605771660805, -0.007615432608872652, -0.017489681020379066, -0.0023620747961103916, -0.02096180059015751, 0.003314004046842456, 0.0029945429414510727, -0.004333697725087404, 0.019632328301668167, 0.008583496324717999, -0.0165474321693182, -0.02457590587437153, -0.0007224173750728369, -0.012707446701824665, 0.0036044230218976736, 0.01515342015773058, -0.0019554882310330868, 0.01302368100732565, -0.012113700620830059, -0.008228539489209652, -0.0026282924227416515, -0.007215299643576145, 0.0023507808800786734, 0.01525668054819107, -0.009009444154798985, 0.022523609921336174, 0.004953258205205202, 0.04706079140305519, -0.0003513263654895127, -0.0009527358342893422, -0.017476772889494896, 0.011700660921633244, -0.019322548061609268, 0.01737351343035698, 0.015527738258242607, 0.012068524956703186, 0.00737664382904768, -0.0034398522693663836, -0.006595739163458347, -0.010351825505495071, -0.014946900308132172, -0.0041723535396158695, 0.00046225031837821007, -0.005669625010341406, 0.027931857854127884, -0.014288617298007011, 0.022046033293008804, -0.0048951744101941586, 0.017747830599546432, -0.01122953649610281, 0.044659994542598724, 0.015824610367417336, 0.0004820149333681911, -0.013256016187369823, -0.010829403065145016, -0.01572135090827942, -0.014882362447679043, 0.01140378788113594, 0.005169459152966738, 0.029248423874378204, -0.008228539489209652, -0.030926400795578957, 0.02821582369506359, 0.015282495878636837, 0.027183223515748978, 0.0165474321693182, -0.006886158138513565, -0.004330470692366362, 0.02656366117298603, 0.014172449707984924, 0.00829307734966278, -0.004824182949960232, -0.0020974709186702967, 0.00836406834423542, 0.013888483867049217, -0.002289470052346587, 0.03965188190340996, 0.030074505135416985, 0.035676367580890656, -0.018819153308868408, 0.011965264566242695, 0.007512172684073448, 0.02769952267408371, 0.009558013640344143, 0.018728801980614662, -0.008615764789283276, 0.04081355780363083, 0.03208807855844498, 0.026666922494769096, 0.03250111639499664, -0.0018312534084543586, 0.0031736348755657673, 0.003501162864267826, -0.004549898207187653, -0.022071847692131996, 0.004285294562578201, 0.026512032374739647, 0.012842975556850433, 0.026821812614798546, 0.023014096543192863, 0.006053623743355274, -0.000663930200971663, 0.0008002658141776919, 0.0022765626199543476, 0.03544403240084648, -0.00901589822024107, 0.027183223515748978, 0.00385289266705513, -0.034514691680669785, 0.0014351541176438332, 0.012223415076732635, -0.012242776341736317, -0.011081100441515446, 0.003355953376740217, 0.007454088889062405, -0.0035689272917807102, 0.0031365256290882826, 0.013862669467926025, -0.00030352824251167476, 0.03232041373848915, 0.01688302680850029, 0.002757367445155978, 0.013133394531905651, -0.012991411611437798, 0.013230200856924057, 0.015179235488176346, 0.0018393206410109997, -0.0150114381685853, 0.00185545498970896, 0.00818981695920229, -0.02035514824092388, 0.0324753038585186, 0.012720353901386261, -0.009622551500797272, -0.012662270106375217, 0.00974517222493887, -0.0047306036576628685, 0.014572582207620144, 0.00291064428165555, -0.054831117391586304, -0.015514831058681011, -0.005440516863018274, 0.007118493318557739, -0.006776444613933563, 0.012901059351861477, -0.016521615907549858, 0.03588288649916649, 0.0061342958360910416, 0.012352489866316319, 0.011294074356555939, 0.011578039266169071, -0.0019458075985312462, 0.015966594219207764, 0.010622883215546608, -0.0017489680321887136, 0.01653452403843403, 0.03544403240084648, -0.010680967010557652, 0.004643477965146303, -0.0183802992105484, 0.03756086155772209, -0.006557016633450985, 0.0009011057554744184, 0.013501258566975594, -0.013307645916938782, 0.009803256019949913, 0.06293703615665436, 0.004307882394641638, 0.010009776800870895, 0.00689261220395565, 0.006289185956120491, -0.011003655381500721, -0.04476325586438179, -0.006263370625674725, 0.01817377842962742, 0.0005739809712395072, -0.018819153308868408, -0.004533763974905014, 0.008157548494637012, 0.01853518933057785, 0.011997533030807972, 0.02736392803490162, 0.008331799879670143, -0.030874771997332573, -0.0005751910503022373, -0.008176909759640694, -0.03167503699660301, 0.004798368085175753, 0.048609692603349686, 0.018948229029774666, 0.0057954732328653336, -0.014301524497568607, 0.0002545200113672763, 0.010739050805568695, 0.0044272770173847675, -0.022046033293008804, 0.010842311196029186, 0.01951616071164608, -0.001679590088315308, 0.025324540212750435, 0.010267926380038261, 0.010706782341003418, 0.013165662996470928, -0.015075975097715855, -0.00019250345940236002, -0.007454088889062405, 0.03242367133498192, -0.008925545029342175, 0.006398899480700493, 0.011661938391625881, 0.016031131148338318, -0.014482229948043823, 0.006247236393392086, 0.020948894321918488, -0.009919423609972, 0.024498460814356804, 0.020213166251778603, 0.007150762248784304, -0.013449628837406635, -0.005669625010341406, 0.007008779793977737, -0.023491673171520233, -0.0006304513663053513, -0.0037141370121389627, 0.01055834535509348, -0.021723344922065735, -0.027828598394989967, -0.019103119149804115, 0.004198168870061636, 0.005950363352894783, -0.040891002863645554, -0.017747830599546432, -0.0076477015390992165, 0.007512172684073448, -0.024627534672617912, -0.012326675467193127, 0.013488351367413998, -0.022846298292279243, -0.012842975556850433, 0.026189344003796577, 0.022549426183104515, -0.01968395709991455, 0.010145305655896664, -0.009061073884367943, -0.0046951076947152615, 0.01074550487101078, -0.008809377439320087, -0.012746169231832027, -0.02066492848098278, -0.03836112841963768, -0.004849998280405998, 0.04422114044427872, -0.018122147768735886, -0.010861672461032867, 0.004911308642476797, 0.01550192292779684, -0.018909506499767303, 0.0028590140864253044, 0.0071378545835614204, -0.0046822004951536655, 0.043859731405973434, 0.006011674180626869, -0.013707779347896576, 0.014792010188102722, 0.005911640822887421, -0.028267454355955124, -0.0022281594574451447, -0.00014369691780302674, -0.0027444600127637386, -0.02342713624238968, 0.0059342291206121445, -0.009577374905347824, -0.0015956913121044636, 0.002162008546292782, -0.0043530589900910854, 0.0035689272917807102, 0.007970388978719711, -0.022188015282154083, 0.011371519416570663, 0.005308214575052261, -0.017902720719575882, 0.04607982188463211, -0.001135054393671453, 0.011061739176511765, 0.016650691628456116, -0.008893276564776897, 0.019464530050754547, -0.041381485760211945, 0.030848955735564232, 0.03931628540158272, -0.016198929399251938, 0.009454753249883652, -0.0020619751885533333, -0.01981303282082081, -0.014288617298007011, -0.01671523042023182, -0.007202392444014549, 0.02950657531619072, 0.016947565600275993, -0.03208807855844498, -0.03350790590047836, -0.022033125162124634, -0.010255019180476665, -0.0023056045174598694, -0.02556978352367878, 0.021529732272028923, -0.02524709515273571, 0.03175248205661774, -0.0073443748988211155, 0.01188781950622797, 0.004782233387231827, -0.028887014836072922, -0.021697528660297394, 0.0229753740131855, -0.012636455707252026, 0.02656366117298603, -0.027260668575763702, 0.022342905402183533, -0.00836406834423542, 0.01965814270079136, -0.012320221401751041, -0.030255211517214775, 0.014637120068073273, -0.030694065615534782, 0.03611522167921066, 0.02115541324019432, 0.01804470270872116, -0.001628766767680645, 0.020213166251778603, 0.0026492669712752104, -0.0010713236406445503, 0.012333128601312637, -0.016095668077468872, -0.006053623743355274, -0.02067783661186695, -0.004882266744971275, 0.025621414184570312, 0.0057212552055716515, -0.017438050359487534, -0.010274380445480347, 0.02640877105295658, 0.02132321149110794, -0.006489252205938101, -0.0060568503104150295, -0.041381485760211945, -0.010300195775926113, -0.002091017086058855, 0.01674104481935501, -0.0003579818003345281, 0.002199117559939623, -0.03097803145647049, -0.002057134872302413, 0.019219286739826202, -0.016805581748485565, -0.0001787892251741141, 7.431903941323981e-05, 0.02426612377166748, -0.018457744270563126, 0.003021971555426717, -0.01705082505941391, 0.051062121987342834, 0.0032946427818387747, -0.012888152152299881, -0.03291415795683861, -0.023569118231534958, -0.005233996547758579, 0.006463437341153622, 0.01951616071164608, 0.013565796427428722, -0.02806093357503414, -0.012733262032270432, 0.008970721624791622, -0.008938453160226345, -0.006447302643209696, 0.009990415535867214, -0.0006215774337761104, -0.011829735711216927, -0.022859206423163414, 0.007499265018850565, -0.005398567300289869, 0.0021555547136813402, 0.01670232228934765, 0.005517961923032999, 0.04610563814640045, -0.016444170847535133, 0.006005220580846071, 0.024304846301674843, -0.030874771997332573, 0.027596263214945793, -0.0036044230218976736, 0.011106914840638638, -0.015205050818622112, 0.017012102529406548, -0.02164589986205101, -2.3621756554348394e-05, 0.002847720170393586, -0.007299198769032955, 0.02395634353160858, 0.01884496957063675, -0.002400797326117754, 0.006447302643209696, 0.005069425795227289, 0.043033648282289505, 0.010777773335576057, -0.020781096071004868, 0.03128781169652939, 0.009609643369913101, 0.005488920025527477, -0.011997533030807972, 0.015514831058681011, -0.03211389109492302, -0.0030800553504377604, 0.0018247996922582388, -0.03017776645720005, 0.006124615203589201, -0.008325345814228058, -0.008415699005126953, 0.035831257700920105, -0.015592276118695736, 0.01449513714760542, 0.0183802992105484, -0.008712571114301682, 0.039419546723365784, -0.011545770801603794, 0.008454421535134315, -0.0026944433338940144, 0.02883538417518139, 0.03175248205661774, 0.012571917846798897, -0.028912829235196114, -0.0009309544111602008, 0.013281830586493015, -0.01608276180922985, -0.004485360812395811, 0.0020668155048042536, 0.02723485231399536, -0.008790016174316406, -0.02282048389315605, -0.004446638282388449, 0.011306981556117535, 0.02129739709198475, 0.016108576208353043, -0.011565132066607475, 0.002250747522339225, -0.012158877216279507, -0.025143835693597794, -0.012662270106375217, -0.006034262478351593, -0.015953686088323593, -0.009441846050322056, 0.0037754476070404053, -0.008022019639611244, 0.014895270578563213, -0.014443507418036461, 0.002738006180152297, -0.020419685170054436, -0.010145305655896664, 0.004091681446880102, -0.036786410957574844, 0.009680635295808315, 0.012029802426695824, 0.00020934372150804847, 0.008886822499334812, 0.019245103001594543, -0.05101049318909645, 0.004740284290164709, -0.0039174300618469715, 0.022665593773126602, -0.022678500041365623, 0.013230200856924057, -0.006905519403517246, -0.012158877216279507, 0.022988280281424522, -0.012604186311364174, -0.021503916010260582, -0.043369244784116745, 0.0016481280326843262, 0.008712571114301682, -0.017580032348632812, -0.00951929111033678, 9.267190762329847e-05, -0.001423860085196793, 0.011932996101677418, -0.014262801967561245, -0.010881033726036549, 0.013397998176515102, 0.007537987548857927, 0.0035334317944943905, 0.04602819308638573, -0.025376170873641968, 0.011526409536600113, 0.00305262696929276, 0.007176577113568783, -0.027622077614068985, -0.00696360319852829, 4.731914305011742e-05, 0.005924548488110304, -0.018109241500496864, -0.020613297820091248, -0.022046033293008804, -0.018160870298743248, 0.004362739622592926, -0.0038173969369381666, 0.014972715638577938, 0.001319793169386685, -0.016457078978419304, -0.00647957157343626, -0.020858541131019592, -0.0021442605648189783, 0.027622077614068985, -0.03260437771677971, -0.014701656997203827, 0.0017796233296394348, -0.016766859218478203, -0.05292080342769623, -0.02424030937254429, 0.02000664547085762, 0.040916815400123596, 0.008196271024644375, -0.01361742615699768, 0.007112039718776941, 0.008964267559349537, -0.061078350991010666, 0.00901589822024107, -0.021194135770201683, 0.007686424069106579, 0.018638448789715767, 0.015669720247387886, -0.016676507890224457, 0.042026862502098083, -0.007634793873876333, -0.003446306101977825, -0.005130736622959375, 0.0042691598646342754, -0.010597067885100842, -0.006989418528974056, 0.03774156793951988, -0.0069184270687401295, -0.035521477460861206, -0.02214929275214672, 0.03629592806100845, -0.01214597001671791, -0.013423813506960869, -0.0009801642736420035, -0.01074550487101078, 0.014107911847531796, 0.02097470872104168, -0.0011124663287773728, 0.01269453950226307, 0.0079639358446002, 0.0021910504437983036, -0.03211389109492302, 0.0006437622359953821, 0.014120819047093391, 0.013243108056485653, 0.013243108056485653, -0.011707114055752754, 0.005579272750765085, -0.0006691738963127136, -0.005175912752747536, 0.018638448789715767, -0.009454753249883652, -0.005989085882902145, -0.023310968652367592, -0.0058438763953745365, 0.007957481779158115, 0.009409576654434204, 0.016508709639310837, -0.001957101747393608, 0.0073508284986019135, 0.0008873915066942573, 0.007312105968594551, -0.015527738258242607, -0.0004896787577308714, -0.003707683179527521, -0.015695536509156227, -0.005472785793244839, -0.02445973828434944, 0.004133631009608507, 0.0353923998773098, -0.0042562526650726795, -0.014288617298007011, -0.024537183344364166, -0.01888369210064411, 0.02265268564224243, 0.006295639555901289, 0.014856548048555851, -0.0011753904400393367, -0.0006054430268704891, -0.030100321397185326, -0.00233787321485579, -0.011442510411143303, -0.0029638877604156733, 0.002799317007884383, -0.01181682851165533, 0.012830068357288837, -0.024782424792647362, 0.014236986637115479, 0.0028219050727784634, 0.01587624102830887, -0.014249894767999649, 0.00626982469111681, 0.17595522105693817, 0.008305984549224377, -0.0012842975556850433, 0.029145164415240288, -0.025324540212750435, -0.014869455248117447, -0.009377308189868927, 0.020226072520017624, -0.0013794904807582498, 0.03361116349697113, -0.0018151190597563982, -0.016444170847535133, -0.023840175941586494, 0.011984625831246376, -0.007744507864117622, 0.013462536036968231, -0.034824471920728683, 0.007176577113568783, -0.031210366636514664, 0.0364508181810379, 0.032346226274967194, -0.013862669467926025, -0.0019232194172218442, -0.004030371084809303, 0.029945431277155876, 0.014120819047093391, 0.02265268564224243, 0.020587483420968056, 0.026008639484643936, 0.014004651457071304, 0.0033753146417438984, -0.019619420170783997, 0.0055082812905311584, -0.013901391997933388, -0.036166850477457047, -0.005634129513055086, 0.015979500487446785, -0.021413564682006836, 0.0002099487610394135, 0.007712238933891058, -0.004298201762139797, -0.009945238940417767, -0.00603103544563055, -0.015050160698592663, -0.01221696101129055, -0.014533859677612782, -0.041588008403778076, 0.0104163633659482, -0.022885020822286606, -0.001415792852640152, -0.03890324383974075, -0.006899065803736448, 0.007873582653701305, 0.010616429150104523, 0.02674436755478382, 0.004995207767933607, 0.006527974735945463, -0.015579367987811565, 0.0031591139268130064, -0.0038593464996665716, -0.007473450154066086, 0.004382100887596607, -0.04096844792366028, 0.01998083107173443, -0.02178788185119629, -0.00975808035582304, -0.017915628850460052, 0.01884496957063675, -0.0033075502142310143, 0.012559010647237301, -0.028603048995137215, -0.002394343726336956, -0.027260668575763702, -0.0038593464996665716, -0.01055834535509348, -0.0037657669745385647, 0.02510511316359043, 0.000834148027934134, 0.014133727177977562, 0.01822540909051895, -0.03082314133644104, -0.01403046678751707, -0.005621221847832203, 0.033043231815099716, -0.003914203494787216, -0.007892943918704987, 0.02492440864443779, -0.002931618830189109, -0.01026147324591875, -0.015540645457804203, 0.0033301382791250944, 0.0018506146734580398, -0.01048735436052084, 0.0012052390957251191, -0.00385289266705513, -0.00757671007886529, -0.010035591199994087, 0.024214494973421097, -0.0005187206552363932, 0.015966594219207764, -0.0330948643386364, 0.0652603879570961, 0.025608506053686142, -0.02065202035009861, -0.010584160685539246, 0.0009002990555018187, -0.016805581748485565, 0.019606512039899826, 0.009293409064412117, -0.0005005694692954421, -0.02147810161113739, -0.020045368000864983, -0.01734769716858864, -0.027312297374010086, -0.0017667158972471952, -0.011532862670719624, -0.010455085895955563, -0.03330138325691223, 0.014469321817159653, -0.0468800887465477, -0.02391762100160122, -0.008557680994272232, 0.015398663468658924, 0.011287620291113853, -0.01756712608039379, -0.012907513417303562, -0.01901276595890522, 0.005563138052821159, 0.02393052913248539, -0.04644123092293739, -0.0007232240750454366, -0.00853186659514904, -0.022252552211284637, -0.011197268031537533, -0.01000332273542881, 0.013798131607472897, 0.01097138598561287, -0.02953238971531391, -0.004982300102710724, 0.0040497323498129845, 0.010119490325450897, -0.030590806156396866, 0.01449513714760542, 0.008615764789283276, 0.0031397526618093252, 0.006085892673581839, -0.008557680994272232, 0.0012375077931210399, -0.005304988007992506, 0.0047790068201720715, -0.01107464637607336, -0.025802118703722954, 0.0004412755952216685, -0.01801888830959797, -0.004178807605057955, -0.02493731491267681, 0.004072320181876421, -0.04693171754479408, 0.008938453160226345, -0.002458881353959441, -0.024214494973421097, 0.014637120068073273, 0.021749159321188927, -0.006511840503662825, 0.0010882647475227714, 0.0055082812905311584, -0.1608792394399643, 0.03066825121641159, 0.03559892252087593, 0.000498149311169982, 0.038929060101509094, 0.008164001628756523, -0.0017699426971375942, 0.008331799879670143, -0.023078633472323418, 0.02146519348025322, 0.017644571140408516, -0.02522128075361252, -0.009048166684806347, 0.0031220046803355217, -0.015230865217745304, -0.0055082812905311584, -0.0019022447522729635, 0.017502587288618088, 0.02128448896110058, 0.012074978090822697, 0.0038141701370477676, -0.010371186770498753, -0.002547620330005884, -0.024730795994400978, -0.010835857130587101, -0.005240450147539377, -0.030281025916337967, -0.00017899090016726404, -0.004485360812395811, -0.011332796886563301, -0.022046033293008804, 0.0020442274399101734, 0.02313026413321495, -0.01269453950226307, -0.003781901439651847, -0.023878898471593857, -0.020613297820091248, -0.014637120068073273, -0.03849020600318909, 0.03833531215786934, 0.012520288117229939, 0.0073443748988211155, -0.02199440263211727, -0.007654155138880014, -0.0007212072960101068, 0.019438715651631355, 0.03299160301685333, 0.000719190516974777, 0.00618592556566, -0.02391762100160122, -0.009996868669986725, -0.02216220088303089, -0.0021281263325363398, 0.004637023899704218, -0.01048735436052084, -0.01368196401745081, -0.03232041373848915, 0.031726665794849396, 0.005776111967861652, -0.00910625047981739, -0.0013302805600687861, -0.007834860123693943, 0.03152014687657356, -0.00401746341958642, -0.007241114974021912, -0.02100052312016487, 0.0035657004918903112, 0.014327339828014374, -0.009061073884367943, -0.01706373319029808, 0.013953021727502346, -0.02325933799147606, 0.007325013633817434, -0.036967117339372635, 0.005050064530223608, 0.014482229948043823, -0.0026508804876357317, 0.01197817176580429, 0.022420350462198257, -0.01574716530740261, 0.008396337740123272, 0.039935845881700516, -0.019580697640776634, -0.006595739163458347, -0.007447635289281607, 0.027415558695793152, 0.01772201620042324, 0.012823614291846752, -0.03263019397854805, 0.008925545029342175, 0.025324540212750435, -0.024653350934386253, -0.02325933799147606, -0.010590614750981331, 0.0042627062648534775, 0.0244339220225811, 0.007202392444014549, -0.015992408618330956, -0.0039819679223001, 0.00450149504467845, 0.01212660875171423, -0.01658615469932556, -0.04641541838645935, 0.008228539489209652, 0.013862669467926025, 0.025982823222875595, -0.021607177332043648, 0.006834528408944607, 0.029274240136146545, -0.00018756229837890714, 0.012926874682307243, 0.005324349272996187, 0.024369385093450546, 0.016650691628456116, 0.010326010175049305, 0.0014456415083259344, -0.005269492045044899, -0.013243108056485653, -0.021542638540267944, -0.007712238933891058, 0.016198929399251938, 0.013488351367413998, -0.004330470692366362, 0.004453091882169247, -0.005898733623325825, -0.006840982008725405, -0.10212424397468567, -0.03146851807832718, 0.016018223017454147, 0.02310444787144661, 0.017786553129553795, -0.019077304750680923, -0.012139515951275826, 0.03017776645720005, -0.003228491637855768, 0.008499597199261189, 0.004307882394641638, -0.02571176551282406, 0.005940682720392942, -0.007602525409311056, 0.02751881815493107, -0.006957149598747492, 0.013346368446946144, 0.0017521949484944344, -0.007525080349296331, 0.012881698086857796, -0.0004687040636781603, -0.03536658734083176, -0.0137852244079113, -0.006647369358688593, -0.009286955930292606, -0.0034850286319851875, -0.02378854714334011, -0.000663930200971663, 0.007531533949077129, 0.0034624403342604637, -0.017980165779590607, -0.00023515876091551036, 0.015992408618330956, 0.01834157668054104, -0.014366062358021736, -0.020897263661026955, -0.011145637370646, -0.037276897579431534, 0.023014096543192863, -0.00383030460216105, -0.007596071343868971, 0.005834195762872696, 0.012074978090822697, -0.010319557040929794, 0.01525668054819107, -0.018483558669686317, -0.018419021740555763, 0.01866426318883896, 0.007079770788550377, -0.027286482974886894, -0.0009680634830147028, -0.0208327267318964, 0.008157548494637012, -0.02689925767481327, 0.012262137606739998, -0.02341422811150551, 0.007828406989574432, 0.025298725813627243, -0.010442177765071392, -0.0017683292971923947, 0.0226010549813509, 0.015605183318257332, 0.00837697647511959, 0.013514166697859764, 0.018638448789715767, -0.007899397984147072, -0.011455417610704899, -0.00026057043578475714, 0.019141841679811478, -0.04933251440525055, 0.010997201316058636, 0.00030393159249797463, -0.02360784076154232, -0.009887155145406723, -0.024356476962566376, -0.008815831504762173, -0.03510843589901924, -0.02067783661186695, -0.02311735600233078, -0.013539981096982956, -0.002278176136314869, -0.01515342015773058, 0.02966146543622017, -0.013133394531905651, 0.027286482974886894, 0.023194801062345505, -0.013823946937918663, -0.015192142687737942, 0.034850284457206726, -0.04383391514420509, 0.0032494664192199707, 0.020742373540997505, 0.0241241417825222, 0.00794457457959652, -0.022588148713111877, 0.02116832137107849, 0.0023588479962199926, -0.018780430778861046, -0.03454050421714783, 0.021039245650172234, -0.03913557901978493, -0.0019425806822255254, -0.05508926510810852, 0.016147298738360405, 0.014740380458533764, -0.022678500041365623, 0.0028590140864253044, 0.009770987555384636, 0.01335927564650774, -0.0068216207437217236, 0.011500594206154346, 0.008060742169618607, -0.02393052913248539, 0.016134390607476234, -0.0036947757471352816, -0.016508709639310837, -0.012668724171817303, 0.009286955930292606, 0.00667963782325387, -0.007034594658762217, 0.010758412070572376, -0.008260807953774929, -0.02886119857430458, -0.0024895365349948406, 0.0022265459410846233, -0.004569259472191334, -0.02953238971531391, 0.01804470270872116, -0.02904190495610237, 0.011726475320756435, -0.028422344475984573, -0.009093343280255795, 0.018302854150533676, -0.008170455694198608, -0.014391876757144928, 0.007195938378572464, -0.02821582369506359, -0.04267223924398422, -0.01734769716858864, 0.030074505135416985, 0.028448158875107765, -0.02932586893439293, 0.011255351826548576, -0.02806093357503414, 0.0042562526650726795, -0.03131362795829773, 0.004485360812395811, -0.005905187223106623, -0.0257375817745924, 0.0019361269660294056, 0.014301524497568607, 0.006731268018484116, 0.005611541215330362, 0.01821250095963478, 0.0019361269660294056, -0.004330470692366362, -0.012236322276294231, -0.008144640363752842, -0.01525668054819107, -0.012733262032270432, -0.0017328336834907532, -0.03890324383974075, 0.042052678763866425, 0.007312105968594551, 0.02244616486132145, -0.004927443340420723, 0.020135721191763878, 0.006337589118629694, -0.014172449707984924, 0.014921084977686405, 0.005214635282754898, -0.01591496355831623, -3.675615880638361e-05, 0.01326892338693142, 0.004162672907114029, 0.015385755337774754, -0.020213166251778603, -0.001506952103227377, -0.006582831498235464, 0.014133727177977562, -0.012920420616865158, 0.02576339617371559, 0.02917097881436348, -0.01164903026074171, -0.022510703653097153, 0.033353015780448914, 0.0275704488158226, 0.008854554034769535, -0.007783230394124985, 0.011668391525745392, 0.0005683339550159872, -0.011416695080697536, -0.004340151324868202, 0.014921084977686405, 0.0020522945560514927, 0.01590205542743206, 0.030616620555520058, 0.0120620708912611, -0.018238315358757973, -0.012462204322218895, 0.014417692087590694, 0.013694871217012405, -0.007867129519581795, -0.0028557872865349054, -0.009900062344968319, -0.011623215861618519, -0.03655407577753067, 0.009796802885830402, -0.005359844770282507, -0.012597733177244663, -0.036166850477457047, 0.02362074889242649, -0.005727708805352449, 0.011894273571670055, 0.012178238481283188, -0.0020248661749064922, 0.004507949110120535, 0.00770578533411026, -0.008415699005126953, 0.012804253026843071, -0.00724756857380271, 0.01640544831752777, -0.010132397525012493, 0.0003950909012928605, -0.0032155842054635286, 0.00803492683917284, 0.0063956729136407375, 0.030616620555520058, -0.007744507864117622, -0.013307645916938782, -0.003223651321604848, -0.029609834775328636, 0.025376170873641968, 0.003284962149336934, -0.0189998596906662, -0.0034398522693663836, -0.008499597199261189, -0.003691548714414239, -0.01000332273542881, 0.0010221137199550867, -0.008925545029342175, 0.05493437498807907, 0.04915181174874306, 0.002675082068890333, -0.011113368906080723, -0.004159445874392986, 0.016328003257513046, 0.0038593464996665716, -0.008970721624791622, 0.02444683015346527, -0.031029662117362022, 0.026266789063811302, 0.006398899480700493, -0.013049495406448841, -0.03017776645720005, -0.02177497372031212, -0.0053275758400559425, -0.006218194495886564, 0.02395634353160858, 0.008880369365215302, 0.00504361093044281, 0.006815167143940926, -0.02213638462126255, 0.04455673694610596, 0.024666257202625275, -0.022562332451343536, -0.018961137160658836, 0.005553457420319319, 0.001900631352327764, -0.007286291103810072, -0.022394536063075066, -0.01098429411649704, 0.0031558868940919638, -0.008383429609239101, 0.00025512505089864135, 0.035185880959033966, 0.0066086468286812305, -0.02999706007540226, -0.020045368000864983, 0.01689593493938446, 0.017773644998669624, 0.016624877229332924, 0.003041332820430398, -0.022097662091255188, -0.026770181953907013, -0.033533718436956406, 0.02904190495610237, -0.017618754878640175, -0.021026339381933212, -0.018393205478787422], 'ai_metadata': {'tags': ['construction', 'document'], 'document_type': 'unknown', 'topics': ['Fire Rating Requirements for Steel Structures'], 'supplier_mentions': [], 'categories': ['general'], 'summary': '```json\n{\n    "tags": [\n        "AS 1530.4",\n        "BCA",\n        "fire resistance",\n        "steel structures"\n    ],\n    "document_type": "specification",\n    "topics": [\n        "fire rating requ'}, 'created_timestamp': '2025-08-10T01:57:49.387000', 'status': 'active', 'reference_count': 0, 'helpful_votes': 0, 'view_count': 0}, 'similarity_score': 0.8704149614193435}], 'total_results': 48}
❌ FAIL Knowledge Search (HVAC System Sizing)
   Details: Missing required fields in response
   Response: {'query': 'HVAC system sizing', 'community_results': [], 'personal_results': [{'type': 'personal_document', 'document': {'_id': '689afee8d2f76a65144ba744', 'document_id': 'af288c46-fdc3-47c4-bf23-ba634f3df438', 'user_id': 'demo_user_auto_token', 'filename': 'fire_safety_test.txt', 'original_size': 270, 'content_type': 'text/plain', 'file_hash': '5189fca3e817d140dd19e57d4e70a89171ab5e36b4f17e51f8b492849f6f6f7a', 'extracted_text': '\n        Fire Safety Requirements for High-Rise Buildings in Australia\n        \n        Key Standards:\n        - AS 1851: Maintenance of fire protection systems\n        - AS 2118: Automatic fire sprinkler systems\n        - NCC Volume One: Fire safety provisions\n        ', 'embedding': [-0.005112096667289734, 0.001992238452658057, -0.008514681831002235, -0.02964029833674431, 0.021526694297790527, 0.016687462106347084, 0.0029472634196281433, -0.012900236994028091, -0.013649791479110718, -0.01495165005326271, -0.01245313324034214, 0.002173052169382572, -0.005615087691694498, 0.018160272389650345, 0.011782479472458363, 0.00632847985252738, 0.026273876428604126, -0.01088169775903225, 0.004122552461922169, -0.010381994768977165, -0.015306702814996243, 0.02512981928884983, -0.009297112002968788, -0.0015336290234699845, 0.0016758143901824951, 0.007830877788364887, 0.0005313457804732025, -0.03837195783853531, 0.010875122621655464, -0.006657232064753771, 0.01952788047492504, -0.007653351407498121, 0.0036491495557129383, -0.013965393416583538, -0.010309669189155102, -0.00808072928339243, -0.027720386162400246, -0.016043107956647873, 0.025813622400164604, -0.00883028469979763, 0.021908046677708626, -0.003948314115405083, 0.010289943777024746, -0.004868820309638977, -0.00710762245580554, 0.015333002433180809, 0.02034318633377552, -0.0024146849755197763, -0.02777298539876938, 0.0075744506902992725, -0.01070417184382677, 1.942976814461872e-05, -0.030981607735157013, -0.024196162819862366, -0.011276200413703918, -0.007041872013360262, -0.02140834368765354, 0.012630660086870193, -0.0050233337096869946, -0.03700434789061546, -0.006121366284787655, 0.00850810669362545, -0.04620940983295441, 0.025879373773932457, 0.02155299484729767, -0.015017400495707989, -0.012735860422253609, 0.0007774989935569465, -0.03795115277171135, -0.02782558649778366, 0.04144907742738724, 0.026234425604343414, 0.009185336530208588, -0.012361083179712296, 0.016726912930607796, -0.0008424275438301265, 0.008587007410824299, 0.003938451409339905, -0.014820149168372154, -0.023183604702353477, 0.0008473588386550546, -0.01597735658288002, 0.004845807328820229, 0.025655822828412056, 0.013662941753864288, 0.025024617090821266, -0.0033466974273324013, 0.011440576985478401, 0.0263527762144804, -0.005536186974495649, 0.008961785584688187, 0.0062167043797671795, 0.01326843909919262, 0.009941467083990574, 0.0005235378630459309, 0.007120772730559111, 0.0020333323627710342, 0.01846272312104702, 0.0076599265448749065, -0.02572157233953476, 0.0033286160323768854, -0.017358116805553436, -0.022710202261805534, 0.0031527336686849594, 0.004214603453874588, -0.001990594668313861, 0.02864089235663414, 0.0043691168539226055, -0.005670975428074598, -0.011105249635875225, -0.016345560550689697, 0.02072453871369362, -0.004171865526586771, -0.03979216516017914, 0.03316452354192734, -0.029377296566963196, 0.009520663879811764, 0.004020639695227146, -0.010138718411326408, -0.017055664211511612, 0.006144378799945116, 0.01600365713238716, 0.01784466952085495, 0.021697646006941795, 0.007396924775093794, 0.0031494460999965668, -0.012492584064602852, -0.01783151924610138, -0.02036948688328266, -0.025563770905137062, 0.0014119907282292843, -0.01264380943030119, 0.020093334838747978, -0.00596685241907835, -0.021631894633173943, 0.01951473020017147, -0.008245104923844337, 0.013952243141829967, -0.04920763149857521, -0.02987699955701828, -0.0027401496190577745, 0.024577515199780464, -0.03258591890335083, 0.012223007157444954, 0.016095707193017006, -0.007383774500340223, 0.00029176758835092187, 0.002534679602831602, -0.0027598747983574867, -0.0029949326999485493, -0.011789053678512573, -0.009086711332201958, -0.01826547272503376, 0.00182786223012954, -0.009159036912024021, 0.01822602190077305, -0.019869783893227577, -0.002588923554867506, -0.011572077870368958, -0.03739885240793228, 0.013491990976035595, -0.005463861860334873, 0.01890982687473297, -0.003889138577505946, -0.0023916722275316715, -0.004490755032747984, -0.002626730129122734, -0.013051462359726429, -0.006897221319377422, 0.005398111417889595, 0.015306702814996243, 0.006976121570914984, -0.026392227038741112, 0.006463268306106329, 0.02674727886915207, 0.02658947929739952, 0.009974341839551926, 0.008310855366289616, 0.004766907077282667, -0.0031395836267620325, -0.004457879811525345, 0.017910420894622803, 0.03547893837094307, 0.028325289487838745, -0.03340122476220131, -0.009126161225140095, 0.019356930628418922, 0.029140595346689224, -0.004132415167987347, -0.010829097591340542, -0.005296198185533285, 0.01161810290068388, -0.0045860931277275085, -0.029140595346689224, -0.619842529296875, -0.021434644237160683, -0.0022733216173946857, -0.029508797451853752, -0.007817727513611317, 0.022499801591038704, 0.03440063074231148, 0.01309091318398714, -0.0008942059939727187, 0.005559199955314398, -0.004043652210384607, 0.023775359615683556, -0.009205061942338943, 0.0037938004825264215, -0.012867361307144165, -0.008705358020961285, -0.01766056939959526, -0.02181599661707878, 0.026234425604343414, 0.01574065536260605, -0.013051462359726429, 0.033111922442913055, -0.02653687819838524, -0.026457978412508965, 0.0008654401754029095, -0.005749876145273447, -0.009329987689852715, -0.036609847098588943, 0.002510023070499301, 0.016687462106347084, -0.03852975741028786, 0.015714354813098907, 0.026471126824617386, 0.009606139734387398, 0.034321729093790054, -0.025024617090821266, -0.019251728430390358, 0.02676042914390564, 0.04528890550136566, 0.02363070845603943, -0.010914573445916176, 0.00012728874571621418, 0.023617558181285858, 0.004283641465008259, 0.014491396956145763, 0.007048447150737047, 0.05233735218644142, -0.010809372179210186, 0.028956493362784386, -0.029429897665977478, 0.009836265817284584, 0.007390349637717009, -0.006246292032301426, -0.0030228765681385994, 0.013505140319466591, -0.015096301212906837, 0.027509985491633415, 0.015845855697989464, -0.014583447948098183, 0.004918132908642292, -0.015319853089749813, 0.0035242235753685236, -0.004086390137672424, -0.021894896402955055, -0.027089182287454605, 0.02135574258863926, 0.012538609094917774, 0.01743701659142971, 0.010368844494223595, -0.028325289487838745, -0.01152605190873146, 0.018396973609924316, -0.007436374668031931, -0.005184422247111797, 0.0063909427262842655, 0.01662171073257923, 0.01746331714093685, -0.00513182207942009, 0.009001235477626324, 0.012065205723047256, 0.0070550222881138325, 0.001173645374365151, -0.017581667751073837, -0.012841060757637024, 0.010769922286272049, -0.01760796830058098, -0.014491396956145763, -0.01389964297413826, 0.020027583464980125, 0.009836265817284584, 0.033296022564172745, 0.0018295060144737363, 0.0009821471758186817, -0.007982103154063225, -0.006035890430212021, 0.011341950856149197, -0.013925943523645401, -0.007936078123748302, 0.0009024247992783785, -0.010217618197202682, -0.008922334760427475, -0.0035570987965911627, -0.04789262264966965, -0.011171000078320503, 0.0032595780212432146, -0.01399169396609068, 0.005355373490601778, 0.011690428480505943, 0.037346251308918, -0.0028930194675922394, 0.012610934674739838, -0.01766056939959526, -0.02531391941010952, -0.011230175383388996, 0.011624678038060665, -0.03461103141307831, 0.015530253760516644, 0.007114197593182325, 0.01683211326599121, 0.015017400495707989, 0.009277387522161007, -0.010756772011518478, 0.04444729909300804, -0.018673125654459, 0.010454320348799229, 0.04087047278881073, 0.006466555874794722, -0.014557147398591042, 0.008823709562420845, -0.013544591143727303, -0.00027532997773960233, -0.004589380696415901, 0.03505813702940941, -0.004300078842788935, 0.016700612381100655, -0.013794442638754845, -0.015661755576729774, -0.013209263794124126, 0.02327565662562847, -0.026208125054836273, -0.029324697330594063, -0.01989608258008957, 0.011019773781299591, -0.017331816256046295, -0.038082655519247055, -0.004803069867193699, -0.01203890610486269, 0.023827960714697838, -0.023972610011696815, 0.018804626539349556, -0.029166895896196365, -0.012702985666692257, -0.02493256703019142, 0.016043107956647873, -0.021066442131996155, 0.00349792349152267, 0.016753211617469788, -0.009066985920071602, 0.004247478675097227, -0.005335648078471422, 0.011512902565300465, 0.004280353896319866, -0.04294818639755249, 0.0005872336332686245, 0.001990594668313861, 0.008153054863214493, 0.027089182287454605, 0.0035899740178138018, -0.002362084574997425, -0.04257998615503311, 0.0027779561933130026, -0.019646231085062027, 0.0024902978911995888, 0.018015621230006218, 0.003210265189409256, 0.011348525993525982, -0.016911013051867485, -0.003701749723404646, 0.0035044983960688114, -0.007738826796412468, 0.008199079893529415, 0.007094472646713257, -0.023170456290245056, 0.009047260507941246, 0.003109995974227786, 0.010973748750984669, 0.030350403860211372, -0.011190725490450859, -0.011499752290546894, 0.021289993077516556, -0.022131597623229027, 0.008231955580413342, 0.018002470955252647, 0.020408937707543373, -0.013860193081200123, 0.012959412299096584, 0.024143561720848083, -0.015306702814996243, -0.0018393686041235924, 0.018304923549294472, 0.014806998893618584, -0.03461103141307831, 0.03300672024488449, -0.00016273233632091433, 0.030666004866361618, 0.012157256714999676, 0.010303094051778316, -0.006469843443483114, 0.04094937443733215, -0.006644082255661488, 0.003981189336627722, -0.015477653592824936, -0.007850602269172668, -0.018094521015882492, 0.009113010950386524, 0.007955803535878658, -0.007068172562867403, 0.02491941675543785, -0.017778920009732246, 0.0009369438048452139, 0.007811152376234531, -0.005970139987766743, 0.02428821288049221, 0.016687462106347084, -0.023486057296395302, 0.005440848879516125, 0.03158651292324066, 0.024538064375519753, 0.001850874861702323, 0.009908591397106647, -0.04147537797689438, -0.011907405219972134, 0.016148308292031288, -0.0061739664524793625, 0.03074490651488304, 0.005177847109735012, 0.02866719290614128, -0.029771799221634865, -0.0033088908530771732, 0.01203890610486269, 0.04455249756574631, 0.011828504502773285, 0.015319853089749813, -0.00850810669362545, 0.028956493362784386, 0.00477019464597106, 0.022473501041531563, 0.029535098001360893, 0.007817727513611317, 0.017923571169376373, 0.016740063205361366, 0.002260171342641115, -0.005016758572310209, 0.02302580513060093, 0.015175201930105686, 0.00222565233707428, 0.014346745796501637, 0.010493770241737366, 0.02073768898844719, 0.01318953838199377, 0.008994660340249538, -0.01850217394530773, 0.030981607735157013, 0.0002428656880510971, 0.002728643361479044, 0.004076527431607246, -0.0010848823003470898, -0.011335375718772411, 0.01745016686618328, -0.032033614814281464, -0.022881153970956802, 0.0018574499990791082, 0.009862566366791725, -0.010191318579018116, 0.029824400320649147, 0.013104062527418137, 0.00021101781749166548, 0.029798099771142006, 0.003701749723404646, 0.011078949086368084, -0.01026364415884018, -0.01637185923755169, 0.01720031537115574, 0.01183507964015007, -0.00010663899593055248, -0.004168577957898378, -0.010105842724442482, -0.00023423595121130347, -0.022381450980901718, 0.04331639036536217, 0.0011358389165252447, 0.00024656415916979313, -0.014833299443125725, -0.002607004949823022, 0.014057444408535957, -0.003001507604494691, 0.017147714272141457, -0.03589973971247673, -0.010717322118580341, 0.003790512913838029, -0.0058287763968110085, -0.04279038682579994, 0.0015352728078141809, -0.005799188744276762, 0.03653094545006752, -0.0036951748188585043, 0.0005128534394316375, 0.004467742517590523, -0.00891575962305069, 0.009395738132297993, 0.0009763940470293164, -0.005365236196666956, 0.005121959373354912, 0.027246983721852303, 0.017923571169376373, -0.01658226177096367, -0.005299485754221678, -0.026431677863001823, 0.034979235380887985, -0.034137628972530365, 0.002580704865977168, 0.017897270619869232, -0.002069495152682066, 0.008277980610728264, 0.052784454077482224, 0.008462081663310528, 0.01933063007891178, 0.02761518582701683, -0.006857770960777998, -0.0257478728890419, -0.008797409012913704, -0.0165691114962101, 0.013459115289151669, 0.006200266536325216, -0.009658739902079105, 0.00943518802523613, -0.01721346564590931, 0.009251086972653866, 0.00871193315833807, 0.0011958361137658358, 0.008304281160235405, -0.022381450980901718, 0.0008321540080942214, -0.011499752290546894, -2.070111622742843e-05, 0.030613405629992485, 0.03032410331070423, 0.04394759610295296, 0.013505140319466591, -0.03092900663614273, 0.01788412034511566, -0.005220585037022829, 0.005638100206851959, -0.009987492114305496, -0.01026364415884018, 0.03755665197968483, 0.011131549254059792, 0.02840419113636017, 0.007883477956056595, 0.02535337023437023, 0.015635455027222633, 0.013518290594220161, 0.032375518232584, -0.0005588787607848644, 0.05286335572600365, -0.0024524915497750044, 0.019448980689048767, -0.02964029833674431, 0.033506423234939575, -0.0005255925934761763, -0.017397567629814148, 0.039923667907714844, -0.03211251646280289, 0.0007836630684323609, 0.026431677863001823, -0.015280402265489101, -0.010441170074045658, -0.014741248451173306, -0.003675449639558792, -0.013110637664794922, -0.004444730002433062, -0.012624084949493408, 0.010428019799292088, -0.04357939213514328, -0.012834486551582813, -0.01888352632522583, -0.004474317654967308, 0.005404686089605093, -0.01121044997125864, -0.009172186255455017, -0.029745498672127724, 0.0029357571620494127, -0.021723946556448936, 0.02200009673833847, 0.021487243473529816, -0.03158651292324066, -0.020264286547899246, 0.014912200160324574, 0.04739291965961456, 0.011124975048005581, 0.016976764425635338, -0.0026102925185114145, -0.017344966530799866, 0.00798867829144001, 0.008764534257352352, -0.03150761127471924, -0.023959461599588394, -0.01764741912484169, 0.004033789504319429, -0.001164604676887393, 0.0025116668548434973, -0.0074824001640081406, -0.019409529864788055, 0.03266482055187225, 0.01890982687473297, -0.016279809176921844, 0.018567925319075584, 0.007239123340696096, 0.023920010775327682, -0.0026283739134669304, -0.00040436521521769464, 0.022697051987051964, 0.0021829146426171064, -0.012393957935273647, -0.0055624875240027905, 0.0045532179065048695, -0.024406563490629196, -0.02572157233953476, 0.02679987996816635, -0.022065848112106323, 0.01864682510495186, 0.01823917217552662, -0.01948843151330948, -0.013031737878918648, -0.004786632023751736, -0.014583447948098183, 0.00710762245580554, 0.01683211326599121, -0.014504547230899334, 0.012564909644424915, -0.0014769192785024643, 0.0069629717618227005, 0.00024430398480035365, -0.01680581271648407, 0.010940873064100742, -0.02285485342144966, 0.018962427973747253, 0.012019180692732334, -0.034742534160614014, 0.007870327681303024, 0.0034321730490773916, -0.019343780353665352, -0.016674311831593513, 0.0005062784184701741, 0.008974934928119183, 0.013649791479110718, 0.030771207064390182, -0.03340122476220131, -0.03006110154092312, 0.005799188744276762, -0.021079590544104576, -0.009066985920071602, -0.014701798558235168, -0.019593631848692894, -0.021881746128201485, -0.00617067888379097, 0.013373639434576035, 0.017726318910717964, -0.023196754977107048, -0.016963614150881767, 0.004474317654967308, 0.018002470955252647, -0.0013881562044844031, 0.013432814739644527, -0.007936078123748302, -0.008126754313707352, -0.02990330010652542, -0.008560707792639732, -0.01933063007891178, -0.020895490422844887, 0.01463604811578989, -0.02782558649778366, 0.020185384899377823, 0.01141427643597126, 0.020014435052871704, -0.006394230294972658, 0.011841654777526855, 0.013235563412308693, 0.013156663626432419, 0.0069629717618227005, -0.02591882459819317, -0.0005592897068709135, -0.03529483824968338, 0.018765175715088844, 0.03813525661826134, 0.012722710147500038, -0.010250493884086609, -0.01781836897134781, 0.022578701376914978, 0.002018538536503911, -0.006502718664705753, 0.004063377156853676, -0.01890982687473297, -0.019462130963802338, -0.006446830928325653, 0.013860193081200123, 0.02034318633377552, 0.01462289784103632, -0.025248169898986816, -0.004835945088416338, 0.029114294797182083, -0.015109451487660408, -0.010342543944716454, -0.0047734822146594524, -0.0013182963011786342, -0.026720980182290077, 0.015859005972743034, -0.0042343284003436565, 0.03942396491765976, -0.01764741912484169, 0.0015903387684375048, -0.023288806900382042, -0.0016536236507818103, 0.016463911160826683, 0.011407701298594475, 0.011867954395711422, 0.02034318633377552, -0.00965216476470232, -0.004651843570172787, 0.007462675217539072, -0.0034255979117006063, -0.0010133787291124463, 0.016437610611319542, -0.016976764425635338, 0.007607325911521912, -0.032059915363788605, -0.0042343284003436565, -0.01067787129431963, 0.028693491593003273, -0.0010405007051303983, 0.013228989206254482, 0.047813721001148224, -0.01788412034511566, 0.01910707727074623, 0.016253508627414703, -0.005667687859386206, 0.020027583464980125, 0.016963614150881767, 0.007219398394227028, 0.011243325658142567, -0.007995253428816795, -0.017555367201566696, 0.004339529201388359, -0.002975207520648837, -0.0009689971338957548, 0.020895490422844887, 0.007488975301384926, -0.025997724384069443, -0.010165018029510975, -0.0012582991039380431, 0.0301137026399374, -0.007212823256850243, -0.039082061499357224, 0.035584140568971634, 0.025668973103165627, 0.015425053425133228, -0.0054013985209167, 0.010165018029510975, -0.014991100877523422, -0.00839633122086525, 0.012019180692732334, 0.005138396751135588, 0.0006936671561561525, -0.013768142089247704, -0.020290585234761238, 0.016306109726428986, -0.02013278566300869, 0.025458570569753647, 0.026471126824617386, -0.0016897863242775202, 0.017305515706539154, 0.007212823256850243, 0.013005437329411507, -0.00628574239090085, 0.007732251659035683, 0.025050917640328407, 0.003448610659688711, -0.016279809176921844, 0.015714354813098907, 0.0013634997885674238, -0.020619338378310204, -0.009468063712120056, 0.017792070284485817, 0.0259714238345623, -0.029850700870156288, -0.035189636051654816, 0.02493256703019142, -0.006075340788811445, 0.006413955707103014, 0.000890918483491987, -0.01245313324034214, 0.004559793043881655, -0.003991051577031612, -0.017081964761018753, -0.013978543691337109, 0.006864346098154783, -0.02819378860294819, -0.014202095568180084, -0.0002897128870245069, -0.023183604702353477, 0.02511666901409626, 0.007581025827676058, -0.006877496372908354, -0.02369645982980728, -0.029719199985265732, 0.006150953937321901, -0.041817281395196915, -0.0014078812673687935, -0.007028722204267979, 0.01742386631667614, 0.007344324141740799, 0.037241049110889435, -0.031192008405923843, -0.0011251544347032905, -0.020080184563994408, 0.02323620580136776, -0.011295925825834274, 0.008573857136070728, -0.009579839184880257, -0.0048984079621732235, 0.029535098001360893, 0.00731144892051816, -0.026024024933576584, -0.02035633660852909, 0.004865532740950584, 0.016897862777113914, -0.009382587857544422, 0.008692208677530289, 0.022263098508119583, 0.008225380443036556, -0.006344917695969343, -0.02491941675543785, 0.0006838045665062964, 0.045367803424596786, 0.005286335479468107, 0.02135574258863926, 0.04836602509021759, -0.027352184057235718, 0.02512981928884983, -0.0057367258705198765, -0.004714306443929672, -0.02098754048347473, -0.03792485594749451, -0.006683532148599625, 0.010861973278224468, -0.007291723974049091, -0.03795115277171135, -0.03429542854428291, -0.020027583464980125, 0.011151274666190147, 0.0068380460143089294, 0.027115482836961746, 0.008120179176330566, -0.00932341255247593, 0.02222364954650402, 0.027878187596797943, 0.005963564850389957, 0.004743894096463919, -0.028535692021250725, 0.004467742517590523, -0.002631661482155323, 0.00934971310198307, -0.037267349660396576, -0.008126754313707352, 0.013662941753864288, 0.03671504557132721, 0.007719101849943399, -0.015293552540242672, 0.006160816177725792, 0.019541030749678612, -0.05928059667348862, 0.003925301134586334, -0.0486290268599987, 0.019251728430390358, 0.0051153842359781265, 0.03592604026198387, 0.011756178922951221, 0.0027171368710696697, 0.0062167043797671795, -0.0066177817061543465, -0.010309669189155102, -0.00394502654671669, 0.014478246681392193, -0.010526645928621292, 0.00881713442504406, -0.03458473086357117, -0.048471223562955856, -0.006811745930463076, 0.023749059066176414, -0.00018461490981280804, -0.010105842724442482, 0.009277387522161007, -0.011440576985478401, 0.00471101887524128, -0.008744808845221996, 0.00456636818125844, 0.0049904584884643555, 0.0053849611431360245, -0.01007296796888113, -0.0486290268599987, -0.007949228398501873, 0.017134565860033035, 0.01368924230337143, 0.020211685448884964, -0.0167926624417305, 0.021447794511914253, 0.015425053425133228, 0.0006123009952716529, -0.0012813117355108261, -0.0027401496190577745, 0.004267203621566296, -0.005490161944180727, 0.02098754048347473, 0.001480206847190857, 0.01336706429719925, 0.008573857136070728, 0.0011350170243531466, 0.013123787939548492, -0.01868627592921257, 0.014254695735871792, -0.028798693791031837, -0.010605545714497566, 0.012157256714999676, -0.004125840030610561, -0.00012276839697733521, -0.0005025799619033933, -0.007304873783141375, 0.011046074330806732, -0.0082056550309062, -0.009592989459633827, -0.03169171139597893, -0.005118671804666519, 0.030166301876306534, -0.011453727260231972, -0.00596685241907835, -0.014096894301474094, -0.013965393416583538, -0.021723946556448936, 0.011736453510820866, -0.01184822991490364, -0.0005942196003161371, -0.015517104417085648, 0.023315105587244034, 0.017397567629814148, -0.01721346564590931, -0.006499431096017361, -0.0021829146426171064, 0.018133971840143204, -0.012334782630205154, 0.005365236196666956, 0.17968280613422394, 0.012058630585670471, 0.02030373550951481, 0.03069230541586876, -0.0344795323908329, 0.015425053425133228, 0.01338021457195282, 0.012617509812116623, -0.01908077858388424, 0.0074495249427855015, -0.02487996779382229, 0.005569062195718288, -0.022868003696203232, 0.01683211326599121, 0.007278573699295521, -0.004247478675097227, -0.04631461203098297, -0.013419665396213531, -0.02674727886915207, 0.02118479274213314, 0.00018430670024827123, -0.011348525993525982, 0.011493177153170109, -0.011775904335081577, 0.011749603785574436, 0.0025494734290987253, 0.022920602932572365, 0.017963020130991936, 0.030455604195594788, 0.012209856882691383, -0.004388841800391674, -0.014806998893618584, -0.007738826796412468, 0.00746924988925457, -0.0158064067363739, -0.005500024184584618, 0.01908077858388424, -0.01968568190932274, 0.016937313601374626, -0.016858413815498352, -0.003882563440129161, -0.017147714272141457, 0.015885306522250175, -0.02493256703019142, 0.0038727009668946266, -0.0025823486503213644, -0.026392227038741112, 0.016661161556839943, -0.03566303849220276, 0.009882290847599506, -0.05459916591644287, -0.004885257687419653, 0.015096301212906837, 0.013459115289151669, 0.01638500951230526, 0.000466417201096192, 0.021092740818858147, 0.0005790148279629648, -0.006877496372908354, 0.007035297341644764, -0.007535000331699848, 0.023643858730793, -0.03355902433395386, 0.018738875165581703, -0.014044294133782387, 0.0009542032494209707, -0.0328226201236248, -0.0019084064988419414, -0.016503360122442245, 0.00648628082126379, -0.01472809910774231, -0.00023813988082110882, -0.03897686302661896, 0.011769329197704792, -0.0165691114962101, -0.017160864546895027, 0.011986305005848408, -0.0002035181678365916, -0.008172780275344849, 0.026221275329589844, -0.01462289784103632, -0.008850009180605412, 0.009099860675632954, 0.024432864040136337, 0.002621798776090145, -0.011999455280601978, 0.03261221945285797, -0.018791476264595985, -0.027851887047290802, -0.0033729977440088987, -0.005894526839256287, -0.009645589627325535, -0.023801660165190697, 0.00871193315833807, 0.0026924805715680122, -0.017476467415690422, 0.009283962659537792, 0.0027401496190577745, -0.016082558780908585, 0.001944569288752973, -0.022657601162791252, 0.05828119069337845, 0.01865997537970543, -0.008771108463406563, -0.02428821288049221, -0.020290585234761238, -0.005240309983491898, 0.031034208834171295, 0.028509391471743584, -0.019974984228610992, -0.013873343355953693, -0.026457978412508965, -0.01702936366200447, -0.01400484424084425, -0.008324005641043186, 0.00290452572517097, -0.009106435813009739, -0.022315699607133865, 0.007456100080162287, -0.0448681004345417, -0.01990923285484314, -0.02096123993396759, 0.01620090939104557, 0.016766361892223358, -0.018922977149486542, -0.012676685117185116, -0.018396973609924316, -0.01202575583010912, -0.00019663490820676088, -0.049891434609889984, 0.02570842206478119, -0.004444730002433062, 0.00606876565143466, -0.0033154659904539585, -0.001972513273358345, -0.016516510397195816, 0.00694982148706913, -0.029850700870156288, 0.021316293627023697, -0.0014547285391017795, -0.009849416092038155, 0.0027072743978351355, 0.01741071604192257, 0.0005925758741796017, 0.01574065536260605, 0.008679058402776718, 0.01286078616976738, -0.002166477032005787, -0.007784852292388678, 0.0015607511159032583, -0.021421493962407112, -0.005542762111872435, -0.003708324860781431, -0.03716214746236801, 0.027720386162400246, -0.01826547272503376, 0.015517104417085648, -0.04707731679081917, 0.009185336530208588, 0.024972017854452133, -0.038503456860780716, 0.023380856961011887, 0.018199721351265907, -0.019028177484869957, -0.014793849550187588, 0.009205061942338943, -0.16495470702648163, 0.015438203699886799, 0.0539153628051281, -0.02490626648068428, 0.018594224005937576, -0.01890982687473297, -0.0002802612434606999, 0.010651571676135063, -0.017700018361210823, -0.00883028469979763, 0.03150761127471924, -0.03547893837094307, 0.0029850699938833714, -0.009803391061723232, -0.014346745796501637, -0.010316244326531887, 0.0034190230071544647, 0.013531440868973732, 0.006716407369822264, 0.012696410529315472, 0.006916946265846491, -0.01421524491161108, -0.0047636195085942745, -0.014767549000680447, -0.010697596706449986, -0.024367112666368484, -0.034742534160614014, 0.002927538473159075, 0.0002860144304577261, 0.00452034268528223, 0.00440856721252203, 0.009994067251682281, 0.044762901961803436, -0.013952243141829967, -0.016253508627414703, -0.006982696708291769, -0.003016301430761814, -0.013104062527418137, -0.018094521015882492, 0.039765868335962296, 0.036031242460012436, 0.02114534191787243, 0.02345975674688816, -0.019199129194021225, -0.005960277281701565, 0.014596598222851753, 0.023985760286450386, -0.013768142089247704, 0.015582854859530926, -0.02055358700454235, 0.0031790337525308132, -0.030587105080485344, -0.002110589062795043, 0.004569655749946833, 0.01122360024601221, -0.018817776814103127, -0.017515918239951134, 0.009494363330304623, 0.01783151924610138, 0.000872015196364373, 0.03221771493554115, -0.01037541963160038, -0.001392265548929572, -0.013662941753864288, -0.002309484174475074, -0.038713861256837845, 0.0030656142625957727, 0.002863431815057993, -0.029719199985265732, 0.006233141757547855, 0.005013471003621817, -0.037661854177713394, 0.02056673727929592, -0.04689321294426918, 0.0020349761471152306, 4.846526644541882e-05, -0.02306525409221649, -0.0015812980709597468, 0.014977950602769852, 0.011585228145122528, -0.004178440663963556, 0.045551907271146774, 0.0037280500400811434, -0.02098754048347473, 0.0165691114962101, 0.006177254021167755, -0.009494363330304623, -0.00017547149036545306, -0.01183507964015007, 0.013505140319466591, 0.03298041969537735, -0.029508797451853752, -0.016871564090251923, -0.019988134503364563, 0.0034781983122229576, 0.023078404366970062, -0.005246885120868683, 0.004734031856060028, 0.018318073824048042, -0.010769922286272049, 0.022486651316285133, -0.007738826796412468, -0.054073162376880646, -0.011966580525040627, 0.01388649269938469, 0.010520070791244507, -0.03408502787351608, 0.009034110233187675, 0.011789053678512573, -0.011789053678512573, -0.004875394981354475, 0.023578107357025146, 0.04376349225640297, 0.015911607071757317, -0.008034704253077507, 0.010789647698402405, -0.02302580513060093, -0.028167488053441048, -0.015148901380598545, -0.0003760103427339345, 0.007535000331699848, 0.006982696708291769, -0.0055953627452254295, -0.009553538635373116, 0.012170406989753246, -0.017331816256046295, -0.06932726502418518, -0.03958176448941231, 0.03442693129181862, 0.023315105587244034, 0.0038595509249716997, -0.009928316809237003, -0.010750196874141693, 0.018304923549294472, -0.00264481152407825, -0.0012287113349884748, 0.018147122114896774, -0.020198535174131393, 0.015701204538345337, -0.013084338046610355, 0.029535098001360893, 0.006552031263709068, 0.0028979505877941847, -0.024012060835957527, 0.0041915904730558395, 0.0034321730490773916, 0.010638421401381493, -0.008014978840947151, -0.005539474543184042, -0.007646776270121336, -0.04415799677371979, 0.02240774966776371, -0.025379670783877373, 0.014754398725926876, 0.005329073406755924, 0.0017292365664616227, -0.019409529864788055, 0.006923521403223276, -0.01545135397464037, -0.00881713442504406, -0.02322305552661419, 0.0011900829849764705, -0.014031143859028816, -0.005960277281701565, 0.027457384392619133, -0.020803440362215042, 0.0047307442873716354, 0.02182914689183235, 0.028746092692017555, -0.01359719131141901, 0.0031297209206968546, -0.01599050685763359, -0.007798002101480961, -0.008751383982598782, -0.009757365100085735, -0.027115482836961746, 0.007811152376234531, -0.020001284778118134, 0.013386789709329605, -0.013847042806446552, -0.0029949326999485493, -0.019383229315280914, 0.0017012926982715726, 0.008350306190550327, -0.012301907874643803, 0.008856584317982197, 0.006811745930463076, 0.009027536027133465, 0.0038858510088175535, 0.04557820409536362, 0.037872254848480225, 0.013965393416583538, -0.012439983896911144, -0.023959461599588394, 0.023604407906532288, -0.032244015485048294, -0.007922927848994732, 0.01788412034511566, -0.029009094461798668, -0.0010931011056527495, -0.019054478034377098, -0.0007692801882512867, -0.011374826543033123, -0.029377296566963196, -0.019580481573939323, -0.019212279468774796, -0.038266755640506744, -0.013741842471063137, 0.026234425604343414, -0.011289350688457489, 0.008757959119975567, 0.026602627709507942, 0.02119794301688671, -0.02217104844748974, 0.019185978919267654, -0.008442356251180172, -0.00022683902352582663, 0.0011465232819318771, 0.030823806300759315, 0.012893661856651306, 0.013531440868973732, 0.007679651491343975, -0.01741071604192257, -0.005105521529912949, -0.0398973673582077, 0.017384417355060577, -0.030955307185649872, -0.0006295604980550706, -0.08058374375104904, 0.023551808670163155, -0.00316423992626369, 0.0060819159261882305, 0.006275879684835672, -0.02653687819838524, 0.009362862445414066, 0.007068172562867403, -0.0063514928333461285, 0.026694679632782936, -0.018528474494814873, 0.022065848112106323, -0.0019051190465688705, -0.013794442638754845, -0.016345560550689697, 0.011335375718772411, 0.001504041370935738, 0.028772393241524696, -0.008271405473351479, 0.0034650482703000307, -0.026431677863001823, -0.002751655876636505, 0.0022108585108071566, 0.002510023070499301, -0.007022147066891193, 0.015083150938153267, -0.002695768140256405, 0.0021599018946290016, -0.003777362871915102, 0.001151454634964466, 0.02180284634232521, -0.008468656800687313, -0.0014456878416240215, 0.011440576985478401, -0.003708324860781431, -0.03916096314787865, -0.027536284178495407, 0.025800473988056183, 0.017160864546895027, -0.012091506272554398, -0.012183556333184242, -0.01972513273358345, -0.02779928594827652, -0.011184150353074074, 0.021947497501969337, -0.009553538635373116, -0.02595827355980873, 0.03274371847510338, 0.027010280638933182, -1.4935109902580734e-05, 0.028772393241524696, 0.012223007157444954, -0.005453999154269695, -0.014872749336063862, -0.010605545714497566, -0.0076599265448749065, -0.00316423992626369, -0.03048190474510193, 0.0010914573213085532, -0.04557820409536362, 0.033743128180503845, -0.004635406192392111, 0.03029780276119709, 0.007535000331699848, 0.031218308955430984, 0.0011818641796708107, -0.022868003696203232, 0.02368330955505371, 0.008547557517886162, -0.0004413498390931636, -0.02637907676398754, -0.03608384355902672, -0.005486874375492334, 0.037845954298973083, -0.0030376703944057226, 0.011105249635875225, 0.0027598747983574867, 0.031218308955430984, -0.02117164246737957, 0.01433359645307064, 0.035163335502147675, 0.0006377793033607304, -0.02031688578426838, 0.030166301876306534, 0.017358116805553436, -0.02264445275068283, -0.025576921179890633, 0.009514088742434978, 0.003964751493185759, 0.014596598222851753, -0.02030373550951481, 0.029719199985265732, -0.0021418207325041294, 0.0095601137727499, 0.028325289487838745, 0.02716808207333088, 0.007620476186275482, -0.023170456290245056, -0.001341309049166739, -0.011960005387663841, 0.005128534510731697, -0.01746331714093685, -0.015819557011127472, -0.016542810946702957, -0.02118479274213314, 0.010395145043730736, -0.013833892531692982, 0.006325192283838987, -0.03111310862004757, 0.0028141189832240343, 0.028509391471743584, 0.0038727009668946266, 0.03008740209043026, 0.007692801766097546, -0.002263458911329508, -0.017305515706539154, -0.018817776814103127, 0.0058222017250955105, -0.023183604702353477, 0.03150761127471924, -0.009283962659537792, -0.004319803789258003, 0.011420851573348045, 0.004954295698553324, 0.016674311831593513, 0.012689835391938686, 0.006877496372908354, -0.013143513351678848, -0.007535000331699848, -0.042027682065963745, 0.01805507205426693, -0.006930096540600061, -0.02140834368765354, -0.031034208834171295, -0.019448980689048767, -0.026024024933576584, -0.017765769734978676, 0.019633080810308456, 0.00270069926045835, 0.08021553605794907, 0.03987106680870056, -0.03111310862004757, 0.009389162994921207, -0.004477605223655701, 0.010848823003470898, 0.0009468063362874091, -0.011900830082595348, -0.009237936697900295, -0.02175024524331093, 0.017910420894622803, 0.012499159201979637, -0.013518290594220161, -0.03182321414351463, -0.007587600965052843, -0.021842297166585922, -0.020080184563994408, 0.011828504502773285, 0.0119337048381567, -0.0030130138620734215, 0.01718716509640217, 0.0019232004415243864, 0.02903539501130581, 0.0076270513236522675, -0.019856633618474007, -0.008554132655262947, 0.04313229024410248, 0.007778277155011892, -0.02465641498565674, -0.007922927848994732, -0.015083150938153267, 0.02347290702164173, -0.03232291713356972, -0.022894304245710373, 0.023643858730793, 0.015937907621264458, 0.015898456797003746, 0.0072719985619187355, 0.021960647776722908, -0.01746331714093685, 0.014267846010625362, 0.026655228808522224, -0.0024492039810866117, -0.028903894126415253, -0.04150167852640152, 0.012683260254561901, -0.04342159256339073, -0.009685039520263672, -0.016937313601374626], 'ai_metadata': {'tags': ['construction', 'document'], 'document_type': 'unknown', 'topics': ['fire_safety_test.txt'], 'supplier_mentions': [], 'categories': ['general'], 'summary': '```json\n{\n  "tags": [\n    "AS 1851",\n    "AS 2118",\n    "NCC Volume One"\n  ],\n  "document_type": "specification",\n  "topics": [\n    "Fire safety",\n    "High-rise buildings",\n    "Fire protection syste'}, 'tags': ['["fire safety"', ' "test"]'], 'knowledge_bank_type': 'personal', 'upload_timestamp': '2025-08-12T08:44:24.276000', 'status': 'active', 'view_count': 0, 'reference_count': 13, 'storage_path': 'personal_knowledge_bank/demo_user_auto_token/af288c46-fdc3-47c4-bf23-ba634f3df438/fire_safety_test.txt', 'file_data': 'CiAgICAgICAgRmlyZSBTYWZldHkgUmVxdWlyZW1lbnRzIGZvciBIaWdoLVJpc2UgQnVpbGRpbmdzIGluIEF1c3RyYWxpYQogICAgICAgIAogICAgICAgIEtleSBTdGFuZGFyZHM6CiAgICAgICAgLSBBUyAxODUxOiBNYWludGVuYW5jZSBvZiBmaXJlIHByb3RlY3Rpb24gc3lzdGVtcwogICAgICAgIC0gQVMgMjExODogQXV0b21hdGljIGZpcmUgc3ByaW5rbGVyIHN5c3RlbXMKICAgICAgICAtIE5DQyBWb2x1bWUgT25lOiBGaXJlIHNhZmV0eSBwcm92aXNpb25zCiAgICAgICAg'}, 'similarity_score': 0.7310285629255416, 'source': 'Personal Knowledge Bank', 'privacy': 'Private to your account'}, {'type': 'personal_document', 'document': {'_id': '689afe01d2f76a65144ba72e', 'document_id': '35cbfdfc-6978-475a-80d0-f4584a0bf26f', 'user_id': 'demo_user_auto_token', 'filename': 'fire_safety_requirements.txt', 'original_size': 806, 'content_type': 'text/plain', 'file_hash': 'ecab604f6951f10e1dd5b69c39561aecddb8c09e8f24dfc1b8265c13292c7175', 'extracted_text': '\n        Fire Safety Requirements for High-Rise Buildings in Australia\n        \n        This document outlines the key fire safety requirements for high-rise buildings \n        in accordance with Australian Standards and the National Construction Code (NCC).\n        \n        Key Standards:\n        - AS 1851: Maintenance of fire protection systems\n        - AS 2118: Automatic fire sprinkler systems\n        - AS 3786: Smoke alarms using scattered light\n        - NCC Volume One: Fire safety provisions\n        \n        Requirements:\n        1. Fire resistance levels (FRL) for structural elements\n        2. Egress provisions and travel distances\n        3. Smoke hazard management systems\n        4. Fire sprinkler system installation\n        5. Emergency warning and intercommunication systems\n        ', 'embedding': [-0.006996841635555029, 0.014086182229220867, -0.01497152354568243, -0.030841603875160217, 0.02925591729581356, 0.006735864095389843, -0.0029335201252251863, -0.0214992668479681, -0.014297607354819775, -0.0056754364632070065, -0.01912073604762554, -0.004228497389703989, -0.011152662336826324, 0.02406279370188713, 0.0049750916659832, 0.009025199338793755, 0.0306566059589386, -0.01263924315571785, -0.004955270327627659, -0.008423959836363792, -0.010082323104143143, 0.02145962417125702, -0.010287141427397728, -0.0006421204307116568, 0.0003363389696460217, 0.012586386874318123, 0.0023124595172703266, -0.034620821475982666, 0.009963396936655045, -0.009381978772580624, 0.018948953598737717, -0.011800150386989117, 0.007010055705904961, -0.01742933876812458, -0.0103532113134861, -0.012652456760406494, -0.02843664586544037, -0.01395404152572155, 0.016980059444904327, -0.007670758757740259, 0.023415304720401764, -0.008807167410850525, 0.0022843796759843826, 0.0008452865295112133, 0.008483422920107841, 0.006772202905267477, 0.024142077192664146, -0.00951411947607994, -0.018169324845075607, 0.005635794252157211, -0.004565455950796604, -0.007578260265290737, -0.029335200786590576, -0.0251595601439476, -0.017508622258901596, -0.0005128704942762852, -0.015870079398155212, 0.014641172252595425, -0.0017756385495886207, -0.024485642090439796, -0.0051171425729990005, 0.012553351931273937, -0.047359172254800797, 0.026613105088472366, 0.022979240864515305, -0.016689350828528404, -0.013372623361647129, 0.002016795100644231, -0.02511991746723652, -0.03588937222957611, 0.034832246601581573, 0.02859521470963955, 0.010108751244843006, -0.0084636015817523, 0.023758869618177414, 0.005014733877032995, 0.011172482743859291, -0.010848738253116608, -0.015975791960954666, -0.024538498371839523, 0.0018384053837507963, -0.006626848131418228, 0.0019028238020837307, 0.027353093028068542, 0.011086591519415379, 0.030868031084537506, -0.0010472137946635485, 0.02036285772919655, 0.014852597378194332, -0.007710400968790054, -4.255854582879692e-05, 0.006831665989011526, 0.007730221841484308, 0.011575511656701565, 0.002416520146653056, -0.0032737820874899626, -0.0025982134975492954, 0.012811025604605675, 0.006174266804009676, -0.0320308692753315, 0.006957199890166521, -0.0067094359546899796, -0.02825164794921875, 0.005972752813249826, 0.0054144589230418205, -0.0062039983458817005, 0.023957081139087677, 0.00657729571685195, -0.004581973422318697, -0.008219141513109207, -0.011238553561270237, 0.01642506942152977, -0.007756649982184172, -0.03221586346626282, 0.03319370374083519, -0.025912761688232422, 0.017416123300790787, -0.001430421369150281, -0.000340881320880726, -0.022609246894717216, 0.004172337707132101, 0.0068911295384168625, 0.01351797766983509, 0.01639864221215248, 0.0063856919296085835, 0.006844880059361458, -0.007076126057654619, -0.015751153230667114, -0.013326373882591724, -0.0261902566999197, -0.012368354946374893, -0.016292929649353027, 0.022001400589942932, -0.0144693898037076, -0.0225299634039402, 0.014363677240908146, -0.009877505712211132, 0.013861543498933315, -0.04122785106301308, -0.02031000144779682, 0.006963806692510843, 0.026824530214071274, -0.0400385856628418, 0.006431940943002701, 0.016570424661040306, -0.0020465266425162554, -0.001762424479238689, 0.008959128521382809, -0.0004670342314057052, -0.001211563590914011, -0.007968074642121792, -0.01770683377981186, -0.015526513569056988, 0.015883293002843857, -0.014139038510620594, 0.02299245446920395, -0.02809307910501957, 0.005222855135798454, -0.014205108396708965, -0.034462254494428635, 0.011522655375301838, -0.0030293220188468695, 0.011159269139170647, 0.009315907955169678, 0.002134069800376892, -0.0025949098635464907, 0.0011248463997617364, -0.022886741906404495, -0.011337658390402794, 0.009586796164512634, 0.015539728105068207, 0.014654386788606644, -0.02646775171160698, 0.00913751870393753, 0.018763957545161247, 0.020481783896684647, 0.013650118373334408, 0.013491549529135227, 0.006547564174979925, -0.006943985819816589, -0.002953341230750084, 0.016543995589017868, 0.04083142802119255, 0.023639943450689316, -0.03536080941557884, -0.0108090965077281, 0.028172364458441734, 0.02390422485768795, -0.009315907955169678, -0.013194233179092407, -0.006038822699338198, 0.011139447800815105, -0.00395100237801671, -0.02859521470963955, -0.604252278804779, -0.020534640178084373, -0.009983218275010586, -0.028515929356217384, -0.01379547268152237, 0.018922526389360428, 0.035651519894599915, 0.013445300050079823, -0.004218586720526218, 0.008377710357308388, -0.003282040823251009, 0.022133540362119675, -0.004684382118284702, 0.003706542309373617, -0.01695363223552704, -0.012189965695142746, -0.020072149112820625, -0.025040633976459503, 0.025172773748636246, 0.016821490600705147, -0.0071752313524484634, 0.03129088133573532, -0.0331672765314579, -0.02722095139324665, 0.008034145459532738, -0.0018780474783852696, -0.010458923876285553, -0.038188617676496506, -0.0027501750737428665, 0.012553351931273937, -0.04114856570959091, 0.018724314868450165, 0.02628275379538536, 0.011694437824189663, 0.027802370488643646, -0.015196162275969982, -0.017693618312478065, 0.028727354481816292, 0.05206337571144104, 0.014324035495519638, -0.006600419990718365, -0.005212944466620684, 0.01976822502911091, 0.0002694428258109838, 0.013108341954648495, 0.0017013094620779157, 0.04590562358498573, -0.006322924979031086, 0.0393514558672905, -0.02612418495118618, -0.006207302212715149, 0.008833595551550388, -0.015936149284243584, 0.0013470076955854893, 0.008701454848051071, -0.01651756837964058, 0.033642981201410294, 0.013716188259422779, -0.013471728190779686, 0.008767524734139442, -0.010445710271596909, 0.008404138498008251, -0.006752382032573223, -0.024736709892749786, -0.02822522073984146, 0.01497152354568243, 0.008608956821262836, 0.023190665990114212, 0.012170144356787205, -0.02502741850912571, -0.012024789117276669, 0.02578062005341053, -0.009045020677149296, -0.0012726786080747843, 0.01971536874771118, 0.021261414512991905, 0.01651756837964058, -0.010928022675216198, 0.0033993155229836702, 0.02399672381579876, 0.0050015198066830635, 0.000450516672572121, -0.01921323500573635, -0.012407996691763401, 0.0020300091709941626, -0.020878206938505173, -0.016980059444904327, -0.015381159260869026, 0.015249018557369709, 0.010696777142584324, 0.027432376518845558, -0.007875576615333557, 0.0019160378724336624, -0.009084662422537804, 0.0025337948463857174, 0.010901594534516335, -0.011846399866044521, -0.003014456247910857, -0.008965736255049706, -0.01470724307000637, -0.011958719231188297, -0.001561736105941236, -0.03710506483912468, -0.011872828006744385, 0.011126234196126461, -0.018407177180051804, 0.007584867067635059, 0.019556799903512, 0.03451510891318321, -0.01015500072389841, 0.009388585574924946, -0.018446819856762886, -0.026705604046583176, -0.007432905491441488, 0.00409966055303812, -0.036338649690151215, 0.026771673932671547, 0.0017739868490025401, 0.018327893689274788, 0.005490439478307962, 0.01686113327741623, 0.00025519641349092126, 0.0443727932870388, -0.02431385964155197, 0.011932291090488434, 0.035810086876153946, 0.010908202268183231, -0.017587905749678612, 0.0015196162275969982, -0.01102712843567133, 0.0018697887426242232, 0.001299932599067688, 0.039906445890665054, -0.007082733325660229, 0.01030696276575327, -0.01592293567955494, -0.004423404578119516, -0.013207447715103626, 0.024763138964772224, -0.033431556075811386, -0.027432376518845558, -0.023983508348464966, 0.016121147200465202, -0.01162176113575697, -0.03662936016917229, -0.005318657029420137, -0.0048759859055280685, 0.023045310750603676, -0.02340209111571312, 0.01827503740787506, -0.0296259094029665, -0.021750332787632942, -0.023666370660066605, 0.010465530678629875, -0.021327484399080276, 0.0065013146959245205, 0.014218322932720184, -0.012777990661561489, -0.004532420542091131, -0.009461263194680214, 0.010709990747272968, 0.0046447403728961945, -0.03739577531814575, 0.007987895980477333, -0.0007585693383589387, -0.0007841715705581009, 0.020257145166397095, 0.0036768107675015926, 0.005530081689357758, -0.04167712852358818, -0.012698706239461899, -0.01540758740156889, -0.002547008916735649, 0.017971113324165344, 5.252070332062431e-05, 0.01403332594782114, -0.012791204266250134, -0.00824556965380907, 0.005018037278205156, -0.014839382842183113, 0.007736829109489918, 0.009111090563237667, -0.0129828080534935, -0.0005306268576532602, -0.007043091114610434, 0.012401389889419079, 0.03414511680603027, -0.01839396357536316, -0.020719638094305992, 0.015011166222393513, -0.023666370660066605, 0.011654796078801155, 0.012361748144030571, 0.02640167996287346, -0.005936414003372192, 0.0038353793788701296, 0.0207064226269722, -0.017046131193637848, -0.00657068844884634, 0.02477635256946087, 0.01937180384993553, -0.029810907319188118, 0.02994304709136486, -0.00018014472152572125, 0.031766586005687714, 0.014905453659594059, 0.013835115358233452, -0.002991331508383155, 0.0400385856628418, -0.007426298689097166, 0.006692918483167887, -0.004281353671103716, -0.009659473784267902, -0.010776061564683914, -0.003977430518716574, 0.008826988749206066, -0.003881628392264247, 0.026229897513985634, -0.02271495945751667, -0.006930771749466658, 0.008780739270150661, 0.006805237848311663, 0.03263871371746063, 0.023692799732089043, -0.02941448614001274, 0.002639507409185171, 0.02136712521314621, 0.023111380636692047, 0.005500350147485733, 0.002016795100644231, -0.03816219046711922, -0.0068911295384168625, 0.015975791960954666, -0.006544260308146477, 0.027049168944358826, 0.01576436683535576, 0.025146346539258957, -0.035836514085531235, 0.002295942045748234, 0.00862217042595148, 0.04405565932393074, 0.022516747936606407, 0.018592175096273422, -0.0027039258275181055, 0.03351084142923355, 0.001836753566749394, 0.013650118373334408, 0.024393144994974136, 0.013075307011604309, 0.01686113327741623, 0.018380749970674515, 0.0035744018387049437, -0.004357334692031145, 0.028859494253993034, 0.014416533522307873, 0.010254106484353542, 0.014799741096794605, 0.014403318986296654, 0.018684672191739082, 0.01045231707394123, 0.0131545914337039, -0.0121238948777318, 0.0327179990708828, 0.006600419990718365, 0.001635239226743579, 0.004839647561311722, -0.00627997936680913, -0.012441032566130161, 0.01596257835626602, -0.028885923326015472, -0.018922526389360428, 0.0052856216207146645, 0.012546745128929615, -0.012249428778886795, 0.022662103176116943, 0.020812135189771652, 0.0025949098635464907, 0.020798921585083008, 0.011258373968303204, 0.016477925702929497, -0.012097466737031937, -0.014337249100208282, 0.02230532467365265, 0.014152252115309238, -0.007968074642121792, -0.00563249085098505, -0.007472547702491283, 0.0022331750951707363, -0.014482603408396244, 0.04379137605428696, -0.0004127327410969883, -0.0011628367938101292, -0.007472547702491283, -0.004320995882153511, 0.016530781984329224, 0.0067788101732730865, 0.010961058549582958, -0.03544009476900101, -0.013544405810534954, 0.009329122491180897, 0.002378529869019985, -0.04286639392375946, -0.0010942888911813498, -0.006322924979031086, 0.04233783110976219, -0.014297607354819775, 0.004899110645055771, -0.0013816945720463991, -0.007347014266997576, 0.01199836190789938, -0.009837863966822624, -0.0016649708850309253, 0.008985556662082672, 0.019200021401047707, 0.019636085256934166, -0.019186807796359062, -6.178602779982612e-05, -0.030075188726186752, 0.030048759654164314, -0.03697292506694794, -0.0009381978888995945, 0.013081913813948631, -0.010716598480939865, 0.001805370207875967, 0.04984341189265251, 0.01548687182366848, 0.014839382842183113, 0.024538498371839523, -0.0010480396449565887, -0.029678765684366226, -0.0041624270379543304, -0.011978540569543839, 0.015381159260869026, 0.006038822699338198, -0.001211563590914011, 0.004509296268224716, -0.01626650057733059, 0.0065938131883740425, 0.010359819047152996, -0.002243085764348507, 0.010121965780854225, -0.0207064226269722, -0.005761327687650919, -0.011628367938101292, 0.007373442407697439, 0.0235606599599123, 0.023111380636692047, 0.044822074472904205, 0.017376482486724854, -0.031423021107912064, 0.01733683981001377, -0.0075452253222465515, 0.0019490730483084917, -0.01043249573558569, -0.004192158579826355, 0.03501724451780319, 0.022014614194631577, 0.028991635888814926, 0.011932291090488434, 0.017667191103100777, 0.012447639368474483, -0.002649417845532298, 0.017720047384500504, -0.00193585897795856, 0.051799092441797256, -0.0014609788777306676, 0.012619421817362309, -0.023362448439002037, 0.0404878631234169, 0.0014618047280237079, -0.01556615624576807, 0.03403940424323082, -0.03282371163368225, -0.001214867108501494, 0.031238025054335594, -0.017310410737991333, -0.008846809156239033, -0.009454656392335892, -0.003974126651883125, -0.019252877682447433, -0.0037362738512456417, -0.0073602283373475075, 0.026362039148807526, -0.04260211065411568, -0.015249018557369709, -0.021010346710681915, 0.003211015136912465, -0.0030574018601328135, -0.009130911901593208, -0.007492369040846825, -0.025516338646411896, 0.007736829109489918, -0.026005258783698082, 0.02237139455974102, 0.019503943622112274, -0.03792433813214302, -0.023388875648379326, 0.01793147251009941, 0.04318353161215782, 0.0050808037631213665, 0.009005378000438213, 0.0052294619381427765, -0.003660293063148856, 0.0036801141686737537, 0.006560778245329857, -0.03229514881968498, -0.02093106135725975, -0.021974973380565643, 0.006458369083702564, -0.003571098204702139, 0.001006745733320713, -0.014271179214119911, -0.01583043672144413, 0.030894460156559944, 0.008569314144551754, -0.015843652188777924, 0.0158965066075325, 0.004304478410631418, 0.023534230887889862, 0.006547564174979925, -0.008265390992164612, 0.014839382842183113, 0.00981143582612276, -0.019530372694134712, -0.006253551226109266, -0.004773577209562063, -0.02189568802714348, -0.020442143082618713, 0.0233360193669796, -0.027960939332842827, 0.014694028533995152, 0.028172364458441734, -0.01301584392786026, -0.008371103554964066, 0.007076126057654619, -0.01923966407775879, 0.005662222392857075, 0.0064088162034749985, -0.01880360022187233, 0.024102434515953064, 8.981427527032793e-05, 0.009970003738999367, 0.0007911915308795869, -0.01809004135429859, 0.018248608335852623, -0.030683035030961037, 0.023943867534399033, 0.021221771836280823, -0.03694649785757065, 0.01170104555785656, -0.0012792856432497501, -0.015011166222393513, -0.012031396850943565, -0.004023679532110691, 0.01889609731733799, 0.019847510382533073, 0.028727354481816292, -0.03747505694627762, -0.022358180955052376, 0.01190586294978857, -0.02603168785572052, -0.006451762281358242, -0.022133540362119675, -0.016966845840215683, -0.027273807674646378, -0.0038056476041674614, 0.007393263280391693, 0.018948953598737717, -0.022952811792492867, -0.020323215052485466, 0.0030970440711826086, 0.015909722074866295, -0.008053965866565704, 0.01481295470148325, -0.007122375536710024, -0.00943483505398035, -0.0279080830514431, -0.010776061564683914, -0.021142486482858658, -0.019345376640558243, 0.020627139136195183, -0.02909734845161438, 0.016689350828528404, 0.011872828006744385, 0.01642506942152977, -0.003960913047194481, 0.016068290919065475, 0.011139447800815105, 0.007611295208334923, 0.008873237296938896, -0.03459439426660538, -0.005447493866086006, -0.041624270379543304, 0.014429747126996517, 0.03744862973690033, 0.013821900822222233, -0.008483422920107841, -0.019662512466311455, 0.01733683981001377, 0.008965736255049706, -0.008767524734139442, 0.013101735152304173, -0.015156520530581474, -0.02127462811768055, -0.006309710908681154, 0.017098985612392426, 0.013861543498933315, 0.022728173062205315, -0.02415529079735279, -0.0004067451227456331, 0.027538089081645012, -0.01353119220584631, -0.014271179214119911, -0.0011743990471586585, 0.0021390251349657774, -0.032427288591861725, 0.00847681611776352, -0.003077222965657711, 0.03618008270859718, -0.013557620346546173, 0.007162017747759819, -0.021671049296855927, -0.01708577200770378, 0.01699327491223812, 0.0065574743784964085, 0.017733260989189148, 0.014588315971195698, -0.01777290366590023, -0.007076126057654619, 0.007426298689097166, -0.0001269788044737652, 0.001540263183414936, 0.014442961663007736, -0.0110931983217597, -0.004393673036247492, -0.028542358428239822, 0.005867040250450373, -0.006002484355121851, 0.02459135465323925, 0.0012181706260889769, 0.012302285060286522, 0.049631986767053604, -0.01633257046341896, 0.017350053414702415, 0.015037594363093376, -0.011410336010158062, 0.021393554285168648, 0.013511370867490768, 0.0062898900359869, 0.005804273299872875, -0.011205518618226051, -0.018935739994049072, 0.0016022040508687496, -0.0018466641195118427, -0.00591328926384449, 0.025172773748636246, 0.01156229805201292, -0.02408922091126442, -0.0035843122750520706, -0.0049684843979775906, 0.03850575536489487, -0.0028278075624257326, -0.0386643223464489, 0.03348441421985626, 0.03448868170380592, 0.011813364923000336, -0.010987486690282822, 0.006597116589546204, -0.009078055620193481, -0.012929952703416348, 0.0086353849619627, 0.01000964641571045, 0.004806612152606249, -0.02249032072722912, -0.032902996987104416, 0.026732033118605614, -0.018420392647385597, 0.022609246894717216, 0.030154472216963768, -0.0069505926221609116, 0.02036285772919655, 0.007816113531589508, 0.010141787119209766, -0.008001109585165977, 0.0007263600709848106, 0.02994304709136486, 5.321753997122869e-05, -0.02308495342731476, 0.02609775774180889, 0.000992705812677741, -0.019636085256934166, -0.015936149284243584, 0.02397029474377632, 0.0313437357544899, -0.02703595533967018, -0.03144944831728935, 0.026243112981319427, -0.015037594363093376, 0.014509031549096107, 0.0018598781898617744, -0.01168783102184534, 0.00824556965380907, -0.009897327050566673, -0.01770683377981186, -0.012374961748719215, 0.0112649817019701, -0.024736709892749786, -0.015658654272556305, -0.0022348270285874605, -0.023269949480891228, 0.012394783087074757, 0.006884522270411253, -0.004988305736333132, -0.032057296484708786, -0.03063017874956131, 0.00045340723590925336, -0.033246561884880066, 0.0045555452816188335, -0.004281353671103716, 0.01573793962597847, 0.00533517450094223, 0.03924574330449104, -0.03282371163368225, -0.0013519629137590528, -0.015843652188777924, 0.020732851698994637, -0.01314137689769268, 0.013808687217533588, -0.006996841635555029, -0.011172482743859291, 0.03250657394528389, 0.0015964229824021459, -0.03575723245739937, -0.02223925292491913, -0.00467777531594038, 0.021063202992081642, -0.008311640471220016, -0.006844880059361458, 0.016372213140130043, 0.010987486690282822, -0.0019094308372586966, -0.017389696091413498, 4.371348495624261e-06, 0.04307781904935837, 0.004172337707132101, 0.017905043438076973, 0.04405565932393074, -0.014575102366507053, 0.02843664586544037, -0.005242676008492708, -0.0010571243474259973, -0.01196532603353262, -0.034832246601581573, -0.004357334692031145, 0.012427818030118942, -0.010855345986783504, -0.031423021107912064, -0.02703595533967018, -0.023045310750603676, 0.005569723900407553, 0.0019969739951193333, 0.026044901460409164, 0.006091678980737925, -0.006669794209301472, 0.01761433482170105, 0.023732442408800125, -0.0013412265107035637, 0.011284802109003067, -0.03131730854511261, 0.002462769392877817, -0.008529672399163246, -0.002921957755461335, -0.04307781904935837, -0.013339588418602943, 0.016319356858730316, 0.03287656605243683, 0.014746884815394878, -0.022701745852828026, 0.008741096593439579, 0.014429747126996517, -0.058088984340429306, 0.0006132147391326725, -0.053675487637519836, 0.01871110126376152, 0.0062370337545871735, 0.03652364760637283, 0.012976201251149178, 0.012672278098762035, 0.00957358255982399, 0.0005397115601226687, -0.005566420499235392, -0.011872828006744385, 0.018446819856762886, -0.014429747126996517, 0.008688241243362427, -0.02381172589957714, -0.044504936784505844, -0.0006194087909534574, 0.02646775171160698, -0.0042912643402814865, -0.01439010538160801, 0.02067999541759491, -0.016345785930752754, 0.009837863966822624, -0.0018202359788119793, -0.001487407018430531, 0.01250049564987421, 0.0038023442029953003, -0.009884112514555454, -0.04336852580308914, 0.0014039933448657393, 0.016028648242354393, 0.01670256443321705, 0.021393554285168648, -0.015460443682968616, 0.017231127247214317, 0.008813774213194847, 0.0031812835950404406, -0.003415832994505763, -0.006494707893580198, -0.001543566701002419, -0.004942056257277727, 0.017693618312478065, 0.012738348916172981, 0.011912469752132893, 0.014799741096794605, 0.0023900920059531927, 0.015434015542268753, -0.012705313041806221, 0.011694437824189663, -0.019530372694134712, -0.011000700294971466, 0.012903524562716484, -0.002918654354289174, 0.0017657279968261719, 0.002168756676837802, -0.0014213367830961943, 0.00482643349096179, -0.0034026189241558313, -0.006015698425471783, -0.031211595982313156, -0.002087820554152131, 0.027670230716466904, -0.013346195220947266, -0.006270068697631359, -0.021763548254966736, -0.014337249100208282, -0.026573464274406433, 0.005837308708578348, -0.004178944509476423, 0.003511634888127446, -0.011813364923000336, 0.021446410566568375, 0.013821900822222233, -0.021988186985254288, -0.005163391586393118, 0.003014456247910857, 0.016385426744818687, -0.011251767165958881, 0.005923199933022261, 0.18859098851680756, 0.021512480452656746, 0.019556799903512, 0.036682214587926865, -0.034435827285051346, 0.015751153230667114, 0.005989270284771919, 0.007802898995578289, -0.01805039867758751, 0.018671458587050438, -0.032770853489637375, 0.009646260179579258, -0.03345798701047897, 0.014918667264282703, 0.006151142530143261, -0.006626848131418228, -0.04870700463652611, -0.012705313041806221, -0.03504367172718048, 0.02759094536304474, -0.005520171485841274, -0.011198910884559155, 0.007181838620454073, -0.011522655375301838, 0.01445617526769638, 0.004912324715405703, 0.00824556965380907, 0.019437873736023903, 0.02859521470963955, 0.01024749968200922, -0.0008853416657075286, -0.027696657925844193, -0.003508331486955285, -4.676536627812311e-05, -0.016966845840215683, -0.0030739193316549063, 0.02171069197356701, -0.023891011252999306, 0.0020795618183910847, -0.010855345986783504, -0.009322515688836575, -0.02152569405734539, 0.014495817944407463, -0.024644210934638977, 0.009362157434225082, -0.005067589692771435, -0.02486884966492653, 0.018063612282276154, -0.041439276188611984, -0.002355405129492283, -0.061154644936323166, -0.00969911552965641, 0.017217913642525673, 0.023415304720401764, 0.019266091287136078, 0.00043482499313540757, 0.017165057361125946, -0.002028357470408082, -0.0025849994271993637, 0.004971787799149752, -0.013927613385021687, 0.022767815738916397, -0.03520224243402481, 0.01889609731733799, -0.017587905749678612, 0.0032506573479622602, -0.032612286508083344, 0.002327325288206339, -0.020125005394220352, 0.0032836925238370895, -0.014495817944407463, -0.004218586720526218, -0.03670864179730415, 0.02074606530368328, -0.01335940882563591, -0.014350462704896927, 0.004126088693737984, -0.005110535770654678, -0.001484103500843048, 0.029388057067990303, -0.021737119182944298, -0.015579369850456715, 0.007029877044260502, 0.019860723987221718, 0.006805237848311663, -0.011350872926414013, 0.023045310750603676, -0.014416533522307873, -0.029203061014413834, -0.012104073539376259, -0.008536279201507568, 0.00010633184137986973, -0.01971536874771118, 0.0027898172847926617, 0.006699525751173496, -0.014297607354819775, 0.01152926217764616, 0.0043143886141479015, -0.009084662422537804, 0.010571243241429329, -0.024921705946326256, 0.06649312376976013, 0.02465742640197277, -0.010551422834396362, -0.032902996987104416, -0.022675316780805588, -0.002736961003392935, 0.029652338474988937, 0.020547853782773018, -0.021142486482858658, -0.00991714745759964, -0.02722095139324665, -0.018473248928785324, -0.018010756000876427, -0.007723615039139986, 0.005724988877773285, -0.011549083516001701, -0.024208147078752518, 0.013114948756992817, -0.05312049761414528, -0.02005893550813198, -0.024115649983286858, 0.020138218998908997, 0.013689760118722916, -0.022041043266654015, -0.017191484570503235, -0.019755011424422264, -0.006299800239503384, 0.0012784597929567099, -0.051296960562467575, 0.026983099058270454, -0.006170963402837515, 0.00951411947607994, -0.00018860997806768864, -0.0014931882033124566, -0.017402909696102142, 0.00408974988386035, -0.03559866175055504, 0.012850668281316757, 0.0037032386753708124, -0.010690170340240002, 0.0022282199934124947, 0.01871110126376152, 0.0026824530214071274, 0.012242821045219898, 0.0005203033797442913, 0.004340816754847765, 0.0022728173062205315, -0.020032506436109543, 0.005054375622421503, -0.01674220710992813, -0.019094308838248253, -0.005417762324213982, -0.02946734055876732, 0.025053847581148148, -0.01779933087527752, 0.021578550338745117, -0.04455779120326042, 0.014720456674695015, 0.027617374435067177, -0.042126405984163284, 0.01836753636598587, 0.014522246085107327, -0.0225299634039402, -0.009018592536449432, 0.008291819132864475, -0.16480568051338196, 0.022543177008628845, 0.05119124799966812, -0.02909734845161438, 0.01263924315571785, -0.016200430691242218, -0.0018037183908745646, 0.013597262091934681, -0.02843664586544037, -0.004978395067155361, 0.02612418495118618, -0.034435827285051346, 0.0019936703611165285, -0.012117288075387478, -0.013623690232634544, 0.0009357202216051519, 0.004453136585652828, 0.017627548426389694, 0.004489474929869175, 0.016068290919065475, 0.009897327050566673, -0.021829618141055107, -0.006303104106336832, -0.01548687182366848, -0.021010346710681915, -0.020376071333885193, -0.03298227861523628, -0.005804273299872875, -0.0025106703396886587, 0.004515903070569038, 0.009203588590025902, 0.009309301152825356, 0.04429351165890694, -0.015883293002843857, -0.01196532603353262, -0.009078055620193481, -0.008060573600232601, -0.0038485934492200613, -0.01655721105635166, 0.039219312369823456, 0.03063017874956131, 0.01576436683535576, 0.023573873564600945, -0.015790795907378197, -0.008450387977063656, 0.020045720040798187, 0.022662103176116943, -0.014059754088521004, 0.021419981494545937, -0.009970003738999367, 0.007426298689097166, -0.03158159181475639, -0.005857129581272602, 0.00885341688990593, 0.005454101134091616, -0.02383815497159958, -0.014641172252595425, 0.011020521633327007, 0.02477635256946087, -0.0026312486734241247, 0.02841021679341793, -0.011357479728758335, -0.006012394558638334, -0.009970003738999367, -0.0007131460006348789, -0.04971127212047577, -0.004833040293306112, 0.016160788014531136, -0.025238843634724617, 0.003019411349669099, 0.0022067471873015165, -0.04038215056061745, 0.015024379827082157, -0.03602151200175285, 0.008285212330520153, -0.003182935295626521, -0.022292109206318855, -0.0011810060823336244, 0.015447230078279972, 0.00911769736558199, 0.001427117851562798, 0.03575723245739937, 0.002466073026880622, -0.024327075108885765, 0.014244751073420048, -0.0025800440926104784, -0.01871110126376152, 0.009111090563237667, -0.008575920946896076, 0.013247089460492134, 0.02468385361135006, -0.03229514881968498, 1.6982125089270994e-05, -0.028515929356217384, 0.002048178343102336, 0.02124819904565811, 0.002429734217002988, 0.003673507133498788, 0.013366016559302807, -0.008701454848051071, 0.026005258783698082, -0.007029877044260502, -0.05565759912133217, -0.0158965066075325, 0.011555690318346024, 0.0059198965318500996, -0.0313437357544899, 0.022820672020316124, 0.026679176837205887, -0.017905043438076973, -0.007868969812989235, 0.01949073001742363, 0.03744862973690033, 0.015685083344578743, -0.00766415148973465, 0.00973215140402317, -0.020534640178084373, -0.02593918889760971, -0.015116877853870392, -0.003855200484395027, 0.014363677240908146, 0.007386656478047371, -0.00889966543763876, -0.014231536537408829, 0.009619832038879395, -0.027432376518845558, -0.08631420135498047, -0.03440939635038376, 0.032902996987104416, 0.027485232800245285, -0.007783078122884035, -0.00788218341767788, -0.013887971639633179, 0.024446001276373863, -0.0019672424532473087, 0.011892649345099926, 0.017535049468278885, -0.012771383859217167, 0.014310820959508419, -0.006035519298166037, 0.027775943279266357, 0.007148803677409887, 0.002865798072889447, -0.019226448610424995, 0.0055069574154913425, 0.007307372055947781, 0.005559813231229782, -0.010465530678629875, -0.0026048205327242613, -0.007941646501421928, -0.03335227444767952, 0.017389696091413498, -0.023877795785665512, 0.009983218275010586, 0.0084636015817523, 0.008767524734139442, -0.021723905578255653, 0.0013205795548856258, -0.010558029636740685, -0.00782272033393383, -0.014191894792020321, -0.0007346188649535179, -0.01779933087527752, -0.011892649345099926, 0.03559866175055504, -0.028145935386419296, 0.0057910592295229435, 0.02377208322286606, 0.02239782176911831, -0.015632227063179016, -0.0041987658478319645, -0.011073377914726734, -0.015949362888932228, -0.004773577209562063, -0.0029665553011000156, -0.027326663956046104, 0.014865810982882977, -0.024353502318263054, 0.003059053560718894, -0.013980469666421413, -0.003052446525543928, -0.012315498664975166, 0.0027154881972819567, 0.01320083998143673, -0.00753201125189662, 0.014059754088521004, 0.008972343057394028, 0.006484797224402428, -0.000536820967681706, 0.035122957080602646, 0.034805819392204285, 0.010617492720484734, -0.015619012527167797, -0.018222181126475334, 0.02074606530368328, -0.03425082936882973, -0.00599257368594408, 0.015909722074866295, -0.0306566059589386, -0.0012916738633066416, -0.023851368576288223, -0.005308746360242367, -0.01154247671365738, -0.02005893550813198, -0.018129682168364525, -0.019913580268621445, -0.034118689596652985, -0.015037594363093376, 0.024736709892749786, -0.00731397932395339, 0.01168783102184534, 0.027538089081645012, 0.022358180955052376, -0.022252468392252922, 0.02440635859966278, -0.014218322932720184, 0.00796146783977747, -0.0025354467798024416, 0.024327075108885765, 0.013584047555923462, 0.013247089460492134, 0.005599455442279577, -0.019794654101133347, 0.0008671723189763725, -0.031423021107912064, 0.012507102452218533, -0.034964386373758316, -0.0012668974231928587, -0.08345996588468552, 0.020006079226732254, -0.001833450049161911, 0.0032787371892482042, 0.010227678343653679, -0.02074606530368328, 0.012401389889419079, 0.006745774764567614, -0.007294157985597849, 0.027696657925844193, -0.022675316780805588, 0.022635675966739655, -0.0017938078381121159, -0.005797666497528553, -0.014879025518894196, 0.012758169323205948, 0.001303236116655171, 0.016874346882104874, -0.004928842186927795, 0.005579634569585323, -0.025423841550946236, -0.008985556662082672, 0.003377842716872692, 0.0033761910162866116, -0.004007162060588598, 0.015870079398155212, 0.0011570556089282036, 0.0010306962067261338, -0.007835933938622475, 0.006540956906974316, 0.01923966407775879, -0.00860234908759594, -0.00424831872805953, 0.005516867619007826, -0.0015460443682968616, -0.03641793504357338, -0.0243667159229517, 0.03229514881968498, 0.019530372694134712, -0.013471728190779686, -0.012038003653287888, -0.026679176837205887, -0.017323626205325127, -0.015249018557369709, 0.02278102934360504, -0.012084253132343292, -0.0324801467359066, 0.03374869376420975, 0.030603749677538872, 0.010551422834396362, 0.034277256578207016, 0.009104483760893345, -0.004651347175240517, -0.016728993505239487, -0.007776470854878426, -0.009626438841223717, 0.004918931983411312, -0.018261823803186417, 0.005150177516043186, -0.04931485280394554, 0.035968657582998276, -0.005430976394563913, 0.033642981201410294, 0.008133250288665295, 0.02587311901152134, 0.0034984208177775145, -0.02946734055876732, 0.022199612110853195, 0.014654386788606644, -0.000981969409622252, -0.020666781812906265, -0.028515929356217384, -0.0023471463937312365, 0.041967835277318954, -0.009910540655255318, 0.0153283029794693, 0.002953341230750084, 0.039906445890665054, -0.02271495945751667, 0.01770683377981186, 0.03945716843008995, 0.0017789420671761036, -0.013597262091934681, 0.0345415398478508, 0.02337566204369068, -0.023679586127400398, -0.0263091828674078, 0.012711920775473118, 0.00372305978089571, 0.021763548254966736, -0.019160378724336624, 0.03755434229969978, 0.0026510697789490223, 0.009454656392335892, 0.01996643655002117, 0.028357360512018204, 0.01548687182366848, -0.02452528476715088, 0.011251767165958881, -0.01683470606803894, 0.005212944466620684, -0.013471728190779686, -0.010227678343653679, -0.02646775171160698, -0.011000700294971466, 0.013029057532548904, -0.014271179214119911, 0.0053219604305922985, -0.027617374435067177, 0.007479154970496893, 0.020851777866482735, 0.007241301704198122, 0.03739577531814575, 0.0072479089722037315, -0.0025982134975492954, -0.019160378724336624, -0.02052142657339573, 0.009718936868011951, -0.011694437824189663, 0.031898725777864456, -0.01724434085190296, 0.004056714940816164, 0.010908202268183231, 0.015116877853870392, 0.02052142657339573, 0.01293655950576067, 0.016596851870417595, -0.0067788101732730865, -0.015579369850456715, -0.0443727932870388, 0.023454947397112846, 0.008027537725865841, -0.01942466013133526, -0.028833067044615746, -0.016187217086553574, -0.03723720461130142, -0.020732851698994637, 0.013445300050079823, 0.0012735044583678246, 0.08071144670248032, 0.03686721250414848, -0.027432376518845558, 0.007261123042553663, -0.012090859934687614, 0.01843360625207424, -0.008965736255049706, -0.012520316988229752, -0.012110681273043156, -0.021486053243279457, 0.02465742640197277, 0.008126643486320972, -0.015090450644493103, -0.028119508177042007, -0.008483422920107841, -0.018288251012563705, -0.01462795864790678, 0.014482603408396244, 0.01051178015768528, -0.003331593470647931, 0.01576436683535576, -0.004654650576412678, 0.02806665189564228, 0.01284406054764986, -0.026348823681473732, -0.015619012527167797, 0.05460047349333763, -0.007128982339054346, -0.030524466186761856, -0.005411155521869659, -0.010201250202953815, 0.020640352740883827, -0.02822522073984146, -0.028119508177042007, 0.03044518083333969, 0.0252784863114357, 0.012441032566130161, 0.004634829703718424, 0.019847510382533073, -0.016755420714616776, 0.014773312956094742, 0.028806637972593307, 0.0027072294615209103, -0.023851368576288223, -0.04458421841263771, 0.014139038510620594, -0.03628579527139664, -0.00459849089384079, -0.023111380636692047], 'ai_metadata': {'tags': ['construction', 'document'], 'document_type': 'unknown', 'topics': ['fire_safety_requirements.txt'], 'supplier_mentions': [], 'categories': ['general'], 'summary': '```json\n{\n    "tags": [\n        "AS 1851",\n        "AS 2118",\n        "AS 3786",\n        "NCC Volume One"\n    ],\n    "document_type": "specification",\n    "topics": [\n        "fire safety",\n        "h'}, 'tags': ['["fire safety"', ' "high-rise"', ' "NCC"', ' "AS 1851"]'], 'knowledge_bank_type': 'personal', 'upload_timestamp': '2025-08-12T08:40:33.307000', 'status': 'active', 'view_count': 0, 'reference_count': 17, 'storage_path': 'personal_knowledge_bank/demo_user_auto_token/35cbfdfc-6978-475a-80d0-f4584a0bf26f/fire_safety_requirements.txt', 'file_data': 'CiAgICAgICAgRmlyZSBTYWZldHkgUmVxdWlyZW1lbnRzIGZvciBIaWdoLVJpc2UgQnVpbGRpbmdzIGluIEF1c3RyYWxpYQogICAgICAgIAogICAgICAgIFRoaXMgZG9jdW1lbnQgb3V0bGluZXMgdGhlIGtleSBmaXJlIHNhZmV0eSByZXF1aXJlbWVudHMgZm9yIGhpZ2gtcmlzZSBidWlsZGluZ3MgCiAgICAgICAgaW4gYWNjb3JkYW5jZSB3aXRoIEF1c3RyYWxpYW4gU3RhbmRhcmRzIGFuZCB0aGUgTmF0aW9uYWwgQ29uc3RydWN0aW9uIENvZGUgKE5DQykuCiAgICAgICAgCiAgICAgICAgS2V5IFN0YW5kYXJkczoKICAgICAgICAtIEFTIDE4NTE6IE1haW50ZW5hbmNlIG9mIGZpcmUgcHJvdGVjdGlvbiBzeXN0ZW1zCiAgICAgICAgLSBBUyAyMTE4OiBBdXRvbWF0aWMgZmlyZSBzcHJpbmtsZXIgc3lzdGVtcwogICAgICAgIC0gQVMgMzc4NjogU21va2UgYWxhcm1zIHVzaW5nIHNjYXR0ZXJlZCBsaWdodAogICAgICAgIC0gTkNDIFZvbHVtZSBPbmU6IEZpcmUgc2FmZXR5IHByb3Zpc2lvbnMKICAgICAgICAKICAgICAgICBSZXF1aXJlbWVudHM6CiAgICAgICAgMS4gRmlyZSByZXNpc3RhbmNlIGxldmVscyAoRlJMKSBmb3Igc3RydWN0dXJhbCBlbGVtZW50cwogICAgICAgIDIuIEVncmVzcyBwcm92aXNpb25zIGFuZCB0cmF2ZWwgZGlzdGFuY2VzCiAgICAgICAgMy4gU21va2UgaGF6YXJkIG1hbmFnZW1lbnQgc3lzdGVtcwogICAgICAgIDQuIEZpcmUgc3ByaW5rbGVyIHN5c3RlbSBpbnN0YWxsYXRpb24KICAgICAgICA1LiBF'}, 'similarity_score': 0.7300628533592762, 'source': 'Personal Knowledge Bank', 'privacy': 'Private to your account'}, {'type': 'personal_document', 'document': {'_id': '689aef5aaa7af9acc74f4a41', 'document_id': 'b7c66531-02e2-448c-b9d7-ccef4e4cf3da', 'user_id': 'demo_user_auto_token', 'filename': 'AS_NZS_1170_1_Summary.txt', 'original_size': 540, 'content_type': 'text/plain', 'file_hash': '285c16ed6b4d2553d78d0de099f846346e10f7caa322ef04db5b327a48f5ed61', 'extracted_text': '\n        AS/NZS 1170.1:2002 Structural Design Actions\n        \n        This standard specifies minimum design loads for buildings and structures.\n        \n        Key Requirements:\n        - Dead loads: Self-weight of structure and permanent fixtures\n        - Live loads: Occupancy and use loads\n        - Wind loads: As per AS/NZS 1170.2\n        - Earthquake loads: As per AS/NZS 1170.4\n        \n        For office buildings:\n        - General areas: 3.0 kPa\n        - Corridors and stairs: 4.0 kPa\n        - Plant rooms: 7.5 kPa\n        ', 'embedding': [-0.0009479006985202432, 0.020677663385868073, 0.004457836505025625, -0.008183164522051811, 0.021403195336461067, -0.00559496833011508, -0.028267845511436462, -0.0394577831029892, 0.0023457708302885294, -0.024737853556871414, -0.012054994702339172, 0.004014843143522739, 0.013840919360518456, 0.011113197542726994, -0.0010159192606806755, 0.012578214518725872, 0.006365846376866102, 0.0034567418042570353, 0.012543333694338799, -0.009536560624837875, 0.00027796076028607786, 0.034797634929418564, -0.024737853556871414, -0.001451064134016633, -0.0010804497869685292, 0.006083307322114706, 0.022449636831879616, -0.02480761520564556, 0.019142884761095047, -0.02955147996544838, 0.013582797721028328, -0.04252734035253525, 1.8585218640509993e-05, -0.0027748113498091698, -0.0048729246482253075, -0.014343210496008396, -0.026537731289863586, 0.01027604565024376, 0.015431509353220463, 0.009773754514753819, -0.0009705735719762743, -0.007806445937603712, 0.004000891000032425, -0.018780117854475975, 0.0113992253318429, -0.004785721190273762, 0.0360533632338047, 0.0028550385031849146, -0.0033259366173297167, -0.008692432194948196, 0.0009234837489202619, 0.013003767468035221, -0.016784904524683952, 0.013708370737731457, 0.007091378327459097, -0.02422160841524601, -0.0018678962951526046, -0.011238770559430122, 0.012682858854532242, -0.043364495038986206, -0.027221405878663063, -0.011775943450629711, -0.042806390672922134, 0.01970098540186882, -0.0009313320042565465, -0.021905487403273582, -0.008043639361858368, 0.0032369892578572035, -0.014524593949317932, -0.010359760373830795, 0.03119787946343422, 0.032955899834632874, 0.00595075823366642, 0.014608309604227543, 0.01519431546330452, -0.031142069026827812, 0.03203503042459488, -0.01508269552141428, -0.017524389550089836, 0.006404215935617685, 0.021431101486086845, -0.01805458590388298, -0.00496710417792201, 0.03859272599220276, 0.006868137512356043, -0.006069354712963104, 0.002666679210960865, 0.017691820859909058, -0.0014100786065682769, 0.015529177151620388, -0.016045421361923218, 0.023523982614278793, 0.008022710680961609, 0.008434310555458069, -0.013338628225028515, -0.004279941786080599, 0.0024120453745126724, 0.01363860722631216, 0.005256619304418564, -0.01538965106010437, -0.001465016626752913, -0.025937771424651146, -0.025993581861257553, 0.004492717795073986, -0.0010813218541443348, -0.00667280238121748, 0.0188777856528759, -0.006125165149569511, 0.010687645524740219, 0.014252519235014915, -0.04448069632053375, 0.016143089160323143, 0.010136520490050316, -0.01597565785050392, 0.03136530891060829, 0.0010185354622080922, 0.017566246911883354, 0.0015775089850649238, -0.023677460849285126, -0.0012234633322805166, 0.01395254023373127, 0.007806445937603712, 0.038871776312589645, 0.010534167289733887, 0.003533480688929558, 0.0020579996053129435, -0.035578977316617966, -0.006997198797762394, -0.0096342284232378, -0.013380485586822033, -0.004900829400867224, 0.025323860347270966, 0.02254730463027954, -0.0034218602813780308, -0.022477541118860245, 0.028965473175048828, 0.00030019760015420616, 0.03468601405620575, -0.04222038388252258, -0.02871432714164257, -0.0029788671527057886, 0.025714531540870667, -0.05237783491611481, -0.01868245005607605, 0.02628658525645733, -0.007652968168258667, 0.0037811382208019495, 0.008155259303748608, -0.009920256212353706, -0.017901107668876648, -0.0009635972674004734, -0.0004905189853161573, 0.009690038859844208, 0.017915060743689537, -0.012180566787719727, -0.002260311506688595, -0.0007887544925324619, -7.657545938855037e-05, -0.020607901737093925, -0.03789509832859039, -0.007318106945604086, 0.018835928291082382, -0.009480751119554043, -0.010185354389250278, -0.002527153817936778, 0.0020667200442403555, 0.006972781848162413, -0.017705772072076797, -0.022058965638279915, -0.013003767468035221, 0.004241572227329016, 0.02027304098010063, -0.021403195336461067, 0.008099449798464775, 0.03033282235264778, 0.026956306770443916, 0.030081676319241524, -0.009034269489347935, 0.02131948061287403, -0.003976474050432444, -0.015208268538117409, 0.009662133641541004, 0.02748650312423706, 0.03502087667584419, -0.02399836853146553, -0.01640818640589714, 0.022937975823879242, -0.0040322840213775635, 0.017482532188296318, -0.008971483446657658, 0.0007992188911885023, -0.0034497654996812344, -0.019533555954694748, 0.006808839272707701, -0.594713032245636, -0.03421162813901901, -0.012466594576835632, -0.01261309627443552, -0.019547509029507637, 0.01685466803610325, 0.03387676551938057, 0.019142884761095047, -0.01932426728308201, -0.005092677194625139, -0.006620480213314295, 0.022086869925260544, -0.01262007188051939, -0.0018155742436647415, -0.008183164522051811, -0.014280424453318119, -0.0072343917563557625, 0.006732100620865822, 0.03303961455821991, 0.006854185368865728, -0.012159638106822968, 0.040322840213775635, -0.028993377462029457, -0.017175575718283653, 0.021654341369867325, -0.012166614644229412, -0.0072134630754590034, -0.04785721004009247, 0.014301353134214878, 0.020886952057480812, -0.031700171530246735, 0.03716956451535225, 0.006226320751011372, 0.028574801981449127, 0.026398206129670143, -0.011392248794436455, -0.019770748913288116, 0.021068334579467773, 0.03649984300136566, 0.03206293657422066, -0.01766391471028328, 0.0005458930972963572, 0.005015938077121973, -0.021863630041480064, 0.011350391432642937, -0.00839942879974842, 0.020203277468681335, -0.009829564020037651, 0.0327884666621685, -0.03303961455821991, 0.012250330299139023, -0.007108819205313921, -0.009069151245057583, 0.019966084510087967, 0.03956940397620201, -0.01158060785382986, 0.034797634929418564, 0.005751934368163347, 0.0033677942119538784, -0.00431482307612896, 0.022631019353866577, 0.007694825530052185, 0.014112994074821472, -0.04509460926055908, -0.01118296105414629, -0.008999387733638287, -0.004077629651874304, 0.029914245009422302, -0.021068334579467773, -0.01891964301466942, 0.008071544580161572, 0.013561869040131569, -0.0050787245854735374, 0.004070653580129147, 0.01826387457549572, 0.033960480242967606, 0.007820398546755314, -0.002874223282560706, -0.012780526652932167, 0.022114776074886322, -0.005797280464321375, 0.00197428441606462, 0.004436907824128866, -0.00697975791990757, 0.003209084039554, -0.010338831692934036, -0.017817392945289612, 0.001226951484568417, 0.02994215115904808, 0.0041648331098258495, 0.016310518607497215, 0.0014798413030803204, 0.03019329532980919, -0.019533555954694748, -0.007750635966658592, 0.01519431546330452, 0.004674100782722235, -0.023119358345866203, 0.018612688407301903, -0.001226951484568417, -0.007680872920900583, -0.007091378327459097, -0.015375698916614056, -0.018403399735689163, 0.013980444520711899, 0.0074785612523555756, -0.022603115066885948, 0.02628658525645733, 0.034574393182992935, -0.00984351709485054, 0.011057388037443161, -0.016115183010697365, -0.047717686742544174, -0.012361950241029263, 0.0011737573659047484, -0.038090433925390244, 0.011350391432642937, -0.005786815658211708, 0.00667280238121748, -0.019533555954694748, 0.004325287416577339, -0.0021835723891854286, 0.03474182263016701, 0.00031044401112012565, -0.017887156456708908, 0.03876015543937683, 0.01034580823034048, -0.012138709425926208, 0.010555095970630646, -0.023021690547466278, -0.007771564647555351, 0.0027782993856817484, 0.02609124965965748, -0.016547711566090584, 0.010959720239043236, 0.014524593949317932, 0.007073937449604273, -0.012466594576835632, 0.03532782942056656, -0.025323860347270966, -0.040518175810575485, -0.024500660598278046, 0.014315306209027767, -0.021849676966667175, -0.036025457084178925, -0.022519398480653763, -0.028491085395216942, 0.010024899616837502, -0.004813626408576965, 0.008748242631554604, -0.016938382759690285, -0.013324675150215626, -0.029467763379216194, 0.0015557082369923592, -0.020175373181700706, 5.474055342347128e-06, -0.003188155358657241, -0.013771156780421734, 0.010338831692934036, 0.0264540147036314, 0.0004216282977722585, -0.013017719611525536, -0.049977999180555344, -0.0006889066426083446, -0.0029265452176332474, 0.009145889431238174, 0.005908900406211615, 0.00032941074459813535, 0.004618290811777115, -0.05156858637928963, -0.005703100468963385, 0.0037741619162261486, -0.01170618087053299, 0.0041473922319710255, -0.003142809495329857, -0.008462215773761272, -0.024584375321865082, 0.006369334179908037, 0.016980240121483803, -0.008406405337154865, 0.01252938061952591, -0.009090079925954342, -0.02648192085325718, 0.009501679800450802, 0.01826387457549572, 0.044201646000146866, 0.02074742689728737, -0.009111008606851101, -0.012571237981319427, 0.022003155201673508, -0.012522404082119465, 0.023900700733065605, 0.005601944867521524, 0.013010743074119091, 0.013533963821828365, 0.01844525709748268, 0.012801455333828926, -0.007150676567107439, 0.014008349739015102, 0.0054380022920668125, 0.017091860994696617, -0.017301149666309357, 0.0034410450607538223, -0.012103828601539135, 0.02955147996544838, -0.0025149453431367874, 0.015961704775691032, -0.008859862573444843, 0.04741073027253151, 0.005633337888866663, 0.002009165706112981, 0.0015940776793286204, -0.017803439870476723, 0.019812606275081635, -0.0014676328282803297, 0.03340237960219383, 0.005703100468963385, 0.014608309604227543, -0.022658925503492355, -0.006254225969314575, 0.012361950241029263, 0.001049056532792747, 0.03535573557019234, 0.024291371926665306, -0.01597565785050392, 0.008078520186245441, 0.02441694401204586, 0.029718909412622452, -0.028798041865229607, 0.0010542888194322586, -0.0219473447650671, -0.031728073954582214, 0.0019045217195525765, -8.300671470351517e-05, 0.0018609199905768037, 0.003917175345122814, 0.019770748913288116, -0.016157040372490883, 0.014803644269704819, -0.008448262698948383, 0.02663539908826351, -0.0180964432656765, 0.0055845039896667, -0.005608920939266682, 0.035774312913417816, -0.013415367342531681, 0.03351400047540665, 0.015919847413897514, 0.006264690309762955, 0.001535651390440762, 0.013199103064835072, -0.011441082693636417, -0.018528973683714867, 0.015947753563523293, 0.00299805193208158, -0.0023248419165611267, 0.0037950908299535513, 0.00962725281715393, 0.002907360438257456, 0.007862255908548832, 0.024277418851852417, -0.007070449646562338, 0.028993377462029457, 0.009703991003334522, 0.009941184893250465, -0.009717944078147411, -0.024179751053452492, -0.00945982150733471, 0.011434106156229973, -0.010087686590850353, 0.013408390805125237, 0.010373713448643684, 0.014496688731014729, -0.01910102739930153, 0.006766981910914183, 0.008727313950657845, 0.01558498665690422, 0.02751440927386284, 0.022017108276486397, 0.008971483446657658, 0.007743659429252148, -0.009117985144257545, 0.006341429427266121, 0.029467763379216194, -0.012947957031428814, 0.01365256030112505, 0.015417556278407574, -0.004224131349474192, -0.023454219102859497, 0.05123372748494148, -0.005235690623521805, -0.003976474050432444, -0.02526804991066456, -0.009996994398534298, 0.004367144778370857, -0.010192329995334148, 0.011196913197636604, -0.0264540147036314, -0.02281240187585354, -0.006125165149569511, 0.0031968755647540092, -0.036611463874578476, 0.013401414267718792, -0.028449228033423424, 0.026105202734470367, 0.025672672316432, -0.004545039962977171, -0.008908696472644806, -0.00017135462258011103, -0.011134127154946327, 0.0004652299976442009, 0.023761175572872162, -0.01723138615489006, 0.032927993685007095, -0.006836744491010904, -0.00754134776070714, 0.0004796185530722141, -0.037030041217803955, 0.054080042988061905, -0.014426926150918007, -0.012215448543429375, -0.010520215146243572, -0.010178377851843834, -0.0005546134780161083, 0.0227984506636858, 0.02811436727643013, 0.009550513699650764, 0.021696198731660843, 0.015152458101511002, -0.0011048667365685105, -0.017524389550089836, 0.0023544910363852978, 0.007520419079810381, -1.0260021554131526e-05, 0.0068437205627560616, -0.002858526539057493, -0.01643609255552292, -0.01905917003750801, 0.006829768419265747, -0.0021103215403854847, 0.019170789048075676, -0.03309542313218117, 0.01405020710080862, -0.0036485891323536634, -0.00042250033584423363, 0.0019864928908646107, 0.041355326771736145, 0.055084627121686935, 0.017315102741122246, -0.012445665895938873, -0.01075740810483694, 0.0020527674350887537, 0.0017929013120010495, 0.004757815971970558, 0.019045216962695122, 0.0242355614900589, 0.0070495205000042915, 0.016143089160323143, -0.019128931686282158, 0.015417556278407574, 0.019407982006669044, 0.005608920939266682, 0.003373026382178068, -0.0056612431071698666, 0.020649759098887444, 0.01970098540186882, 0.0048729246482253075, -0.014929217286407948, 0.03290008753538132, -0.024096036329865456, 0.010178377851843834, 0.03934616222977638, -0.01823597028851509, 0.0013542684027925134, 0.028170177713036537, -0.02007770538330078, -0.01700814627110958, -0.004876412451267242, 0.012641001492738724, -0.01661747507750988, -0.008748242631554604, -0.0012993302661925554, 0.006442585028707981, -0.04774559289216995, 0.0025812198873609304, -0.03309542313218117, 0.02378907985985279, -0.0023754199501127005, -0.013666512444615364, -0.015612891875207424, -0.046489860862493515, 0.03610917180776596, -0.05625664070248604, -0.0065751345828175545, 0.005713564809411764, -0.01516641117632389, -0.02362165041267872, 0.023468172177672386, 0.01826387457549572, -0.016240756958723068, 0.01721743494272232, 0.01302469614893198, -0.01445483136922121, 0.02832365594804287, -0.02172410488128662, -0.014001374132931232, -0.030611872673034668, -0.016477949917316437, -0.0016219827812165022, 0.03954149782657623, -0.003284079022705555, 0.01808249205350876, -0.005877507384866476, 0.00024286139523610473, -0.007471585180610418, -0.0015478598652407527, -0.0031846670899540186, -0.0038264840841293335, 0.015529177151620388, 0.005448466632515192, 0.012668905779719353, 0.029384048655629158, -0.0048031616024672985, -0.007164629176259041, -0.005793792195618153, -0.014057183638215065, -0.014399020932614803, -0.004234595689922571, 0.0032352451235055923, -0.0030224688816815615, 0.0011554446537047625, 0.02236592210829258, -0.014608309604227543, 0.0003980833862442523, 0.00729020219296217, -0.004290406126528978, 0.020049799233675003, 0.006498395465314388, -0.013171197846531868, 0.04347611218690872, 0.028421323746442795, 0.0018731284653767943, 0.005783327855169773, 0.0038404364604502916, 0.003763697575777769, -0.03181179240345955, -0.0014423438115045428, -0.0005977791151963174, -0.006205392070114613, 0.023314693942666054, -0.019742844626307487, -0.025128524750471115, -0.00954353716224432, 0.005441490560770035, -0.01352698728442192, 0.013896729797124863, 0.019840512424707413, -0.015557081438601017, 0.005064771976321936, -0.018738260492682457, -0.0035927789285779, -0.004088093992322683, 0.003217804478481412, -0.00995513703674078, -0.028965473175048828, 0.014678072184324265, -0.021026477217674255, 0.002858526539057493, -0.014929217286407948, -0.029384048655629158, -0.009697015397250652, 0.008594764396548271, -0.02791903167963028, 0.028770137578248978, -0.015501271933317184, 0.012787502259016037, 0.024068132042884827, 0.0006727740401402116, -0.02708187885582447, -0.029495669528841972, -0.003638124791905284, 0.008922649547457695, 0.01582217961549759, -0.006826280150562525, 0.03471392020583153, -0.00038173276698216796, 0.013317699544131756, 0.0024800640530884266, -0.0049880328588187695, -0.015738464891910553, 0.0022620554082095623, -0.019184742122888565, -0.03468601405620575, 0.005863554775714874, 0.03792300447821617, -0.004063677042722702, -0.02074742689728737, -0.030221201479434967, 0.026830734685063362, 0.029663098976016045, -0.016547711566090584, -0.005420561879873276, -0.013261889107525349, -0.012801455333828926, 0.020970666781067848, 0.011559679172933102, -0.021793866530060768, 0.013917658478021622, -0.02134738676249981, 0.008734289556741714, 0.012431712821125984, -0.01787320338189602, -0.03585802763700485, 0.0036137078423053026, 0.0184871144592762, -0.025965675711631775, 0.02218453772366047, 0.0050996532663702965, 0.026593541726469994, -0.0034113959409296513, -0.007339036092162132, -0.03507668524980545, -0.010485333390533924, -0.014496688731014729, 0.004831066820770502, 0.04244362562894821, 0.008678480051457882, -0.006665825843811035, -0.028072509914636612, -0.0038613653741776943, -0.007611110340803862, -0.021459005773067474, -0.0016097743064165115, -0.02175200916826725, 0.013157244771718979, -0.021584579721093178, 0.005999592132866383, -0.00295270630158484, 0.015571034513413906, 0.011350391432642937, 0.024723900482058525, 0.038453198969364166, -0.011071340180933475, 0.012299164198338985, 0.017538342624902725, -0.011957326903939247, 0.012382878921926022, 0.005431026220321655, 0.01967308111488819, 0.001446703914552927, -0.007032080087810755, -0.015012932941317558, -0.00891567301005125, -0.006240273360162973, -0.004046236630529165, 0.02910499833524227, 0.014092065393924713, -0.02505876123905182, -0.0037218399811536074, -0.01017140131443739, 0.00800178200006485, 0.009264486841857433, 0.0016359352739527822, 0.0479409284889698, 0.007834350690245628, 0.02094276249408722, 0.0010106870904564857, 0.0019045217195525765, -0.019659128040075302, 0.0006631816504523158, 0.000898194732144475, -0.030863018706440926, 0.011524797417223454, 0.0019707961473613977, -0.019198695197701454, -0.012710764072835445, -0.005490324459969997, 0.010889957658946514, 0.023510029539465904, -0.011538750492036343, 0.031281594187021255, -0.00019642559345811605, 0.030277011916041374, 0.011092268861830235, 0.013450248166918755, 0.011057388037443161, -0.01405020710080862, -0.013185149990022182, 0.0016123903915286064, 0.016659332439303398, -0.026830734685063362, -0.015012932941317558, -0.00850407313555479, 0.02420765720307827, -0.04289010912179947, -0.01621285080909729, 0.02236592210829258, -0.017552295699715614, 0.025142475962638855, -0.0013725811149924994, -0.01003885269165039, 0.014747834764420986, -0.022700782865285873, -0.017691820859909058, -0.005657754838466644, 0.011775943450629711, -0.02731907367706299, -0.011887564323842525, -0.008036662824451923, -0.0051275584846735, 0.0030573501717299223, -0.008427334018051624, -0.011587584391236305, -0.015682654455304146, -0.01343629602342844, 0.0036206841468811035, -0.05491719767451286, 0.016310518607497215, 0.0024434386286884546, -0.004063677042722702, -0.008406405337154865, 0.019993988797068596, -0.011057388037443161, 0.014859454706311226, -0.011203889735043049, 0.01829177886247635, -0.02422160841524601, -0.0014440878294408321, -0.026384253054857254, -0.026384253054857254, 0.011545727029442787, 0.0036730060819536448, -0.027807412669062614, -0.039290353655815125, 0.007918066345155239, 0.029886340722441673, -0.021277623251080513, 0.023719318211078644, 0.017329053953289986, 0.019449841231107712, 0.010317903012037277, -0.00356487394310534, -0.000530196528416127, 0.0160035640001297, 0.0036346365232020617, 0.0006775702349841595, 0.038257863372564316, -0.024179751053452492, 0.018780117854475975, 0.0184871144592762, -0.018542924895882607, -0.010080710053443909, -0.02772369608283043, -0.010199306532740593, 0.03245360776782036, 0.022658925503492355, -0.0027939961291849613, -0.0180964432656765, -0.01929636299610138, -0.019156837835907936, -0.008622669614851475, 0.013247936964035034, 0.015054790303111076, -0.021877583116292953, 0.01808249205350876, 0.012801455333828926, 0.00789713766425848, 0.008692432194948196, -0.013806038536131382, -0.03421162813901901, 0.021584579721093178, -0.0017353470902889967, -0.02461227960884571, -0.013261889107525349, 0.007464608643203974, 0.026719113811850548, 0.022882165387272835, -0.019352173432707787, 0.0018644081428647041, 0.008685455657541752, -0.05257317051291466, 0.018808024004101753, -0.044648125767707825, 0.02464018575847149, 0.026300538331270218, 0.02663539908826351, -0.014831549488008022, 0.02236592210829258, -0.02173805609345436, 0.014245542697608471, -0.038257863372564316, -0.026174964383244514, -0.0062995715998113155, -0.01578032225370407, 0.021012524142861366, 0.0013900217600166798, -0.008804052136838436, 0.006114700343459845, 0.020412566140294075, 0.005214761942625046, 0.006976270116865635, 0.0005450210883282125, 0.01763601042330265, -0.011943373829126358, 0.0018835929222404957, 0.004674100782722235, 0.0025062249042093754, 0.004691541660577059, -0.0022794962860643864, -0.05843323841691017, -0.011699204333126545, -0.0012191031128168106, 0.03320704400539398, 0.03236989304423332, -0.002009165706112981, 0.03345819190144539, -0.010820194147527218, 0.0009287159191444516, 0.00995513703674078, -0.010269069112837315, -0.00430435873568058, -0.004178785718977451, 0.05647988244891167, 0.011692228727042675, -0.006547229364514351, 0.03672308474779129, 0.018333638086915016, 0.011099245399236679, -0.007729706820100546, 0.009473774582147598, -0.03390467166900635, 0.003006772371008992, 0.010241163894534111, -0.00913193728774786, 0.02073347382247448, -0.0007996549247764051, -0.001587973441928625, -0.0014824573881924152, -0.01618494652211666, -0.004339240025728941, -0.017343007028102875, 0.007938995026051998, 0.020872998982667923, -0.0009697015048004687, -0.026802828535437584, -0.012145685963332653, -0.014803644269704819, -0.011427129618823528, 0.006013544742017984, -0.02748650312423706, -0.015501271933317184, -0.013380485586822033, -0.01519431546330452, 0.028379466384649277, -0.037671856582164764, -0.011322486214339733, 0.02628658525645733, -0.013296770863234997, -0.01099460106343031, 0.020984619855880737, 0.1840618997812271, 0.014426926150918007, 0.0036102195736020803, 0.03340237960219383, -0.012354973703622818, -0.0036764941178262234, 0.005835649557411671, 0.012389855459332466, -0.027221405878663063, 0.024361133575439453, 0.002858526539057493, -0.014217638410627842, -0.020635806024074554, 0.01261309627443552, 0.011678275652229786, 0.0027887639589607716, -0.03203503042459488, -0.014510641805827618, -0.028435276821255684, 0.042387817054986954, -0.004321799147874117, -0.015124552883207798, 0.011482940055429935, -0.00621236814185977, 0.028574801981449127, 0.016491901129484177, 0.006219344679266214, 0.017119767144322395, 0.007220439147204161, 0.013415367342531681, 0.008211069740355015, -0.008741266094148159, -0.007666920777410269, -0.007014639209955931, -0.0068018632009625435, -0.013387462124228477, 0.03672308474779129, -0.02235196903347969, 0.01764996349811554, 0.014092065393924713, 0.004436907824128866, -0.019045216962695122, -0.00356487394310534, -0.026593541726469994, -0.010834147222340107, -0.008301761001348495, -0.020482327789068222, 0.024277418851852417, -0.025519195944070816, 0.013673488982021809, -0.032286178320646286, 0.008566859178245068, 0.01808249205350876, 0.015180363319814205, -0.005336846690624952, -0.0032980316318571568, -0.008685455657541752, -0.010855075903236866, 0.01280843187123537, 0.019575413316488266, -0.011482940055429935, 0.01374325156211853, -0.02833760902285576, 0.019952131435275078, -0.018556877970695496, -0.029300333932042122, -0.014552499167621136, 0.01911497861146927, -0.006282131187617779, -0.015501271933317184, -0.02198920212686062, -0.009111008606851101, -0.03016539104282856, -0.0037009110674262047, -0.012089875526726246, -0.014119970612227917, 0.0291329026222229, -0.0032143164426088333, -0.006658849772065878, 0.01951960287988186, -0.007625062949955463, -0.01262007188051939, 0.01847316324710846, 0.020845094695687294, -0.016910478472709656, -0.007945971563458443, 0.008385476656258106, 0.002038814825937152, -0.011741062626242638, -0.026830734685063362, -0.0021329945884644985, -0.022882165387272835, 0.004433419555425644, 0.013568844646215439, 0.012501475401222706, 0.00913193728774786, 0.0030207247473299503, 0.017524389550089836, -0.013373509049415588, -0.008531978353857994, -0.02687259204685688, 0.06903716921806335, 0.008845910429954529, 0.008671503514051437, 0.007450656034052372, -0.01643609255552292, 0.013233983889222145, 0.01947774551808834, 0.010101638734340668, -0.013596749864518642, -0.006812327541410923, -0.033374473452568054, -0.025770340114831924, 0.001848711515776813, -0.010617882944643497, 0.013066553510725498, 0.0010333600221201777, 0.006160046439617872, 0.019449841231107712, -0.050759341567754745, -0.005281036254018545, -0.0007216079393401742, 0.002042303094640374, 0.001885336940176785, 0.0016237267991527915, -0.01890569180250168, -0.05176392197608948, 0.0043706330470740795, 0.0032736146822571754, -0.05067562311887741, 0.024319276213645935, 0.02239382639527321, -0.004733399022370577, -0.010673693381249905, -0.017984824255108833, -0.009173794649541378, -0.006205392070114613, -0.025519195944070816, 0.010638811625540257, 0.0011598048731684685, -0.0017405793769285083, -0.01137829665094614, 0.029607288539409637, -0.0010691133793443441, 0.011448059231042862, 0.008183164522051811, 0.003871829714626074, -0.00011069378524553031, -0.019198695197701454, -0.005713564809411764, -0.02237987332046032, -0.02505876123905182, -0.007687849458307028, -0.010387665592133999, 0.013178173452615738, -0.028686420992016792, -0.0033346570562571287, -0.04118789732456207, 0.025128524750471115, 0.007059985306113958, -0.035606879740953445, 0.008301761001348495, 0.009710967540740967, -0.01027604565024376, -0.02193339169025421, 0.005856578703969717, -0.17725306749343872, 0.02584010362625122, 0.0509546734392643, -0.019226599484682083, 0.029188713058829308, -0.007422751281410456, -0.011057388037443161, 0.0047613042406737804, -0.017817392945289612, -0.003850901033729315, 0.020970666781067848, -0.013582797721028328, 0.0032648942433297634, -0.0051170941442251205, -0.0037881145253777504, -0.024542517960071564, 0.011748038232326508, 0.019128931686282158, 0.017691820859909058, 0.019784701988101006, -0.005574039649218321, 0.0013211311306804419, -0.009676086716353893, -0.019003359600901604, -0.009173794649541378, 0.01220847200602293, -0.015682654455304146, 0.018808024004101753, 0.018612688407301903, -0.01538965106010437, -0.028993377462029457, 0.022951927036046982, 0.04202504828572273, 0.005633337888866663, -0.01685466803610325, -0.017384864389896393, -0.007318106945604086, -0.0040322840213775635, -0.02851899154484272, 0.03142112120985985, 0.010896933265030384, 0.013610702939331532, -0.020607901737093925, -0.03669517859816551, 0.018556877970695496, 0.03730909153819084, 0.02977471984922886, -0.026523778215050697, 0.005340334493666887, -0.002392860595136881, 0.007063473109155893, -0.04291801154613495, 0.008518025279045105, 0.014482736587524414, 0.0017562758876010776, -0.0021277624182403088, -0.029272427782416344, 0.02172410488128662, -0.010464404709637165, -0.021779915317893028, 0.009697015397250652, -0.005901924334466457, 0.016505854204297066, -0.020803237333893776, -0.00651234807446599, -0.024668090045452118, -0.018124349415302277, 0.03870434686541557, -0.004831066820770502, 0.010178377851843834, -0.0029125926084816456, -0.032955899834632874, 0.014510641805827618, -0.03842529281973839, 0.026426110416650772, 0.008315714076161385, -0.007604134269058704, 0.014189733192324638, 0.031923409551382065, -0.004245060030370951, -0.014482736587524414, 0.03652774915099144, 0.0008681095787324011, 0.008762194775044918, -0.0034480213653296232, -0.00374276889488101, -0.01843130588531494, 0.02337050437927246, -0.001469376846216619, 0.011775943450629711, 0.01784529909491539, -0.022003155201673508, -0.014057183638215065, -0.032481513917446136, 0.008476167917251587, 0.012759597972035408, 0.004858972039073706, 0.008134330622851849, -0.04230410233139992, 0.004740375559777021, 0.01313631609082222, -0.020510233938694, -0.04967104271054268, 0.0006418168195523322, 0.01844525709748268, 0.014147874899208546, -0.02667725645005703, 0.033932577818632126, 0.023063547909259796, -0.010959720239043236, -0.00687860231846571, 0.0010412082774564624, 0.03181179240345955, 0.03513249382376671, 0.010387665592133999, 0.039095018059015274, -0.0012330557219684124, -0.01241776067763567, -0.02215663343667984, -0.010701597668230534, 0.025337811559438705, 0.015836132690310478, -0.012264282442629337, -0.011350391432642937, -0.005444978829473257, -0.030025865882635117, -0.09409593045711517, -0.0352720208466053, 0.027165595442056656, 0.021793866530060768, 0.010596954263746738, -0.0033311687875539064, -0.005047331098467112, 0.012334045022726059, -0.006812327541410923, 0.011210865341126919, -0.011015529744327068, -0.03036072663962841, 0.0021190419793128967, -0.015068743377923965, 0.026830734685063362, 0.0059786634519696236, -0.01598961092531681, -0.01580822840332985, -0.02073347382247448, 0.025575004518032074, -0.00338174682110548, -0.014859454706311226, -0.0017676124116405845, -0.010694622062146664, -0.03343028575181961, 0.008657551370561123, -0.03225827217102051, 0.01910102739930153, 0.008692432194948196, 0.01138527225703001, 0.027012117207050323, -0.0071855578571558, -0.022924022749066353, -0.00934820156544447, -0.03666727617383003, -0.025086667388677597, -0.005682171788066626, -0.020579995587468147, 0.014287400990724564, 0.0031968755647540092, -0.007164629176259041, 0.021431101486086845, 0.001336827757768333, -0.01829177886247635, -0.010415570810437202, -0.027765553444623947, -0.0017745885998010635, 0.0209009051322937, -0.007548323832452297, -0.01950564980506897, -0.005134534556418657, -0.006205392070114613, 0.0007159396773204207, -0.013422342948615551, 0.025491289794445038, -0.006135629490017891, 0.01311538740992546, 0.004457836505025625, 0.015054790303111076, 0.003247453598305583, 0.007136723957955837, 0.024109989404678345, 0.0048729246482253075, 0.03714166209101677, 0.02772369608283043, -0.00579030392691493, -0.023844890296459198, -0.018528973683714867, 0.02648192085325718, -0.030053770169615746, -0.02811436727643013, 0.00860871747136116, -0.0031393214594572783, -0.0026614470407366753, -0.015445461496710777, 0.0007312002708204091, -0.04202504828572273, -0.013394437730312347, 0.014650166966021061, 0.007513442542403936, -0.02524014376103878, -0.022533351555466652, 0.015557081438601017, -0.002099857199937105, 0.03343028575181961, 0.033123329281806946, -0.011364343576133251, -0.00754134776070714, 0.03834157809615135, -0.021068334579467773, -0.005664731375873089, 0.004095070529729128, 0.048331595957279205, 0.002844574162736535, 0.0009897582931444049, 0.004381097387522459, -0.004904317669570446, -0.004252036567777395, -0.017580199986696243, 0.002459135139361024, -0.050340764224529266, -0.013833942823112011, -0.0751204714179039, 0.012982837855815887, 0.008845910429954529, 0.006665825843811035, -0.0174406748265028, 0.012236377224326134, -0.002098113065585494, 0.0264540147036314, 0.0006435608956962824, 0.01538965106010437, -0.028393417596817017, 0.011755014769732952, -0.02748650312423706, -0.019338220357894897, -0.027207452803850174, -0.02317516878247261, -0.0005406609270721674, 0.003596267197281122, 0.009920256212353706, -0.0023963486310094595, -0.024054178968071938, -0.01703605055809021, -0.0016106462571769953, 0.018975453451275826, -0.006951853167265654, -0.0011318997712805867, -0.024096036329865456, -0.0019777724519371986, 0.003578826552256942, 9.333485650131479e-06, 0.010296974331140518, -0.02542152814567089, -0.007171605248004198, 0.032090842723846436, -0.01827782765030861, -0.05154068022966385, -0.0018661521608009934, 0.0246262326836586, 0.036220792680978775, -0.015668701380491257, 0.0047822329215705395, -0.023942558094859123, -0.013819990679621696, -0.010527191683650017, -0.0002655342686921358, 0.0035474332980811596, -0.029914245009422302, 0.021082287654280663, 0.021193908527493477, -0.01519431546330452, 0.045457374304533005, 0.015264078974723816, 0.0003985194198321551, -0.010652763769030571, -0.024123940616846085, -0.010715550743043423, -0.0041439044289290905, -0.008259903639554977, 0.003282334888353944, -0.004949663300067186, 0.0348813496530056, -0.010624859482049942, 0.021682247519493103, 0.006547229364514351, 0.0018801047699525952, -0.005124070215970278, -0.023663507774472237, -0.010694622062146664, -0.00863662175834179, -0.021082287654280663, 0.0010813218541443348, -0.02095671556890011, 0.013366533443331718, 0.023844890296459198, 0.006215856410562992, 0.003012004541233182, -0.007359964773058891, 0.015919847413897514, -0.04579223692417145, 0.029300333932042122, 0.02893756702542305, 0.0036939349956810474, -0.012857265770435333, 0.023956511169672012, 0.02300773747265339, -0.02688654325902462, -0.018180159851908684, 0.004970592446625233, 0.006285618990659714, -0.020189324393868446, -0.009341225028038025, 0.03471392020583153, 0.010506262071430683, -0.024151846766471863, 0.03136530891060829, 0.018194111064076424, -0.004531087353825569, -0.02441694401204586, 0.03836948424577713, 3.147496681776829e-05, 0.002253335202112794, -0.004928734619170427, -0.004161344841122627, -0.05536367744207382, -0.022728687152266502, -0.006421656347811222, -0.029439859092235565, 0.0019533555023372173, -0.007520419079810381, 0.008169212378561497, 0.011587584391236305, -0.006194927729666233, 0.016868621110916138, 0.01886383444070816, -0.01582217961549759, 0.01222242508083582, -4.9460664740763605e-05, -0.004265989176928997, -0.03242570161819458, 0.03881596401333809, -0.020635806024074554, -0.018208064138889313, 0.002879455452784896, 0.0174406748265028, 0.018947549164295197, 0.023035643622279167, 0.004088093992322683, 0.014496688731014729, 0.006058890372514725, -0.020175373181700706, 0.01458040438592434, 0.007743659429252148, -0.02649587392807007, -0.02747255004942417, -0.013931610621511936, 0.004618290811777115, -0.018305731937289238, 0.006208880338817835, 0.0023527471348643303, 0.08734289556741714, 0.04308544099330902, -0.039095018059015274, 0.02281240187585354, 0.00028711711638607085, 0.02378907985985279, -0.0034427891951054335, 0.0019864928908646107, 0.0283515602350235, -0.029244523495435715, 0.00034663340193219483, 0.00652281241491437, -0.008999387733638287, -0.012641001492738724, -0.0065018837340176105, -0.013073530048131943, -0.007548323832452297, 0.017970871180295944, -0.005465907510370016, 0.021863630041480064, 0.021877583116292953, -0.006965805310755968, 0.012501475401222706, 0.02440299279987812, -0.032732658088207245, -0.01889173872768879, 0.037420712411403656, 0.01967308111488819, -0.020356755703687668, -0.008434310555458069, -0.014803644269704819, 0.02055209130048752, -0.015250125899910927, -0.018542924895882607, 0.02770974487066269, 0.013806038536131382, -0.0018696403130888939, -0.035578977316617966, 0.0006788782775402069, 0.006791398860514164, 0.01075740810483694, 0.03290008753538132, -0.011455034837126732, -0.02828179858624935, -0.018515020608901978, -0.009996994398534298, -0.015459413640201092, -0.0040113553404808044, -0.03407210111618042], 'ai_metadata': {'tags': ['construction', 'document'], 'document_type': 'unknown', 'topics': ['AS_NZS_1170_1_Summary.txt'], 'supplier_mentions': [], 'categories': ['general'], 'summary': '```json\n{\n  "tags": [\n    "AS/NZS 1170.1",\n    "Structural Design",\n    "Design Loads",\n    "Building Codes",\n    "Dead Loads",\n    "Live Loads",\n    "Wind Loads",\n    "Earthquake Loads",\n    "AS/NZS '}, 'tags': ['construction', 'standards', 'AS/NZS', 'structural'], 'knowledge_bank_type': 'personal', 'upload_timestamp': '2025-08-12T07:38:02.550000', 'status': 'active', 'view_count': 0, 'reference_count': 9, 'storage_path': 'personal_knowledge_bank/demo_user_auto_token/b7c66531-02e2-448c-b9d7-ccef4e4cf3da/AS_NZS_1170_1_Summary.txt', 'file_data': 'CiAgICAgICAgQVMvTlpTIDExNzAuMToyMDAyIFN0cnVjdHVyYWwgRGVzaWduIEFjdGlvbnMKICAgICAgICAKICAgICAgICBUaGlzIHN0YW5kYXJkIHNwZWNpZmllcyBtaW5pbXVtIGRlc2lnbiBsb2FkcyBmb3IgYnVpbGRpbmdzIGFuZCBzdHJ1Y3R1cmVzLgogICAgICAgIAogICAgICAgIEtleSBSZXF1aXJlbWVudHM6CiAgICAgICAgLSBEZWFkIGxvYWRzOiBTZWxmLXdlaWdodCBvZiBzdHJ1Y3R1cmUgYW5kIHBlcm1hbmVudCBmaXh0dXJlcwogICAgICAgIC0gTGl2ZSBsb2FkczogT2NjdXBhbmN5IGFuZCB1c2UgbG9hZHMKICAgICAgICAtIFdpbmQgbG9hZHM6IEFzIHBlciBBUy9OWlMgMTE3MC4yCiAgICAgICAgLSBFYXJ0aHF1YWtlIGxvYWRzOiBBcyBwZXIgQVMvTlpTIDExNzAuNAogICAgICAgIAogICAgICAgIEZvciBvZmZpY2UgYnVpbGRpbmdzOgogICAgICAgIC0gR2VuZXJhbCBhcmVhczogMy4wIGtQYQogICAgICAgIC0gQ29ycmlkb3JzIGFuZCBzdGFpcnM6IDQuMCBrUGEKICAgICAgICAtIFBsYW50IHJvb21zOiA3LjUga1BhCiAgICAgICAg'}, 'similarity_score': 0.7271898917376657, 'source': 'Personal Knowledge Bank', 'privacy': 'Private to your account'}, {'type': 'personal_document', 'document': {'_id': '689aef5daa7af9acc74f4a42', 'document_id': 'f41f1e30-eb07-4e6e-89e5-276921ac131c', 'user_id': 'demo_user_auto_token', 'filename': 'ACME_Steel_Beams_Catalog.txt', 'original_size': 615, 'content_type': 'text/plain', 'file_hash': '1cab681360898573e1ff24e5e0e9088d2d6ba02b7d65475611cf711795613488', 'extracted_text': '\n            ACME Construction Materials - Steel Beam Specifications\n            \n            Product: Universal Beams (UB) - Grade 300\n            Standards Compliance: AS/NZS 3679.1\n            \n            Available Sizes:\n            - 310UB40.4: 310mm deep, 165mm wide\n            - 360UB44.7: 360mm deep, 170mm wide\n            - 410UB53.7: 410mm deep, 178mm wide\n            \n            Fire Rating: Up to 4 hours with appropriate protection\n            Corrosion Protection: Hot-dip galvanized available\n            \n            Contact: sales@acme-steel.com.au\n            ABN: 12 345 678 901\n            ', 'embedding': [-0.004690931178629398, -0.006349104922264814, -0.0157609935849905, -0.034778282046318054, -0.005538368131965399, 0.005388231482356787, -0.01628146693110466, -0.031014861539006233, 0.007920533418655396, -0.016975432634353638, -0.01187746413052082, -0.005882013589143753, 0.00600879592821002, -0.011503791436553001, -0.015013648197054863, -0.00016139671788550913, 0.0025556564796715975, 0.034564755856990814, 0.0023905064444988966, -0.01685532182455063, -0.013592355884611607, 0.011003335937857628, -0.011303609237074852, -0.012471336871385574, -0.006479223258793354, -0.004794358275830746, 0.02375492826104164, -0.01959114335477352, 0.041771307587623596, -0.006342432461678982, 0.01570761203765869, -0.008654533885419369, -0.015133757144212723, -0.0029526841826736927, 0.004750985652208328, 0.014426447451114655, 0.007353351451456547, -0.01574764959514141, 0.03758082911372185, 0.009435243904590607, 0.011010008864104748, -0.002126933541148901, 0.0038902030792087317, 0.00704640569165349, 0.01999150775372982, 0.011910827830433846, 0.025956930592656136, -0.01572095789015293, -0.00978889875113964, 0.001881710602901876, -0.003076129825785756, 0.010809826664626598, -0.025663329288363457, -0.0061055500991642475, 0.014706702902913094, -0.0015188807155936956, -0.0007623597048223019, 0.010022444650530815, 0.01439975667744875, -0.01227115560323, 0.008427660912275314, -0.006242341361939907, -0.030294205993413925, 0.017028814181685448, -0.01963117904961109, -0.005641795229166746, -0.00810069777071476, -0.003700030269101262, -0.009828935377299786, 0.00599545007571578, 0.017068849876523018, 0.013305428437888622, 0.023194419220089912, -0.019270852208137512, 0.02049863524734974, -0.01429299358278513, 0.006305732298642397, -0.021072490140795708, -0.014920230023562908, -0.0031962390057742596, 0.015307248570024967, -0.01620139554142952, 0.0007406733348034322, 0.007153169251978397, -0.01677525043487549, 0.007767060771584511, 0.00789384264498949, -0.0016848649829626083, -0.008047315292060375, -0.011503791436553001, -0.01672186702489853, 0.02039187029004097, 0.030400969088077545, -0.004737640265375376, -0.003946921322494745, 0.004430694505572319, -0.013812556862831116, 0.046602364629507065, 0.008320897817611694, -0.008567788638174534, -0.008974825032055378, 0.008507734164595604, -0.017255686223506927, -0.003823475679382682, -0.011363663710653782, -0.017882922664284706, -0.011063390411436558, 0.0103093720972538, -0.012958446517586708, -0.026183802634477615, 0.008174097165465355, 0.00038952077738940716, -0.008561115711927414, -0.00997573509812355, 0.00397694855928421, -0.013645738363265991, 0.026424020528793335, -0.0025489837862551212, 0.021779799833893776, -0.021606307476758957, -0.010636336170136929, 0.04350621625781059, 0.02786533161997795, 0.01010918989777565, 0.0162948127835989, 0.014319684356451035, -0.02807885967195034, -0.01644161343574524, 0.029333332553505898, 0.00201850151643157, 0.019110705703496933, -0.004117075819522142, 0.014426447451114655, 0.0003774264478124678, -0.013292083516716957, 0.03651319444179535, 0.0016990444855764508, 0.022887472063302994, -0.0313885323703289, -0.02476918324828148, 0.007099787704646587, 0.026183802634477615, -0.034564755856990814, 0.018950561061501503, -0.0007027221727184951, 0.006208977662026882, 0.01668183133006096, 0.01041613519191742, -0.013679102063179016, -0.0242754016071558, -0.009161662310361862, 0.01685532182455063, 0.01960448920726776, 0.014840157702565193, 0.0046775853261351585, -0.014559902250766754, 0.0070664240047335625, 0.017669396474957466, -0.022073399275541306, -0.0332568995654583, 0.004620867315679789, 0.013579010963439941, 0.017389141023159027, -0.02887958660721779, -0.0003250871959608048, -0.014506520703434944, 0.015360630117356777, -0.01580103114247322, -0.01586775854229927, -0.009768880903720856, 0.0019284196896478534, 0.012478009797632694, -0.008387625217437744, -0.007313314825296402, 0.018510160967707634, 0.04142432287335396, 0.02459569275379181, 0.007767060771584511, -0.0033230208791792393, 0.005421595182269812, 0.0010709735797718167, -0.014052774757146835, 0.022220199927687645, 0.042198359966278076, -0.03688686713576317, 0.009508644230663776, 0.0020168335177004337, 0.02073885314166546, 0.05372884124517441, -0.017429176717996597, 0.0054282681085169315, 0.019564451649785042, -0.010189262218773365, -0.008240824565291405, -0.6196566224098206, -0.034618135541677475, -0.0016565058613196015, -0.011283590458333492, 0.001181907719001174, 0.03323020786046982, 0.04049014300107956, 0.00606217747554183, -0.014866848476231098, -0.02885289490222931, -0.012618137523531914, -0.00020591635257005692, 0.010342735797166824, -0.005508340895175934, 0.004620867315679789, 0.005244767758995295, -0.011116772890090942, -0.03560570254921913, 0.021232634782791138, 0.01568092219531536, -0.017575977370142937, 0.004440703429281712, -0.027064602822065353, -0.009555352851748466, 0.011203518137335777, -0.004737640265375376, -0.007653624285012484, -0.03683348372578621, 0.013518956489861012, -0.012845010496675968, -0.04438701644539833, 0.030481042340397835, 0.01678859442472458, 0.005835304502397776, 0.03683348372578621, 0.0062523502856493, -0.009228388778865337, -0.005431604105979204, 0.011056717485189438, 0.013238701038062572, -0.02797209471464157, -0.0046275402419269085, 0.027238095179200172, -0.0237415824085474, 0.0051546860486269, 0.027438275516033173, 0.041771307587623596, -0.02390172891318798, 0.009301789104938507, -0.04395996406674385, 0.004947831388562918, 0.018670305609703064, 0.026864420622587204, 0.004063694272190332, 0.021673034876585007, 0.006539277732372284, 0.030614497140049934, -0.004270548932254314, -0.022033363580703735, 0.009582043625414371, 0.011230208911001682, -0.008494388312101364, -0.0013445556396618485, -0.02459569275379181, -0.01996481604874134, 0.0040837121196091175, -0.004670912865549326, 0.0016806945204734802, 0.004073703195899725, -0.00299772503785789, 6.417292024707422e-05, 0.02372823655605316, -0.003104488831013441, 0.01426630187779665, 0.014519866555929184, 0.004607521928846836, 0.015320594422519207, -0.001534728449769318, 0.0166951771825552, 0.018123142421245575, -0.013185319490730762, 0.01992478035390377, 0.007019714917987585, -0.02476918324828148, -0.0047109490260481834, -0.012544737197458744, -0.015440703369677067, -0.00496117677539587, 0.030481042340397835, -0.011777373030781746, 0.03282984346151352, -0.013505610637366772, 0.0020802244544029236, -0.02831907756626606, -0.00244722468778491, 0.018950561061501503, 0.012751592323184013, 0.012631482444703579, 0.003134516067802906, 0.0014613284729421139, -0.022153472527861595, -0.0009116620640270412, 0.009728844277560711, 0.013799211010336876, 0.01633484847843647, -0.0002420950768282637, -0.0056918407790362835, -0.01041613519191742, 0.038114648312330246, -0.0004078707715962082, 0.010963299311697483, 0.01010918989777565, -0.03397755324840546, -0.007266605738550425, -0.003276311792433262, -0.030134059488773346, 0.018843796104192734, 0.004147103521972895, -0.006272368598729372, -0.013438883237540722, 0.007727024145424366, 0.013238701038062572, 0.0287995133548975, 0.0025222930125892162, -0.005618440918624401, 0.004981195088475943, 0.010969972237944603, -0.002370488364249468, 0.0028692749328911304, -0.000697300536558032, 0.015133757144212723, -0.0004712617374025285, 0.027037912979722023, -0.00810069777071476, 0.014653320424258709, 0.031121624633669853, 0.006148923188447952, -0.027464967221021652, 0.009141643531620502, -0.01429299358278513, -0.01005580835044384, -0.018309978768229485, 0.021512890234589577, -0.009361843578517437, -0.02887958660721779, -0.008747952058911324, -0.007253260351717472, 0.027411585673689842, 0.006335759535431862, -0.01188413705676794, -0.003670003032311797, -0.023261146619915962, -0.017175612971186638, 0.014439793303608894, -0.00717318756505847, -0.012771610170602798, -0.0025473155546933413, -0.03971610590815544, 0.019190778955817223, -0.006249014288187027, 0.006282377522438765, 0.01024264469742775, -0.04438701644539833, -0.0013537306804209948, 0.012811646796762943, -0.0015755989588797092, 0.01192417275160551, 0.029146496206521988, -0.0033413709606975317, -0.026090383529663086, 0.0051546860486269, -0.01586775854229927, -0.009215043857693672, -0.014573248103260994, -0.017762813717126846, 0.0015172126004472375, -0.03667333722114563, 0.008060661144554615, 0.018176523968577385, -0.0022053380962461233, 0.002368820132687688, 0.03747406601905823, -0.018950561061501503, -0.005861995741724968, 0.00032550422474741936, 0.04500090703368187, 0.026837730780243874, 0.007640278898179531, -0.030507734045386314, 0.01692204922437668, -0.025676675140857697, 0.018563542515039444, -0.003179557155817747, 0.029333332553505898, 0.006656050682067871, 0.013432210311293602, 0.030534423887729645, -0.0024188656825572252, 0.0025673338677734137, 0.0033196844160556793, 0.011984228156507015, -0.01578768528997898, 0.037901122123003006, -0.018336668610572815, 0.022820744663476944, 0.0013303760206326842, 0.013932665809988976, -0.030427660793066025, 0.033924173563718796, -0.007940552197396755, 0.02376827411353588, -0.004760994575917721, -0.038728538900613785, 0.005985441152006388, 0.006636032368987799, 0.008060661144554615, -0.007540187798440456, 0.029840460047125816, 0.00514467665925622, -0.030400969088077545, 0.030454352498054504, 0.009081589058041573, 0.008761297911405563, -0.007873824797570705, -0.026183802634477615, -0.0011602214071899652, 0.01584106683731079, 0.0286660585552454, 0.014933575876057148, -0.007640278898179531, -0.003846830455586314, -8.7162567069754e-05, 0.029947223141789436, -0.008260843344032764, 0.006769487168639898, 0.013292083516716957, 0.023060964420437813, -0.02007157914340496, 0.02871944196522236, 0.0014821807853877544, 0.02826569601893425, 0.0019617832731455564, 0.014853502623736858, -0.011056717485189438, 0.02781195007264614, 0.00411373982205987, 0.003042766125872731, 0.015587503090500832, 0.022367000579833984, -0.011957536451518536, -0.0037901122123003006, 0.004827721975743771, -0.02420867420732975, 0.013705792836844921, 0.029493477195501328, 0.006372459698468447, 0.006032150238752365, 0.022073399275541306, 0.025810129940509796, 0.013605701737105846, 0.02351471036672592, 0.015107066370546818, 0.02783863991498947, 0.02456900104880333, 0.019177433103322983, 0.014306338503956795, -0.01212435495108366, -0.011003335937857628, -0.012217773124575615, -0.012838337570428848, -0.01972459815442562, 0.013085228390991688, -0.002267060801386833, -0.010142553597688675, 0.00023146040621213615, 0.002812556689605117, 0.017228996381163597, 0.004594176542013884, 0.004193812608718872, 0.02384834550321102, -0.011043372564017773, -0.03384409844875336, -0.01028935331851244, 0.014119502156972885, -0.008427660912275314, 0.004517439752817154, 2.932353163487278e-05, 0.006509250495582819, -0.002754170447587967, 0.03520533815026283, 0.010876554064452648, 0.01660175807774067, -0.029493477195501328, 0.01024931762367487, -0.0005734379519708455, 0.0034764937590807676, 0.026237184181809425, -0.042545344680547714, -0.023154381662607193, -0.001010918989777565, 0.005398240871727467, -0.030534423887729645, -0.0037467393558472395, 0.002198665402829647, 0.008727934211492538, 0.005678495392203331, -0.0016856990987434983, 0.0035298755392432213, -0.0016690172487869859, 0.009481953456997871, -0.00043456171988509595, -0.008901425637304783, -0.017802851274609566, 0.03213588148355484, 0.005478313658386469, -0.017135577276349068, 0.003720048349350691, -0.02037852443754673, 0.02478252910077572, -0.017495904117822647, 0.002195328939706087, 0.0020385198295116425, -0.038168031722307205, -0.0010517894988879561, 0.03250955417752266, 0.019284198060631752, 0.01570761203765869, 0.034804973751306534, 0.02057870663702488, 0.008928116410970688, -0.02087230794131756, -0.02488929219543934, 0.024982711300253868, 0.01186411827802658, -0.021019108593463898, 0.0048310584388673306, -0.013532301411032677, 0.005384895019233227, -0.019377615302801132, -0.00411373982205987, 0.005631786305457354, -0.012664846144616604, 0.013018500991165638, -0.03181558847427368, -0.012918409891426563, 0.013185319490730762, 0.03573915734887123, 0.03547224774956703, 0.03355050086975098, -0.008981497958302498, 0.00043039125739596784, -0.0031411887612193823, 0.0204852893948555, -0.029306640848517418, 0.012718228623270988, 0.005531695205718279, 0.0018516832496970892, 0.015587503090500832, -0.007733697071671486, 0.0021419471595436335, 0.004907794762402773, -0.01641492173075676, 0.017188958823680878, 0.015120412223041058, 0.034724898636341095, 0.018510160967707634, -0.0033530481159687042, -0.018149832263588905, 0.013372155837714672, -0.02428874745965004, 0.011797390878200531, 0.02079223468899727, 0.0071198055520653725, -0.0058453138917684555, 0.017175612971186638, -0.01224446389824152, -0.011310282163321972, -0.012965119443833828, 0.009408553130924702, -0.0040603578090667725, -0.021806489676237106, 0.01186411827802658, 0.011497118510305882, -0.05271458625793457, -0.001495526172220707, -0.012464664876461029, 0.0064391870982944965, -0.010496208444237709, -0.026530785486102104, -0.025916893035173416, -0.03600606694817543, 0.007420078851282597, -0.031041551381349564, 0.012764937244355679, -0.01199757307767868, 0.004877767525613308, -0.026797693222761154, 0.02443554624915123, 0.01193084567785263, -0.010522899217903614, 0.007353351451456547, -0.0032579617109149694, -0.016948740929365158, 0.023114345967769623, -0.027144676074385643, -0.021072490140795708, -0.018670305609703064, -0.023434637114405632, 0.0017198967980220914, 0.026490747928619385, 0.002789202146232128, -0.016962086781859398, -0.003656657412648201, 0.010963299311697483, 0.001225280575454235, -0.006385805085301399, 0.012858355417847633, -0.027024567127227783, 0.025089474394917488, -0.018777068704366684, -0.0067060962319374084, 0.026637548580765724, -0.011537154205143452, -0.019124051555991173, -0.007593569811433554, -0.014546557329595089, -0.006392478011548519, -0.013432210311293602, 0.013852592557668686, -0.012985137291252613, 0.0001953859464265406, -0.01195086445659399, -0.01588110439479351, -0.022166818380355835, 0.02460903860628605, -0.01984470710158348, 0.010009098798036575, 0.0016439944738522172, -0.03331028297543526, 0.01415953878313303, 0.023221109062433243, 0.014960266649723053, -0.0018316650530323386, -0.022527145221829414, 0.0011326964013278484, -0.04099727049469948, 0.03928904980421066, 0.008487716317176819, -0.00822747964411974, 0.04409341886639595, -0.005241431295871735, -0.0329899899661541, 0.009121625684201717, -0.017896268516778946, 0.01622808538377285, 0.016948740929365158, 0.013258719816803932, -0.001916742417961359, -0.03629966452717781, -0.034911736845970154, -0.0031912343110889196, 0.013579010963439941, 0.006135577801615, -0.02491598390042782, -0.008894752711057663, 0.02057870663702488, -0.029333332553505898, 0.027184711769223213, -0.02826569601893425, -0.02434212900698185, 0.014760084450244904, 0.011130117811262608, -0.002123597078025341, 0.000524226576089859, -0.006395814009010792, 0.006295723374933004, 0.004727630876004696, 0.00016671406046953052, -0.03320351615548134, -0.019457688555121422, 0.004724294878542423, -0.009642099030315876, 0.017962995916604996, 0.021152561530470848, 0.03323020786046982, 0.00019715839880518615, 0.0009383530123159289, 0.00803397037088871, -0.0038134667556732893, -0.00606217747554183, -0.01634819433093071, 0.010789808817207813, -0.02490263804793358, -0.011837427504360676, 0.0407036691904068, 0.009088261984288692, -0.019551105797290802, 0.0033296935725957155, 0.00802729744464159, 0.0413709431886673, -0.003516530152410269, 0.006515923421829939, -0.009034879505634308, -0.02073885314166546, -0.0072999694384634495, -0.0027408248279243708, 0.0016122990055009723, 0.007606915198266506, -0.03253624588251114, -0.02089899778366089, 0.004787685815244913, 0.011397027410566807, 0.004484076518565416, -0.005101304035633802, 0.019057324156165123, -0.034377917647361755, 0.03723384812474251, -0.008667879737913609, 0.05765241011977196, 0.014826811850070953, 0.002468910999596119, -0.02084561623632908, -0.0202183797955513, 0.01231786422431469, 0.013879284262657166, 0.03210918977856636, 0.02430209144949913, -0.027705185115337372, -0.01610797643661499, -0.012237791903316975, -0.01604124903678894, 0.00195844704285264, -0.0010509553831070662, -0.03331028297543526, -0.00521807698532939, -0.01004913542419672, 0.005508340895175934, -0.02799878641963005, 0.007553533185273409, 0.01214437372982502, 0.01673521287739277, 0.02452896535396576, -0.0021035789977759123, -0.008260843344032764, 0.01582772098481655, -0.015107066370546818, 0.04062359780073166, 0.003760084742680192, 0.011583863757550716, 0.004220503382384777, 0.011964209377765656, -0.009335152804851532, -0.0032963298726826906, -0.010442826896905899, 0.014813465997576714, 0.014319684356451035, 0.022193508222699165, -0.00520806759595871, -0.0018199877813458443, 0.03237609937787056, 0.013632392510771751, -0.0040336670354008675, -0.03768759220838547, 0.05271458625793457, -0.0006301561952568591, 0.011850773356854916, 0.007800424471497536, -0.008661206811666489, -0.02362147346138954, -0.0031411887612193823, 0.0006664391839876771, -0.015414012596011162, 0.01592114008963108, -0.008707916364073753, -0.0203518345952034, 0.034724898636341095, -0.012958446517586708, 0.03747406601905823, -0.006592659745365381, -0.005004549399018288, 0.015534121543169022, 0.019124051555991173, -0.00828086119145155, 0.0004987867432646453, -0.0071198055520653725, -0.0030177433509379625, 0.006355777848511934, -0.009154989384114742, 0.022006671875715256, -0.015414012596011162, -0.009255080483853817, -0.00417713075876236, 0.015187139622867107, 0.01665514148771763, -0.03621959313750267, -0.02057870663702488, 0.022607218474149704, -0.003656657412648201, 0.018456777557730675, -0.004707613028585911, -0.013705792836844921, -0.00992902647703886, -0.00796724297106266, -0.007933879271149635, -0.027358204126358032, 0.01569426618516445, -0.018737033009529114, 0.0008833030005916953, 0.0060488320887088776, -0.026797693222761154, 0.00021832347556483, -0.005568395368754864, 0.006015468388795853, -0.03170882537961006, -0.022380344569683075, 0.006752805318683386, -0.00984895322471857, 0.03742068260908127, 0.01181073673069477, -0.00404367595911026, -0.00195844704285264, 0.00587867759168148, -0.021139217540621758, 0.004424021579325199, 0.02885289490222931, 0.014252956956624985, -0.018616924062371254, -0.018670305609703064, -0.008507734164595604, -0.008667879737913609, -0.018096450716257095, -0.012424628250300884, 0.0037133756559342146, -0.004924476612359285, -0.0022136790212243795, 0.021179253235459328, -0.022553836926817894, -0.014052774757146835, 0.011650591157376766, 0.01439975667744875, 0.011316954158246517, -0.010449498891830444, 0.00034969288390129805, 0.016948740929365158, 0.006342432461678982, -0.0002721223863773048, 0.007333333138376474, -0.0316554419696331, 0.011116772890090942, 0.008934789337217808, -0.02084561623632908, 0.0009875644464045763, -0.03747406601905823, -0.0022370335645973682, 0.005968759302049875, 0.018283287063241005, -0.0017932968912646174, -0.025916893035173416, -0.034484680742025375, -0.009935698471963406, -0.010943281464278698, 0.00104178034234792, -0.0031161662191152573, 0.010336062870919704, 0.018790414556860924, -0.0033997572027146816, 0.0165617223829031, 0.02834576740860939, -0.00992235355079174, -0.004944494925439358, -0.014893539249897003, 0.00703973276540637, -0.03344373404979706, -0.013412192463874817, 0.023541400209069252, 0.02423536404967308, 0.00800727866590023, -0.02455565519630909, -0.030427660793066025, 0.017282377928495407, -0.03744737431406975, 0.012751592323184013, 0.003251289017498493, 0.021446162834763527, 0.008908097632229328, 0.029253259301185608, -0.003720048349350691, 0.015067029744386673, -0.009535335004329681, 0.004016985185444355, -0.021005762740969658, 0.01435972098261118, 0.01389262918382883, 0.002193660940974951, -0.011917500756680965, -0.013312101364135742, -0.06267030537128448, -0.002762511372566223, 0.03237609937787056, -0.0286660585552454, 0.005034576635807753, 0.04334606975317001, 0.006142250262200832, -0.005705186165869236, -0.0030060659628361464, -0.0027258112095296383, -0.004300576169043779, 0.009602062404155731, 0.03960933908820152, -0.05148680508136749, 0.004764331039041281, -0.0013445556396618485, 0.021045798435807228, 0.012571427971124649, 0.014746738597750664, 0.01201091893017292, 0.005658477079123259, 0.027545040473341942, 0.0038601758424192667, -0.005054594948887825, -0.017282377928495407, -0.005892022978514433, 0.02911980450153351, 0.017616014927625656, 0.011230208911001682, 0.02045859768986702, 0.009488625451922417, 0.001741583226248622, -0.0026991204358637333, 0.026330603286623955, -0.0237415824085474, 0.006946314591914415, 0.017442522570490837, -0.02383500151336193, -0.0029076433274894953, -0.042892325669527054, -0.0026674249675124884, 0.01453321147710085, -0.01646830327808857, 0.003206247929483652, -0.00783378817141056, -0.022220199927687645, 0.022660600021481514, 0.0038902030792087317, -0.03589930012822151, -0.022286927327513695, 0.01636154018342495, -0.030347587540745735, -0.012277827598154545, -0.012558083049952984, 0.021579617634415627, -0.003900212235748768, -0.0013845920329913497, 0.015053684823215008, -0.04387988895177841, -0.010516226291656494, 0.013759174384176731, -0.01636154018342495, -0.003659993875771761, -0.010849863290786743, 0.17594660818576813, -0.0044173491187393665, 0.01674855872988701, 0.015333939343690872, -0.006088868714869022, -0.015520775690674782, 0.014186229556798935, 0.0017232331447303295, -0.001150212250649929, 0.01653503067791462, 0.026864420622587204, -0.017442522570490837, -0.04492083564400673, 0.00593873206526041, 0.008441006764769554, -0.008314224891364574, -0.03928904980421066, -0.022380344569683075, -0.011630573309957981, 0.021939944475889206, 0.012925082817673683, -0.01648164913058281, -0.008814679458737373, 0.004607521928846836, 0.014186229556798935, 0.006959659978747368, -0.00783378817141056, 0.01568092219531536, 0.017922960221767426, 0.022820744663476944, -0.0054582953453063965, -0.01596117578446865, -0.002403851831331849, 0.018830452114343643, -0.015467394143342972, -0.006932969205081463, 0.03221595287322998, -0.037767667323350906, 0.000217906417674385, 0.019511070102453232, -0.012284500524401665, -0.004510767292231321, 0.0009667121339589357, -0.006872914731502533, -0.02762511372566223, -0.017015468329191208, -0.03130846098065376, 0.005268122535198927, -0.035018499940633774, 0.01597452163696289, -0.023661509156227112, -0.0034664846025407314, 0.011777373030781746, 0.019217470660805702, -0.0015497421845793724, -0.003136184299364686, 0.018016377463936806, -0.006349104922264814, 0.03248286247253418, -0.01042280811816454, -0.01654837653040886, 0.014439793303608894, -0.02877282351255417, 0.010669699870049953, -0.011984228156507015, 0.0017966332379728556, -0.02443554624915123, -0.021219288930296898, -0.002056869911029935, 0.011330300010740757, -0.008167424239218235, -0.006939642131328583, -0.015427357517182827, 0.009882316924631596, -0.010663026943802834, -0.009408553130924702, 0.00349317560903728, 0.01676190458238125, 0.012804973870515823, -0.011236881837248802, -0.013225356116890907, -0.003231270704418421, -0.011497118510305882, 0.03744737431406975, -0.010789808817207813, 0.00490112230181694, 0.021713072434067726, -0.0016264786245301366, 0.022660600021481514, -0.021953290328383446, -0.0003943167976103723, -0.004297239705920219, 0.01188413705676794, 0.005811950191855431, -0.0052747949957847595, 0.0023521382827311754, -0.026690930128097534, 0.011623900383710861, -0.019497724249958992, 0.03162875398993492, -0.030534423887729645, 0.037660904228687286, 0.011330300010740757, -0.0024205336812883615, -0.018563542515039444, -0.026891112327575684, 0.0018983924528583884, 0.015280557796359062, 0.012558083049952984, -0.02861267700791359, -0.009094934910535812, -0.02394176460802555, -0.015387321822345257, -0.002760843141004443, 0.022273581475019455, 0.001600621733814478, -0.02053867094218731, -0.023287836462259293, 0.02443554624915123, -0.02448892779648304, 0.008968153037130833, -0.04105065017938614, 0.0056918407790362835, 0.0014062783448025584, 0.003229602472856641, -0.034351225942373276, -0.02358143776655197, 0.006038823164999485, 0.011477099731564522, -0.03963603079319, 0.013665756210684776, 0.012638155370950699, 0.02072550728917122, -0.013999393209815025, 0.01585441268980503, 0.005658477079123259, -0.004827721975743771, -0.013625719584524632, -0.010015771724283695, 0.0019350924994796515, -0.01606794074177742, -0.009542007930576801, 0.017309067770838737, -0.007653624285012484, 0.019124051555991173, -0.009041552431881428, -0.004851076751947403, 0.015067029744386673, -0.012971792370080948, -0.022780708968639374, -0.008694570511579514, -0.030134059488773346, -0.0011919168755412102, -0.015227176249027252, 0.0038168029859662056, 0.012591446749866009, -0.022447071969509125, -0.04716287553310394, 0.00029380875639617443, 0.01566757634282112, -0.03587261214852333, -0.02426205575466156, 0.03587261214852333, -0.026237184181809425, -0.021286016330122948, -0.006796177942305803, -0.16793933510780334, 0.04561480134725571, 0.026117075234651566, -0.00042580373701639473, 0.007707006298005581, 0.013558992184698582, 0.011703972704708576, -0.004157112445682287, -0.03216256946325302, 0.004547467455267906, 0.029600242152810097, -0.026263875886797905, -0.015467394143342972, -0.002657415810972452, -0.006112223025411367, -0.01395935658365488, 0.002477251924574375, 0.013478919863700867, 0.013232029043138027, 0.019818015396595, -0.0018550197128206491, -0.012905064970254898, 0.011904154904186726, 0.0058453138917684555, -0.015387321822345257, 0.010909917764365673, -0.004153775982558727, 0.019818015396595, -0.00729329651221633, -0.0200849249958992, -0.010696390643715858, -0.018576888367533684, 0.031228387728333473, -0.0007965574623085558, -0.01568092219531536, -0.013365483842790127, -0.01620139554142952, -0.010816499590873718, -0.0004854412982240319, 0.015093721449375153, 0.01996481604874134, 0.017495904117822647, -0.012164391577243805, -0.017095541581511497, -0.0050212312489748, 0.03589930012822151, 0.011190172284841537, -0.011023354716598988, 0.01674855872988701, -0.023274490609765053, 0.002607370261102915, -0.025156201794743538, -0.008254170417785645, 0.002480588387697935, -0.006872914731502533, -0.009148316457867622, -0.007253260351717472, 0.0022553836461156607, 0.00703973276540637, -0.03216256946325302, -0.004667576402425766, -0.0014346374664455652, 0.010943281464278698, -0.018696997314691544, -0.022340308874845505, -0.03894206881523132, 0.014800121076405048, 0.03162875398993492, -0.012664846144616604, 0.008647861890494823, 0.0006493402761407197, -0.0010217621456831694, 0.011490445584058762, -0.04812374711036682, 0.013599028810858727, 0.0014488170854747295, -0.005254777148365974, 0.011377008631825447, 0.01439975667744875, -0.01426630187779665, -0.0016314830863848329, 0.04879102110862732, -0.004343948792666197, 0.0329899899661541, -0.012571427971124649, 0.014639975503087044, -0.03197573497891426, 0.017228996381163597, -0.003970276098698378, -0.008754624985158443, 0.005201395135372877, -0.02874613180756569, -0.004824385512620211, -0.029813768342137337, 0.011683954857289791, 0.02789202146232128, -0.007199878338724375, 0.001224446459673345, -0.0040336670354008675, 0.0034698210656642914, 0.021019108593463898, -0.008260843344032764, -0.05359538644552231, 0.021913254633545876, 0.01439975667744875, 0.02494267374277115, -0.02068547159433365, 0.013252046890556812, 0.01993812434375286, 0.013492265716195107, 0.003374734427779913, 0.003419775515794754, 0.02087230794131756, 0.03323020786046982, -0.006239004898816347, 0.026637548580765724, -0.034618135541677475, -0.018189869821071625, -0.003379739122465253, -0.017282377928495407, -0.006926296278834343, 0.025196237489581108, -0.015053684823215008, -0.0018383378628641367, -0.00029130649636499584, -0.014066120609641075, -0.09176342189311981, -0.00599545007571578, 0.01664179563522339, 0.022660600021481514, -0.003139520762488246, 0.0021302697714418173, 0.008561115711927414, 0.003629966638982296, -0.006746132858097553, 0.008254170417785645, -0.004013648722320795, -0.022527145221829414, -0.006422505248337984, -0.014519866555929184, 0.04008977860212326, -0.0028292385395616293, -0.0028726113960146904, -0.02439551055431366, -0.05258113145828247, -0.00028505080263130367, -0.02850591391324997, -0.007420078851282597, -0.010969972237944603, -0.008767970837652683, -0.011090081185102463, -0.023528054356575012, -0.02786533161997795, 0.012151045724749565, 0.03955595940351486, 0.011610554531216621, -0.02024507150053978, -0.015227176249027252, 0.012471336871385574, 0.0020034878980368376, -0.01568092219531536, -0.011637245304882526, -0.017629358917474747, -0.042118288576602936, 0.0285326037555933, -0.017736123874783516, -0.014706702902913094, 0.005761904641985893, 0.0032612979412078857, -0.02043190784752369, -0.0030244160443544388, -0.02911980450153351, 0.005201395135372877, 0.03784773871302605, -0.017909614369273186, -0.007927206344902515, 0.01245131902396679, 0.006155595649033785, 0.012698209844529629, -0.023234454914927483, 0.021486198529601097, -0.006589323282241821, -0.01564088463783264, 0.008260843344032764, -0.01633484847843647, 0.010989991016685963, -0.006792841944843531, 0.022313617169857025, -0.01989808864891529, 0.03624628484249115, 0.029279951006174088, -0.001911737839691341, -0.012538064271211624, 0.005434940569102764, 0.010396117344498634, -0.03613951802253723, 0.018977250903844833, 0.022633908316493034, -0.015440703369677067, -0.0005392401944845915, -0.006712769158184528, -0.003277979791164398, -0.021366089582443237, -0.021873217076063156, 0.0007702835719101131, -0.005671822931617498, -0.030721260234713554, -0.00840764306485653, 0.026730967685580254, -0.018483469262719154, -0.003696693805977702, 0.01632150448858738, 0.004424021579325199, -0.013812556862831116, 0.03533879294991493, -0.05236760526895523, 0.006372459698468447, 0.03557901084423065, 0.05140673369169235, -0.017682740464806557, -0.02016499824821949, 0.023528054356575012, -0.006906278431415558, -0.01012253575026989, -0.029466787353157997, 0.02016499824821949, -0.050365786999464035, -0.018376706168055534, -0.0706242024898529, 0.04884440079331398, 0.009528662078082561, -0.02358143776655197, 4.0766226447885856e-05, -0.00828086119145155, 0.010763118043541908, -0.008874733932316303, 0.004183803219348192, 0.009168334305286407, -0.018763724714517593, 0.027358204126358032, -0.013785865157842636, -0.0020435242913663387, -0.014453139156103134, -0.011303609237074852, 0.0048577492125332355, 0.01042948104441166, 0.021632999181747437, 0.01012253575026989, -0.018390050157904625, -0.02488929219543934, -0.009068243205547333, -0.011550500057637691, -0.04940491169691086, 0.022060053423047066, -0.038194719702005386, 0.00984895322471857, -0.01010251697152853, -0.01633484847843647, 0.006038823164999485, -0.00605884101241827, -0.010969972237944603, 0.050072185695171356, 0.010829845443367958, -0.03715377673506737, 0.0007694494561292231, 0.004157112445682287, 0.02057870663702488, -0.034191083163022995, 0.01024264469742775, -0.025249620899558067, 0.0012161055346950889, 0.00047584925778210163, 0.013659083284437656, 0.005121322348713875, -0.01644161343574524, 0.022433726117014885, 0.02807885967195034, 0.011236881837248802, 0.0029727022629231215, 0.017082195729017258, 0.010282681323587894, -0.02096572518348694, -0.0166951771825552, -0.010696390643715858, -0.0144664840772748, -0.014746738597750664, 0.0011268577072769403, -0.007319987751543522, 0.0289329681545496, 0.0007093948661349714, 0.011023354716598988, -0.004984531085938215, 0.021406125277280807, 0.026410676538944244, -0.015333939343690872, -0.01403942983597517, 0.01434637513011694, -0.0019717924296855927, 0.0040570213459432125, -8.643273758934811e-05, -0.007340006064623594, 0.003946921322494745, 0.0003453139215707779, -0.01693539507687092, 0.006399150472134352, 0.008307551965117455, -0.034991808235645294, 0.01581437699496746, 0.03224264457821846, 0.01565423049032688, -0.013445556163787842, 0.011830754578113556, 0.02874613180756569, -0.010809826664626598, -0.007446769624948502, 0.012111010029911995, 0.018750378862023354, -0.003953594248741865, 0.0011535485973581672, 0.050792839378118515, -0.009868971072137356, 0.017749467864632607, 0.007206551264971495, 0.0048343949019908905, -0.004414012655615807, -0.034484680742025375, -6.964664498809725e-05, 0.007620260585099459, -0.017482560127973557, -0.013532301411032677, 0.015427357517182827, -0.034164391458034515, -0.009114952757954597, 0.02051197923719883, -0.022340308874845505, -0.023234454914927483, -0.03605944663286209, 0.014986957423388958, 0.0031411887612193823, -0.01570761203765869, 0.018109796568751335, 0.029333332553505898, 0.01018259022384882, 0.02455565519630909, -0.017322413623332977, 0.0030127386562526226, -0.027331512421369553, 0.0756954774260521, -0.017202304676175117, 0.004774339962750673, -0.010929935611784458, 0.011857446283102036, 0.029466787353157997, -0.0052481042221188545, -0.003966939635574818, -0.0006105550564825535, 0.002679102122783661, -0.01564088463783264, -0.0020151652861386538, -0.04468061774969101, -0.017415832728147507, -0.018243251368403435, -0.018603578209877014, 0.010989991016685963, -0.0016156353522092104, 0.01608128473162651, 0.03603275492787361, 0.08882741630077362, 0.054102517664432526, -0.008841370232403278, 0.01193751860409975, -0.01415953878313303, 0.03290991857647896, 0.0010009098332375288, -0.010556262917816639, 0.018483469262719154, -0.03589930012822151, -0.030347587540745735, 0.005888686515390873, -0.012671519070863724, -0.025289656594395638, -0.0143330292776227, -0.009074916131794453, -0.005918713752180338, 0.033897481858730316, -0.029413405805826187, -0.009728844277560711, 0.005498331505805254, -0.01644161343574524, 0.018496815115213394, 0.031228387728333473, -0.018376706168055534, -0.011717318557202816, 0.0032329389359802008, -0.009034879505634308, -0.017549287527799606, -0.04404003545641899, -0.003519866382703185, 0.00788049679249525, -0.02871944196522236, -0.02047194354236126, 0.039235666394233704, 0.0009175007580779493, -0.008134061470627785, -0.006245677825063467, 0.018923869356513023, -0.003244616324082017, 0.008721261285245419, 0.034191083163022995, 0.001119350898079574, 0.007246587425470352, -0.017335759475827217, -0.002644070191308856, -0.026410676538944244, -0.013058537617325783, -0.013358810916543007], 'ai_metadata': {'tags': ['construction', 'document'], 'document_type': 'unknown', 'topics': ['ACME_Steel_Beams_Catalog.txt'], 'supplier_mentions': [], 'categories': ['general'], 'summary': '```json\n{\n  "tags": [\n    "AS/NZS 3679.1", \n    "Grade 300", \n    "Universal Beams", \n    "Corrosion Protection", \n    "Hot-dip galvanized", \n    "Fire Rating"\n  ],\n  "document_type": "specification",'}, 'tags': ['steel', 'beams', 'supplier', 'structural'], 'knowledge_bank_type': 'personal', 'upload_timestamp': '2025-08-12T07:38:05.841000', 'status': 'active', 'view_count': 0, 'reference_count': 5, 'storage_path': 'personal_knowledge_bank/demo_user_auto_token/f41f1e30-eb07-4e6e-89e5-276921ac131c/ACME_Steel_Beams_Catalog.txt', 'file_data': 'CiAgICAgICAgICAgIEFDTUUgQ29uc3RydWN0aW9uIE1hdGVyaWFscyAtIFN0ZWVsIEJlYW0gU3BlY2lmaWNhdGlvbnMKICAgICAgICAgICAgCiAgICAgICAgICAgIFByb2R1Y3Q6IFVuaXZlcnNhbCBCZWFtcyAoVUIpIC0gR3JhZGUgMzAwCiAgICAgICAgICAgIFN0YW5kYXJkcyBDb21wbGlhbmNlOiBBUy9OWlMgMzY3OS4xCiAgICAgICAgICAgIAogICAgICAgICAgICBBdmFpbGFibGUgU2l6ZXM6CiAgICAgICAgICAgIC0gMzEwVUI0MC40OiAzMTBtbSBkZWVwLCAxNjVtbSB3aWRlCiAgICAgICAgICAgIC0gMzYwVUI0NC43OiAzNjBtbSBkZWVwLCAxNzBtbSB3aWRlCiAgICAgICAgICAgIC0gNDEwVUI1My43OiA0MTBtbSBkZWVwLCAxNzhtbSB3aWRlCiAgICAgICAgICAgIAogICAgICAgICAgICBGaXJlIFJhdGluZzogVXAgdG8gNCBob3VycyB3aXRoIGFwcHJvcHJpYXRlIHByb3RlY3Rpb24KICAgICAgICAgICAgQ29ycm9zaW9uIFByb3RlY3Rpb246IEhvdC1kaXAgZ2FsdmFuaXplZCBhdmFpbGFibGUKICAgICAgICAgICAgCiAgICAgICAgICAgIENvbnRhY3Q6IHNhbGVzQGFjbWUtc3RlZWwuY29tLmF1CiAgICAgICAgICAgIEFCTjogMTIgMzQ1IDY3OCA5MDEKICAgICAgICAgICAg'}, 'similarity_score': 0.7257661755035512, 'source': 'Personal Knowledge Bank', 'privacy': 'Private to your account'}], 'mentor_note_results': [{'type': 'mentor_note', 'note': {'_id': '6896930cc587380ac29d3fce', 'note_id': '61b240f4-10c0-4944-883a-9859b60a7c9d', 'user_id': 'dev_user_123', 'user_email': 'dev@example.com', 'title': 'HVAC System Sizing for Office Buildings', 'content': 'Proper HVAC system sizing is critical for energy efficiency and occupant comfort. Key considerations include: 1) Heat load calculations per AS/NZS 1668.2, 2) Fresh air requirements per AS 1668.2, 3) Equipment selection based on peak loads with appropriate safety factors, 4) Ductwork sizing to minimize pressure losses, 5) Control system integration for optimal performance.', 'tags': ['HVAC', 'sizing', 'energy-efficiency', 'construction', 'document'], 'category': 'mechanical-systems', 'attachment_url': None, 'embedding': [0.007888833060860634, 0.01140796672552824, -0.005616329610347748, -0.03763265535235405, 0.010583372786641121, 0.00417815987020731, -0.008583569899201393, -0.022751005366444588, 0.007297982461750507, -0.0004825011710636318, 0.0024867679458111525, 0.01662173867225647, -0.0014219378354027867, 0.0009106245706789196, -0.01558288000524044, -0.013323362916707993, 0.0253871101886034, -0.0032935068011283875, 0.019309785217046738, -0.027347955852746964, -0.024036593735218048, 0.017284011468291283, -0.016985340043902397, -0.005454008001834154, 0.003019183175638318, 0.006619477644562721, 0.01231696829199791, -0.029763301834464073, 0.0008343333611264825, -0.023478206247091293, 0.02986718714237213, 0.005366354249417782, -0.006869453005492687, -0.009148449636995792, -0.017777469009160995, 0.015427051112055779, 0.003158779814839363, -0.0006363009451888502, 0.003241563681513071, -0.02428332157433033, 0.026932410895824432, -0.014245349913835526, 0.0010721345897763968, 0.01720609702169895, 0.014842693693935871, 0.02593250945210457, 0.029321786016225815, -0.033529166132211685, -0.00606758426874876, 0.008395276963710785, -0.0008225650526583195, 0.01433624979108572, -0.0008521887939423323, 0.005700737237930298, -0.019582485780119896, -0.017335955053567886, -0.018998127430677414, 0.02006295882165432, 0.004022330977022648, -0.035347167402505875, -0.017024297267198563, -0.020257744938135147, -0.0317111611366272, 0.018803343176841736, -0.009031577967107296, -0.01334933377802372, -0.005561140365898609, 0.0014998522819951177, -0.012518247589468956, -0.008609541691839695, 0.03337333723902702, 0.03654185310006142, -0.00389572000131011, 0.03898317366838455, 0.021049873903393745, -0.01608932390809059, 0.009154941886663437, 0.002308214083313942, -0.011394981294870377, -0.002051746007055044, -0.004207377787679434, -0.03900914266705513, -0.00068662065314129, 0.01842675544321537, -0.0030743724200874567, 0.000502791372127831, 0.009077027440071106, 0.011115787550807, -0.016063353046774864, 0.02625715360045433, 0.014141463674604893, -0.014362221583724022, 0.025296209380030632, 0.013050662353634834, -0.02997107245028019, 0.006603245623409748, 0.01239488273859024, 0.006791538558900356, 0.00037800660356879234, -0.011161237955093384, -0.003999605774879456, 0.005879290867596865, -0.044982582330703735, -0.005538415629416704, -0.010356122627854347, 0.009992522187530994, 0.004593703430145979, -0.002665321808308363, 0.010667780414223671, -0.02755572646856308, -0.007609639782458544, 0.039476629346609116, -0.016829511150717735, 0.007453810889273882, 0.01723206788301468, 0.016413968056440353, 0.01351814903318882, 0.005850072950124741, -0.031061874702572823, 0.0044995564967393875, -0.016647711396217346, 0.01476477924734354, 0.01653083972632885, -0.005119625478982925, 0.0320487916469574, -0.005768912378698587, -0.021322574466466904, -0.02593250945210457, -0.01494657900184393, -0.012550711631774902, -0.0013464582152664661, 0.010511951521039009, 0.01773851178586483, 0.016050366684794426, -0.022166647017002106, -0.0029428917914628983, 0.010206786915659904, 0.02986718714237213, -0.01502449344843626, -0.01468686480075121, -0.0014146333560347557, 0.02478976547718048, -0.027166154235601425, -0.03168518841266632, 0.013609048910439014, -0.004204131197184324, 0.019686372950673103, 0.028049184009432793, -0.014660893008112907, -0.017413869500160217, -0.006765567231923342, -0.012803933583199978, -0.013362320140004158, 0.013271419331431389, 0.004772257059812546, 0.014479093253612518, -0.022283518686890602, 0.0017969008767977357, -0.01729699783027172, -0.030023016035556793, 0.01094048097729683, -0.011881946586072445, 0.002788686193525791, 0.010135364718735218, -0.002415346447378397, -0.01003147941082716, 0.016855482012033463, -0.010752187110483646, -0.008590063080191612, 0.019050071015954018, -0.004048302303999662, 0.019686372950673103, -0.018361827358603477, -0.001301008160226047, 0.027088239789009094, 0.007369403727352619, -6.122570630395785e-05, 0.01962144300341606, 0.01981622911989689, -0.014582978561520576, -0.017011310905218124, -0.004106738138943911, 0.020114900544285774, 0.01636202447116375, -0.025607867166399956, -0.0027854398358613253, 0.010778158903121948, 0.019673386588692665, 0.027399897575378418, -0.012849383056163788, 0.008512148633599281, 0.02169916033744812, 0.004467092454433441, -0.005171568598598242, -0.6474167108535767, -0.008168026804924011, -0.008258926682174206, -0.03142547607421875, 0.00303379213437438, -0.011791045777499676, 0.048956215381622314, 0.02220560424029827, 0.006356516852974892, -0.00682400306686759, 0.015543922781944275, 0.015076437033712864, -0.007135660853236914, -0.018998127430677414, 0.0024072304368019104, -0.023205505684018135, 0.00592149468138814, -0.0019348743371665478, 0.017582682892680168, -0.0025305948220193386, -0.004473585169762373, 0.034568022936582565, -0.03571076691150665, -0.016245152801275253, 0.032412391155958176, -0.01372592058032751, -0.00557412626221776, -0.01550496555864811, 0.0029363990761339664, 0.003980127163231373, 0.00030272992444224656, 0.017543725669384003, 0.010752187110483646, 0.0067071313969790936, 0.04519035294651985, 0.0073499251157045364, -0.018102113157510757, 0.02169916033744812, 0.01468686480075121, 0.01218711119145155, -0.0013456466840580106, -0.009135463275015354, 0.024296307936310768, 0.006074076984077692, -0.008155040442943573, 0.019582485780119896, 0.044644951820373535, -0.01476477924734354, 0.011433938518166542, -0.03477579355239868, -0.0045774709433317184, -0.002989965258166194, 0.002821150701493025, 0.023621048778295517, 0.012511754408478737, -0.015154351480305195, 0.013161040842533112, -0.001993310172110796, -0.0033762906678020954, -0.0049508111551404, 0.01827092655003071, 0.003095474326983094, -0.006590259727090597, -0.030178844928741455, -0.01962144300341606, -0.0027221343480050564, -0.018621541559696198, -0.016050366684794426, -0.022283518686890602, -0.00976527202874422, -0.011135266162455082, 0.022971762344241142, -0.006466895341873169, 0.01566079445183277, 0.010667780414223671, 0.022763991728425026, 0.013440234586596489, -0.01651785336434841, 0.02125764638185501, 0.00904456339776516, -0.0026929164305329323, 0.00934323575347662, -0.005600097589194775, -0.027529755607247353, -0.005603344179689884, -0.019348742440342903, -0.006106541026383638, -0.0038437771145254374, 0.01772552728652954, 0.013187012635171413, 0.041372548788785934, -0.0097328070551157, 0.0064149522222578526, -0.03303570672869682, -0.014024592004716396, 0.022751005366444588, 0.003054893808439374, -0.013946677558124065, 0.006882438901811838, -0.015595866367220879, -0.002506246557459235, -0.02004997245967388, -0.0037885878700762987, 0.007518739905208349, 0.02989315800368786, -0.012427346780896187, -0.00154936034232378, -0.0016897686291486025, 0.02221859060227871, -0.012375404126942158, 0.019063057377934456, -0.020179830491542816, -0.04693043977022171, 0.0032594192307442427, 0.015790652483701706, -0.025036495178937912, 0.043268464505672455, -0.008265419863164425, 0.012719525955617428, -0.01157678198069334, 0.029036100953817368, -0.0011086569866165519, 0.011024887673556805, -0.05139753222465515, -0.016725625842809677, 0.03090604580938816, -0.012816919013857841, -0.022582190111279488, -0.00861603394150734, -0.012290996499359608, -0.027166154235601425, -0.003772355616092682, 0.001348081510514021, -0.009401671588420868, 0.012362418696284294, 0.002894195495173335, 0.008674469776451588, -0.015478994697332382, 0.024257350713014603, -0.01860855706036091, -0.03545105457305908, -0.011635217815637589, 0.01205076090991497, -0.0012101080501452088, -0.016920410096645355, 0.007109689060598612, -0.003051647450774908, 0.012284504249691963, -0.002491637598723173, 0.0034022622276097536, -0.011154744774103165, -0.018621541559696198, -0.01955651491880417, 0.02015385776758194, -0.017465811222791672, -0.014492078684270382, 0.018024198710918427, -0.023789864033460617, 0.02524426579475403, -0.008018690161406994, 0.0012092964025214314, 0.0010818738956004381, -0.03332139179110527, 0.01007692888379097, 0.0014138217084109783, 0.0052137719467282295, 0.008343334309756756, -0.00451903510838747, 0.02237441949546337, -0.041891977190971375, 0.014193407259881496, -0.010862566530704498, -0.004944317974150181, 0.02308863401412964, -0.00488263601437211, -0.013933692127466202, -0.008245941251516342, -0.025114409625530243, 0.0017238561995327473, -0.026672696694731712, 0.004171667154878378, 0.022517262026667595, -0.01989414356648922, 0.006557795684784651, 0.023634035140275955, 0.024594979360699654, 0.022413376718759537, -0.01167417410761118, -0.011641710065305233, 0.012537726201117039, -0.004100245423614979, 0.0030500241555273533, -0.006551302503794432, 0.01545302290469408, 0.038100142031908035, 0.008921199478209019, 0.002181603340432048, 0.008206984028220177, 0.007882339879870415, -0.00675907451659441, 0.029477614909410477, -0.014102506451308727, 0.00766158290207386, -0.013660991564393044, 0.02145243249833584, 0.0003771949850488454, 0.006765567231923342, 0.0059409732930362225, 0.007525232620537281, 0.01316753402352333, -0.0037171663716435432, -0.017842398956418037, 0.0005251105758361518, -0.01136251725256443, 0.007362911012023687, 0.024062564596533775, 0.0009268567664548755, 0.028620557859539986, -0.02945164404809475, -0.003928184509277344, 0.019231870770454407, -0.005564386956393719, 0.04755375534296036, 0.0034477123990654945, -0.009369206614792347, 0.012758483178913593, 0.0055059511214494705, 0.013946677558124065, -0.00047316765994764864, -0.002790309488773346, -0.021634232252836227, -0.017712540924549103, 0.012680568732321262, -0.0031490405090153217, 0.03108784556388855, 0.026750611141324043, 0.025854595005512238, -0.009953564964234829, 0.012914312072098255, -0.0071291676722466946, 0.0198032446205616, 0.006986324675381184, 0.009447121061384678, -0.022166647017002106, 0.009427642449736595, 0.005184554029256105, 0.02608833834528923, 0.0025484501384198666, -0.01226502563804388, -0.010498966090381145, 0.005109886173158884, 0.0031068366952240467, -0.017284011468291283, 0.006122773513197899, 0.022075748071074486, 0.010674272663891315, 0.014842693693935871, 0.0014706343645229936, 0.02417943626642227, 0.017777469009160995, -0.00017348128312733024, -0.002946138381958008, 0.020556416362524033, -0.02171214669942856, 0.00039768809801898897, -0.008680962957441807, -0.022257547825574875, -0.010466501116752625, 0.002603639615699649, 0.01149237435311079, 0.011563795618712902, 0.01342724822461605, -0.016556810587644577, -0.0008822183008305728, 0.014297292567789555, 0.029841216281056404, -0.018361827358603477, -0.02427033707499504, 0.0017709294334053993, 0.03521731123328209, 0.013946677558124065, -0.0034022622276097536, 0.005869551561772823, 0.0035710767842829227, 0.003739891340956092, 0.01575169526040554, -0.00012366882583592087, 0.006064337678253651, 0.0015818247338756919, 0.02651686780154705, -0.0071421535685658455, -0.01183649618178606, -0.016816524788737297, -0.010946973226964474, 0.008921199478209019, 0.00840176921337843, 0.013290897943079472, -0.012096211314201355, -0.011700145900249481, 0.011901425197720528, 0.00847968365997076, -0.023971663787961006, -0.015427051112055779, -0.018738413229584694, 0.03446413576602936, 0.02168617583811283, 0.0020614853128790855, -0.021660203114151955, -0.00278706313110888, -0.011356024071574211, -0.00667466688901186, -0.0214394461363554, -0.0021751103922724724, 0.030412588268518448, 0.011817017570137978, -0.0033405800350010395, -0.014829708263278008, -0.008044661954045296, 0.05848774313926697, -0.020036986097693443, -0.009921100921928883, 3.2109255698742345e-05, -0.010362615808844566, 0.020283715799450874, 0.06918799132108688, -0.009888635948300362, 0.016504867002367973, 0.027347955852746964, -0.0019218885572627187, -0.0072070821188390255, -0.01154431700706482, -0.006940874736756086, 0.020647317171096802, 0.007220068015158176, -0.006901917513459921, 0.00039403585833497345, -0.01558288000524044, 0.0009390308405272663, 0.030957989394664764, 0.0030289224814623594, 0.012920805253088474, -0.028023213148117065, -0.006509099155664444, -0.009693849831819534, -0.012550711631774902, 0.01653083972632885, -0.0032805209048092365, 0.01938769966363907, 0.0402817465364933, 0.014881650917232037, 0.009771764278411865, 0.034490108489990234, 0.0004131086461711675, -0.018361827358603477, -0.009245842695236206, 0.04056743159890175, 0.01567378081381321, 0.03446413576602936, -0.01608932390809059, 0.01433624979108572, 0.010927494615316391, 0.002382882172241807, 0.007758975960314274, 0.008278405293822289, 0.048099156469106674, 0.04209974780678749, -0.00563905481249094, 0.0070642391219735146, 0.02050447277724743, -0.003226954722777009, -0.014531035907566547, 0.03651588410139084, 0.018829314038157463, 0.009628921747207642, 0.01610231027007103, -0.0034964086953550577, 0.001902409945614636, 0.004502803087234497, -0.014128478243947029, -0.014089521020650864, -0.0012019919231534004, -0.00878484919667244, 0.008635512553155422, -0.037580713629722595, -0.02591952495276928, -0.020556416362524033, 0.021569304168224335, -0.004330742172896862, -0.013673977926373482, -0.011427445337176323, -0.005454008001834154, 0.010784652084112167, -0.028023213148117065, 0.013148055411875248, 0.012719525955617428, -0.048073187470436096, -0.007778454571962357, 0.02298474870622158, 0.04337235167622566, -0.000755607383325696, 0.012258532457053661, 0.006505852565169334, 0.00830437708646059, -0.0074343327432870865, -0.005700737237930298, -0.0006273732287809253, -0.02446512132883072, -0.03643796965479851, -0.017426853999495506, 0.02021878771483898, -0.02007594332098961, -0.012011803686618805, -0.002429955406114459, -0.0079277902841568, 0.013531134463846684, -0.005411804653704166, 0.021153759211301804, -0.0072070821188390255, 0.02497156523168087, 0.013362320140004158, 0.003600294701755047, 0.005830594338476658, 0.010570387355983257, -0.03316556289792061, -0.016985340043902397, 0.012751989997923374, 0.01133005227893591, -0.019868172705173492, -0.0044119032099843025, -0.01807614043354988, -0.0040775202214717865, -0.001112715108320117, 0.0007568247965537012, -0.03269807621836662, 0.020543430000543594, -0.03329542279243469, -0.016387995332479477, -0.004398917313665152, -0.002304967725649476, 0.022517262026667595, 0.02282891981303692, 0.009499063715338707, 0.00847968365997076, 0.012751989997923374, 0.003319478128105402, -0.0317111611366272, 0.03838582709431648, 0.019647415727376938, -0.007388882339000702, 0.01325194165110588, 0.01712818257510662, -0.00864849891513586, -0.03290585055947304, -0.005454008001834154, 0.013751892372965813, 0.024569008499383926, 0.0005429660086520016, -0.031633246690034866, -0.039035115391016006, -0.01859557069838047, -0.0176605973392725, 0.008395276963710785, -0.02867249958217144, -0.006382488179951906, -0.02255621924996376, 0.01971234381198883, 0.010693751275539398, 0.007992719300091267, 0.009161435067653656, -0.021829018369317055, 0.014453121460974216, 0.00026600464479997754, -0.003879487980157137, 0.00856409128755331, -0.004493063781410456, 0.008317362517118454, -0.01772552728652954, -0.0017352186841890216, -0.013453220017254353, -0.02549099549651146, 0.003441219450905919, -0.012271517887711525, 0.011797538958489895, 0.020725231617689133, 0.028205012902617455, 0.001641883747652173, 0.010836594738066196, -0.00047154445201158524, -0.015063450671732426, 0.021543331444263458, 0.001697884639725089, -0.01843974180519581, -0.006489620544016361, -0.013388291001319885, 0.0224003903567791, 0.0011476142099127173, -0.018907228484749794, -0.003957402426749468, 0.009830200113356113, -0.0014341119676828384, 0.013583077117800713, -0.02599743939936161, -0.006187702063471079, -0.020426558330655098, 0.017699554562568665, -0.006301327142864466, -0.01798524148762226, 0.01093398779630661, -0.023465219885110855, -0.004272306337952614, 0.016894439235329628, 0.009401671588420868, -0.0034834230318665504, -0.0039346772246062756, 0.00451903510838747, -0.016336053609848022, -0.003850270062685013, -7.111718150554225e-05, 0.016323067247867584, -0.007849875837564468, -0.006681160070002079, -0.04430732503533363, -0.013180519454181194, -0.0025776680558919907, 0.008726413361728191, -0.004785242956131697, 0.007804425898939371, -0.016206195577979088, 0.011161237955093384, -0.00432424945756793, -0.001215789350681007, -0.018985142931342125, 0.01645292527973652, -0.010265222750604153, -0.026984354481101036, -0.021244660019874573, 0.020621344447135925, 0.0030613867565989494, 0.005431283265352249, -0.00268155406229198, 0.025114409625530243, 0.024439150467514992, -0.032074760645627975, 0.04454106464982033, 0.028153071179986, -0.01162872463464737, 0.014297292567789555, 0.0023585339076817036, 0.026646725833415985, 0.005577372387051582, 0.012323461472988129, -0.021673189476132393, -0.04667072743177414, -0.007966747507452965, 0.019076041877269745, 0.032256562262773514, 0.00019407585205044597, -0.0015071567613631487, -0.013635020703077316, -0.00047316765994764864, 0.00044963101390749216, 0.0038859806954860687, -0.026984354481101036, 0.04324249178171158, -0.0014544022269546986, -0.0014755040174350142, -0.012414361350238323, -0.02394569292664528, -0.011187209747731686, 0.014414164237678051, -0.0010023362701758742, 0.004691096488386393, 0.00606758426874876, -0.009219870902597904, -0.015621837228536606, 0.008284898474812508, -0.002194589003920555, 0.012349432334303856, 0.00955100730061531, 0.023179534822702408, 0.004333988763391972, -0.0320487916469574, 0.009908114559948444, -0.005074175540357828, 0.01772552728652954, -0.005843580234795809, -0.0032935068011283875, 0.005122872069478035, 0.004973535891622305, 0.022686077281832695, -0.011602752842009068, 0.006804524455219507, -0.01196635328233242, 0.020530445501208305, -0.02349119260907173, -0.03495759516954422, -0.007395375519990921, -0.017582682892680168, 0.028646528720855713, -0.0033568120561540127, -0.01945262961089611, -0.00878484919667244, -0.0032821442000567913, -0.023101620376110077, 0.010232757776975632, 0.011791045777499676, -0.012492275796830654, 0.002804918447509408, -0.004444367252290249, -0.004187899176031351, 0.005801376421004534, 0.01029119361191988, -0.006203934084624052, -0.015491980127990246, -0.0008943924331106246, -0.0028601079247891903, -0.018803343176841736, 0.005350122228264809, -0.002524101873859763, -0.020907031372189522, -0.029036100953817368, 0.02497156523168087, -0.032412391155958176, 0.021413475275039673, 0.011596260592341423, 0.005301425699144602, -0.006093555595725775, 0.011440431699156761, -0.038178056478500366, -0.012420854531228542, 0.005801376421004534, 0.006181209348142147, -0.013290897943079472, -0.013868763111531734, 0.006100048311054707, 0.024815736338496208, -0.007823904976248741, 0.018907228484749794, -0.00047154445201158524, 0.018634527921676636, 0.010284701362252235, -0.023179534822702408, -0.011115787550807, 0.017946284264326096, 0.001991686876863241, -0.015595866367220879, 0.02238740399479866, -0.027503784745931625, 0.018907228484749794, 0.027270041406154633, 0.006655188277363777, -0.01385577768087387, -0.0435541495680809, -0.014284307137131691, -0.0012766598956659436, 0.0004796605498995632, -0.0034866693895310163, -0.02290683425962925, -0.02763364091515541, 0.0026198718696832657, -0.0047495318576693535, 0.011875453405082226, 0.001150860683992505, -0.0027675845194607973, -0.006681160070002079, -0.010427543893456459, -0.016556810587644577, 0.0014560254057869315, -0.049112044274806976, -0.01841377094388008, -0.01287535484880209, -0.01584259420633316, -0.05448813736438751, -0.02384180761873722, 0.007181110791862011, 0.027503784745931625, 0.010908016003668308, -0.022932805120944977, -0.008999112993478775, 0.007161632180213928, -0.06222763657569885, -0.02480275183916092, -0.00861603394150734, 0.010765173472464085, 0.004405410028994083, 0.029217900708317757, -0.0027481059078127146, 0.013959663920104504, -0.001641883747652173, -0.008323855698108673, -0.03329542279243469, -0.011745596304535866, -0.01628411002457142, 0.013258433900773525, 0.016128281131386757, -0.011505359783768654, -0.0059636980295181274, -0.01611529476940632, -0.0010794390691444278, 0.004908607341349125, -0.014699850231409073, -0.014310278929769993, 0.0037885878700762987, 0.01843974180519581, 0.01398563478142023, 0.01398563478142023, 0.01972533017396927, 0.01476477924734354, -0.006798031739890575, -0.03295779228210449, -0.010576879605650902, 0.03329542279243469, -0.01282341219484806, -0.00021203268261160702, -0.020387601107358932, 0.005090407561510801, -0.012167632579803467, -0.009654892608523369, 0.013829805888235569, -0.012966254726052284, -0.002460796618834138, -0.012985733337700367, 0.00903807021677494, 0.006746088620275259, -0.020348643884062767, 0.011719624511897564, 0.02495858073234558, 0.01036910805851221, 0.0006898671272210777, 0.022517262026667595, -0.023880764842033386, -0.003054893808439374, 0.025088436901569366, -0.01712818257510662, -0.02350417710840702, 0.003769109258428216, 0.018141070380806923, -0.002381258876994252, -0.02506246604025364, 0.0012092964025214314, 0.003379537258297205, -0.005025479011237621, 0.013050662353634834, -0.0067720599472522736, -0.021075846627354622, -0.009804229252040386, 0.000956886273343116, -0.015478994697332382, -0.0010567140998318791, -0.0005867928266525269, 0.0063272989355027676, -0.019933100789785385, -0.0006671420414932072, 0.013290897943079472, -0.03194490447640419, -0.009018591605126858, -0.0038080664817243814, -0.008622527122497559, 0.0015266352565959096, 0.012570190243422985, 0.19312383234500885, 0.0148946363478899, 0.0035126409493386745, 0.0344121940433979, -0.010258729569613934, -0.006645448971539736, 0.008064140565693378, 0.006733102723956108, 0.00598317664116621, 0.03610033914446831, -0.009492571465671062, -0.0008765370002947748, -0.013738906010985374, 0.003080865368247032, 0.008875749073922634, -0.035606883466243744, -0.04228154942393303, -0.00890821311622858, -0.010018493048846722, 0.04796930029988289, 0.018193012103438377, 0.009719821624457836, 0.044463150203228, -0.01162872463464737, 0.026802554726600647, -0.008031676523387432, -0.022426361218094826, 0.015232265926897526, 0.0067850458435714245, 0.028724443167448044, -0.009031577967107296, -0.014440136030316353, 0.021231673657894135, 0.0009601326892152429, -0.012407868169248104, -0.014362221583724022, 0.018218984827399254, -0.025698766112327576, 0.0017254793783649802, 0.004989768378436565, -0.001902409945614636, -0.01998504437506199, -0.018478699028491974, -0.005600097589194775, 0.0015047219349071383, 0.015530937351286411, -0.015336151234805584, -0.009232856333255768, -0.03158130496740341, 0.016556810587644577, -0.04394372180104256, -0.032074760645627975, 0.012674076482653618, 0.04454106464982033, -0.000989350606687367, 0.0026117556262761354, 0.023127591237425804, -0.025361137464642525, 0.03168518841266632, 0.010427543893456459, -0.002600393258035183, 0.006064337678253651, -0.006869453005492687, 0.012245547026395798, 0.007200589403510094, -0.010550908744335175, -0.01511539425700903, 0.02495858073234558, -0.011940382421016693, 0.0028877025470137596, -0.0033275941386818886, 0.009031577967107296, -0.0317111611366272, -0.010187308304011822, -0.016375010833144188, -0.004356713499873877, 0.018205998465418816, 0.019946087151765823, 0.0033275941386818886, 0.012700047343969345, -0.01781642623245716, -0.0005125306779518723, -0.015076437033712864, 0.014959565363824368, -0.0014511557528749108, -0.026672696694731712, 0.01300521194934845, 0.00801219791173935, 0.007856369018554688, 0.0002938022371381521, 0.0019754546228796244, 0.0012368911411613226, -0.01903708465397358, -0.002084210282191634, 0.03228253498673439, -0.0030824884306639433, 0.005538415629416704, 0.005259222351014614, -0.0040125916711986065, 0.023309390991926193, -0.026192225515842438, 0.07246039062738419, 0.01953054405748844, -0.014323264360427856, -0.0036262660287320614, 0.0003741514519788325, 0.010492472909390926, 0.021556317806243896, 0.016582781448960304, 0.0005356615292839706, -0.0017271025571972132, -0.027789469808340073, -0.002631234237924218, -0.006655188277363777, 0.003506148001179099, 0.017361925914883614, -0.003957402426749468, -0.032750021666288376, 0.024049578234553337, -0.037320997565984726, -0.0008067386806942523, 0.0034509587567299604, 0.01912798546254635, 0.016413968056440353, 0.030360644683241844, -0.010070436634123325, -0.04022980108857155, 0.02092001773416996, -0.006856467574834824, -0.031892962753772736, 0.03108784556388855, 0.006580520421266556, -0.021725133061408997, -0.0004060070787090808, -0.002988341962918639, -0.008096604607999325, -0.006746088620275259, -0.027010325342416763, -0.017751498147845268, -0.008421247825026512, -0.0003051647508982569, -0.012985733337700367, 0.030074959620833397, 0.0001433503202861175, 0.011901425197720528, 0.003006197279319167, 0.0243742223829031, -0.015154351480305195, -0.023192521184682846, -0.023530149832367897, -0.013492177240550518, -0.01651785336434841, 0.010434037074446678, -0.0271921269595623, 0.005116378888487816, -0.028256956487894058, 0.004441121127456427, -0.0250494796782732, 0.009297785349190235, 0.00766158290207386, -0.023984650149941444, 0.021725133061408997, -0.001362690469250083, -0.03176310285925865, 0.0018115098355337977, -0.006473388057202101, -0.162269726395607, 0.006856467574834824, 0.030698275193572044, -0.023608064278960228, 0.0019543529488146305, -0.004093752708286047, -0.0035158873070031404, 0.0076421042904257774, -0.015868566930294037, 0.006574027705937624, 0.02607535384595394, -0.011680667288601398, -0.0017271025571972132, -0.019166942685842514, 0.0070382677949965, -0.014959565363824368, -0.034048594534397125, -0.005895522888749838, 0.020283715799450874, -0.008804327808320522, 0.02651686780154705, -0.02188096195459366, -0.0032009833957999945, -0.021309588104486465, -0.012713033705949783, 0.01877737045288086, -0.027789469808340073, 0.00299321161583066, -0.013816820457577705, -0.009408163838088512, -0.022530248388648033, 0.0026750611141324043, 0.030620360746979713, 0.011537824757397175, 0.005369600839912891, -0.0125247398391366, -0.002431578701362014, 0.016478896141052246, -0.013479191809892654, 0.023374320939183235, 0.037580713629722595, -0.01029119361191988, -0.004071027506142855, 0.007544711232185364, 0.008414755575358868, 0.0008919576066546142, 0.027581699192523956, 0.0016637970693409443, 0.008583569899201393, -0.010472994297742844, 0.01576467975974083, -0.029165957123041153, -0.012829904444515705, 0.014024592004716396, 0.005135857500135899, -0.020777173340320587, -0.0224003903567791, 0.03158130496740341, -0.0036197733134031296, -0.030698275193572044, -0.006401966791599989, 0.001946236821822822, 0.005512443836778402, -0.004645646084100008, -0.01668666861951351, -0.021127788349986076, 0.021218689158558846, 0.010265222750604153, -0.014401178807020187, 0.009453614242374897, 0.010641808621585369, -0.021218689158558846, -0.008018690161406994, -0.003645744640380144, 0.03882734477519989, 0.004246335010975599, -0.023439249023795128, 0.010485979728400707, 0.012122182175517082, 0.008603048510849476, -0.000545400835108012, 0.01962144300341606, -0.017608655616641045, -0.008297883905470371, -0.0097328070551157, 0.01218711119145155, -0.004129463341087103, -0.006022133864462376, 0.014310278929769993, 0.013699948787689209, 0.009888635948300362, -0.03012690134346485, -0.013712935149669647, -0.015777666121721268, -0.005996162537485361, 0.024945594370365143, 0.0356588251888752, -0.025698766112327576, -0.000677692994941026, -0.003567830426618457, 0.008414755575358868, -0.005343629512935877, -0.033970680087804794, 0.007057746406644583, 0.014803736470639706, 0.03477579355239868, -0.021283617243170738, 0.006895424798130989, 0.003317854832857847, -0.003489915980026126, -0.009077027440071106, 0.02402360737323761, 0.04160629212856293, 0.01141445990651846, 0.0012953269761055708, 0.010862566530704498, 0.00424308842048049, -0.032594192773103714, -0.0024689126294106245, -0.003489915980026126, 0.029036100953817368, 0.02332237735390663, -0.026412982493638992, 0.010284701362252235, -0.002683177124708891, -0.017894340679049492, -0.11572885513305664, -0.01714116893708706, 0.017959268763661385, 0.026464926078915596, 0.017582682892680168, 0.023179534822702408, -0.004210623912513256, 0.012771468609571457, -0.017608655616641045, 0.033529166132211685, -0.006648695562034845, -0.02391972206532955, 0.006440924014896154, 0.009090013802051544, 0.022958777844905853, -0.013238955289125443, 0.022270532324910164, -0.04124268889427185, 0.011472895741462708, 0.007096703629940748, 0.01660875417292118, -0.01157678198069334, -0.00020087306620553136, -0.0188423004001379, -0.024036593735218048, -0.009739300236105919, -0.030438559129834175, 0.01954352855682373, 0.019426656886935234, -0.011823510751128197, 0.0461512990295887, 0.0011110918130725622, -0.006447416730225086, -0.006862960290163755, -0.008680962957441807, -0.00723305344581604, -0.014089521020650864, -0.05279999226331711, 0.026581795886158943, -0.004574224818497896, -0.016323067247867584, 0.011648203246295452, 0.024594979360699654, -0.007174617610871792, 0.013660991564393044, -0.017180126160383224, -0.02901012822985649, 0.029659416526556015, -0.020088929682970047, -0.01824495568871498, -0.013583077117800713, -0.0008318985346704721, -0.02495858073234558, -0.009693849831819534, -0.007018789183348417, -0.007551203947514296, 0.01895917020738125, 0.021478403359651566, -0.0023552875500172377, -0.0014941709814593196, 0.01325194165110588, 0.031737133860588074, -0.017608655616641045, 0.02186797559261322, 0.011076831258833408, -0.014440136030316353, 0.005057943053543568, 0.004924839362502098, 0.030880074948072433, -0.0422036349773407, -0.031191732734441757, -0.016504867002367973, -0.009083520621061325, -0.005603344179689884, -0.020036986097693443, -0.019764287397265434, -0.03134756162762642, -0.001058337278664112, -0.003726905444636941, 0.011161237955093384, -0.023711949586868286, -0.02093300223350525, 0.024698864668607712, 0.031633246690034866, 0.0071291676722466946, 0.0158555805683136, -0.01929680071771145, -0.029815243557095528, 0.012589668855071068, -0.02737392671406269, -0.006122773513197899, 0.027685584500432014, 0.013622034341096878, 0.012680568732321262, 0.0022205605637282133, -0.007096703629940748, -0.013336348347365856, -0.011687160469591618, -0.003613280365243554, 0.01558288000524044, -0.027685584500432014, 0.0005178061546757817, -0.06077323481440544, 0.017024297267198563, 0.00869394838809967, -0.0077070328406989574, 0.01714116893708706, -0.008544612675905228, 0.016855482012033463, -0.01085607334971428, -0.003775601973757148, 0.015141365118324757, -0.0278154406696558, 0.01476477924734354, -0.02428332157433033, -0.02393270656466484, -0.003252926282584667, 0.00028832387761212885, 0.0004845301737077534, 0.010349629446864128, 0.0012076732236891985, -0.006811017170548439, -0.007603147067129612, -0.0026588288601487875, 0.002589030656963587, 0.02024475857615471, -0.02134854532778263, 0.01287535484880209, -0.016764583066105843, -0.003743137698620558, -0.00801219791173935, 0.015440037474036217, -0.0012287750141695142, -0.020348643884062767, 0.015180322341620922, 0.042151693254709244, -0.011667681857943535, -0.0438917800784111, 0.011765074916183949, 0.01714116893708706, 0.011726117692887783, -0.028179042041301727, -0.02281593345105648, -0.013310376554727554, -0.0022497782483696938, -0.040671318769454956, 0.015219279564917088, 0.004600196145474911, -0.004103492014110088, 0.01253123302012682, 0.011349530890583992, -0.019153956323862076, 0.035788681358098984, 0.00021426461171358824, -0.00667466688901186, -0.02797126956284046, 0.005155336111783981, 0.01860855706036091, -0.003980127163231373, -0.02084210328757763, 0.008752384223043919, -0.02573772333562374, 0.03763265535235405, -0.003460698062554002, 0.04391775280237198, -0.007784947287291288, 0.015816623345017433, 0.022231575101614, -0.011356024071574211, -0.004204131197184324, 0.009245842695236206, -0.00045084842713549733, -0.03152935951948166, -0.0083498265594244, 0.01860855706036091, 0.014531035907566547, -0.005752679891884327, 0.0055189370177686214, -0.001402459223754704, 0.05051450431346893, -0.021387502551078796, 0.024841709062457085, 0.03584062308073044, -0.0037171663716435432, -0.0014519674004986882, 0.02066030167043209, 0.025607867166399956, 0.011648203246295452, -0.04004800319671631, 0.014842693693935871, 0.004204131197184324, 0.007862861268222332, -0.020647317171096802, 0.01093398779630661, 0.005204032640904188, -0.02488066628575325, 0.042333491146564484, 0.008505655452609062, 0.001915395725518465, 0.008187505416572094, 0.019348742440342903, 0.03607436642050743, -0.0158555805683136, -0.001761190127581358, 4.2888430471066386e-05, -0.037762515246868134, -0.02703629806637764, 0.0037626163102686405, -0.012797440402209759, -0.02306266315281391, -0.024646922945976257, 0.03945066034793854, -0.011323560029268265, 0.022283518686890602, 0.04519035294651985, 0.006901917513459921, -0.012323461472988129, 0.015595866367220879, -0.017284011468291283, -0.0037626163102686405, -0.028205012902617455, 0.0014917361550033092, -0.007973240688443184, 0.005603344179689884, -0.0031246922444552183, 0.009563992731273174, -0.004359960090368986, 0.017777469009160995, -0.0070642391219735146, -0.0005088784382678568, -0.0004573413170874119, -0.01729699783027172, 0.00960294995456934, -0.028049184009432793, -0.006275355815887451, -0.019309785217046738, -0.009486078284680843, -0.0178294125944376, -0.009758778847754002, -0.006791538558900356, 0.003554844530299306, 0.058331914246082306, 0.030256759375333786, 0.013660991564393044, -0.00057340128114447, -0.007817411795258522, 0.019504571333527565, 0.013310376554727554, -0.00787584763020277, 0.020958974957466125, -0.013479191809892654, 0.002978602657094598, -0.004382685292512178, -0.0007799556478857994, -0.004902114626020193, -0.01566079445183277, -0.009635413996875286, -0.00014132130309008062, -0.004980029072612524, 0.024581992998719215, 0.012563697062432766, 0.00641170609742403, -0.020647317171096802, 0.018063155934214592, -0.00012001658615190536, -0.035009536892175674, -0.029088042676448822, 0.021231673657894135, 0.003554844530299306, -0.02006295882165432, -0.006505852565169334, -0.017491783946752548, 0.011589767411351204, -0.014024592004716396, -0.004814460873603821, 0.020971959456801414, 0.02323147840797901, -0.02582862414419651, -0.02073821611702442, 0.02117973193526268, 0.026646725833415985, 0.0036684698425233364, 0.017582682892680168, -0.020790159702301025, -0.013057155534625053, -0.039216917008161545, -0.011206688359379768, -0.021984847262501717, 0.00028690355247817934, -0.01545302290469408], 'ai_metadata': {'tags': ['construction', 'document'], 'document_type': 'unknown', 'topics': ['HVAC System Sizing for Office Buildings'], 'supplier_mentions': [], 'categories': ['general'], 'summary': '```json\n{\n  "tags": [\n    "AS/NZS 1668.2",\n    "AS 1668.2",\n    "heat load calculations",\n    "fresh air requirements",\n    "equipment selection",\n    "ductwork sizing",\n    "pressure losses",\n    "co'}, 'created_timestamp': '2025-08-09T00:15:08.956000', 'status': 'active', 'reference_count': 0, 'helpful_votes': 0, 'view_count': 0}, 'similarity_score': 0.8909605645875555}, {'type': 'mentor_note', 'note': {'_id': '689acfe3effd5522118507b3', 'note_id': 'fc7c691b-8af0-4971-a6b0-0726943525cf', 'user_id': 'dev_user_123', 'user_email': 'dev@example.com', 'title': 'HVAC System Sizing for Office Buildings', 'content': 'Proper HVAC system sizing is critical for energy efficiency and occupant comfort. Key considerations include: 1) Heat load calculations per AS/NZS 1668.2, 2) Fresh air requirements per AS 1668.2, 3) Equipment selection based on peak loads with appropriate safety factors, 4) Ductwork sizing to minimize pressure losses, 5) Control system integration for optimal performance.', 'tags': ['HVAC', 'sizing', 'energy-efficiency', 'construction', 'document'], 'category': 'mechanical-systems', 'attachment_url': None, 'embedding': [0.007888833060860634, 0.01140796672552824, -0.005616329610347748, -0.03763265535235405, 0.010583372786641121, 0.00417815987020731, -0.008583569899201393, -0.022751005366444588, 0.007297982461750507, -0.0004825011710636318, 0.0024867679458111525, 0.01662173867225647, -0.0014219378354027867, 0.0009106245706789196, -0.01558288000524044, -0.013323362916707993, 0.0253871101886034, -0.0032935068011283875, 0.019309785217046738, -0.027347955852746964, -0.024036593735218048, 0.017284011468291283, -0.016985340043902397, -0.005454008001834154, 0.003019183175638318, 0.006619477644562721, 0.01231696829199791, -0.029763301834464073, 0.0008343333611264825, -0.023478206247091293, 0.02986718714237213, 0.005366354249417782, -0.006869453005492687, -0.009148449636995792, -0.017777469009160995, 0.015427051112055779, 0.003158779814839363, -0.0006363009451888502, 0.003241563681513071, -0.02428332157433033, 0.026932410895824432, -0.014245349913835526, 0.0010721345897763968, 0.01720609702169895, 0.014842693693935871, 0.02593250945210457, 0.029321786016225815, -0.033529166132211685, -0.00606758426874876, 0.008395276963710785, -0.0008225650526583195, 0.01433624979108572, -0.0008521887939423323, 0.005700737237930298, -0.019582485780119896, -0.017335955053567886, -0.018998127430677414, 0.02006295882165432, 0.004022330977022648, -0.035347167402505875, -0.017024297267198563, -0.020257744938135147, -0.0317111611366272, 0.018803343176841736, -0.009031577967107296, -0.01334933377802372, -0.005561140365898609, 0.0014998522819951177, -0.012518247589468956, -0.008609541691839695, 0.03337333723902702, 0.03654185310006142, -0.00389572000131011, 0.03898317366838455, 0.021049873903393745, -0.01608932390809059, 0.009154941886663437, 0.002308214083313942, -0.011394981294870377, -0.002051746007055044, -0.004207377787679434, -0.03900914266705513, -0.00068662065314129, 0.01842675544321537, -0.0030743724200874567, 0.000502791372127831, 0.009077027440071106, 0.011115787550807, -0.016063353046774864, 0.02625715360045433, 0.014141463674604893, -0.014362221583724022, 0.025296209380030632, 0.013050662353634834, -0.02997107245028019, 0.006603245623409748, 0.01239488273859024, 0.006791538558900356, 0.00037800660356879234, -0.011161237955093384, -0.003999605774879456, 0.005879290867596865, -0.044982582330703735, -0.005538415629416704, -0.010356122627854347, 0.009992522187530994, 0.004593703430145979, -0.002665321808308363, 0.010667780414223671, -0.02755572646856308, -0.007609639782458544, 0.039476629346609116, -0.016829511150717735, 0.007453810889273882, 0.01723206788301468, 0.016413968056440353, 0.01351814903318882, 0.005850072950124741, -0.031061874702572823, 0.0044995564967393875, -0.016647711396217346, 0.01476477924734354, 0.01653083972632885, -0.005119625478982925, 0.0320487916469574, -0.005768912378698587, -0.021322574466466904, -0.02593250945210457, -0.01494657900184393, -0.012550711631774902, -0.0013464582152664661, 0.010511951521039009, 0.01773851178586483, 0.016050366684794426, -0.022166647017002106, -0.0029428917914628983, 0.010206786915659904, 0.02986718714237213, -0.01502449344843626, -0.01468686480075121, -0.0014146333560347557, 0.02478976547718048, -0.027166154235601425, -0.03168518841266632, 0.013609048910439014, -0.004204131197184324, 0.019686372950673103, 0.028049184009432793, -0.014660893008112907, -0.017413869500160217, -0.006765567231923342, -0.012803933583199978, -0.013362320140004158, 0.013271419331431389, 0.004772257059812546, 0.014479093253612518, -0.022283518686890602, 0.0017969008767977357, -0.01729699783027172, -0.030023016035556793, 0.01094048097729683, -0.011881946586072445, 0.002788686193525791, 0.010135364718735218, -0.002415346447378397, -0.01003147941082716, 0.016855482012033463, -0.010752187110483646, -0.008590063080191612, 0.019050071015954018, -0.004048302303999662, 0.019686372950673103, -0.018361827358603477, -0.001301008160226047, 0.027088239789009094, 0.007369403727352619, -6.122570630395785e-05, 0.01962144300341606, 0.01981622911989689, -0.014582978561520576, -0.017011310905218124, -0.004106738138943911, 0.020114900544285774, 0.01636202447116375, -0.025607867166399956, -0.0027854398358613253, 0.010778158903121948, 0.019673386588692665, 0.027399897575378418, -0.012849383056163788, 0.008512148633599281, 0.02169916033744812, 0.004467092454433441, -0.005171568598598242, -0.6474167108535767, -0.008168026804924011, -0.008258926682174206, -0.03142547607421875, 0.00303379213437438, -0.011791045777499676, 0.048956215381622314, 0.02220560424029827, 0.006356516852974892, -0.00682400306686759, 0.015543922781944275, 0.015076437033712864, -0.007135660853236914, -0.018998127430677414, 0.0024072304368019104, -0.023205505684018135, 0.00592149468138814, -0.0019348743371665478, 0.017582682892680168, -0.0025305948220193386, -0.004473585169762373, 0.034568022936582565, -0.03571076691150665, -0.016245152801275253, 0.032412391155958176, -0.01372592058032751, -0.00557412626221776, -0.01550496555864811, 0.0029363990761339664, 0.003980127163231373, 0.00030272992444224656, 0.017543725669384003, 0.010752187110483646, 0.0067071313969790936, 0.04519035294651985, 0.0073499251157045364, -0.018102113157510757, 0.02169916033744812, 0.01468686480075121, 0.01218711119145155, -0.0013456466840580106, -0.009135463275015354, 0.024296307936310768, 0.006074076984077692, -0.008155040442943573, 0.019582485780119896, 0.044644951820373535, -0.01476477924734354, 0.011433938518166542, -0.03477579355239868, -0.0045774709433317184, -0.002989965258166194, 0.002821150701493025, 0.023621048778295517, 0.012511754408478737, -0.015154351480305195, 0.013161040842533112, -0.001993310172110796, -0.0033762906678020954, -0.0049508111551404, 0.01827092655003071, 0.003095474326983094, -0.006590259727090597, -0.030178844928741455, -0.01962144300341606, -0.0027221343480050564, -0.018621541559696198, -0.016050366684794426, -0.022283518686890602, -0.00976527202874422, -0.011135266162455082, 0.022971762344241142, -0.006466895341873169, 0.01566079445183277, 0.010667780414223671, 0.022763991728425026, 0.013440234586596489, -0.01651785336434841, 0.02125764638185501, 0.00904456339776516, -0.0026929164305329323, 0.00934323575347662, -0.005600097589194775, -0.027529755607247353, -0.005603344179689884, -0.019348742440342903, -0.006106541026383638, -0.0038437771145254374, 0.01772552728652954, 0.013187012635171413, 0.041372548788785934, -0.0097328070551157, 0.0064149522222578526, -0.03303570672869682, -0.014024592004716396, 0.022751005366444588, 0.003054893808439374, -0.013946677558124065, 0.006882438901811838, -0.015595866367220879, -0.002506246557459235, -0.02004997245967388, -0.0037885878700762987, 0.007518739905208349, 0.02989315800368786, -0.012427346780896187, -0.00154936034232378, -0.0016897686291486025, 0.02221859060227871, -0.012375404126942158, 0.019063057377934456, -0.020179830491542816, -0.04693043977022171, 0.0032594192307442427, 0.015790652483701706, -0.025036495178937912, 0.043268464505672455, -0.008265419863164425, 0.012719525955617428, -0.01157678198069334, 0.029036100953817368, -0.0011086569866165519, 0.011024887673556805, -0.05139753222465515, -0.016725625842809677, 0.03090604580938816, -0.012816919013857841, -0.022582190111279488, -0.00861603394150734, -0.012290996499359608, -0.027166154235601425, -0.003772355616092682, 0.001348081510514021, -0.009401671588420868, 0.012362418696284294, 0.002894195495173335, 0.008674469776451588, -0.015478994697332382, 0.024257350713014603, -0.01860855706036091, -0.03545105457305908, -0.011635217815637589, 0.01205076090991497, -0.0012101080501452088, -0.016920410096645355, 0.007109689060598612, -0.003051647450774908, 0.012284504249691963, -0.002491637598723173, 0.0034022622276097536, -0.011154744774103165, -0.018621541559696198, -0.01955651491880417, 0.02015385776758194, -0.017465811222791672, -0.014492078684270382, 0.018024198710918427, -0.023789864033460617, 0.02524426579475403, -0.008018690161406994, 0.0012092964025214314, 0.0010818738956004381, -0.03332139179110527, 0.01007692888379097, 0.0014138217084109783, 0.0052137719467282295, 0.008343334309756756, -0.00451903510838747, 0.02237441949546337, -0.041891977190971375, 0.014193407259881496, -0.010862566530704498, -0.004944317974150181, 0.02308863401412964, -0.00488263601437211, -0.013933692127466202, -0.008245941251516342, -0.025114409625530243, 0.0017238561995327473, -0.026672696694731712, 0.004171667154878378, 0.022517262026667595, -0.01989414356648922, 0.006557795684784651, 0.023634035140275955, 0.024594979360699654, 0.022413376718759537, -0.01167417410761118, -0.011641710065305233, 0.012537726201117039, -0.004100245423614979, 0.0030500241555273533, -0.006551302503794432, 0.01545302290469408, 0.038100142031908035, 0.008921199478209019, 0.002181603340432048, 0.008206984028220177, 0.007882339879870415, -0.00675907451659441, 0.029477614909410477, -0.014102506451308727, 0.00766158290207386, -0.013660991564393044, 0.02145243249833584, 0.0003771949850488454, 0.006765567231923342, 0.0059409732930362225, 0.007525232620537281, 0.01316753402352333, -0.0037171663716435432, -0.017842398956418037, 0.0005251105758361518, -0.01136251725256443, 0.007362911012023687, 0.024062564596533775, 0.0009268567664548755, 0.028620557859539986, -0.02945164404809475, -0.003928184509277344, 0.019231870770454407, -0.005564386956393719, 0.04755375534296036, 0.0034477123990654945, -0.009369206614792347, 0.012758483178913593, 0.0055059511214494705, 0.013946677558124065, -0.00047316765994764864, -0.002790309488773346, -0.021634232252836227, -0.017712540924549103, 0.012680568732321262, -0.0031490405090153217, 0.03108784556388855, 0.026750611141324043, 0.025854595005512238, -0.009953564964234829, 0.012914312072098255, -0.0071291676722466946, 0.0198032446205616, 0.006986324675381184, 0.009447121061384678, -0.022166647017002106, 0.009427642449736595, 0.005184554029256105, 0.02608833834528923, 0.0025484501384198666, -0.01226502563804388, -0.010498966090381145, 0.005109886173158884, 0.0031068366952240467, -0.017284011468291283, 0.006122773513197899, 0.022075748071074486, 0.010674272663891315, 0.014842693693935871, 0.0014706343645229936, 0.02417943626642227, 0.017777469009160995, -0.00017348128312733024, -0.002946138381958008, 0.020556416362524033, -0.02171214669942856, 0.00039768809801898897, -0.008680962957441807, -0.022257547825574875, -0.010466501116752625, 0.002603639615699649, 0.01149237435311079, 0.011563795618712902, 0.01342724822461605, -0.016556810587644577, -0.0008822183008305728, 0.014297292567789555, 0.029841216281056404, -0.018361827358603477, -0.02427033707499504, 0.0017709294334053993, 0.03521731123328209, 0.013946677558124065, -0.0034022622276097536, 0.005869551561772823, 0.0035710767842829227, 0.003739891340956092, 0.01575169526040554, -0.00012366882583592087, 0.006064337678253651, 0.0015818247338756919, 0.02651686780154705, -0.0071421535685658455, -0.01183649618178606, -0.016816524788737297, -0.010946973226964474, 0.008921199478209019, 0.00840176921337843, 0.013290897943079472, -0.012096211314201355, -0.011700145900249481, 0.011901425197720528, 0.00847968365997076, -0.023971663787961006, -0.015427051112055779, -0.018738413229584694, 0.03446413576602936, 0.02168617583811283, 0.0020614853128790855, -0.021660203114151955, -0.00278706313110888, -0.011356024071574211, -0.00667466688901186, -0.0214394461363554, -0.0021751103922724724, 0.030412588268518448, 0.011817017570137978, -0.0033405800350010395, -0.014829708263278008, -0.008044661954045296, 0.05848774313926697, -0.020036986097693443, -0.009921100921928883, 3.2109255698742345e-05, -0.010362615808844566, 0.020283715799450874, 0.06918799132108688, -0.009888635948300362, 0.016504867002367973, 0.027347955852746964, -0.0019218885572627187, -0.0072070821188390255, -0.01154431700706482, -0.006940874736756086, 0.020647317171096802, 0.007220068015158176, -0.006901917513459921, 0.00039403585833497345, -0.01558288000524044, 0.0009390308405272663, 0.030957989394664764, 0.0030289224814623594, 0.012920805253088474, -0.028023213148117065, -0.006509099155664444, -0.009693849831819534, -0.012550711631774902, 0.01653083972632885, -0.0032805209048092365, 0.01938769966363907, 0.0402817465364933, 0.014881650917232037, 0.009771764278411865, 0.034490108489990234, 0.0004131086461711675, -0.018361827358603477, -0.009245842695236206, 0.04056743159890175, 0.01567378081381321, 0.03446413576602936, -0.01608932390809059, 0.01433624979108572, 0.010927494615316391, 0.002382882172241807, 0.007758975960314274, 0.008278405293822289, 0.048099156469106674, 0.04209974780678749, -0.00563905481249094, 0.0070642391219735146, 0.02050447277724743, -0.003226954722777009, -0.014531035907566547, 0.03651588410139084, 0.018829314038157463, 0.009628921747207642, 0.01610231027007103, -0.0034964086953550577, 0.001902409945614636, 0.004502803087234497, -0.014128478243947029, -0.014089521020650864, -0.0012019919231534004, -0.00878484919667244, 0.008635512553155422, -0.037580713629722595, -0.02591952495276928, -0.020556416362524033, 0.021569304168224335, -0.004330742172896862, -0.013673977926373482, -0.011427445337176323, -0.005454008001834154, 0.010784652084112167, -0.028023213148117065, 0.013148055411875248, 0.012719525955617428, -0.048073187470436096, -0.007778454571962357, 0.02298474870622158, 0.04337235167622566, -0.000755607383325696, 0.012258532457053661, 0.006505852565169334, 0.00830437708646059, -0.0074343327432870865, -0.005700737237930298, -0.0006273732287809253, -0.02446512132883072, -0.03643796965479851, -0.017426853999495506, 0.02021878771483898, -0.02007594332098961, -0.012011803686618805, -0.002429955406114459, -0.0079277902841568, 0.013531134463846684, -0.005411804653704166, 0.021153759211301804, -0.0072070821188390255, 0.02497156523168087, 0.013362320140004158, 0.003600294701755047, 0.005830594338476658, 0.010570387355983257, -0.03316556289792061, -0.016985340043902397, 0.012751989997923374, 0.01133005227893591, -0.019868172705173492, -0.0044119032099843025, -0.01807614043354988, -0.0040775202214717865, -0.001112715108320117, 0.0007568247965537012, -0.03269807621836662, 0.020543430000543594, -0.03329542279243469, -0.016387995332479477, -0.004398917313665152, -0.002304967725649476, 0.022517262026667595, 0.02282891981303692, 0.009499063715338707, 0.00847968365997076, 0.012751989997923374, 0.003319478128105402, -0.0317111611366272, 0.03838582709431648, 0.019647415727376938, -0.007388882339000702, 0.01325194165110588, 0.01712818257510662, -0.00864849891513586, -0.03290585055947304, -0.005454008001834154, 0.013751892372965813, 0.024569008499383926, 0.0005429660086520016, -0.031633246690034866, -0.039035115391016006, -0.01859557069838047, -0.0176605973392725, 0.008395276963710785, -0.02867249958217144, -0.006382488179951906, -0.02255621924996376, 0.01971234381198883, 0.010693751275539398, 0.007992719300091267, 0.009161435067653656, -0.021829018369317055, 0.014453121460974216, 0.00026600464479997754, -0.003879487980157137, 0.00856409128755331, -0.004493063781410456, 0.008317362517118454, -0.01772552728652954, -0.0017352186841890216, -0.013453220017254353, -0.02549099549651146, 0.003441219450905919, -0.012271517887711525, 0.011797538958489895, 0.020725231617689133, 0.028205012902617455, 0.001641883747652173, 0.010836594738066196, -0.00047154445201158524, -0.015063450671732426, 0.021543331444263458, 0.001697884639725089, -0.01843974180519581, -0.006489620544016361, -0.013388291001319885, 0.0224003903567791, 0.0011476142099127173, -0.018907228484749794, -0.003957402426749468, 0.009830200113356113, -0.0014341119676828384, 0.013583077117800713, -0.02599743939936161, -0.006187702063471079, -0.020426558330655098, 0.017699554562568665, -0.006301327142864466, -0.01798524148762226, 0.01093398779630661, -0.023465219885110855, -0.004272306337952614, 0.016894439235329628, 0.009401671588420868, -0.0034834230318665504, -0.0039346772246062756, 0.00451903510838747, -0.016336053609848022, -0.003850270062685013, -7.111718150554225e-05, 0.016323067247867584, -0.007849875837564468, -0.006681160070002079, -0.04430732503533363, -0.013180519454181194, -0.0025776680558919907, 0.008726413361728191, -0.004785242956131697, 0.007804425898939371, -0.016206195577979088, 0.011161237955093384, -0.00432424945756793, -0.001215789350681007, -0.018985142931342125, 0.01645292527973652, -0.010265222750604153, -0.026984354481101036, -0.021244660019874573, 0.020621344447135925, 0.0030613867565989494, 0.005431283265352249, -0.00268155406229198, 0.025114409625530243, 0.024439150467514992, -0.032074760645627975, 0.04454106464982033, 0.028153071179986, -0.01162872463464737, 0.014297292567789555, 0.0023585339076817036, 0.026646725833415985, 0.005577372387051582, 0.012323461472988129, -0.021673189476132393, -0.04667072743177414, -0.007966747507452965, 0.019076041877269745, 0.032256562262773514, 0.00019407585205044597, -0.0015071567613631487, -0.013635020703077316, -0.00047316765994764864, 0.00044963101390749216, 0.0038859806954860687, -0.026984354481101036, 0.04324249178171158, -0.0014544022269546986, -0.0014755040174350142, -0.012414361350238323, -0.02394569292664528, -0.011187209747731686, 0.014414164237678051, -0.0010023362701758742, 0.004691096488386393, 0.00606758426874876, -0.009219870902597904, -0.015621837228536606, 0.008284898474812508, -0.002194589003920555, 0.012349432334303856, 0.00955100730061531, 0.023179534822702408, 0.004333988763391972, -0.0320487916469574, 0.009908114559948444, -0.005074175540357828, 0.01772552728652954, -0.005843580234795809, -0.0032935068011283875, 0.005122872069478035, 0.004973535891622305, 0.022686077281832695, -0.011602752842009068, 0.006804524455219507, -0.01196635328233242, 0.020530445501208305, -0.02349119260907173, -0.03495759516954422, -0.007395375519990921, -0.017582682892680168, 0.028646528720855713, -0.0033568120561540127, -0.01945262961089611, -0.00878484919667244, -0.0032821442000567913, -0.023101620376110077, 0.010232757776975632, 0.011791045777499676, -0.012492275796830654, 0.002804918447509408, -0.004444367252290249, -0.004187899176031351, 0.005801376421004534, 0.01029119361191988, -0.006203934084624052, -0.015491980127990246, -0.0008943924331106246, -0.0028601079247891903, -0.018803343176841736, 0.005350122228264809, -0.002524101873859763, -0.020907031372189522, -0.029036100953817368, 0.02497156523168087, -0.032412391155958176, 0.021413475275039673, 0.011596260592341423, 0.005301425699144602, -0.006093555595725775, 0.011440431699156761, -0.038178056478500366, -0.012420854531228542, 0.005801376421004534, 0.006181209348142147, -0.013290897943079472, -0.013868763111531734, 0.006100048311054707, 0.024815736338496208, -0.007823904976248741, 0.018907228484749794, -0.00047154445201158524, 0.018634527921676636, 0.010284701362252235, -0.023179534822702408, -0.011115787550807, 0.017946284264326096, 0.001991686876863241, -0.015595866367220879, 0.02238740399479866, -0.027503784745931625, 0.018907228484749794, 0.027270041406154633, 0.006655188277363777, -0.01385577768087387, -0.0435541495680809, -0.014284307137131691, -0.0012766598956659436, 0.0004796605498995632, -0.0034866693895310163, -0.02290683425962925, -0.02763364091515541, 0.0026198718696832657, -0.0047495318576693535, 0.011875453405082226, 0.001150860683992505, -0.0027675845194607973, -0.006681160070002079, -0.010427543893456459, -0.016556810587644577, 0.0014560254057869315, -0.049112044274806976, -0.01841377094388008, -0.01287535484880209, -0.01584259420633316, -0.05448813736438751, -0.02384180761873722, 0.007181110791862011, 0.027503784745931625, 0.010908016003668308, -0.022932805120944977, -0.008999112993478775, 0.007161632180213928, -0.06222763657569885, -0.02480275183916092, -0.00861603394150734, 0.010765173472464085, 0.004405410028994083, 0.029217900708317757, -0.0027481059078127146, 0.013959663920104504, -0.001641883747652173, -0.008323855698108673, -0.03329542279243469, -0.011745596304535866, -0.01628411002457142, 0.013258433900773525, 0.016128281131386757, -0.011505359783768654, -0.0059636980295181274, -0.01611529476940632, -0.0010794390691444278, 0.004908607341349125, -0.014699850231409073, -0.014310278929769993, 0.0037885878700762987, 0.01843974180519581, 0.01398563478142023, 0.01398563478142023, 0.01972533017396927, 0.01476477924734354, -0.006798031739890575, -0.03295779228210449, -0.010576879605650902, 0.03329542279243469, -0.01282341219484806, -0.00021203268261160702, -0.020387601107358932, 0.005090407561510801, -0.012167632579803467, -0.009654892608523369, 0.013829805888235569, -0.012966254726052284, -0.002460796618834138, -0.012985733337700367, 0.00903807021677494, 0.006746088620275259, -0.020348643884062767, 0.011719624511897564, 0.02495858073234558, 0.01036910805851221, 0.0006898671272210777, 0.022517262026667595, -0.023880764842033386, -0.003054893808439374, 0.025088436901569366, -0.01712818257510662, -0.02350417710840702, 0.003769109258428216, 0.018141070380806923, -0.002381258876994252, -0.02506246604025364, 0.0012092964025214314, 0.003379537258297205, -0.005025479011237621, 0.013050662353634834, -0.0067720599472522736, -0.021075846627354622, -0.009804229252040386, 0.000956886273343116, -0.015478994697332382, -0.0010567140998318791, -0.0005867928266525269, 0.0063272989355027676, -0.019933100789785385, -0.0006671420414932072, 0.013290897943079472, -0.03194490447640419, -0.009018591605126858, -0.0038080664817243814, -0.008622527122497559, 0.0015266352565959096, 0.012570190243422985, 0.19312383234500885, 0.0148946363478899, 0.0035126409493386745, 0.0344121940433979, -0.010258729569613934, -0.006645448971539736, 0.008064140565693378, 0.006733102723956108, 0.00598317664116621, 0.03610033914446831, -0.009492571465671062, -0.0008765370002947748, -0.013738906010985374, 0.003080865368247032, 0.008875749073922634, -0.035606883466243744, -0.04228154942393303, -0.00890821311622858, -0.010018493048846722, 0.04796930029988289, 0.018193012103438377, 0.009719821624457836, 0.044463150203228, -0.01162872463464737, 0.026802554726600647, -0.008031676523387432, -0.022426361218094826, 0.015232265926897526, 0.0067850458435714245, 0.028724443167448044, -0.009031577967107296, -0.014440136030316353, 0.021231673657894135, 0.0009601326892152429, -0.012407868169248104, -0.014362221583724022, 0.018218984827399254, -0.025698766112327576, 0.0017254793783649802, 0.004989768378436565, -0.001902409945614636, -0.01998504437506199, -0.018478699028491974, -0.005600097589194775, 0.0015047219349071383, 0.015530937351286411, -0.015336151234805584, -0.009232856333255768, -0.03158130496740341, 0.016556810587644577, -0.04394372180104256, -0.032074760645627975, 0.012674076482653618, 0.04454106464982033, -0.000989350606687367, 0.0026117556262761354, 0.023127591237425804, -0.025361137464642525, 0.03168518841266632, 0.010427543893456459, -0.002600393258035183, 0.006064337678253651, -0.006869453005492687, 0.012245547026395798, 0.007200589403510094, -0.010550908744335175, -0.01511539425700903, 0.02495858073234558, -0.011940382421016693, 0.0028877025470137596, -0.0033275941386818886, 0.009031577967107296, -0.0317111611366272, -0.010187308304011822, -0.016375010833144188, -0.004356713499873877, 0.018205998465418816, 0.019946087151765823, 0.0033275941386818886, 0.012700047343969345, -0.01781642623245716, -0.0005125306779518723, -0.015076437033712864, 0.014959565363824368, -0.0014511557528749108, -0.026672696694731712, 0.01300521194934845, 0.00801219791173935, 0.007856369018554688, 0.0002938022371381521, 0.0019754546228796244, 0.0012368911411613226, -0.01903708465397358, -0.002084210282191634, 0.03228253498673439, -0.0030824884306639433, 0.005538415629416704, 0.005259222351014614, -0.0040125916711986065, 0.023309390991926193, -0.026192225515842438, 0.07246039062738419, 0.01953054405748844, -0.014323264360427856, -0.0036262660287320614, 0.0003741514519788325, 0.010492472909390926, 0.021556317806243896, 0.016582781448960304, 0.0005356615292839706, -0.0017271025571972132, -0.027789469808340073, -0.002631234237924218, -0.006655188277363777, 0.003506148001179099, 0.017361925914883614, -0.003957402426749468, -0.032750021666288376, 0.024049578234553337, -0.037320997565984726, -0.0008067386806942523, 0.0034509587567299604, 0.01912798546254635, 0.016413968056440353, 0.030360644683241844, -0.010070436634123325, -0.04022980108857155, 0.02092001773416996, -0.006856467574834824, -0.031892962753772736, 0.03108784556388855, 0.006580520421266556, -0.021725133061408997, -0.0004060070787090808, -0.002988341962918639, -0.008096604607999325, -0.006746088620275259, -0.027010325342416763, -0.017751498147845268, -0.008421247825026512, -0.0003051647508982569, -0.012985733337700367, 0.030074959620833397, 0.0001433503202861175, 0.011901425197720528, 0.003006197279319167, 0.0243742223829031, -0.015154351480305195, -0.023192521184682846, -0.023530149832367897, -0.013492177240550518, -0.01651785336434841, 0.010434037074446678, -0.0271921269595623, 0.005116378888487816, -0.028256956487894058, 0.004441121127456427, -0.0250494796782732, 0.009297785349190235, 0.00766158290207386, -0.023984650149941444, 0.021725133061408997, -0.001362690469250083, -0.03176310285925865, 0.0018115098355337977, -0.006473388057202101, -0.162269726395607, 0.006856467574834824, 0.030698275193572044, -0.023608064278960228, 0.0019543529488146305, -0.004093752708286047, -0.0035158873070031404, 0.0076421042904257774, -0.015868566930294037, 0.006574027705937624, 0.02607535384595394, -0.011680667288601398, -0.0017271025571972132, -0.019166942685842514, 0.0070382677949965, -0.014959565363824368, -0.034048594534397125, -0.005895522888749838, 0.020283715799450874, -0.008804327808320522, 0.02651686780154705, -0.02188096195459366, -0.0032009833957999945, -0.021309588104486465, -0.012713033705949783, 0.01877737045288086, -0.027789469808340073, 0.00299321161583066, -0.013816820457577705, -0.009408163838088512, -0.022530248388648033, 0.0026750611141324043, 0.030620360746979713, 0.011537824757397175, 0.005369600839912891, -0.0125247398391366, -0.002431578701362014, 0.016478896141052246, -0.013479191809892654, 0.023374320939183235, 0.037580713629722595, -0.01029119361191988, -0.004071027506142855, 0.007544711232185364, 0.008414755575358868, 0.0008919576066546142, 0.027581699192523956, 0.0016637970693409443, 0.008583569899201393, -0.010472994297742844, 0.01576467975974083, -0.029165957123041153, -0.012829904444515705, 0.014024592004716396, 0.005135857500135899, -0.020777173340320587, -0.0224003903567791, 0.03158130496740341, -0.0036197733134031296, -0.030698275193572044, -0.006401966791599989, 0.001946236821822822, 0.005512443836778402, -0.004645646084100008, -0.01668666861951351, -0.021127788349986076, 0.021218689158558846, 0.010265222750604153, -0.014401178807020187, 0.009453614242374897, 0.010641808621585369, -0.021218689158558846, -0.008018690161406994, -0.003645744640380144, 0.03882734477519989, 0.004246335010975599, -0.023439249023795128, 0.010485979728400707, 0.012122182175517082, 0.008603048510849476, -0.000545400835108012, 0.01962144300341606, -0.017608655616641045, -0.008297883905470371, -0.0097328070551157, 0.01218711119145155, -0.004129463341087103, -0.006022133864462376, 0.014310278929769993, 0.013699948787689209, 0.009888635948300362, -0.03012690134346485, -0.013712935149669647, -0.015777666121721268, -0.005996162537485361, 0.024945594370365143, 0.0356588251888752, -0.025698766112327576, -0.000677692994941026, -0.003567830426618457, 0.008414755575358868, -0.005343629512935877, -0.033970680087804794, 0.007057746406644583, 0.014803736470639706, 0.03477579355239868, -0.021283617243170738, 0.006895424798130989, 0.003317854832857847, -0.003489915980026126, -0.009077027440071106, 0.02402360737323761, 0.04160629212856293, 0.01141445990651846, 0.0012953269761055708, 0.010862566530704498, 0.00424308842048049, -0.032594192773103714, -0.0024689126294106245, -0.003489915980026126, 0.029036100953817368, 0.02332237735390663, -0.026412982493638992, 0.010284701362252235, -0.002683177124708891, -0.017894340679049492, -0.11572885513305664, -0.01714116893708706, 0.017959268763661385, 0.026464926078915596, 0.017582682892680168, 0.023179534822702408, -0.004210623912513256, 0.012771468609571457, -0.017608655616641045, 0.033529166132211685, -0.006648695562034845, -0.02391972206532955, 0.006440924014896154, 0.009090013802051544, 0.022958777844905853, -0.013238955289125443, 0.022270532324910164, -0.04124268889427185, 0.011472895741462708, 0.007096703629940748, 0.01660875417292118, -0.01157678198069334, -0.00020087306620553136, -0.0188423004001379, -0.024036593735218048, -0.009739300236105919, -0.030438559129834175, 0.01954352855682373, 0.019426656886935234, -0.011823510751128197, 0.0461512990295887, 0.0011110918130725622, -0.006447416730225086, -0.006862960290163755, -0.008680962957441807, -0.00723305344581604, -0.014089521020650864, -0.05279999226331711, 0.026581795886158943, -0.004574224818497896, -0.016323067247867584, 0.011648203246295452, 0.024594979360699654, -0.007174617610871792, 0.013660991564393044, -0.017180126160383224, -0.02901012822985649, 0.029659416526556015, -0.020088929682970047, -0.01824495568871498, -0.013583077117800713, -0.0008318985346704721, -0.02495858073234558, -0.009693849831819534, -0.007018789183348417, -0.007551203947514296, 0.01895917020738125, 0.021478403359651566, -0.0023552875500172377, -0.0014941709814593196, 0.01325194165110588, 0.031737133860588074, -0.017608655616641045, 0.02186797559261322, 0.011076831258833408, -0.014440136030316353, 0.005057943053543568, 0.004924839362502098, 0.030880074948072433, -0.0422036349773407, -0.031191732734441757, -0.016504867002367973, -0.009083520621061325, -0.005603344179689884, -0.020036986097693443, -0.019764287397265434, -0.03134756162762642, -0.001058337278664112, -0.003726905444636941, 0.011161237955093384, -0.023711949586868286, -0.02093300223350525, 0.024698864668607712, 0.031633246690034866, 0.0071291676722466946, 0.0158555805683136, -0.01929680071771145, -0.029815243557095528, 0.012589668855071068, -0.02737392671406269, -0.006122773513197899, 0.027685584500432014, 0.013622034341096878, 0.012680568732321262, 0.0022205605637282133, -0.007096703629940748, -0.013336348347365856, -0.011687160469591618, -0.003613280365243554, 0.01558288000524044, -0.027685584500432014, 0.0005178061546757817, -0.06077323481440544, 0.017024297267198563, 0.00869394838809967, -0.0077070328406989574, 0.01714116893708706, -0.008544612675905228, 0.016855482012033463, -0.01085607334971428, -0.003775601973757148, 0.015141365118324757, -0.0278154406696558, 0.01476477924734354, -0.02428332157433033, -0.02393270656466484, -0.003252926282584667, 0.00028832387761212885, 0.0004845301737077534, 0.010349629446864128, 0.0012076732236891985, -0.006811017170548439, -0.007603147067129612, -0.0026588288601487875, 0.002589030656963587, 0.02024475857615471, -0.02134854532778263, 0.01287535484880209, -0.016764583066105843, -0.003743137698620558, -0.00801219791173935, 0.015440037474036217, -0.0012287750141695142, -0.020348643884062767, 0.015180322341620922, 0.042151693254709244, -0.011667681857943535, -0.0438917800784111, 0.011765074916183949, 0.01714116893708706, 0.011726117692887783, -0.028179042041301727, -0.02281593345105648, -0.013310376554727554, -0.0022497782483696938, -0.040671318769454956, 0.015219279564917088, 0.004600196145474911, -0.004103492014110088, 0.01253123302012682, 0.011349530890583992, -0.019153956323862076, 0.035788681358098984, 0.00021426461171358824, -0.00667466688901186, -0.02797126956284046, 0.005155336111783981, 0.01860855706036091, -0.003980127163231373, -0.02084210328757763, 0.008752384223043919, -0.02573772333562374, 0.03763265535235405, -0.003460698062554002, 0.04391775280237198, -0.007784947287291288, 0.015816623345017433, 0.022231575101614, -0.011356024071574211, -0.004204131197184324, 0.009245842695236206, -0.00045084842713549733, -0.03152935951948166, -0.0083498265594244, 0.01860855706036091, 0.014531035907566547, -0.005752679891884327, 0.0055189370177686214, -0.001402459223754704, 0.05051450431346893, -0.021387502551078796, 0.024841709062457085, 0.03584062308073044, -0.0037171663716435432, -0.0014519674004986882, 0.02066030167043209, 0.025607867166399956, 0.011648203246295452, -0.04004800319671631, 0.014842693693935871, 0.004204131197184324, 0.007862861268222332, -0.020647317171096802, 0.01093398779630661, 0.005204032640904188, -0.02488066628575325, 0.042333491146564484, 0.008505655452609062, 0.001915395725518465, 0.008187505416572094, 0.019348742440342903, 0.03607436642050743, -0.0158555805683136, -0.001761190127581358, 4.2888430471066386e-05, -0.037762515246868134, -0.02703629806637764, 0.0037626163102686405, -0.012797440402209759, -0.02306266315281391, -0.024646922945976257, 0.03945066034793854, -0.011323560029268265, 0.022283518686890602, 0.04519035294651985, 0.006901917513459921, -0.012323461472988129, 0.015595866367220879, -0.017284011468291283, -0.0037626163102686405, -0.028205012902617455, 0.0014917361550033092, -0.007973240688443184, 0.005603344179689884, -0.0031246922444552183, 0.009563992731273174, -0.004359960090368986, 0.017777469009160995, -0.0070642391219735146, -0.0005088784382678568, -0.0004573413170874119, -0.01729699783027172, 0.00960294995456934, -0.028049184009432793, -0.006275355815887451, -0.019309785217046738, -0.009486078284680843, -0.0178294125944376, -0.009758778847754002, -0.006791538558900356, 0.003554844530299306, 0.058331914246082306, 0.030256759375333786, 0.013660991564393044, -0.00057340128114447, -0.007817411795258522, 0.019504571333527565, 0.013310376554727554, -0.00787584763020277, 0.020958974957466125, -0.013479191809892654, 0.002978602657094598, -0.004382685292512178, -0.0007799556478857994, -0.004902114626020193, -0.01566079445183277, -0.009635413996875286, -0.00014132130309008062, -0.004980029072612524, 0.024581992998719215, 0.012563697062432766, 0.00641170609742403, -0.020647317171096802, 0.018063155934214592, -0.00012001658615190536, -0.035009536892175674, -0.029088042676448822, 0.021231673657894135, 0.003554844530299306, -0.02006295882165432, -0.006505852565169334, -0.017491783946752548, 0.011589767411351204, -0.014024592004716396, -0.004814460873603821, 0.020971959456801414, 0.02323147840797901, -0.02582862414419651, -0.02073821611702442, 0.02117973193526268, 0.026646725833415985, 0.0036684698425233364, 0.017582682892680168, -0.020790159702301025, -0.013057155534625053, -0.039216917008161545, -0.011206688359379768, -0.021984847262501717, 0.00028690355247817934, -0.01545302290469408], 'ai_metadata': {'tags': ['construction', 'document'], 'document_type': 'unknown', 'topics': ['HVAC System Sizing for Office Buildings'], 'supplier_mentions': [], 'categories': ['general'], 'summary': '```json\n{\n  "tags": [\n    "AS/NZS 1668.2",\n    "AS 1668.2",\n    "HVAC",\n    "energy efficiency",\n    "heat load calculations",\n    "fresh air requirements",\n    "equipment selection",\n    "ductwork si'}, 'created_timestamp': '2025-08-12T05:23:47.236000', 'status': 'active', 'reference_count': 0, 'helpful_votes': 0, 'view_count': 0}, 'similarity_score': 0.8909605645875555}, {'type': 'mentor_note', 'note': {'_id': '689aef64aa7af9acc74f4a44', 'note_id': '7d62508f-97b6-496b-ba5c-a623665de52e', 'user_id': 'demo_user_auto_token', 'user_email': 'demo@onesource.ai', 'title': 'HVAC System Sizing for Office Buildings', 'content': 'Proper HVAC system sizing is critical for energy efficiency and occupant comfort. Key considerations include: 1) Heat load calculations per AS/NZS 1668.2, 2) Fresh air requirements per AS 1668.2, 3) Equipment selection based on peak loads with appropriate safety factors, 4) Ductwork sizing to minimize pressure losses, 5) Control system integration for optimal performance.', 'tags': ['HVAC', 'sizing', 'energy-efficiency', 'construction', 'document'], 'category': 'mechanical-systems', 'attachment_url': None, 'embedding': [0.007888833060860634, 0.01140796672552824, -0.005616329610347748, -0.03763265535235405, 0.010583372786641121, 0.00417815987020731, -0.008583569899201393, -0.022751005366444588, 0.007297982461750507, -0.0004825011710636318, 0.0024867679458111525, 0.01662173867225647, -0.0014219378354027867, 0.0009106245706789196, -0.01558288000524044, -0.013323362916707993, 0.0253871101886034, -0.0032935068011283875, 0.019309785217046738, -0.027347955852746964, -0.024036593735218048, 0.017284011468291283, -0.016985340043902397, -0.005454008001834154, 0.003019183175638318, 0.006619477644562721, 0.01231696829199791, -0.029763301834464073, 0.0008343333611264825, -0.023478206247091293, 0.02986718714237213, 0.005366354249417782, -0.006869453005492687, -0.009148449636995792, -0.017777469009160995, 0.015427051112055779, 0.003158779814839363, -0.0006363009451888502, 0.003241563681513071, -0.02428332157433033, 0.026932410895824432, -0.014245349913835526, 0.0010721345897763968, 0.01720609702169895, 0.014842693693935871, 0.02593250945210457, 0.029321786016225815, -0.033529166132211685, -0.00606758426874876, 0.008395276963710785, -0.0008225650526583195, 0.01433624979108572, -0.0008521887939423323, 0.005700737237930298, -0.019582485780119896, -0.017335955053567886, -0.018998127430677414, 0.02006295882165432, 0.004022330977022648, -0.035347167402505875, -0.017024297267198563, -0.020257744938135147, -0.0317111611366272, 0.018803343176841736, -0.009031577967107296, -0.01334933377802372, -0.005561140365898609, 0.0014998522819951177, -0.012518247589468956, -0.008609541691839695, 0.03337333723902702, 0.03654185310006142, -0.00389572000131011, 0.03898317366838455, 0.021049873903393745, -0.01608932390809059, 0.009154941886663437, 0.002308214083313942, -0.011394981294870377, -0.002051746007055044, -0.004207377787679434, -0.03900914266705513, -0.00068662065314129, 0.01842675544321537, -0.0030743724200874567, 0.000502791372127831, 0.009077027440071106, 0.011115787550807, -0.016063353046774864, 0.02625715360045433, 0.014141463674604893, -0.014362221583724022, 0.025296209380030632, 0.013050662353634834, -0.02997107245028019, 0.006603245623409748, 0.01239488273859024, 0.006791538558900356, 0.00037800660356879234, -0.011161237955093384, -0.003999605774879456, 0.005879290867596865, -0.044982582330703735, -0.005538415629416704, -0.010356122627854347, 0.009992522187530994, 0.004593703430145979, -0.002665321808308363, 0.010667780414223671, -0.02755572646856308, -0.007609639782458544, 0.039476629346609116, -0.016829511150717735, 0.007453810889273882, 0.01723206788301468, 0.016413968056440353, 0.01351814903318882, 0.005850072950124741, -0.031061874702572823, 0.0044995564967393875, -0.016647711396217346, 0.01476477924734354, 0.01653083972632885, -0.005119625478982925, 0.0320487916469574, -0.005768912378698587, -0.021322574466466904, -0.02593250945210457, -0.01494657900184393, -0.012550711631774902, -0.0013464582152664661, 0.010511951521039009, 0.01773851178586483, 0.016050366684794426, -0.022166647017002106, -0.0029428917914628983, 0.010206786915659904, 0.02986718714237213, -0.01502449344843626, -0.01468686480075121, -0.0014146333560347557, 0.02478976547718048, -0.027166154235601425, -0.03168518841266632, 0.013609048910439014, -0.004204131197184324, 0.019686372950673103, 0.028049184009432793, -0.014660893008112907, -0.017413869500160217, -0.006765567231923342, -0.012803933583199978, -0.013362320140004158, 0.013271419331431389, 0.004772257059812546, 0.014479093253612518, -0.022283518686890602, 0.0017969008767977357, -0.01729699783027172, -0.030023016035556793, 0.01094048097729683, -0.011881946586072445, 0.002788686193525791, 0.010135364718735218, -0.002415346447378397, -0.01003147941082716, 0.016855482012033463, -0.010752187110483646, -0.008590063080191612, 0.019050071015954018, -0.004048302303999662, 0.019686372950673103, -0.018361827358603477, -0.001301008160226047, 0.027088239789009094, 0.007369403727352619, -6.122570630395785e-05, 0.01962144300341606, 0.01981622911989689, -0.014582978561520576, -0.017011310905218124, -0.004106738138943911, 0.020114900544285774, 0.01636202447116375, -0.025607867166399956, -0.0027854398358613253, 0.010778158903121948, 0.019673386588692665, 0.027399897575378418, -0.012849383056163788, 0.008512148633599281, 0.02169916033744812, 0.004467092454433441, -0.005171568598598242, -0.6474167108535767, -0.008168026804924011, -0.008258926682174206, -0.03142547607421875, 0.00303379213437438, -0.011791045777499676, 0.048956215381622314, 0.02220560424029827, 0.006356516852974892, -0.00682400306686759, 0.015543922781944275, 0.015076437033712864, -0.007135660853236914, -0.018998127430677414, 0.0024072304368019104, -0.023205505684018135, 0.00592149468138814, -0.0019348743371665478, 0.017582682892680168, -0.0025305948220193386, -0.004473585169762373, 0.034568022936582565, -0.03571076691150665, -0.016245152801275253, 0.032412391155958176, -0.01372592058032751, -0.00557412626221776, -0.01550496555864811, 0.0029363990761339664, 0.003980127163231373, 0.00030272992444224656, 0.017543725669384003, 0.010752187110483646, 0.0067071313969790936, 0.04519035294651985, 0.0073499251157045364, -0.018102113157510757, 0.02169916033744812, 0.01468686480075121, 0.01218711119145155, -0.0013456466840580106, -0.009135463275015354, 0.024296307936310768, 0.006074076984077692, -0.008155040442943573, 0.019582485780119896, 0.044644951820373535, -0.01476477924734354, 0.011433938518166542, -0.03477579355239868, -0.0045774709433317184, -0.002989965258166194, 0.002821150701493025, 0.023621048778295517, 0.012511754408478737, -0.015154351480305195, 0.013161040842533112, -0.001993310172110796, -0.0033762906678020954, -0.0049508111551404, 0.01827092655003071, 0.003095474326983094, -0.006590259727090597, -0.030178844928741455, -0.01962144300341606, -0.0027221343480050564, -0.018621541559696198, -0.016050366684794426, -0.022283518686890602, -0.00976527202874422, -0.011135266162455082, 0.022971762344241142, -0.006466895341873169, 0.01566079445183277, 0.010667780414223671, 0.022763991728425026, 0.013440234586596489, -0.01651785336434841, 0.02125764638185501, 0.00904456339776516, -0.0026929164305329323, 0.00934323575347662, -0.005600097589194775, -0.027529755607247353, -0.005603344179689884, -0.019348742440342903, -0.006106541026383638, -0.0038437771145254374, 0.01772552728652954, 0.013187012635171413, 0.041372548788785934, -0.0097328070551157, 0.0064149522222578526, -0.03303570672869682, -0.014024592004716396, 0.022751005366444588, 0.003054893808439374, -0.013946677558124065, 0.006882438901811838, -0.015595866367220879, -0.002506246557459235, -0.02004997245967388, -0.0037885878700762987, 0.007518739905208349, 0.02989315800368786, -0.012427346780896187, -0.00154936034232378, -0.0016897686291486025, 0.02221859060227871, -0.012375404126942158, 0.019063057377934456, -0.020179830491542816, -0.04693043977022171, 0.0032594192307442427, 0.015790652483701706, -0.025036495178937912, 0.043268464505672455, -0.008265419863164425, 0.012719525955617428, -0.01157678198069334, 0.029036100953817368, -0.0011086569866165519, 0.011024887673556805, -0.05139753222465515, -0.016725625842809677, 0.03090604580938816, -0.012816919013857841, -0.022582190111279488, -0.00861603394150734, -0.012290996499359608, -0.027166154235601425, -0.003772355616092682, 0.001348081510514021, -0.009401671588420868, 0.012362418696284294, 0.002894195495173335, 0.008674469776451588, -0.015478994697332382, 0.024257350713014603, -0.01860855706036091, -0.03545105457305908, -0.011635217815637589, 0.01205076090991497, -0.0012101080501452088, -0.016920410096645355, 0.007109689060598612, -0.003051647450774908, 0.012284504249691963, -0.002491637598723173, 0.0034022622276097536, -0.011154744774103165, -0.018621541559696198, -0.01955651491880417, 0.02015385776758194, -0.017465811222791672, -0.014492078684270382, 0.018024198710918427, -0.023789864033460617, 0.02524426579475403, -0.008018690161406994, 0.0012092964025214314, 0.0010818738956004381, -0.03332139179110527, 0.01007692888379097, 0.0014138217084109783, 0.0052137719467282295, 0.008343334309756756, -0.00451903510838747, 0.02237441949546337, -0.041891977190971375, 0.014193407259881496, -0.010862566530704498, -0.004944317974150181, 0.02308863401412964, -0.00488263601437211, -0.013933692127466202, -0.008245941251516342, -0.025114409625530243, 0.0017238561995327473, -0.026672696694731712, 0.004171667154878378, 0.022517262026667595, -0.01989414356648922, 0.006557795684784651, 0.023634035140275955, 0.024594979360699654, 0.022413376718759537, -0.01167417410761118, -0.011641710065305233, 0.012537726201117039, -0.004100245423614979, 0.0030500241555273533, -0.006551302503794432, 0.01545302290469408, 0.038100142031908035, 0.008921199478209019, 0.002181603340432048, 0.008206984028220177, 0.007882339879870415, -0.00675907451659441, 0.029477614909410477, -0.014102506451308727, 0.00766158290207386, -0.013660991564393044, 0.02145243249833584, 0.0003771949850488454, 0.006765567231923342, 0.0059409732930362225, 0.007525232620537281, 0.01316753402352333, -0.0037171663716435432, -0.017842398956418037, 0.0005251105758361518, -0.01136251725256443, 0.007362911012023687, 0.024062564596533775, 0.0009268567664548755, 0.028620557859539986, -0.02945164404809475, -0.003928184509277344, 0.019231870770454407, -0.005564386956393719, 0.04755375534296036, 0.0034477123990654945, -0.009369206614792347, 0.012758483178913593, 0.0055059511214494705, 0.013946677558124065, -0.00047316765994764864, -0.002790309488773346, -0.021634232252836227, -0.017712540924549103, 0.012680568732321262, -0.0031490405090153217, 0.03108784556388855, 0.026750611141324043, 0.025854595005512238, -0.009953564964234829, 0.012914312072098255, -0.0071291676722466946, 0.0198032446205616, 0.006986324675381184, 0.009447121061384678, -0.022166647017002106, 0.009427642449736595, 0.005184554029256105, 0.02608833834528923, 0.0025484501384198666, -0.01226502563804388, -0.010498966090381145, 0.005109886173158884, 0.0031068366952240467, -0.017284011468291283, 0.006122773513197899, 0.022075748071074486, 0.010674272663891315, 0.014842693693935871, 0.0014706343645229936, 0.02417943626642227, 0.017777469009160995, -0.00017348128312733024, -0.002946138381958008, 0.020556416362524033, -0.02171214669942856, 0.00039768809801898897, -0.008680962957441807, -0.022257547825574875, -0.010466501116752625, 0.002603639615699649, 0.01149237435311079, 0.011563795618712902, 0.01342724822461605, -0.016556810587644577, -0.0008822183008305728, 0.014297292567789555, 0.029841216281056404, -0.018361827358603477, -0.02427033707499504, 0.0017709294334053993, 0.03521731123328209, 0.013946677558124065, -0.0034022622276097536, 0.005869551561772823, 0.0035710767842829227, 0.003739891340956092, 0.01575169526040554, -0.00012366882583592087, 0.006064337678253651, 0.0015818247338756919, 0.02651686780154705, -0.0071421535685658455, -0.01183649618178606, -0.016816524788737297, -0.010946973226964474, 0.008921199478209019, 0.00840176921337843, 0.013290897943079472, -0.012096211314201355, -0.011700145900249481, 0.011901425197720528, 0.00847968365997076, -0.023971663787961006, -0.015427051112055779, -0.018738413229584694, 0.03446413576602936, 0.02168617583811283, 0.0020614853128790855, -0.021660203114151955, -0.00278706313110888, -0.011356024071574211, -0.00667466688901186, -0.0214394461363554, -0.0021751103922724724, 0.030412588268518448, 0.011817017570137978, -0.0033405800350010395, -0.014829708263278008, -0.008044661954045296, 0.05848774313926697, -0.020036986097693443, -0.009921100921928883, 3.2109255698742345e-05, -0.010362615808844566, 0.020283715799450874, 0.06918799132108688, -0.009888635948300362, 0.016504867002367973, 0.027347955852746964, -0.0019218885572627187, -0.0072070821188390255, -0.01154431700706482, -0.006940874736756086, 0.020647317171096802, 0.007220068015158176, -0.006901917513459921, 0.00039403585833497345, -0.01558288000524044, 0.0009390308405272663, 0.030957989394664764, 0.0030289224814623594, 0.012920805253088474, -0.028023213148117065, -0.006509099155664444, -0.009693849831819534, -0.012550711631774902, 0.01653083972632885, -0.0032805209048092365, 0.01938769966363907, 0.0402817465364933, 0.014881650917232037, 0.009771764278411865, 0.034490108489990234, 0.0004131086461711675, -0.018361827358603477, -0.009245842695236206, 0.04056743159890175, 0.01567378081381321, 0.03446413576602936, -0.01608932390809059, 0.01433624979108572, 0.010927494615316391, 0.002382882172241807, 0.007758975960314274, 0.008278405293822289, 0.048099156469106674, 0.04209974780678749, -0.00563905481249094, 0.0070642391219735146, 0.02050447277724743, -0.003226954722777009, -0.014531035907566547, 0.03651588410139084, 0.018829314038157463, 0.009628921747207642, 0.01610231027007103, -0.0034964086953550577, 0.001902409945614636, 0.004502803087234497, -0.014128478243947029, -0.014089521020650864, -0.0012019919231534004, -0.00878484919667244, 0.008635512553155422, -0.037580713629722595, -0.02591952495276928, -0.020556416362524033, 0.021569304168224335, -0.004330742172896862, -0.013673977926373482, -0.011427445337176323, -0.005454008001834154, 0.010784652084112167, -0.028023213148117065, 0.013148055411875248, 0.012719525955617428, -0.048073187470436096, -0.007778454571962357, 0.02298474870622158, 0.04337235167622566, -0.000755607383325696, 0.012258532457053661, 0.006505852565169334, 0.00830437708646059, -0.0074343327432870865, -0.005700737237930298, -0.0006273732287809253, -0.02446512132883072, -0.03643796965479851, -0.017426853999495506, 0.02021878771483898, -0.02007594332098961, -0.012011803686618805, -0.002429955406114459, -0.0079277902841568, 0.013531134463846684, -0.005411804653704166, 0.021153759211301804, -0.0072070821188390255, 0.02497156523168087, 0.013362320140004158, 0.003600294701755047, 0.005830594338476658, 0.010570387355983257, -0.03316556289792061, -0.016985340043902397, 0.012751989997923374, 0.01133005227893591, -0.019868172705173492, -0.0044119032099843025, -0.01807614043354988, -0.0040775202214717865, -0.001112715108320117, 0.0007568247965537012, -0.03269807621836662, 0.020543430000543594, -0.03329542279243469, -0.016387995332479477, -0.004398917313665152, -0.002304967725649476, 0.022517262026667595, 0.02282891981303692, 0.009499063715338707, 0.00847968365997076, 0.012751989997923374, 0.003319478128105402, -0.0317111611366272, 0.03838582709431648, 0.019647415727376938, -0.007388882339000702, 0.01325194165110588, 0.01712818257510662, -0.00864849891513586, -0.03290585055947304, -0.005454008001834154, 0.013751892372965813, 0.024569008499383926, 0.0005429660086520016, -0.031633246690034866, -0.039035115391016006, -0.01859557069838047, -0.0176605973392725, 0.008395276963710785, -0.02867249958217144, -0.006382488179951906, -0.02255621924996376, 0.01971234381198883, 0.010693751275539398, 0.007992719300091267, 0.009161435067653656, -0.021829018369317055, 0.014453121460974216, 0.00026600464479997754, -0.003879487980157137, 0.00856409128755331, -0.004493063781410456, 0.008317362517118454, -0.01772552728652954, -0.0017352186841890216, -0.013453220017254353, -0.02549099549651146, 0.003441219450905919, -0.012271517887711525, 0.011797538958489895, 0.020725231617689133, 0.028205012902617455, 0.001641883747652173, 0.010836594738066196, -0.00047154445201158524, -0.015063450671732426, 0.021543331444263458, 0.001697884639725089, -0.01843974180519581, -0.006489620544016361, -0.013388291001319885, 0.0224003903567791, 0.0011476142099127173, -0.018907228484749794, -0.003957402426749468, 0.009830200113356113, -0.0014341119676828384, 0.013583077117800713, -0.02599743939936161, -0.006187702063471079, -0.020426558330655098, 0.017699554562568665, -0.006301327142864466, -0.01798524148762226, 0.01093398779630661, -0.023465219885110855, -0.004272306337952614, 0.016894439235329628, 0.009401671588420868, -0.0034834230318665504, -0.0039346772246062756, 0.00451903510838747, -0.016336053609848022, -0.003850270062685013, -7.111718150554225e-05, 0.016323067247867584, -0.007849875837564468, -0.006681160070002079, -0.04430732503533363, -0.013180519454181194, -0.0025776680558919907, 0.008726413361728191, -0.004785242956131697, 0.007804425898939371, -0.016206195577979088, 0.011161237955093384, -0.00432424945756793, -0.001215789350681007, -0.018985142931342125, 0.01645292527973652, -0.010265222750604153, -0.026984354481101036, -0.021244660019874573, 0.020621344447135925, 0.0030613867565989494, 0.005431283265352249, -0.00268155406229198, 0.025114409625530243, 0.024439150467514992, -0.032074760645627975, 0.04454106464982033, 0.028153071179986, -0.01162872463464737, 0.014297292567789555, 0.0023585339076817036, 0.026646725833415985, 0.005577372387051582, 0.012323461472988129, -0.021673189476132393, -0.04667072743177414, -0.007966747507452965, 0.019076041877269745, 0.032256562262773514, 0.00019407585205044597, -0.0015071567613631487, -0.013635020703077316, -0.00047316765994764864, 0.00044963101390749216, 0.0038859806954860687, -0.026984354481101036, 0.04324249178171158, -0.0014544022269546986, -0.0014755040174350142, -0.012414361350238323, -0.02394569292664528, -0.011187209747731686, 0.014414164237678051, -0.0010023362701758742, 0.004691096488386393, 0.00606758426874876, -0.009219870902597904, -0.015621837228536606, 0.008284898474812508, -0.002194589003920555, 0.012349432334303856, 0.00955100730061531, 0.023179534822702408, 0.004333988763391972, -0.0320487916469574, 0.009908114559948444, -0.005074175540357828, 0.01772552728652954, -0.005843580234795809, -0.0032935068011283875, 0.005122872069478035, 0.004973535891622305, 0.022686077281832695, -0.011602752842009068, 0.006804524455219507, -0.01196635328233242, 0.020530445501208305, -0.02349119260907173, -0.03495759516954422, -0.007395375519990921, -0.017582682892680168, 0.028646528720855713, -0.0033568120561540127, -0.01945262961089611, -0.00878484919667244, -0.0032821442000567913, -0.023101620376110077, 0.010232757776975632, 0.011791045777499676, -0.012492275796830654, 0.002804918447509408, -0.004444367252290249, -0.004187899176031351, 0.005801376421004534, 0.01029119361191988, -0.006203934084624052, -0.015491980127990246, -0.0008943924331106246, -0.0028601079247891903, -0.018803343176841736, 0.005350122228264809, -0.002524101873859763, -0.020907031372189522, -0.029036100953817368, 0.02497156523168087, -0.032412391155958176, 0.021413475275039673, 0.011596260592341423, 0.005301425699144602, -0.006093555595725775, 0.011440431699156761, -0.038178056478500366, -0.012420854531228542, 0.005801376421004534, 0.006181209348142147, -0.013290897943079472, -0.013868763111531734, 0.006100048311054707, 0.024815736338496208, -0.007823904976248741, 0.018907228484749794, -0.00047154445201158524, 0.018634527921676636, 0.010284701362252235, -0.023179534822702408, -0.011115787550807, 0.017946284264326096, 0.001991686876863241, -0.015595866367220879, 0.02238740399479866, -0.027503784745931625, 0.018907228484749794, 0.027270041406154633, 0.006655188277363777, -0.01385577768087387, -0.0435541495680809, -0.014284307137131691, -0.0012766598956659436, 0.0004796605498995632, -0.0034866693895310163, -0.02290683425962925, -0.02763364091515541, 0.0026198718696832657, -0.0047495318576693535, 0.011875453405082226, 0.001150860683992505, -0.0027675845194607973, -0.006681160070002079, -0.010427543893456459, -0.016556810587644577, 0.0014560254057869315, -0.049112044274806976, -0.01841377094388008, -0.01287535484880209, -0.01584259420633316, -0.05448813736438751, -0.02384180761873722, 0.007181110791862011, 0.027503784745931625, 0.010908016003668308, -0.022932805120944977, -0.008999112993478775, 0.007161632180213928, -0.06222763657569885, -0.02480275183916092, -0.00861603394150734, 0.010765173472464085, 0.004405410028994083, 0.029217900708317757, -0.0027481059078127146, 0.013959663920104504, -0.001641883747652173, -0.008323855698108673, -0.03329542279243469, -0.011745596304535866, -0.01628411002457142, 0.013258433900773525, 0.016128281131386757, -0.011505359783768654, -0.0059636980295181274, -0.01611529476940632, -0.0010794390691444278, 0.004908607341349125, -0.014699850231409073, -0.014310278929769993, 0.0037885878700762987, 0.01843974180519581, 0.01398563478142023, 0.01398563478142023, 0.01972533017396927, 0.01476477924734354, -0.006798031739890575, -0.03295779228210449, -0.010576879605650902, 0.03329542279243469, -0.01282341219484806, -0.00021203268261160702, -0.020387601107358932, 0.005090407561510801, -0.012167632579803467, -0.009654892608523369, 0.013829805888235569, -0.012966254726052284, -0.002460796618834138, -0.012985733337700367, 0.00903807021677494, 0.006746088620275259, -0.020348643884062767, 0.011719624511897564, 0.02495858073234558, 0.01036910805851221, 0.0006898671272210777, 0.022517262026667595, -0.023880764842033386, -0.003054893808439374, 0.025088436901569366, -0.01712818257510662, -0.02350417710840702, 0.003769109258428216, 0.018141070380806923, -0.002381258876994252, -0.02506246604025364, 0.0012092964025214314, 0.003379537258297205, -0.005025479011237621, 0.013050662353634834, -0.0067720599472522736, -0.021075846627354622, -0.009804229252040386, 0.000956886273343116, -0.015478994697332382, -0.0010567140998318791, -0.0005867928266525269, 0.0063272989355027676, -0.019933100789785385, -0.0006671420414932072, 0.013290897943079472, -0.03194490447640419, -0.009018591605126858, -0.0038080664817243814, -0.008622527122497559, 0.0015266352565959096, 0.012570190243422985, 0.19312383234500885, 0.0148946363478899, 0.0035126409493386745, 0.0344121940433979, -0.010258729569613934, -0.006645448971539736, 0.008064140565693378, 0.006733102723956108, 0.00598317664116621, 0.03610033914446831, -0.009492571465671062, -0.0008765370002947748, -0.013738906010985374, 0.003080865368247032, 0.008875749073922634, -0.035606883466243744, -0.04228154942393303, -0.00890821311622858, -0.010018493048846722, 0.04796930029988289, 0.018193012103438377, 0.009719821624457836, 0.044463150203228, -0.01162872463464737, 0.026802554726600647, -0.008031676523387432, -0.022426361218094826, 0.015232265926897526, 0.0067850458435714245, 0.028724443167448044, -0.009031577967107296, -0.014440136030316353, 0.021231673657894135, 0.0009601326892152429, -0.012407868169248104, -0.014362221583724022, 0.018218984827399254, -0.025698766112327576, 0.0017254793783649802, 0.004989768378436565, -0.001902409945614636, -0.01998504437506199, -0.018478699028491974, -0.005600097589194775, 0.0015047219349071383, 0.015530937351286411, -0.015336151234805584, -0.009232856333255768, -0.03158130496740341, 0.016556810587644577, -0.04394372180104256, -0.032074760645627975, 0.012674076482653618, 0.04454106464982033, -0.000989350606687367, 0.0026117556262761354, 0.023127591237425804, -0.025361137464642525, 0.03168518841266632, 0.010427543893456459, -0.002600393258035183, 0.006064337678253651, -0.006869453005492687, 0.012245547026395798, 0.007200589403510094, -0.010550908744335175, -0.01511539425700903, 0.02495858073234558, -0.011940382421016693, 0.0028877025470137596, -0.0033275941386818886, 0.009031577967107296, -0.0317111611366272, -0.010187308304011822, -0.016375010833144188, -0.004356713499873877, 0.018205998465418816, 0.019946087151765823, 0.0033275941386818886, 0.012700047343969345, -0.01781642623245716, -0.0005125306779518723, -0.015076437033712864, 0.014959565363824368, -0.0014511557528749108, -0.026672696694731712, 0.01300521194934845, 0.00801219791173935, 0.007856369018554688, 0.0002938022371381521, 0.0019754546228796244, 0.0012368911411613226, -0.01903708465397358, -0.002084210282191634, 0.03228253498673439, -0.0030824884306639433, 0.005538415629416704, 0.005259222351014614, -0.0040125916711986065, 0.023309390991926193, -0.026192225515842438, 0.07246039062738419, 0.01953054405748844, -0.014323264360427856, -0.0036262660287320614, 0.0003741514519788325, 0.010492472909390926, 0.021556317806243896, 0.016582781448960304, 0.0005356615292839706, -0.0017271025571972132, -0.027789469808340073, -0.002631234237924218, -0.006655188277363777, 0.003506148001179099, 0.017361925914883614, -0.003957402426749468, -0.032750021666288376, 0.024049578234553337, -0.037320997565984726, -0.0008067386806942523, 0.0034509587567299604, 0.01912798546254635, 0.016413968056440353, 0.030360644683241844, -0.010070436634123325, -0.04022980108857155, 0.02092001773416996, -0.006856467574834824, -0.031892962753772736, 0.03108784556388855, 0.006580520421266556, -0.021725133061408997, -0.0004060070787090808, -0.002988341962918639, -0.008096604607999325, -0.006746088620275259, -0.027010325342416763, -0.017751498147845268, -0.008421247825026512, -0.0003051647508982569, -0.012985733337700367, 0.030074959620833397, 0.0001433503202861175, 0.011901425197720528, 0.003006197279319167, 0.0243742223829031, -0.015154351480305195, -0.023192521184682846, -0.023530149832367897, -0.013492177240550518, -0.01651785336434841, 0.010434037074446678, -0.0271921269595623, 0.005116378888487816, -0.028256956487894058, 0.004441121127456427, -0.0250494796782732, 0.009297785349190235, 0.00766158290207386, -0.023984650149941444, 0.021725133061408997, -0.001362690469250083, -0.03176310285925865, 0.0018115098355337977, -0.006473388057202101, -0.162269726395607, 0.006856467574834824, 0.030698275193572044, -0.023608064278960228, 0.0019543529488146305, -0.004093752708286047, -0.0035158873070031404, 0.0076421042904257774, -0.015868566930294037, 0.006574027705937624, 0.02607535384595394, -0.011680667288601398, -0.0017271025571972132, -0.019166942685842514, 0.0070382677949965, -0.014959565363824368, -0.034048594534397125, -0.005895522888749838, 0.020283715799450874, -0.008804327808320522, 0.02651686780154705, -0.02188096195459366, -0.0032009833957999945, -0.021309588104486465, -0.012713033705949783, 0.01877737045288086, -0.027789469808340073, 0.00299321161583066, -0.013816820457577705, -0.009408163838088512, -0.022530248388648033, 0.0026750611141324043, 0.030620360746979713, 0.011537824757397175, 0.005369600839912891, -0.0125247398391366, -0.002431578701362014, 0.016478896141052246, -0.013479191809892654, 0.023374320939183235, 0.037580713629722595, -0.01029119361191988, -0.004071027506142855, 0.007544711232185364, 0.008414755575358868, 0.0008919576066546142, 0.027581699192523956, 0.0016637970693409443, 0.008583569899201393, -0.010472994297742844, 0.01576467975974083, -0.029165957123041153, -0.012829904444515705, 0.014024592004716396, 0.005135857500135899, -0.020777173340320587, -0.0224003903567791, 0.03158130496740341, -0.0036197733134031296, -0.030698275193572044, -0.006401966791599989, 0.001946236821822822, 0.005512443836778402, -0.004645646084100008, -0.01668666861951351, -0.021127788349986076, 0.021218689158558846, 0.010265222750604153, -0.014401178807020187, 0.009453614242374897, 0.010641808621585369, -0.021218689158558846, -0.008018690161406994, -0.003645744640380144, 0.03882734477519989, 0.004246335010975599, -0.023439249023795128, 0.010485979728400707, 0.012122182175517082, 0.008603048510849476, -0.000545400835108012, 0.01962144300341606, -0.017608655616641045, -0.008297883905470371, -0.0097328070551157, 0.01218711119145155, -0.004129463341087103, -0.006022133864462376, 0.014310278929769993, 0.013699948787689209, 0.009888635948300362, -0.03012690134346485, -0.013712935149669647, -0.015777666121721268, -0.005996162537485361, 0.024945594370365143, 0.0356588251888752, -0.025698766112327576, -0.000677692994941026, -0.003567830426618457, 0.008414755575358868, -0.005343629512935877, -0.033970680087804794, 0.007057746406644583, 0.014803736470639706, 0.03477579355239868, -0.021283617243170738, 0.006895424798130989, 0.003317854832857847, -0.003489915980026126, -0.009077027440071106, 0.02402360737323761, 0.04160629212856293, 0.01141445990651846, 0.0012953269761055708, 0.010862566530704498, 0.00424308842048049, -0.032594192773103714, -0.0024689126294106245, -0.003489915980026126, 0.029036100953817368, 0.02332237735390663, -0.026412982493638992, 0.010284701362252235, -0.002683177124708891, -0.017894340679049492, -0.11572885513305664, -0.01714116893708706, 0.017959268763661385, 0.026464926078915596, 0.017582682892680168, 0.023179534822702408, -0.004210623912513256, 0.012771468609571457, -0.017608655616641045, 0.033529166132211685, -0.006648695562034845, -0.02391972206532955, 0.006440924014896154, 0.009090013802051544, 0.022958777844905853, -0.013238955289125443, 0.022270532324910164, -0.04124268889427185, 0.011472895741462708, 0.007096703629940748, 0.01660875417292118, -0.01157678198069334, -0.00020087306620553136, -0.0188423004001379, -0.024036593735218048, -0.009739300236105919, -0.030438559129834175, 0.01954352855682373, 0.019426656886935234, -0.011823510751128197, 0.0461512990295887, 0.0011110918130725622, -0.006447416730225086, -0.006862960290163755, -0.008680962957441807, -0.00723305344581604, -0.014089521020650864, -0.05279999226331711, 0.026581795886158943, -0.004574224818497896, -0.016323067247867584, 0.011648203246295452, 0.024594979360699654, -0.007174617610871792, 0.013660991564393044, -0.017180126160383224, -0.02901012822985649, 0.029659416526556015, -0.020088929682970047, -0.01824495568871498, -0.013583077117800713, -0.0008318985346704721, -0.02495858073234558, -0.009693849831819534, -0.007018789183348417, -0.007551203947514296, 0.01895917020738125, 0.021478403359651566, -0.0023552875500172377, -0.0014941709814593196, 0.01325194165110588, 0.031737133860588074, -0.017608655616641045, 0.02186797559261322, 0.011076831258833408, -0.014440136030316353, 0.005057943053543568, 0.004924839362502098, 0.030880074948072433, -0.0422036349773407, -0.031191732734441757, -0.016504867002367973, -0.009083520621061325, -0.005603344179689884, -0.020036986097693443, -0.019764287397265434, -0.03134756162762642, -0.001058337278664112, -0.003726905444636941, 0.011161237955093384, -0.023711949586868286, -0.02093300223350525, 0.024698864668607712, 0.031633246690034866, 0.0071291676722466946, 0.0158555805683136, -0.01929680071771145, -0.029815243557095528, 0.012589668855071068, -0.02737392671406269, -0.006122773513197899, 0.027685584500432014, 0.013622034341096878, 0.012680568732321262, 0.0022205605637282133, -0.007096703629940748, -0.013336348347365856, -0.011687160469591618, -0.003613280365243554, 0.01558288000524044, -0.027685584500432014, 0.0005178061546757817, -0.06077323481440544, 0.017024297267198563, 0.00869394838809967, -0.0077070328406989574, 0.01714116893708706, -0.008544612675905228, 0.016855482012033463, -0.01085607334971428, -0.003775601973757148, 0.015141365118324757, -0.0278154406696558, 0.01476477924734354, -0.02428332157433033, -0.02393270656466484, -0.003252926282584667, 0.00028832387761212885, 0.0004845301737077534, 0.010349629446864128, 0.0012076732236891985, -0.006811017170548439, -0.007603147067129612, -0.0026588288601487875, 0.002589030656963587, 0.02024475857615471, -0.02134854532778263, 0.01287535484880209, -0.016764583066105843, -0.003743137698620558, -0.00801219791173935, 0.015440037474036217, -0.0012287750141695142, -0.020348643884062767, 0.015180322341620922, 0.042151693254709244, -0.011667681857943535, -0.0438917800784111, 0.011765074916183949, 0.01714116893708706, 0.011726117692887783, -0.028179042041301727, -0.02281593345105648, -0.013310376554727554, -0.0022497782483696938, -0.040671318769454956, 0.015219279564917088, 0.004600196145474911, -0.004103492014110088, 0.01253123302012682, 0.011349530890583992, -0.019153956323862076, 0.035788681358098984, 0.00021426461171358824, -0.00667466688901186, -0.02797126956284046, 0.005155336111783981, 0.01860855706036091, -0.003980127163231373, -0.02084210328757763, 0.008752384223043919, -0.02573772333562374, 0.03763265535235405, -0.003460698062554002, 0.04391775280237198, -0.007784947287291288, 0.015816623345017433, 0.022231575101614, -0.011356024071574211, -0.004204131197184324, 0.009245842695236206, -0.00045084842713549733, -0.03152935951948166, -0.0083498265594244, 0.01860855706036091, 0.014531035907566547, -0.005752679891884327, 0.0055189370177686214, -0.001402459223754704, 0.05051450431346893, -0.021387502551078796, 0.024841709062457085, 0.03584062308073044, -0.0037171663716435432, -0.0014519674004986882, 0.02066030167043209, 0.025607867166399956, 0.011648203246295452, -0.04004800319671631, 0.014842693693935871, 0.004204131197184324, 0.007862861268222332, -0.020647317171096802, 0.01093398779630661, 0.005204032640904188, -0.02488066628575325, 0.042333491146564484, 0.008505655452609062, 0.001915395725518465, 0.008187505416572094, 0.019348742440342903, 0.03607436642050743, -0.0158555805683136, -0.001761190127581358, 4.2888430471066386e-05, -0.037762515246868134, -0.02703629806637764, 0.0037626163102686405, -0.012797440402209759, -0.02306266315281391, -0.024646922945976257, 0.03945066034793854, -0.011323560029268265, 0.022283518686890602, 0.04519035294651985, 0.006901917513459921, -0.012323461472988129, 0.015595866367220879, -0.017284011468291283, -0.0037626163102686405, -0.028205012902617455, 0.0014917361550033092, -0.007973240688443184, 0.005603344179689884, -0.0031246922444552183, 0.009563992731273174, -0.004359960090368986, 0.017777469009160995, -0.0070642391219735146, -0.0005088784382678568, -0.0004573413170874119, -0.01729699783027172, 0.00960294995456934, -0.028049184009432793, -0.006275355815887451, -0.019309785217046738, -0.009486078284680843, -0.0178294125944376, -0.009758778847754002, -0.006791538558900356, 0.003554844530299306, 0.058331914246082306, 0.030256759375333786, 0.013660991564393044, -0.00057340128114447, -0.007817411795258522, 0.019504571333527565, 0.013310376554727554, -0.00787584763020277, 0.020958974957466125, -0.013479191809892654, 0.002978602657094598, -0.004382685292512178, -0.0007799556478857994, -0.004902114626020193, -0.01566079445183277, -0.009635413996875286, -0.00014132130309008062, -0.004980029072612524, 0.024581992998719215, 0.012563697062432766, 0.00641170609742403, -0.020647317171096802, 0.018063155934214592, -0.00012001658615190536, -0.035009536892175674, -0.029088042676448822, 0.021231673657894135, 0.003554844530299306, -0.02006295882165432, -0.006505852565169334, -0.017491783946752548, 0.011589767411351204, -0.014024592004716396, -0.004814460873603821, 0.020971959456801414, 0.02323147840797901, -0.02582862414419651, -0.02073821611702442, 0.02117973193526268, 0.026646725833415985, 0.0036684698425233364, 0.017582682892680168, -0.020790159702301025, -0.013057155534625053, -0.039216917008161545, -0.011206688359379768, -0.021984847262501717, 0.00028690355247817934, -0.01545302290469408], 'ai_metadata': {'tags': ['construction', 'document'], 'document_type': 'unknown', 'topics': ['HVAC System Sizing for Office Buildings'], 'supplier_mentions': [], 'categories': ['general'], 'summary': '```json\n{\n  "tags": [\n    "AS/NZS 1668.2",\n    "AS 1668.2",\n    "heat load calculations",\n    "fresh air requirements",\n    "equipment selection",\n    "ductwork sizing",\n    "control system integratio'}, 'created_timestamp': '2025-08-12T07:38:12.100000', 'status': 'active', 'reference_count': 0, 'helpful_votes': 0, 'view_count': 0}, 'similarity_score': 0.8909605645875555}, {'type': 'mentor_note', 'note': {'_id': '689afe50d2f76a65144ba73d', 'note_id': '457176ac-cde2-4828-ba19-82bca1f92e56', 'user_id': 'demo_user_auto_token', 'user_email': 'demo@onesource.ai', 'title': 'HVAC System Sizing for Office Buildings', 'content': 'Proper HVAC system sizing is critical for energy efficiency and occupant comfort. Key considerations include: 1) Heat load calculations per AS/NZS 1668.2, 2) Fresh air requirements per AS 1668.2, 3) Equipment selection based on peak loads with appropriate safety factors, 4) Ductwork sizing to minimize pressure losses, 5) Control system integration for optimal performance.', 'tags': ['HVAC', 'sizing', 'energy-efficiency', 'construction', 'document'], 'category': 'mechanical-systems', 'attachment_url': None, 'embedding': [0.007888833060860634, 0.01140796672552824, -0.005616329610347748, -0.03763265535235405, 0.010583372786641121, 0.00417815987020731, -0.008583569899201393, -0.022751005366444588, 0.007297982461750507, -0.0004825011710636318, 0.0024867679458111525, 0.01662173867225647, -0.0014219378354027867, 0.0009106245706789196, -0.01558288000524044, -0.013323362916707993, 0.0253871101886034, -0.0032935068011283875, 0.019309785217046738, -0.027347955852746964, -0.024036593735218048, 0.017284011468291283, -0.016985340043902397, -0.005454008001834154, 0.003019183175638318, 0.006619477644562721, 0.01231696829199791, -0.029763301834464073, 0.0008343333611264825, -0.023478206247091293, 0.02986718714237213, 0.005366354249417782, -0.006869453005492687, -0.009148449636995792, -0.017777469009160995, 0.015427051112055779, 0.003158779814839363, -0.0006363009451888502, 0.003241563681513071, -0.02428332157433033, 0.026932410895824432, -0.014245349913835526, 0.0010721345897763968, 0.01720609702169895, 0.014842693693935871, 0.02593250945210457, 0.029321786016225815, -0.033529166132211685, -0.00606758426874876, 0.008395276963710785, -0.0008225650526583195, 0.01433624979108572, -0.0008521887939423323, 0.005700737237930298, -0.019582485780119896, -0.017335955053567886, -0.018998127430677414, 0.02006295882165432, 0.004022330977022648, -0.035347167402505875, -0.017024297267198563, -0.020257744938135147, -0.0317111611366272, 0.018803343176841736, -0.009031577967107296, -0.01334933377802372, -0.005561140365898609, 0.0014998522819951177, -0.012518247589468956, -0.008609541691839695, 0.03337333723902702, 0.03654185310006142, -0.00389572000131011, 0.03898317366838455, 0.021049873903393745, -0.01608932390809059, 0.009154941886663437, 0.002308214083313942, -0.011394981294870377, -0.002051746007055044, -0.004207377787679434, -0.03900914266705513, -0.00068662065314129, 0.01842675544321537, -0.0030743724200874567, 0.000502791372127831, 0.009077027440071106, 0.011115787550807, -0.016063353046774864, 0.02625715360045433, 0.014141463674604893, -0.014362221583724022, 0.025296209380030632, 0.013050662353634834, -0.02997107245028019, 0.006603245623409748, 0.01239488273859024, 0.006791538558900356, 0.00037800660356879234, -0.011161237955093384, -0.003999605774879456, 0.005879290867596865, -0.044982582330703735, -0.005538415629416704, -0.010356122627854347, 0.009992522187530994, 0.004593703430145979, -0.002665321808308363, 0.010667780414223671, -0.02755572646856308, -0.007609639782458544, 0.039476629346609116, -0.016829511150717735, 0.007453810889273882, 0.01723206788301468, 0.016413968056440353, 0.01351814903318882, 0.005850072950124741, -0.031061874702572823, 0.0044995564967393875, -0.016647711396217346, 0.01476477924734354, 0.01653083972632885, -0.005119625478982925, 0.0320487916469574, -0.005768912378698587, -0.021322574466466904, -0.02593250945210457, -0.01494657900184393, -0.012550711631774902, -0.0013464582152664661, 0.010511951521039009, 0.01773851178586483, 0.016050366684794426, -0.022166647017002106, -0.0029428917914628983, 0.010206786915659904, 0.02986718714237213, -0.01502449344843626, -0.01468686480075121, -0.0014146333560347557, 0.02478976547718048, -0.027166154235601425, -0.03168518841266632, 0.013609048910439014, -0.004204131197184324, 0.019686372950673103, 0.028049184009432793, -0.014660893008112907, -0.017413869500160217, -0.006765567231923342, -0.012803933583199978, -0.013362320140004158, 0.013271419331431389, 0.004772257059812546, 0.014479093253612518, -0.022283518686890602, 0.0017969008767977357, -0.01729699783027172, -0.030023016035556793, 0.01094048097729683, -0.011881946586072445, 0.002788686193525791, 0.010135364718735218, -0.002415346447378397, -0.01003147941082716, 0.016855482012033463, -0.010752187110483646, -0.008590063080191612, 0.019050071015954018, -0.004048302303999662, 0.019686372950673103, -0.018361827358603477, -0.001301008160226047, 0.027088239789009094, 0.007369403727352619, -6.122570630395785e-05, 0.01962144300341606, 0.01981622911989689, -0.014582978561520576, -0.017011310905218124, -0.004106738138943911, 0.020114900544285774, 0.01636202447116375, -0.025607867166399956, -0.0027854398358613253, 0.010778158903121948, 0.019673386588692665, 0.027399897575378418, -0.012849383056163788, 0.008512148633599281, 0.02169916033744812, 0.004467092454433441, -0.005171568598598242, -0.6474167108535767, -0.008168026804924011, -0.008258926682174206, -0.03142547607421875, 0.00303379213437438, -0.011791045777499676, 0.048956215381622314, 0.02220560424029827, 0.006356516852974892, -0.00682400306686759, 0.015543922781944275, 0.015076437033712864, -0.007135660853236914, -0.018998127430677414, 0.0024072304368019104, -0.023205505684018135, 0.00592149468138814, -0.0019348743371665478, 0.017582682892680168, -0.0025305948220193386, -0.004473585169762373, 0.034568022936582565, -0.03571076691150665, -0.016245152801275253, 0.032412391155958176, -0.01372592058032751, -0.00557412626221776, -0.01550496555864811, 0.0029363990761339664, 0.003980127163231373, 0.00030272992444224656, 0.017543725669384003, 0.010752187110483646, 0.0067071313969790936, 0.04519035294651985, 0.0073499251157045364, -0.018102113157510757, 0.02169916033744812, 0.01468686480075121, 0.01218711119145155, -0.0013456466840580106, -0.009135463275015354, 0.024296307936310768, 0.006074076984077692, -0.008155040442943573, 0.019582485780119896, 0.044644951820373535, -0.01476477924734354, 0.011433938518166542, -0.03477579355239868, -0.0045774709433317184, -0.002989965258166194, 0.002821150701493025, 0.023621048778295517, 0.012511754408478737, -0.015154351480305195, 0.013161040842533112, -0.001993310172110796, -0.0033762906678020954, -0.0049508111551404, 0.01827092655003071, 0.003095474326983094, -0.006590259727090597, -0.030178844928741455, -0.01962144300341606, -0.0027221343480050564, -0.018621541559696198, -0.016050366684794426, -0.022283518686890602, -0.00976527202874422, -0.011135266162455082, 0.022971762344241142, -0.006466895341873169, 0.01566079445183277, 0.010667780414223671, 0.022763991728425026, 0.013440234586596489, -0.01651785336434841, 0.02125764638185501, 0.00904456339776516, -0.0026929164305329323, 0.00934323575347662, -0.005600097589194775, -0.027529755607247353, -0.005603344179689884, -0.019348742440342903, -0.006106541026383638, -0.0038437771145254374, 0.01772552728652954, 0.013187012635171413, 0.041372548788785934, -0.0097328070551157, 0.0064149522222578526, -0.03303570672869682, -0.014024592004716396, 0.022751005366444588, 0.003054893808439374, -0.013946677558124065, 0.006882438901811838, -0.015595866367220879, -0.002506246557459235, -0.02004997245967388, -0.0037885878700762987, 0.007518739905208349, 0.02989315800368786, -0.012427346780896187, -0.00154936034232378, -0.0016897686291486025, 0.02221859060227871, -0.012375404126942158, 0.019063057377934456, -0.020179830491542816, -0.04693043977022171, 0.0032594192307442427, 0.015790652483701706, -0.025036495178937912, 0.043268464505672455, -0.008265419863164425, 0.012719525955617428, -0.01157678198069334, 0.029036100953817368, -0.0011086569866165519, 0.011024887673556805, -0.05139753222465515, -0.016725625842809677, 0.03090604580938816, -0.012816919013857841, -0.022582190111279488, -0.00861603394150734, -0.012290996499359608, -0.027166154235601425, -0.003772355616092682, 0.001348081510514021, -0.009401671588420868, 0.012362418696284294, 0.002894195495173335, 0.008674469776451588, -0.015478994697332382, 0.024257350713014603, -0.01860855706036091, -0.03545105457305908, -0.011635217815637589, 0.01205076090991497, -0.0012101080501452088, -0.016920410096645355, 0.007109689060598612, -0.003051647450774908, 0.012284504249691963, -0.002491637598723173, 0.0034022622276097536, -0.011154744774103165, -0.018621541559696198, -0.01955651491880417, 0.02015385776758194, -0.017465811222791672, -0.014492078684270382, 0.018024198710918427, -0.023789864033460617, 0.02524426579475403, -0.008018690161406994, 0.0012092964025214314, 0.0010818738956004381, -0.03332139179110527, 0.01007692888379097, 0.0014138217084109783, 0.0052137719467282295, 0.008343334309756756, -0.00451903510838747, 0.02237441949546337, -0.041891977190971375, 0.014193407259881496, -0.010862566530704498, -0.004944317974150181, 0.02308863401412964, -0.00488263601437211, -0.013933692127466202, -0.008245941251516342, -0.025114409625530243, 0.0017238561995327473, -0.026672696694731712, 0.004171667154878378, 0.022517262026667595, -0.01989414356648922, 0.006557795684784651, 0.023634035140275955, 0.024594979360699654, 0.022413376718759537, -0.01167417410761118, -0.011641710065305233, 0.012537726201117039, -0.004100245423614979, 0.0030500241555273533, -0.006551302503794432, 0.01545302290469408, 0.038100142031908035, 0.008921199478209019, 0.002181603340432048, 0.008206984028220177, 0.007882339879870415, -0.00675907451659441, 0.029477614909410477, -0.014102506451308727, 0.00766158290207386, -0.013660991564393044, 0.02145243249833584, 0.0003771949850488454, 0.006765567231923342, 0.0059409732930362225, 0.007525232620537281, 0.01316753402352333, -0.0037171663716435432, -0.017842398956418037, 0.0005251105758361518, -0.01136251725256443, 0.007362911012023687, 0.024062564596533775, 0.0009268567664548755, 0.028620557859539986, -0.02945164404809475, -0.003928184509277344, 0.019231870770454407, -0.005564386956393719, 0.04755375534296036, 0.0034477123990654945, -0.009369206614792347, 0.012758483178913593, 0.0055059511214494705, 0.013946677558124065, -0.00047316765994764864, -0.002790309488773346, -0.021634232252836227, -0.017712540924549103, 0.012680568732321262, -0.0031490405090153217, 0.03108784556388855, 0.026750611141324043, 0.025854595005512238, -0.009953564964234829, 0.012914312072098255, -0.0071291676722466946, 0.0198032446205616, 0.006986324675381184, 0.009447121061384678, -0.022166647017002106, 0.009427642449736595, 0.005184554029256105, 0.02608833834528923, 0.0025484501384198666, -0.01226502563804388, -0.010498966090381145, 0.005109886173158884, 0.0031068366952240467, -0.017284011468291283, 0.006122773513197899, 0.022075748071074486, 0.010674272663891315, 0.014842693693935871, 0.0014706343645229936, 0.02417943626642227, 0.017777469009160995, -0.00017348128312733024, -0.002946138381958008, 0.020556416362524033, -0.02171214669942856, 0.00039768809801898897, -0.008680962957441807, -0.022257547825574875, -0.010466501116752625, 0.002603639615699649, 0.01149237435311079, 0.011563795618712902, 0.01342724822461605, -0.016556810587644577, -0.0008822183008305728, 0.014297292567789555, 0.029841216281056404, -0.018361827358603477, -0.02427033707499504, 0.0017709294334053993, 0.03521731123328209, 0.013946677558124065, -0.0034022622276097536, 0.005869551561772823, 0.0035710767842829227, 0.003739891340956092, 0.01575169526040554, -0.00012366882583592087, 0.006064337678253651, 0.0015818247338756919, 0.02651686780154705, -0.0071421535685658455, -0.01183649618178606, -0.016816524788737297, -0.010946973226964474, 0.008921199478209019, 0.00840176921337843, 0.013290897943079472, -0.012096211314201355, -0.011700145900249481, 0.011901425197720528, 0.00847968365997076, -0.023971663787961006, -0.015427051112055779, -0.018738413229584694, 0.03446413576602936, 0.02168617583811283, 0.0020614853128790855, -0.021660203114151955, -0.00278706313110888, -0.011356024071574211, -0.00667466688901186, -0.0214394461363554, -0.0021751103922724724, 0.030412588268518448, 0.011817017570137978, -0.0033405800350010395, -0.014829708263278008, -0.008044661954045296, 0.05848774313926697, -0.020036986097693443, -0.009921100921928883, 3.2109255698742345e-05, -0.010362615808844566, 0.020283715799450874, 0.06918799132108688, -0.009888635948300362, 0.016504867002367973, 0.027347955852746964, -0.0019218885572627187, -0.0072070821188390255, -0.01154431700706482, -0.006940874736756086, 0.020647317171096802, 0.007220068015158176, -0.006901917513459921, 0.00039403585833497345, -0.01558288000524044, 0.0009390308405272663, 0.030957989394664764, 0.0030289224814623594, 0.012920805253088474, -0.028023213148117065, -0.006509099155664444, -0.009693849831819534, -0.012550711631774902, 0.01653083972632885, -0.0032805209048092365, 0.01938769966363907, 0.0402817465364933, 0.014881650917232037, 0.009771764278411865, 0.034490108489990234, 0.0004131086461711675, -0.018361827358603477, -0.009245842695236206, 0.04056743159890175, 0.01567378081381321, 0.03446413576602936, -0.01608932390809059, 0.01433624979108572, 0.010927494615316391, 0.002382882172241807, 0.007758975960314274, 0.008278405293822289, 0.048099156469106674, 0.04209974780678749, -0.00563905481249094, 0.0070642391219735146, 0.02050447277724743, -0.003226954722777009, -0.014531035907566547, 0.03651588410139084, 0.018829314038157463, 0.009628921747207642, 0.01610231027007103, -0.0034964086953550577, 0.001902409945614636, 0.004502803087234497, -0.014128478243947029, -0.014089521020650864, -0.0012019919231534004, -0.00878484919667244, 0.008635512553155422, -0.037580713629722595, -0.02591952495276928, -0.020556416362524033, 0.021569304168224335, -0.004330742172896862, -0.013673977926373482, -0.011427445337176323, -0.005454008001834154, 0.010784652084112167, -0.028023213148117065, 0.013148055411875248, 0.012719525955617428, -0.048073187470436096, -0.007778454571962357, 0.02298474870622158, 0.04337235167622566, -0.000755607383325696, 0.012258532457053661, 0.006505852565169334, 0.00830437708646059, -0.0074343327432870865, -0.005700737237930298, -0.0006273732287809253, -0.02446512132883072, -0.03643796965479851, -0.017426853999495506, 0.02021878771483898, -0.02007594332098961, -0.012011803686618805, -0.002429955406114459, -0.0079277902841568, 0.013531134463846684, -0.005411804653704166, 0.021153759211301804, -0.0072070821188390255, 0.02497156523168087, 0.013362320140004158, 0.003600294701755047, 0.005830594338476658, 0.010570387355983257, -0.03316556289792061, -0.016985340043902397, 0.012751989997923374, 0.01133005227893591, -0.019868172705173492, -0.0044119032099843025, -0.01807614043354988, -0.0040775202214717865, -0.001112715108320117, 0.0007568247965537012, -0.03269807621836662, 0.020543430000543594, -0.03329542279243469, -0.016387995332479477, -0.004398917313665152, -0.002304967725649476, 0.022517262026667595, 0.02282891981303692, 0.009499063715338707, 0.00847968365997076, 0.012751989997923374, 0.003319478128105402, -0.0317111611366272, 0.03838582709431648, 0.019647415727376938, -0.007388882339000702, 0.01325194165110588, 0.01712818257510662, -0.00864849891513586, -0.03290585055947304, -0.005454008001834154, 0.013751892372965813, 0.024569008499383926, 0.0005429660086520016, -0.031633246690034866, -0.039035115391016006, -0.01859557069838047, -0.0176605973392725, 0.008395276963710785, -0.02867249958217144, -0.006382488179951906, -0.02255621924996376, 0.01971234381198883, 0.010693751275539398, 0.007992719300091267, 0.009161435067653656, -0.021829018369317055, 0.014453121460974216, 0.00026600464479997754, -0.003879487980157137, 0.00856409128755331, -0.004493063781410456, 0.008317362517118454, -0.01772552728652954, -0.0017352186841890216, -0.013453220017254353, -0.02549099549651146, 0.003441219450905919, -0.012271517887711525, 0.011797538958489895, 0.020725231617689133, 0.028205012902617455, 0.001641883747652173, 0.010836594738066196, -0.00047154445201158524, -0.015063450671732426, 0.021543331444263458, 0.001697884639725089, -0.01843974180519581, -0.006489620544016361, -0.013388291001319885, 0.0224003903567791, 0.0011476142099127173, -0.018907228484749794, -0.003957402426749468, 0.009830200113356113, -0.0014341119676828384, 0.013583077117800713, -0.02599743939936161, -0.006187702063471079, -0.020426558330655098, 0.017699554562568665, -0.006301327142864466, -0.01798524148762226, 0.01093398779630661, -0.023465219885110855, -0.004272306337952614, 0.016894439235329628, 0.009401671588420868, -0.0034834230318665504, -0.0039346772246062756, 0.00451903510838747, -0.016336053609848022, -0.003850270062685013, -7.111718150554225e-05, 0.016323067247867584, -0.007849875837564468, -0.006681160070002079, -0.04430732503533363, -0.013180519454181194, -0.0025776680558919907, 0.008726413361728191, -0.004785242956131697, 0.007804425898939371, -0.016206195577979088, 0.011161237955093384, -0.00432424945756793, -0.001215789350681007, -0.018985142931342125, 0.01645292527973652, -0.010265222750604153, -0.026984354481101036, -0.021244660019874573, 0.020621344447135925, 0.0030613867565989494, 0.005431283265352249, -0.00268155406229198, 0.025114409625530243, 0.024439150467514992, -0.032074760645627975, 0.04454106464982033, 0.028153071179986, -0.01162872463464737, 0.014297292567789555, 0.0023585339076817036, 0.026646725833415985, 0.005577372387051582, 0.012323461472988129, -0.021673189476132393, -0.04667072743177414, -0.007966747507452965, 0.019076041877269745, 0.032256562262773514, 0.00019407585205044597, -0.0015071567613631487, -0.013635020703077316, -0.00047316765994764864, 0.00044963101390749216, 0.0038859806954860687, -0.026984354481101036, 0.04324249178171158, -0.0014544022269546986, -0.0014755040174350142, -0.012414361350238323, -0.02394569292664528, -0.011187209747731686, 0.014414164237678051, -0.0010023362701758742, 0.004691096488386393, 0.00606758426874876, -0.009219870902597904, -0.015621837228536606, 0.008284898474812508, -0.002194589003920555, 0.012349432334303856, 0.00955100730061531, 0.023179534822702408, 0.004333988763391972, -0.0320487916469574, 0.009908114559948444, -0.005074175540357828, 0.01772552728652954, -0.005843580234795809, -0.0032935068011283875, 0.005122872069478035, 0.004973535891622305, 0.022686077281832695, -0.011602752842009068, 0.006804524455219507, -0.01196635328233242, 0.020530445501208305, -0.02349119260907173, -0.03495759516954422, -0.007395375519990921, -0.017582682892680168, 0.028646528720855713, -0.0033568120561540127, -0.01945262961089611, -0.00878484919667244, -0.0032821442000567913, -0.023101620376110077, 0.010232757776975632, 0.011791045777499676, -0.012492275796830654, 0.002804918447509408, -0.004444367252290249, -0.004187899176031351, 0.005801376421004534, 0.01029119361191988, -0.006203934084624052, -0.015491980127990246, -0.0008943924331106246, -0.0028601079247891903, -0.018803343176841736, 0.005350122228264809, -0.002524101873859763, -0.020907031372189522, -0.029036100953817368, 0.02497156523168087, -0.032412391155958176, 0.021413475275039673, 0.011596260592341423, 0.005301425699144602, -0.006093555595725775, 0.011440431699156761, -0.038178056478500366, -0.012420854531228542, 0.005801376421004534, 0.006181209348142147, -0.013290897943079472, -0.013868763111531734, 0.006100048311054707, 0.024815736338496208, -0.007823904976248741, 0.018907228484749794, -0.00047154445201158524, 0.018634527921676636, 0.010284701362252235, -0.023179534822702408, -0.011115787550807, 0.017946284264326096, 0.001991686876863241, -0.015595866367220879, 0.02238740399479866, -0.027503784745931625, 0.018907228484749794, 0.027270041406154633, 0.006655188277363777, -0.01385577768087387, -0.0435541495680809, -0.014284307137131691, -0.0012766598956659436, 0.0004796605498995632, -0.0034866693895310163, -0.02290683425962925, -0.02763364091515541, 0.0026198718696832657, -0.0047495318576693535, 0.011875453405082226, 0.001150860683992505, -0.0027675845194607973, -0.006681160070002079, -0.010427543893456459, -0.016556810587644577, 0.0014560254057869315, -0.049112044274806976, -0.01841377094388008, -0.01287535484880209, -0.01584259420633316, -0.05448813736438751, -0.02384180761873722, 0.007181110791862011, 0.027503784745931625, 0.010908016003668308, -0.022932805120944977, -0.008999112993478775, 0.007161632180213928, -0.06222763657569885, -0.02480275183916092, -0.00861603394150734, 0.010765173472464085, 0.004405410028994083, 0.029217900708317757, -0.0027481059078127146, 0.013959663920104504, -0.001641883747652173, -0.008323855698108673, -0.03329542279243469, -0.011745596304535866, -0.01628411002457142, 0.013258433900773525, 0.016128281131386757, -0.011505359783768654, -0.0059636980295181274, -0.01611529476940632, -0.0010794390691444278, 0.004908607341349125, -0.014699850231409073, -0.014310278929769993, 0.0037885878700762987, 0.01843974180519581, 0.01398563478142023, 0.01398563478142023, 0.01972533017396927, 0.01476477924734354, -0.006798031739890575, -0.03295779228210449, -0.010576879605650902, 0.03329542279243469, -0.01282341219484806, -0.00021203268261160702, -0.020387601107358932, 0.005090407561510801, -0.012167632579803467, -0.009654892608523369, 0.013829805888235569, -0.012966254726052284, -0.002460796618834138, -0.012985733337700367, 0.00903807021677494, 0.006746088620275259, -0.020348643884062767, 0.011719624511897564, 0.02495858073234558, 0.01036910805851221, 0.0006898671272210777, 0.022517262026667595, -0.023880764842033386, -0.003054893808439374, 0.025088436901569366, -0.01712818257510662, -0.02350417710840702, 0.003769109258428216, 0.018141070380806923, -0.002381258876994252, -0.02506246604025364, 0.0012092964025214314, 0.003379537258297205, -0.005025479011237621, 0.013050662353634834, -0.0067720599472522736, -0.021075846627354622, -0.009804229252040386, 0.000956886273343116, -0.015478994697332382, -0.0010567140998318791, -0.0005867928266525269, 0.0063272989355027676, -0.019933100789785385, -0.0006671420414932072, 0.013290897943079472, -0.03194490447640419, -0.009018591605126858, -0.0038080664817243814, -0.008622527122497559, 0.0015266352565959096, 0.012570190243422985, 0.19312383234500885, 0.0148946363478899, 0.0035126409493386745, 0.0344121940433979, -0.010258729569613934, -0.006645448971539736, 0.008064140565693378, 0.006733102723956108, 0.00598317664116621, 0.03610033914446831, -0.009492571465671062, -0.0008765370002947748, -0.013738906010985374, 0.003080865368247032, 0.008875749073922634, -0.035606883466243744, -0.04228154942393303, -0.00890821311622858, -0.010018493048846722, 0.04796930029988289, 0.018193012103438377, 0.009719821624457836, 0.044463150203228, -0.01162872463464737, 0.026802554726600647, -0.008031676523387432, -0.022426361218094826, 0.015232265926897526, 0.0067850458435714245, 0.028724443167448044, -0.009031577967107296, -0.014440136030316353, 0.021231673657894135, 0.0009601326892152429, -0.012407868169248104, -0.014362221583724022, 0.018218984827399254, -0.025698766112327576, 0.0017254793783649802, 0.004989768378436565, -0.001902409945614636, -0.01998504437506199, -0.018478699028491974, -0.005600097589194775, 0.0015047219349071383, 0.015530937351286411, -0.015336151234805584, -0.009232856333255768, -0.03158130496740341, 0.016556810587644577, -0.04394372180104256, -0.032074760645627975, 0.012674076482653618, 0.04454106464982033, -0.000989350606687367, 0.0026117556262761354, 0.023127591237425804, -0.025361137464642525, 0.03168518841266632, 0.010427543893456459, -0.002600393258035183, 0.006064337678253651, -0.006869453005492687, 0.012245547026395798, 0.007200589403510094, -0.010550908744335175, -0.01511539425700903, 0.02495858073234558, -0.011940382421016693, 0.0028877025470137596, -0.0033275941386818886, 0.009031577967107296, -0.0317111611366272, -0.010187308304011822, -0.016375010833144188, -0.004356713499873877, 0.018205998465418816, 0.019946087151765823, 0.0033275941386818886, 0.012700047343969345, -0.01781642623245716, -0.0005125306779518723, -0.015076437033712864, 0.014959565363824368, -0.0014511557528749108, -0.026672696694731712, 0.01300521194934845, 0.00801219791173935, 0.007856369018554688, 0.0002938022371381521, 0.0019754546228796244, 0.0012368911411613226, -0.01903708465397358, -0.002084210282191634, 0.03228253498673439, -0.0030824884306639433, 0.005538415629416704, 0.005259222351014614, -0.0040125916711986065, 0.023309390991926193, -0.026192225515842438, 0.07246039062738419, 0.01953054405748844, -0.014323264360427856, -0.0036262660287320614, 0.0003741514519788325, 0.010492472909390926, 0.021556317806243896, 0.016582781448960304, 0.0005356615292839706, -0.0017271025571972132, -0.027789469808340073, -0.002631234237924218, -0.006655188277363777, 0.003506148001179099, 0.017361925914883614, -0.003957402426749468, -0.032750021666288376, 0.024049578234553337, -0.037320997565984726, -0.0008067386806942523, 0.0034509587567299604, 0.01912798546254635, 0.016413968056440353, 0.030360644683241844, -0.010070436634123325, -0.04022980108857155, 0.02092001773416996, -0.006856467574834824, -0.031892962753772736, 0.03108784556388855, 0.006580520421266556, -0.021725133061408997, -0.0004060070787090808, -0.002988341962918639, -0.008096604607999325, -0.006746088620275259, -0.027010325342416763, -0.017751498147845268, -0.008421247825026512, -0.0003051647508982569, -0.012985733337700367, 0.030074959620833397, 0.0001433503202861175, 0.011901425197720528, 0.003006197279319167, 0.0243742223829031, -0.015154351480305195, -0.023192521184682846, -0.023530149832367897, -0.013492177240550518, -0.01651785336434841, 0.010434037074446678, -0.0271921269595623, 0.005116378888487816, -0.028256956487894058, 0.004441121127456427, -0.0250494796782732, 0.009297785349190235, 0.00766158290207386, -0.023984650149941444, 0.021725133061408997, -0.001362690469250083, -0.03176310285925865, 0.0018115098355337977, -0.006473388057202101, -0.162269726395607, 0.006856467574834824, 0.030698275193572044, -0.023608064278960228, 0.0019543529488146305, -0.004093752708286047, -0.0035158873070031404, 0.0076421042904257774, -0.015868566930294037, 0.006574027705937624, 0.02607535384595394, -0.011680667288601398, -0.0017271025571972132, -0.019166942685842514, 0.0070382677949965, -0.014959565363824368, -0.034048594534397125, -0.005895522888749838, 0.020283715799450874, -0.008804327808320522, 0.02651686780154705, -0.02188096195459366, -0.0032009833957999945, -0.021309588104486465, -0.012713033705949783, 0.01877737045288086, -0.027789469808340073, 0.00299321161583066, -0.013816820457577705, -0.009408163838088512, -0.022530248388648033, 0.0026750611141324043, 0.030620360746979713, 0.011537824757397175, 0.005369600839912891, -0.0125247398391366, -0.002431578701362014, 0.016478896141052246, -0.013479191809892654, 0.023374320939183235, 0.037580713629722595, -0.01029119361191988, -0.004071027506142855, 0.007544711232185364, 0.008414755575358868, 0.0008919576066546142, 0.027581699192523956, 0.0016637970693409443, 0.008583569899201393, -0.010472994297742844, 0.01576467975974083, -0.029165957123041153, -0.012829904444515705, 0.014024592004716396, 0.005135857500135899, -0.020777173340320587, -0.0224003903567791, 0.03158130496740341, -0.0036197733134031296, -0.030698275193572044, -0.006401966791599989, 0.001946236821822822, 0.005512443836778402, -0.004645646084100008, -0.01668666861951351, -0.021127788349986076, 0.021218689158558846, 0.010265222750604153, -0.014401178807020187, 0.009453614242374897, 0.010641808621585369, -0.021218689158558846, -0.008018690161406994, -0.003645744640380144, 0.03882734477519989, 0.004246335010975599, -0.023439249023795128, 0.010485979728400707, 0.012122182175517082, 0.008603048510849476, -0.000545400835108012, 0.01962144300341606, -0.017608655616641045, -0.008297883905470371, -0.0097328070551157, 0.01218711119145155, -0.004129463341087103, -0.006022133864462376, 0.014310278929769993, 0.013699948787689209, 0.009888635948300362, -0.03012690134346485, -0.013712935149669647, -0.015777666121721268, -0.005996162537485361, 0.024945594370365143, 0.0356588251888752, -0.025698766112327576, -0.000677692994941026, -0.003567830426618457, 0.008414755575358868, -0.005343629512935877, -0.033970680087804794, 0.007057746406644583, 0.014803736470639706, 0.03477579355239868, -0.021283617243170738, 0.006895424798130989, 0.003317854832857847, -0.003489915980026126, -0.009077027440071106, 0.02402360737323761, 0.04160629212856293, 0.01141445990651846, 0.0012953269761055708, 0.010862566530704498, 0.00424308842048049, -0.032594192773103714, -0.0024689126294106245, -0.003489915980026126, 0.029036100953817368, 0.02332237735390663, -0.026412982493638992, 0.010284701362252235, -0.002683177124708891, -0.017894340679049492, -0.11572885513305664, -0.01714116893708706, 0.017959268763661385, 0.026464926078915596, 0.017582682892680168, 0.023179534822702408, -0.004210623912513256, 0.012771468609571457, -0.017608655616641045, 0.033529166132211685, -0.006648695562034845, -0.02391972206532955, 0.006440924014896154, 0.009090013802051544, 0.022958777844905853, -0.013238955289125443, 0.022270532324910164, -0.04124268889427185, 0.011472895741462708, 0.007096703629940748, 0.01660875417292118, -0.01157678198069334, -0.00020087306620553136, -0.0188423004001379, -0.024036593735218048, -0.009739300236105919, -0.030438559129834175, 0.01954352855682373, 0.019426656886935234, -0.011823510751128197, 0.0461512990295887, 0.0011110918130725622, -0.006447416730225086, -0.006862960290163755, -0.008680962957441807, -0.00723305344581604, -0.014089521020650864, -0.05279999226331711, 0.026581795886158943, -0.004574224818497896, -0.016323067247867584, 0.011648203246295452, 0.024594979360699654, -0.007174617610871792, 0.013660991564393044, -0.017180126160383224, -0.02901012822985649, 0.029659416526556015, -0.020088929682970047, -0.01824495568871498, -0.013583077117800713, -0.0008318985346704721, -0.02495858073234558, -0.009693849831819534, -0.007018789183348417, -0.007551203947514296, 0.01895917020738125, 0.021478403359651566, -0.0023552875500172377, -0.0014941709814593196, 0.01325194165110588, 0.031737133860588074, -0.017608655616641045, 0.02186797559261322, 0.011076831258833408, -0.014440136030316353, 0.005057943053543568, 0.004924839362502098, 0.030880074948072433, -0.0422036349773407, -0.031191732734441757, -0.016504867002367973, -0.009083520621061325, -0.005603344179689884, -0.020036986097693443, -0.019764287397265434, -0.03134756162762642, -0.001058337278664112, -0.003726905444636941, 0.011161237955093384, -0.023711949586868286, -0.02093300223350525, 0.024698864668607712, 0.031633246690034866, 0.0071291676722466946, 0.0158555805683136, -0.01929680071771145, -0.029815243557095528, 0.012589668855071068, -0.02737392671406269, -0.006122773513197899, 0.027685584500432014, 0.013622034341096878, 0.012680568732321262, 0.0022205605637282133, -0.007096703629940748, -0.013336348347365856, -0.011687160469591618, -0.003613280365243554, 0.01558288000524044, -0.027685584500432014, 0.0005178061546757817, -0.06077323481440544, 0.017024297267198563, 0.00869394838809967, -0.0077070328406989574, 0.01714116893708706, -0.008544612675905228, 0.016855482012033463, -0.01085607334971428, -0.003775601973757148, 0.015141365118324757, -0.0278154406696558, 0.01476477924734354, -0.02428332157433033, -0.02393270656466484, -0.003252926282584667, 0.00028832387761212885, 0.0004845301737077534, 0.010349629446864128, 0.0012076732236891985, -0.006811017170548439, -0.007603147067129612, -0.0026588288601487875, 0.002589030656963587, 0.02024475857615471, -0.02134854532778263, 0.01287535484880209, -0.016764583066105843, -0.003743137698620558, -0.00801219791173935, 0.015440037474036217, -0.0012287750141695142, -0.020348643884062767, 0.015180322341620922, 0.042151693254709244, -0.011667681857943535, -0.0438917800784111, 0.011765074916183949, 0.01714116893708706, 0.011726117692887783, -0.028179042041301727, -0.02281593345105648, -0.013310376554727554, -0.0022497782483696938, -0.040671318769454956, 0.015219279564917088, 0.004600196145474911, -0.004103492014110088, 0.01253123302012682, 0.011349530890583992, -0.019153956323862076, 0.035788681358098984, 0.00021426461171358824, -0.00667466688901186, -0.02797126956284046, 0.005155336111783981, 0.01860855706036091, -0.003980127163231373, -0.02084210328757763, 0.008752384223043919, -0.02573772333562374, 0.03763265535235405, -0.003460698062554002, 0.04391775280237198, -0.007784947287291288, 0.015816623345017433, 0.022231575101614, -0.011356024071574211, -0.004204131197184324, 0.009245842695236206, -0.00045084842713549733, -0.03152935951948166, -0.0083498265594244, 0.01860855706036091, 0.014531035907566547, -0.005752679891884327, 0.0055189370177686214, -0.001402459223754704, 0.05051450431346893, -0.021387502551078796, 0.024841709062457085, 0.03584062308073044, -0.0037171663716435432, -0.0014519674004986882, 0.02066030167043209, 0.025607867166399956, 0.011648203246295452, -0.04004800319671631, 0.014842693693935871, 0.004204131197184324, 0.007862861268222332, -0.020647317171096802, 0.01093398779630661, 0.005204032640904188, -0.02488066628575325, 0.042333491146564484, 0.008505655452609062, 0.001915395725518465, 0.008187505416572094, 0.019348742440342903, 0.03607436642050743, -0.0158555805683136, -0.001761190127581358, 4.2888430471066386e-05, -0.037762515246868134, -0.02703629806637764, 0.0037626163102686405, -0.012797440402209759, -0.02306266315281391, -0.024646922945976257, 0.03945066034793854, -0.011323560029268265, 0.022283518686890602, 0.04519035294651985, 0.006901917513459921, -0.012323461472988129, 0.015595866367220879, -0.017284011468291283, -0.0037626163102686405, -0.028205012902617455, 0.0014917361550033092, -0.007973240688443184, 0.005603344179689884, -0.0031246922444552183, 0.009563992731273174, -0.004359960090368986, 0.017777469009160995, -0.0070642391219735146, -0.0005088784382678568, -0.0004573413170874119, -0.01729699783027172, 0.00960294995456934, -0.028049184009432793, -0.006275355815887451, -0.019309785217046738, -0.009486078284680843, -0.0178294125944376, -0.009758778847754002, -0.006791538558900356, 0.003554844530299306, 0.058331914246082306, 0.030256759375333786, 0.013660991564393044, -0.00057340128114447, -0.007817411795258522, 0.019504571333527565, 0.013310376554727554, -0.00787584763020277, 0.020958974957466125, -0.013479191809892654, 0.002978602657094598, -0.004382685292512178, -0.0007799556478857994, -0.004902114626020193, -0.01566079445183277, -0.009635413996875286, -0.00014132130309008062, -0.004980029072612524, 0.024581992998719215, 0.012563697062432766, 0.00641170609742403, -0.020647317171096802, 0.018063155934214592, -0.00012001658615190536, -0.035009536892175674, -0.029088042676448822, 0.021231673657894135, 0.003554844530299306, -0.02006295882165432, -0.006505852565169334, -0.017491783946752548, 0.011589767411351204, -0.014024592004716396, -0.004814460873603821, 0.020971959456801414, 0.02323147840797901, -0.02582862414419651, -0.02073821611702442, 0.02117973193526268, 0.026646725833415985, 0.0036684698425233364, 0.017582682892680168, -0.020790159702301025, -0.013057155534625053, -0.039216917008161545, -0.011206688359379768, -0.021984847262501717, 0.00028690355247817934, -0.01545302290469408], 'ai_metadata': {'tags': ['construction', 'document'], 'document_type': 'unknown', 'topics': ['HVAC System Sizing for Office Buildings'], 'supplier_mentions': [], 'categories': ['general'], 'summary': '```json\n{\n  "tags": [\n    "AS/NZS 1668.2",\n    "AS 1668.2",\n    "heat load calculations",\n    "fresh air requirements",\n    "ductwork sizing",\n    "control system integration"\n  ],\n  "document_type": '}, 'created_timestamp': '2025-08-12T08:41:52.679000', 'status': 'active', 'reference_count': 0, 'helpful_votes': 0, 'view_count': 0}, 'similarity_score': 0.8909605645875555}, {'type': 'mentor_note', 'note': {'_id': '6897f98249d846ff2666c599', 'note_id': '5cb406fb-e3e8-40e4-8f2e-5d27cffe56e7', 'user_id': 'dev_user_123', 'user_email': 'dev@example.com', 'title': 'HVAC System Sizing for Office Buildings', 'content': 'Proper HVAC system sizing is critical for energy efficiency and occupant comfort. Key considerations include: 1) Heat load calculations per AS/NZS 1668.2, 2) Fresh air requirements per AS 1668.2, 3) Equipment selection based on peak loads with appropriate safety factors, 4) Ductwork sizing to minimize pressure losses, 5) Control system integration for optimal performance.', 'tags': ['HVAC', 'sizing', 'energy-efficiency', 'construction', 'document'], 'category': 'mechanical-systems', 'attachment_url': None, 'embedding': [0.007817787118256092, 0.01136306207627058, -0.005418557208031416, -0.03760848939418793, 0.010460510849952698, 0.004246538504958153, -0.008525542914867401, -0.022855987772345543, 0.007103537209331989, -0.0003948664234485477, 0.0025177299976348877, 0.016583576798439026, -0.0013846702640876174, 0.001017805770970881, -0.015648560598492622, -0.013298029080033302, 0.025401314720511436, -0.003490083385258913, 0.01920682191848755, -0.0273752398788929, -0.0238948967307806, 0.017414703965187073, -0.016895249485969543, -0.0052107758820056915, 0.003098869463428855, 0.00658083613961935, 0.012285093776881695, -0.02979070320725441, 0.0008644043700769544, -0.023284537717700005, 0.029816675931215286, 0.005158830434083939, -0.006817837245762348, -0.009142395108938217, -0.017830267548561096, 0.015466750599443913, 0.0032125001307576895, -0.0005697763990610838, 0.0033407402224838734, -0.024258514866232872, 0.026829812675714493, -0.014323951676487923, 0.0009463807800784707, 0.01728484034538269, 0.014739515259861946, 0.02581687644124031, 0.02919333055615425, -0.03345285356044769, -0.006041902583092451, 0.008330747485160828, -0.0007694416563026607, 0.014310965314507484, -0.000773094070609659, 0.005726983305066824, -0.019505508244037628, -0.017258867621421814, -0.0189860537648201, 0.02007690817117691, 0.004061483312398195, -0.03547872602939606, -0.016934208571910858, -0.0201418399810791, -0.031660739332437515, 0.01875229924917221, -0.00920083373785019, -0.013362960889935493, -0.005515954922884703, 0.0016021918272599578, -0.01261624600738287, -0.008622940629720688, 0.03334896266460419, 0.036517634987831116, -0.0038926603738218546, 0.038881152868270874, 0.021297624334692955, -0.016219960525631905, 0.009129408746957779, 0.002374880015850067, -0.011311116628348827, -0.002043728018179536, -0.004080962855368853, -0.03893309831619263, -0.0007146554416976869, 0.01846659928560257, -0.0031913972925394773, 0.0004934815806336701, 0.009032011032104492, 0.011155280284583569, -0.016064124181866646, 0.026167508214712143, 0.014116169884800911, -0.01427200622856617, 0.025349369272589684, 0.012960383668541908, -0.029920566827058792, 0.006571096368134022, 0.01231755968183279, 0.006895755417644978, 0.0003015269758179784, -0.011181253008544445, -0.0038634410593658686, 0.005931518506258726, -0.0450366847217083, -0.005577640142291784, -0.010570893995463848, 0.010038454085588455, 0.004528991878032684, -0.0025339629501104355, 0.010694264434278011, -0.027479130774736404, -0.007597018964588642, 0.039452552795410156, -0.016830317676067352, 0.007356771267950535, 0.01712900400161743, 0.016466699540615082, 0.013570742681622505, 0.0058113946579396725, -0.031349066644907, 0.004421854391694069, -0.016752399504184723, 0.014817433431744576, 0.016570590436458588, -0.0050938986241817474, 0.032102275639772415, -0.0057886685244739056, -0.02140151523053646, -0.025842849165201187, -0.014947297051548958, -0.012564300559461117, -0.0012888959608972073, 0.01044103130698204, 0.017687417566776276, 0.01603815145790577, -0.022232642397284508, -0.002944656414911151, 0.010272208601236343, 0.029894594103097916, -0.015103133395314217, -0.01471354253590107, -0.0014431088929995894, 0.0247779693454504, -0.027271348983049393, -0.031816575676202774, 0.013518797233700752, -0.004272511228919029, 0.019661344587802887, 0.02802455797791481, -0.014609651640057564, -0.01729782670736313, -0.006759398616850376, -0.012850000523030758, -0.013324001803994179, 0.013174658641219139, 0.004746513441205025, 0.014596665278077126, -0.022323546931147575, 0.0017304320354014635, -0.017453663051128387, -0.030024457722902298, 0.010908539406955242, -0.01187602337449789, 0.002847258700057864, 0.010161824524402618, -0.002462537959218025, -0.01022026315331459, 0.016804344952106476, -0.010869580321013927, -0.008746311068534851, 0.01897306740283966, -0.0038926603738218546, 0.01963537186384201, -0.01832374930381775, -0.0013660023687407374, 0.026933703571558, 0.007259373553097248, -2.064627733489033e-05, 0.01977822184562683, 0.019804194569587708, -0.014700556173920631, -0.017038099467754364, -0.004155633971095085, 0.020024962723255157, 0.016297878697514534, -0.025557151064276695, -0.002907320624217391, 0.010895553044974804, 0.019752249121665955, 0.027453158050775528, -0.01276558917015791, 0.008467104285955429, 0.021791106089949608, 0.00426601804792881, -0.005236748605966568, -0.6474478244781494, -0.008220363408327103, -0.008226856589317322, -0.03160879388451576, 0.0030664035584777594, -0.011869530193507671, 0.04885467514395714, 0.022102778777480125, 0.006389287766069174, -0.006921728141605854, 0.01541480515152216, 0.015207024291157722, -0.006993153132498264, -0.019037999212741852, 0.0022823521867394447, -0.023050783202052116, 0.005934765096753836, -0.0019528233679011464, 0.017466649413108826, -0.0025550657883286476, -0.0047043077647686005, 0.034751489758491516, -0.0357644259929657, -0.016297878697514534, 0.03249186649918556, -0.013804497197270393, -0.005694517400115728, -0.01533688697963953, 0.002775833709165454, 0.004214072600007057, 0.0003068026853725314, 0.017531581223011017, 0.010759196244180202, 0.006674987263977528, 0.045270439237356186, 0.00746715534478426, -0.017934158444404602, 0.021674228832125664, 0.01463562436401844, 0.012077311985194683, -0.0012880843132734299, -0.00905149057507515, 0.024245528504252434, 0.006097094621509314, -0.008226856589317322, 0.019466549158096313, 0.04477695748209953, -0.014674583449959755, 0.011544871143996716, -0.03480343520641327, -0.004554964601993561, -0.0028586217667907476, 0.0028082996141165495, 0.023648155853152275, 0.012440930120646954, -0.015103133395314217, 0.013077260926365852, -0.0019073711009696126, -0.0033991788513958454, -0.004934815689921379, 0.018193885684013367, 0.003032314358279109, -0.006532137282192707, -0.03015432134270668, -0.019596412777900696, -0.0027953132521361113, -0.0185445174574852, -0.015986206009984016, -0.02237549237906933, -0.009791713207960129, -0.011194239370524883, 0.02302481047809124, -0.006356821861118078, 0.01589530147612095, 0.010694264434278011, 0.022700151428580284, 0.013492824509739876, -0.016648508608341217, 0.021453460678458214, 0.008928120136260986, -0.002738497918471694, 0.009317710995674133, -0.0057529560290277, -0.027453158050775528, -0.005668544676154852, -0.01933668553829193, -0.006217218469828367, -0.003986811731010675, 0.017908185720443726, 0.013233097270131111, 0.0415043979883194, -0.009668342769145966, 0.0064704520627856255, -0.032933399081230164, -0.01405123807489872, 0.02272612415254116, 0.0030517939012497663, -0.013895401731133461, 0.006759398616850376, -0.015635574236512184, -0.0024365652352571487, -0.020024962723255157, -0.0037011117674410343, 0.00753858033567667, 0.02994653955101967, -0.012486382387578487, -0.0015348250744864345, -0.0017206922639161348, 0.022128751501441002, -0.012577286921441555, 0.0189860537648201, -0.020258717238903046, -0.046828802675008774, 0.0032806782983243465, 0.015752451494336128, -0.024972764775156975, 0.043296512216329575, -0.008272308856248856, 0.012804548256099224, -0.0113695552572608, 0.02906346693634987, -0.0010681278072297573, 0.011168266646564007, -0.05140000209212303, -0.016947194933891296, 0.0309594739228487, -0.012908438220620155, -0.02251834236085415, -0.00875280424952507, -0.0122526278719306, -0.027193430811166763, -0.003616700414568186, 0.0012791561894118786, -0.00934368371963501, 0.012434436939656734, 0.0026979155372828245, 0.00875929743051529, -0.01547973696142435, 0.024154623970389366, -0.018583476543426514, -0.03537483513355255, -0.011830571107566357, 0.012018873356282711, -0.001286461018025875, -0.0167783722281456, 0.007187948562204838, -0.0031995137687772512, 0.012265614233911037, -0.00246416125446558, 0.0034121652133762836, -0.01122021209448576, -0.018583476543426514, -0.01955745369195938, 0.020050935447216034, -0.017479635775089264, -0.014583678916096687, 0.01794714480638504, -0.023778019472956657, 0.025323396548628807, -0.008077514357864857, 0.0012856493704020977, 0.0010064427042379975, -0.033219099044799805, 0.010200783610343933, 0.0015323901316151023, 0.005103638395667076, 0.008376199752092361, -0.004444580525159836, 0.022674178704619408, -0.04184204339981079, 0.014207074418663979, -0.01077867578715086, -0.004951048642396927, 0.023037796840071678, -0.004863390699028969, -0.013869429007172585, -0.00812296662479639, -0.025102628394961357, 0.0018067269120365381, -0.02669994905591011, 0.004197839647531509, 0.02250535599887371, -0.01985614001750946, 0.006571096368134022, 0.02360919676721096, 0.02472602389752865, 0.022453410550951958, -0.011538377963006496, -0.011596816591918468, 0.012629232369363308, -0.004051743540912867, 0.002952772891148925, -0.006571096368134022, 0.015583627857267857, 0.0379721075296402, 0.009025517851114273, 0.0021606050431728363, 0.00812296662479639, 0.007772334385663271, -0.006817837245762348, 0.02942708507180214, -0.013986306264996529, 0.007824280299246311, -0.013492824509739876, 0.021505406126379967, 0.0003321666445117444, 0.006674987263977528, 0.00582762761041522, 0.007558059878647327, 0.013129206374287605, -0.003652412910014391, -0.01794714480638504, 0.0005052504711784422, -0.011239691637456417, 0.007382743991911411, 0.024089692160487175, 0.0009666719124652445, 0.028725821524858475, -0.02955694869160652, -0.0040290174074471, 0.019323699176311493, -0.005499721970409155, 0.04745214805006981, 0.003431644756346941, -0.009480040520429611, 0.01294739730656147, 0.00553543446585536, 0.013999292626976967, -0.0002986862091347575, -0.0027417445089668036, -0.02171318791806698, -0.017687417566776276, 0.012707150541245937, -0.003136205254122615, 0.03090752847492695, 0.026725921779870987, 0.025790903717279434, -0.0098501518368721, 0.012843507342040539, -0.007064578123390675, 0.0198691263794899, 0.007019125856459141, 0.009278751909732819, -0.022232642397284508, 0.009369656443595886, 0.005162077024579048, 0.026232440024614334, 0.002441435120999813, -0.012200682424008846, -0.010577387176454067, 0.005321159493178129, 0.003105362644419074, -0.017336785793304443, 0.006181505974382162, 0.021894996985793114, 0.01062933262437582, 0.014752501621842384, 0.0016736167017370462, 0.024167610332369804, 0.017830267548561096, -9.780350228538737e-05, -0.0028602450620383024, 0.02051844447851181, -0.02176513336598873, 0.00037437232094816864, -0.008739817887544632, -0.02221965603530407, -0.010356619954109192, 0.00261025782674551, 0.011350075714290142, 0.011648762039840221, 0.013362960889935493, -0.01663552224636078, -0.0010088776471093297, 0.014220060780644417, 0.02994653955101967, -0.018596462905406952, -0.024219555780291557, 0.0019674331415444613, 0.035426780581474304, 0.01397331990301609, -0.003483590204268694, 0.006002943497151136, 0.003490083385258913, 0.0038342217449098825, 0.015596614219248295, -0.00016598186630290002, 0.006106834392994642, 0.0015559279127046466, 0.026375290006399155, -0.007051591761410236, -0.011752652935683727, -0.01684330403804779, -0.010902046225965023, 0.008967079222202301, 0.008473597466945648, 0.013298029080033302, -0.012051339261233807, -0.01173317339271307, 0.011772132478654385, 0.008545022457838058, -0.02397281490266323, -0.01522001065313816, -0.01868736743927002, 0.034543707966804504, 0.021609297022223473, 0.002029118360951543, -0.021739160642027855, -0.0027660939376801252, -0.011330596171319485, -0.006564603187143803, -0.021388528868556023, -0.0020112621132284403, 0.03046599216759205, 0.011837064288556576, -0.0033310004509985447, -0.014947297051548958, -0.008064527995884418, 0.05849055200815201, -0.0201418399810791, -0.009817685931921005, 1.5801759218447842e-05, -0.010389085859060287, 0.020323649048805237, 0.06924325227737427, -0.009603410959243774, 0.016531631350517273, 0.02721940353512764, -0.0017742610070854425, -0.007200934924185276, -0.011531884782016277, -0.00702561903744936, 0.020557403564453125, 0.0071749622002244, -0.006993153132498264, 0.0004756253329105675, -0.015531682409346104, 0.0008952469797804952, 0.0309594739228487, 0.0030436774250119925, 0.012973370030522346, -0.028284285217523575, -0.006564603187143803, -0.009752754122018814, -0.01246690284460783, 0.016505658626556396, -0.0032790550030767918, 0.019310712814331055, 0.040205761790275574, 0.015051187947392464, 0.009811192750930786, 0.034543707966804504, 0.00040724402060732245, -0.018297776579856873, -0.009168367832899094, 0.04051743447780609, 0.015713492408394814, 0.03441384434700012, -0.0161160696297884, 0.014181101694703102, 0.01070075761526823, 0.002347283996641636, 0.007876225747168064, 0.008220363408327103, 0.048153411597013474, 0.04207579791545868, -0.005697763990610838, 0.007155482657253742, 0.020544417202472687, -0.003225486259907484, -0.014505760744214058, 0.03649166226387024, 0.018739312887191772, 0.009596917778253555, 0.016362810507416725, -0.0035972208715975285, 0.00197717291302979, 0.0043731555342674255, -0.014012278988957405, -0.014168115332722664, -0.0010770559310913086, -0.008954092860221863, 0.008687872439622879, -0.03768640756607056, -0.025777917355298996, -0.020479485392570496, 0.021518392488360405, -0.004389388486742973, -0.013557756319642067, -0.011427993886172771, -0.0054510231129825115, 0.011025416664779186, -0.02794663980603218, 0.0130253154784441, 0.01276558917015791, -0.048075493425130844, -0.007895705290138721, 0.023063769564032555, 0.04334845766425133, -0.0007207427988760173, 0.012226655147969723, 0.00641526049003005, 0.008291788399219513, -0.00746715534478426, -0.0057529560290277, -0.0004882058419752866, -0.024661092087626457, -0.03636179864406586, -0.017479635775089264, 0.020180799067020416, -0.020180799067020416, -0.01203185971826315, -0.0022531328722834587, -0.007843759842216969, 0.013596715405583382, -0.005541927646845579, 0.021063871681690216, -0.0072853462770581245, 0.02486887387931347, 0.013336988165974617, 0.0035452754236757755, 0.005843860562890768, 0.010622839443385601, -0.03308923542499542, -0.016895249485969543, 0.012739616446197033, 0.011466952972114086, -0.01999898999929428, -0.004421854391694069, -0.017973117530345917, -0.003915386740118265, -0.001092477235943079, 0.0008140822174027562, -0.03275159373879433, 0.02053143084049225, -0.03316715359687805, -0.016206974163651466, -0.004444580525159836, -0.0021589817479252815, 0.02244042418897152, 0.022907933220267296, 0.009324204176664352, 0.00853203609585762, 0.012661698274314404, 0.003290418069809675, -0.03155684843659401, 0.03830975294113159, 0.019466549158096313, -0.007402223534882069, 0.013336988165974617, 0.01720692217350006, -0.008804749697446823, -0.032855480909347534, -0.005512708332389593, 0.013791510835289955, 0.024440323933959007, 0.0006111704278737307, -0.03153087571263313, -0.039088934659957886, -0.018479585647583008, -0.01772637665271759, 0.008415158838033676, -0.02862193062901497, -0.006535383872687817, -0.022596260532736778, 0.019817180931568146, 0.010830621235072613, 0.008109980262815952, 0.009142395108938217, -0.021907983347773552, 0.01455770619213581, 0.00016161927487701178, -0.004035510588437319, 0.008772283792495728, -0.0045419782400131226, 0.008408665657043457, -0.017817281186580658, -0.0016947195399552584, -0.013453865423798561, -0.025466246530413628, 0.0033310004509985447, -0.012382491491734982, 0.011895502917468548, 0.020687267184257507, 0.028232339769601822, 0.0016655002254992723, 0.010817634873092175, -0.0006566226948052645, -0.01507716067135334, 0.02149241976439953, 0.0017742610070854425, -0.01862243562936783, -0.006467205472290516, -0.013401919975876808, 0.022453410550951958, 0.0012564300559461117, -0.018817231059074402, -0.0038569478783756495, 0.009895604103803635, -0.00138385861646384, 0.013544769957661629, -0.02597271278500557, -0.006129560526460409, -0.020284689962863922, 0.017843253910541534, -0.006437986623495817, -0.017765335738658905, 0.010882566682994366, -0.0234533604234457, -0.004207579419016838, 0.01690823584794998, 0.009382642805576324, -0.00343813793733716, -0.003895906964316964, 0.004509512335062027, -0.0163887832313776, -0.003830975154414773, -0.00010926801769528538, 0.016362810507416725, -0.007739868480712175, -0.0066392747685313225, -0.04423153027892113, -0.013155179098248482, -0.002485264092683792, 0.008713845163583755, -0.004869883880019188, 0.007863239385187626, -0.01641475409269333, 0.011116321198642254, -0.004240045323967934, -0.0012101661413908005, -0.01897306740283966, 0.016375796869397163, -0.01022026315331459, -0.026881758123636246, -0.021128801628947258, 0.02059636265039444, 0.0031086092349141836, 0.005399077665060759, -0.002709278604015708, 0.024907832965254784, 0.02434941940009594, -0.032102275639772415, 0.04443931207060814, 0.02802455797791481, -0.011616296134889126, 0.01427200622856617, 0.002376503311097622, 0.026453208178281784, 0.005675037857145071, 0.012304573319852352, -0.021583324298262596, -0.04643921181559563, -0.007941157557070255, 0.018856190145015717, 0.03231005743145943, 0.0004100847872905433, -0.0016330343205481768, -0.013726579025387764, -0.00027007563039660454, 0.0005044388235546649, 0.003762796986848116, -0.027037594467401505, 0.043140675872564316, -0.0015161571791395545, -0.0012929541990160942, -0.012499368749558926, -0.02390788309276104, -0.011155280284583569, 0.014375897124409676, -0.001055141445249319, 0.004671841859817505, 0.006168519612401724, -0.009148888289928436, -0.015713492408394814, 0.008148939348757267, -0.002176837995648384, 0.01246690284460783, 0.009687822312116623, 0.02324557863175869, 0.004473799839615822, -0.032102275639772415, 0.009954042732715607, -0.0051003918051719666, 0.017609499394893646, -0.005843860562890768, -0.003207630245015025, 0.005379598122090101, 0.005019227042794228, 0.022674178704619408, -0.0115059120580554, 0.0069477008655667305, -0.011817584745585918, 0.020492471754550934, -0.02354426495730877, -0.03493329882621765, -0.007532087154686451, -0.017713390290737152, 0.028595957905054092, -0.0034413845278322697, -0.019544467329978943, -0.008739817887544632, -0.003356973174959421, -0.023076755926012993, 0.010213769972324371, 0.01187602337449789, -0.0123889846727252, 0.0030225745867937803, -0.0044023748487234116, -0.004249785095453262, 0.005668544676154852, 0.010291688144207, -0.00619773892685771, -0.01547973696142435, -0.0009106682846322656, -0.0029479030054062605, -0.018934108316898346, 0.005347132217139006, -0.0024527981877326965, -0.02081713080406189, -0.028933603316545486, 0.024894846603274345, -0.03251783922314644, 0.021375542506575584, 0.011648762039840221, 0.005295186769217253, -0.006217218469828367, 0.011324102990329266, -0.03812794387340546, -0.012440930120646954, 0.005821134429425001, 0.006093848031014204, -0.013349974527955055, -0.013999292626976967, 0.006032162811607122, 0.024829914793372154, -0.007869732566177845, 0.018882162868976593, -0.0006257800851017237, 0.018557503819465637, 0.010382592678070068, -0.023206619545817375, -0.011207225732505322, 0.01802506297826767, 0.002095673233270645, -0.015648560598492622, 0.02244042418897152, -0.02758302167057991, 0.01897306740283966, 0.027271348983049393, 0.006765891797840595, -0.013856442645192146, -0.04360818490386009, -0.014401869848370552, -0.0011979914270341396, 0.00045168172800913453, -0.0033537265844643116, -0.02286897413432598, -0.027531076222658157, 0.0026540865655988455, -0.004642622545361519, 0.011765639297664165, 0.001261299941688776, -0.0028099229093641043, -0.00665550772100687, -0.010285194963216782, -0.016609549522399902, 0.0015202154172584414, -0.04906245693564415, -0.018479585647583008, -0.012733123265206814, -0.015752451494336128, -0.05438686162233353, -0.023855937644839287, 0.007207428105175495, 0.02750510349869728, 0.0109280189499259, -0.0230118241161108, -0.008967079222202301, 0.007421703077852726, -0.062334511429071426, -0.0247779693454504, -0.00853203609585762, 0.010863087140023708, 0.004421854391694069, 0.029323194175958633, -0.0027206416707485914, 0.01405123807489872, -0.0016435857396572828, -0.008421652019023895, -0.03327104449272156, -0.011837064288556576, -0.01632385142147541, 0.013349974527955055, 0.016193987801671028, -0.011538377963006496, -0.006045149173587561, -0.016142042353749275, -0.001236138865351677, 0.004850404337048531, -0.014817433431744576, -0.014207074418663979, 0.003895906964316964, 0.018206872045993805, 0.01419408805668354, 0.013999292626976967, 0.019752249121665955, 0.014804447069764137, -0.006759398616850376, -0.03295937180519104, -0.010609853081405163, 0.033297017216682434, -0.012726630084216595, -0.00026195915415883064, -0.020284689962863922, 0.005249734967947006, -0.012200682424008846, -0.009674835950136185, 0.013726579025387764, -0.013077260926365852, -0.0026086345314979553, -0.013070767745375633, 0.008993051946163177, 0.006707453168928623, -0.020349621772766113, 0.01172668021172285, 0.024894846603274345, 0.010343633592128754, 0.0008152996888384223, 0.022557301446795464, -0.023778019472956657, -0.002938163233920932, 0.025050682947039604, -0.017232894897460938, -0.023479333147406578, 0.0037076049484312534, 0.018141940236091614, -0.002413839101791382, -0.025050682947039604, 0.0013116220943629742, 0.0032936646603047848, -0.004847157746553421, 0.013005835935473442, -0.006674987263977528, -0.02111581526696682, -0.010038454085588455, 0.0009488157229498029, -0.015466750599443913, -0.0010705627501010895, -0.0006623041699640453, 0.006360068451613188, -0.02001197636127472, -0.0005933141801506281, 0.013291535899043083, -0.03192046657204628, -0.009057983756065369, -0.0038991535548120737, -0.008616447448730469, 0.0016216712538152933, 0.012583780102431774, 0.19313310086727142, 0.014869378879666328, 0.0035160561092197895, 0.034465789794921875, -0.01036960631608963, -0.006577589549124241, 0.007999596185982227, 0.0067788781598210335, 0.005960737820714712, 0.03602415323257446, -0.009603410959243774, -0.0010364735499024391, -0.013544769957661629, 0.003111855825409293, 0.008856695145368576, -0.03568650782108307, -0.042335521429777145, -0.0088307224214077, -0.010018974542617798, 0.047841738909482956, 0.01816791296005249, 0.009642370045185089, 0.044543202966451645, -0.011785118840634823, 0.026803839951753616, -0.008096993900835514, -0.022466396912932396, 0.015116119757294655, 0.006921728141605854, 0.028777766972780228, -0.009109929203987122, -0.01441485621035099, 0.02125866524875164, 0.0009455691324546933, -0.012408464215695858, -0.014323951676487923, 0.018284790217876434, -0.02575194649398327, 0.0017012127209454775, 0.005064679309725761, -0.001887891674414277, -0.020050935447216034, -0.018557503819465637, -0.005704257171601057, 0.001427687588147819, 0.01555765513330698, -0.015401818789541721, -0.009278751909732819, -0.03155684843659401, 0.016492672264575958, -0.04404972121119499, -0.03212824836373329, 0.01268767099827528, 0.04441333934664726, -0.0011192616075277328, 0.002632983960211277, 0.02302481047809124, -0.025128601118922234, 0.03163476660847664, 0.01051245629787445, -0.002486887387931347, 0.006213971879333258, -0.0067269327118992805, 0.012298080138862133, 0.007213921286165714, -0.010577387176454067, -0.015025215223431587, 0.024881860241293907, -0.011850050650537014, 0.0030290677677839994, -0.003283924888819456, 0.00904499739408493, -0.03176463022828102, -0.0101553313434124, -0.016466699540615082, -0.004330949857831001, 0.01816791296005249, 0.0198691263794899, 0.0033407402224838734, 0.012557807378470898, -0.017765335738658905, -0.00041191099444404244, -0.014973269775509834, 0.014973269775509834, -0.0013757421402260661, -0.026725921779870987, 0.012882466427981853, 0.007882718928158283, 0.007921678014099598, 0.0002822503447532654, 0.00216872151941061, 0.0010746209882199764, -0.019025012850761414, -0.0020697005093097687, 0.03236200287938118, -0.0028829711955040693, 0.005470502655953169, 0.005321159493178129, -0.004071223083883524, 0.02324557863175869, -0.02625841274857521, 0.07235997915267944, 0.019596412777900696, -0.014453815296292305, -0.0036134538240730762, 0.00037660435191355646, 0.010330647230148315, 0.021531378850340843, 0.016570590436458588, 0.0005247299559414387, -0.0017937405500561, -0.027842748910188675, -0.0025615589693188667, -0.0067269327118992805, 0.003454370889812708, 0.017310813069343567, -0.003740070853382349, -0.03275159373879433, 0.02405073307454586, -0.03734876215457916, -0.0009374526562169194, 0.0033991788513958454, 0.01927175372838974, 0.016427740454673767, 0.030414048582315445, -0.009837165474891663, -0.03994603455066681, 0.02081713080406189, -0.006824330426752567, -0.032024357467889786, 0.031089337542653084, 0.006687973625957966, -0.021869024261832237, -0.0005937200039625168, -0.0029787456151098013, -0.008071021176874638, -0.00658408273011446, -0.02706356719136238, -0.01780429482460022, -0.008499570190906525, -0.0003250647569075227, -0.013122713193297386, 0.030128348618745804, 0.00013818294974043965, 0.011901996098458767, 0.0030664035584777594, 0.02441435120999813, -0.015090147033333778, -0.023076755926012993, -0.02368711493909359, -0.013648660853505135, -0.016531631350517273, 0.010479990392923355, -0.027349267154932022, 0.0050419531762599945, -0.028336230665445328, 0.004470553249120712, -0.024985751137137413, 0.009317710995674133, 0.007603512145578861, -0.024011773988604546, 0.02162228338420391, -0.001442297245375812, -0.031738657504320145, 0.0018034803215414286, -0.006467205472290516, -0.16227751970291138, 0.0068892622366547585, 0.03067377395927906, -0.02367412857711315, 0.001829453045502305, -0.0040971958078444, -0.0035680015571415424, 0.007616498041898012, -0.015752451494336128, 0.006687973625957966, 0.026076603680849075, -0.011713693849742413, -0.0015810889890417457, -0.019037999212741852, 0.006928221322596073, -0.014882365241646767, -0.034102171659469604, -0.005856846924871206, 0.020414553582668304, -0.00875280424952507, 0.026596058160066605, -0.02184305153787136, -0.0032043836545199156, -0.021310610696673393, -0.012661698274314404, 0.01868736743927002, -0.02773885801434517, 0.0030290677677839994, -0.013739565387368202, -0.009382642805576324, -0.022479383274912834, 0.0026540865655988455, 0.030569883063435555, 0.011629282496869564, 0.005106884986162186, -0.012492875568568707, -0.0025501959025859833, 0.016531631350517273, -0.01353178359568119, 0.023518292233347893, 0.03766043484210968, -0.010168317705392838, -0.003931619692593813, 0.007590525783598423, 0.00846061110496521, 0.0008327501127496362, 0.02758302167057991, 0.001777507597580552, 0.008635926991701126, -0.01055790763348341, 0.015531682409346104, -0.029530975967645645, -0.012850000523030758, 0.014064224436879158, 0.00507441908121109, -0.020765185356140137, -0.022310560569167137, 0.03155684843659401, -0.0037011117674410343, -0.030725719407200813, -0.006334095727652311, 0.0020859334617853165, 0.005584133323282003, -0.004717294126749039, -0.016570590436458588, -0.021154774352908134, 0.021141787990927696, 0.010252729058265686, -0.0143499244004488, 0.009356670081615448, 0.010570893995463848, -0.02111581526696682, -0.00790219847112894, -0.003600467462092638, 0.038725316524505615, 0.004168620333075523, -0.023440374061465263, 0.010538429021835327, 0.012194189243018627, 0.00882422924041748, -0.0005693705752491951, 0.019596412777900696, -0.017635472118854523, -0.008324254304170609, -0.009746260941028595, 0.012181202881038189, -0.0041166748851537704, -0.00619773892685771, 0.014323951676487923, 0.013713592663407326, 0.0098501518368721, -0.03015432134270668, -0.013765538111329079, -0.015791410580277443, -0.006100341212004423, 0.025037696585059166, 0.035556644201278687, -0.02559611015021801, -0.0006756963557563722, -0.003600467462092638, 0.008330747485160828, -0.005369858350604773, -0.034024253487586975, 0.0071165235713124275, 0.01485639251768589, 0.03472551703453064, -0.021310610696673393, 0.0067788781598210335, 0.003322883974760771, -0.0035225492902100086, -0.009226806461811066, 0.02412865124642849, 0.0416082888841629, 0.011356568895280361, 0.0012645465321838856, 0.01092152576893568, 0.004246538504958153, -0.03243992105126381, -0.002493380568921566, -0.003593974281102419, 0.028855685144662857, 0.023284537717700005, -0.026453208178281784, 0.0101553313434124, -0.0027206416707485914, -0.017856240272521973, -0.11573441326618195, -0.017038099467754364, 0.01786922663450241, 0.026349317282438278, 0.01751859486103058, 0.02324557863175869, -0.004058236721903086, 0.012862986885011196, -0.017609499394893646, 0.03347882628440857, -0.006707453168928623, -0.023933855816721916, 0.006356821861118078, 0.009155381470918655, 0.02310272864997387, -0.013226604089140892, 0.022232642397284508, -0.04142647981643677, 0.011473446153104305, 0.0070580849424004555, 0.016492672264575958, -0.011551364324986935, -0.00021285450202412903, -0.018700353801250458, -0.0240637194365263, -0.009590424597263336, -0.03038807585835457, 0.019466549158096313, 0.019453562796115875, -0.011837064288556576, 0.04617948457598686, 0.001144422683864832, -0.006662000901997089, -0.006869782693684101, -0.00860995426774025, -0.0071684690192341805, -0.01405123807489872, -0.05280252546072006, 0.026440221816301346, -0.00449003279209137, -0.016297878697514534, 0.01158383022993803, 0.024661092087626457, -0.007045098580420017, 0.013570742681622505, -0.0172199085354805, -0.029089439660310745, 0.029582921415567398, -0.019908085465431213, -0.018128953874111176, -0.013713592663407326, -0.0007881095516495407, -0.024920819327235222, -0.009843658655881882, -0.007038605399429798, -0.007590525783598423, 0.018947094678878784, 0.021453460678458214, -0.0023586470633745193, -0.0014009032165631652, 0.013479838147759438, 0.031738657504320145, -0.01758352667093277, 0.021817078813910484, 0.01099944394081831, -0.014505760744214058, 0.005058186128735542, 0.005032213404774666, 0.0309594739228487, -0.04230954870581627, -0.031167255714535713, -0.016440726816654205, -0.009057983756065369, -0.005616599228233099, -0.02001197636127472, -0.019752249121665955, -0.031375039368867874, -0.0009601787314750254, -0.003775783348828554, 0.011051389388740063, -0.023739060387015343, -0.020856089890003204, 0.024881860241293907, 0.03168671205639839, 0.007038605399429798, 0.015830369666218758, -0.019362658262252808, -0.029764730483293533, 0.01254482101649046, -0.027349267154932022, -0.006152286659926176, 0.02766093984246254, 0.013726579025387764, 0.012707150541245937, 0.0021232692524790764, -0.00709704402834177, -0.013349974527955055, -0.011616296134889126, -0.003606960643082857, 0.015830369666218758, -0.027634967118501663, 0.000611982075497508, -0.06082809716463089, 0.017051085829734802, 0.008720338344573975, -0.007681429851800203, 0.017167963087558746, -0.008570995181798935, 0.01685629040002823, -0.01063582580536604, -0.003980318550020456, 0.015090147033333778, -0.027920667082071304, 0.014726528897881508, -0.024258514866232872, -0.023920869454741478, -0.003178410930559039, 0.0003003095043823123, 0.0003613859589677304, 0.010194290429353714, 0.0013237966923043132, -0.006791864521801472, -0.0076944162137806416, -0.0026070112362504005, 0.0024901339784264565, 0.020167812705039978, -0.021427487954497337, 0.012934410944581032, -0.016830317676067352, -0.0038991535548120737, -0.007934664376080036, 0.015349873341619968, -0.0013246083399280906, -0.020271703600883484, 0.01515507884323597, 0.042257603257894516, -0.011551364324986935, -0.04389388486742973, 0.011707200668752193, 0.01728484034538269, 0.011713693849742413, -0.02818039432168007, -0.022830015048384666, -0.01324608363211155, -0.0023375442251563072, -0.040777161717414856, 0.015207024291157722, 0.004619896411895752, -0.00402577081695199, 0.012440930120646954, 0.011408514343202114, -0.019037999212741852, 0.03592026233673096, 0.00027230766136199236, -0.006616548635065556, -0.027972612529993057, 0.004990007728338242, 0.01853153109550476, -0.0039024001453071833, -0.020830117166042328, 0.008817736059427261, -0.02581687644124031, 0.03766043484210968, -0.00343813793733716, 0.04386791214346886, -0.007681429851800203, 0.015622586943209171, 0.02214173786342144, -0.011285143904387951, -0.004077716264873743, 0.009213820099830627, -0.0003557044256012887, -0.03155684843659401, -0.008506063371896744, 0.018505558371543884, 0.014544719830155373, -0.005821134429425001, 0.005522448103874922, -0.0015875821700319648, 0.050568874925374985, -0.02133658342063427, 0.024687064811587334, 0.035946235060691833, -0.003694618586450815, -0.001494242693297565, 0.020700253546237946, 0.025648055598139763, 0.011635775677859783, -0.04015381634235382, 0.014830419793725014, 0.004103688523173332, 0.00805154163390398, -0.020700253546237946, 0.010804648511111736, 0.0052399951964616776, -0.02472602389752865, 0.0423874668776989, 0.00860346108675003, 0.0019739263225346804, 0.00823984295129776, 0.01920682191848755, 0.03610207140445709, -0.015921274200081825, -0.0016452090349048376, 0.0001476183533668518, -0.037764325737953186, -0.027037594467401505, 0.00373357767239213, -0.012700657360255718, -0.023076755926012993, -0.024661092087626457, 0.039452552795410156, -0.01121371891349554, 0.022258615121245384, 0.04511460289359093, 0.006934714503586292, -0.012291586957871914, 0.015778424218297005, -0.0172199085354805, -0.003785523120313883, -0.028076503425836563, 0.0014593418454751372, -0.007928171195089817, 0.005584133323282003, -0.0030144581105560064, 0.009298231452703476, -0.004288744181394577, 0.01788221299648285, -0.007084057666361332, -0.0006424188613891602, -0.0005624715704470873, -0.017271853983402252, 0.00941510871052742, -0.028154421597719193, -0.006327602546662092, -0.019219808280467987, -0.009596917778253555, -0.01796013116836548, -0.009551465511322021, -0.006713946349918842, 0.0035517686046659946, 0.05849055200815201, 0.030206266790628433, 0.01375255174934864, -0.0005941258277744055, -0.007954143919050694, 0.019388630986213684, 0.013362960889935493, -0.007733375299721956, 0.02097296714782715, -0.013557756319642067, 0.003069650148972869, -0.004405621439218521, -0.0007588902371935546, -0.004860144108533859, -0.015765437856316566, -0.009720288217067719, -8.816518675303087e-05, -0.004980267956852913, 0.024583173915743828, 0.012629232369363308, 0.006463958881795406, -0.02066129446029663, 0.017999090254306793, -0.00019154876645188779, -0.035063162446022034, -0.029089439660310745, 0.02118074707686901, 0.0035615083761513233, -0.020167812705039978, -0.006616548635065556, -0.017323799431324005, 0.011616296134889126, -0.014038251712918282, -0.004886116832494736, 0.021063871681690216, 0.0231806468218565, -0.02597271278500557, -0.020713239908218384, 0.02119373343884945, 0.026673976331949234, 0.003577741328626871, 0.017531581223011017, -0.020778171718120575, -0.013142192736268044, -0.0392967164516449, -0.011239691637456417, -0.02198590151965618, 0.0002161010925192386, -0.015362859703600407], 'ai_metadata': {'tags': ['construction', 'document'], 'document_type': 'unknown', 'topics': ['HVAC System Sizing for Office Buildings'], 'supplier_mentions': [], 'categories': ['general'], 'summary': '```json\n{\n    "tags": [\n        "AS/NZS 1668.2",\n        "AS 1668.2"\n    ],\n    "document_type": "specification",\n    "topics": [\n        "HVAC system sizing",\n        "energy efficiency",\n        "oc'}, 'created_timestamp': '2025-08-10T01:44:34.059000', 'status': 'active', 'reference_count': 0, 'helpful_votes': 0, 'view_count': 0}, 'similarity_score': 0.8908691347303638}], 'total_results': 48}
❌ FAIL Knowledge Search (Standards Compliance)
   Details: Missing required fields in response
   Response: {'query': 'AS/NZS standards compliance', 'community_results': [], 'personal_results': [{'type': 'personal_document', 'document': {'_id': '689afee8d2f76a65144ba744', 'document_id': 'af288c46-fdc3-47c4-bf23-ba634f3df438', 'user_id': 'demo_user_auto_token', 'filename': 'fire_safety_test.txt', 'original_size': 270, 'content_type': 'text/plain', 'file_hash': '5189fca3e817d140dd19e57d4e70a89171ab5e36b4f17e51f8b492849f6f6f7a', 'extracted_text': '\n        Fire Safety Requirements for High-Rise Buildings in Australia\n        \n        Key Standards:\n        - AS 1851: Maintenance of fire protection systems\n        - AS 2118: Automatic fire sprinkler systems\n        - NCC Volume One: Fire safety provisions\n        ', 'embedding': [-0.005112096667289734, 0.001992238452658057, -0.008514681831002235, -0.02964029833674431, 0.021526694297790527, 0.016687462106347084, 0.0029472634196281433, -0.012900236994028091, -0.013649791479110718, -0.01495165005326271, -0.01245313324034214, 0.002173052169382572, -0.005615087691694498, 0.018160272389650345, 0.011782479472458363, 0.00632847985252738, 0.026273876428604126, -0.01088169775903225, 0.004122552461922169, -0.010381994768977165, -0.015306702814996243, 0.02512981928884983, -0.009297112002968788, -0.0015336290234699845, 0.0016758143901824951, 0.007830877788364887, 0.0005313457804732025, -0.03837195783853531, 0.010875122621655464, -0.006657232064753771, 0.01952788047492504, -0.007653351407498121, 0.0036491495557129383, -0.013965393416583538, -0.010309669189155102, -0.00808072928339243, -0.027720386162400246, -0.016043107956647873, 0.025813622400164604, -0.00883028469979763, 0.021908046677708626, -0.003948314115405083, 0.010289943777024746, -0.004868820309638977, -0.00710762245580554, 0.015333002433180809, 0.02034318633377552, -0.0024146849755197763, -0.02777298539876938, 0.0075744506902992725, -0.01070417184382677, 1.942976814461872e-05, -0.030981607735157013, -0.024196162819862366, -0.011276200413703918, -0.007041872013360262, -0.02140834368765354, 0.012630660086870193, -0.0050233337096869946, -0.03700434789061546, -0.006121366284787655, 0.00850810669362545, -0.04620940983295441, 0.025879373773932457, 0.02155299484729767, -0.015017400495707989, -0.012735860422253609, 0.0007774989935569465, -0.03795115277171135, -0.02782558649778366, 0.04144907742738724, 0.026234425604343414, 0.009185336530208588, -0.012361083179712296, 0.016726912930607796, -0.0008424275438301265, 0.008587007410824299, 0.003938451409339905, -0.014820149168372154, -0.023183604702353477, 0.0008473588386550546, -0.01597735658288002, 0.004845807328820229, 0.025655822828412056, 0.013662941753864288, 0.025024617090821266, -0.0033466974273324013, 0.011440576985478401, 0.0263527762144804, -0.005536186974495649, 0.008961785584688187, 0.0062167043797671795, 0.01326843909919262, 0.009941467083990574, 0.0005235378630459309, 0.007120772730559111, 0.0020333323627710342, 0.01846272312104702, 0.0076599265448749065, -0.02572157233953476, 0.0033286160323768854, -0.017358116805553436, -0.022710202261805534, 0.0031527336686849594, 0.004214603453874588, -0.001990594668313861, 0.02864089235663414, 0.0043691168539226055, -0.005670975428074598, -0.011105249635875225, -0.016345560550689697, 0.02072453871369362, -0.004171865526586771, -0.03979216516017914, 0.03316452354192734, -0.029377296566963196, 0.009520663879811764, 0.004020639695227146, -0.010138718411326408, -0.017055664211511612, 0.006144378799945116, 0.01600365713238716, 0.01784466952085495, 0.021697646006941795, 0.007396924775093794, 0.0031494460999965668, -0.012492584064602852, -0.01783151924610138, -0.02036948688328266, -0.025563770905137062, 0.0014119907282292843, -0.01264380943030119, 0.020093334838747978, -0.00596685241907835, -0.021631894633173943, 0.01951473020017147, -0.008245104923844337, 0.013952243141829967, -0.04920763149857521, -0.02987699955701828, -0.0027401496190577745, 0.024577515199780464, -0.03258591890335083, 0.012223007157444954, 0.016095707193017006, -0.007383774500340223, 0.00029176758835092187, 0.002534679602831602, -0.0027598747983574867, -0.0029949326999485493, -0.011789053678512573, -0.009086711332201958, -0.01826547272503376, 0.00182786223012954, -0.009159036912024021, 0.01822602190077305, -0.019869783893227577, -0.002588923554867506, -0.011572077870368958, -0.03739885240793228, 0.013491990976035595, -0.005463861860334873, 0.01890982687473297, -0.003889138577505946, -0.0023916722275316715, -0.004490755032747984, -0.002626730129122734, -0.013051462359726429, -0.006897221319377422, 0.005398111417889595, 0.015306702814996243, 0.006976121570914984, -0.026392227038741112, 0.006463268306106329, 0.02674727886915207, 0.02658947929739952, 0.009974341839551926, 0.008310855366289616, 0.004766907077282667, -0.0031395836267620325, -0.004457879811525345, 0.017910420894622803, 0.03547893837094307, 0.028325289487838745, -0.03340122476220131, -0.009126161225140095, 0.019356930628418922, 0.029140595346689224, -0.004132415167987347, -0.010829097591340542, -0.005296198185533285, 0.01161810290068388, -0.0045860931277275085, -0.029140595346689224, -0.619842529296875, -0.021434644237160683, -0.0022733216173946857, -0.029508797451853752, -0.007817727513611317, 0.022499801591038704, 0.03440063074231148, 0.01309091318398714, -0.0008942059939727187, 0.005559199955314398, -0.004043652210384607, 0.023775359615683556, -0.009205061942338943, 0.0037938004825264215, -0.012867361307144165, -0.008705358020961285, -0.01766056939959526, -0.02181599661707878, 0.026234425604343414, 0.01574065536260605, -0.013051462359726429, 0.033111922442913055, -0.02653687819838524, -0.026457978412508965, 0.0008654401754029095, -0.005749876145273447, -0.009329987689852715, -0.036609847098588943, 0.002510023070499301, 0.016687462106347084, -0.03852975741028786, 0.015714354813098907, 0.026471126824617386, 0.009606139734387398, 0.034321729093790054, -0.025024617090821266, -0.019251728430390358, 0.02676042914390564, 0.04528890550136566, 0.02363070845603943, -0.010914573445916176, 0.00012728874571621418, 0.023617558181285858, 0.004283641465008259, 0.014491396956145763, 0.007048447150737047, 0.05233735218644142, -0.010809372179210186, 0.028956493362784386, -0.029429897665977478, 0.009836265817284584, 0.007390349637717009, -0.006246292032301426, -0.0030228765681385994, 0.013505140319466591, -0.015096301212906837, 0.027509985491633415, 0.015845855697989464, -0.014583447948098183, 0.004918132908642292, -0.015319853089749813, 0.0035242235753685236, -0.004086390137672424, -0.021894896402955055, -0.027089182287454605, 0.02135574258863926, 0.012538609094917774, 0.01743701659142971, 0.010368844494223595, -0.028325289487838745, -0.01152605190873146, 0.018396973609924316, -0.007436374668031931, -0.005184422247111797, 0.0063909427262842655, 0.01662171073257923, 0.01746331714093685, -0.00513182207942009, 0.009001235477626324, 0.012065205723047256, 0.0070550222881138325, 0.001173645374365151, -0.017581667751073837, -0.012841060757637024, 0.010769922286272049, -0.01760796830058098, -0.014491396956145763, -0.01389964297413826, 0.020027583464980125, 0.009836265817284584, 0.033296022564172745, 0.0018295060144737363, 0.0009821471758186817, -0.007982103154063225, -0.006035890430212021, 0.011341950856149197, -0.013925943523645401, -0.007936078123748302, 0.0009024247992783785, -0.010217618197202682, -0.008922334760427475, -0.0035570987965911627, -0.04789262264966965, -0.011171000078320503, 0.0032595780212432146, -0.01399169396609068, 0.005355373490601778, 0.011690428480505943, 0.037346251308918, -0.0028930194675922394, 0.012610934674739838, -0.01766056939959526, -0.02531391941010952, -0.011230175383388996, 0.011624678038060665, -0.03461103141307831, 0.015530253760516644, 0.007114197593182325, 0.01683211326599121, 0.015017400495707989, 0.009277387522161007, -0.010756772011518478, 0.04444729909300804, -0.018673125654459, 0.010454320348799229, 0.04087047278881073, 0.006466555874794722, -0.014557147398591042, 0.008823709562420845, -0.013544591143727303, -0.00027532997773960233, -0.004589380696415901, 0.03505813702940941, -0.004300078842788935, 0.016700612381100655, -0.013794442638754845, -0.015661755576729774, -0.013209263794124126, 0.02327565662562847, -0.026208125054836273, -0.029324697330594063, -0.01989608258008957, 0.011019773781299591, -0.017331816256046295, -0.038082655519247055, -0.004803069867193699, -0.01203890610486269, 0.023827960714697838, -0.023972610011696815, 0.018804626539349556, -0.029166895896196365, -0.012702985666692257, -0.02493256703019142, 0.016043107956647873, -0.021066442131996155, 0.00349792349152267, 0.016753211617469788, -0.009066985920071602, 0.004247478675097227, -0.005335648078471422, 0.011512902565300465, 0.004280353896319866, -0.04294818639755249, 0.0005872336332686245, 0.001990594668313861, 0.008153054863214493, 0.027089182287454605, 0.0035899740178138018, -0.002362084574997425, -0.04257998615503311, 0.0027779561933130026, -0.019646231085062027, 0.0024902978911995888, 0.018015621230006218, 0.003210265189409256, 0.011348525993525982, -0.016911013051867485, -0.003701749723404646, 0.0035044983960688114, -0.007738826796412468, 0.008199079893529415, 0.007094472646713257, -0.023170456290245056, 0.009047260507941246, 0.003109995974227786, 0.010973748750984669, 0.030350403860211372, -0.011190725490450859, -0.011499752290546894, 0.021289993077516556, -0.022131597623229027, 0.008231955580413342, 0.018002470955252647, 0.020408937707543373, -0.013860193081200123, 0.012959412299096584, 0.024143561720848083, -0.015306702814996243, -0.0018393686041235924, 0.018304923549294472, 0.014806998893618584, -0.03461103141307831, 0.03300672024488449, -0.00016273233632091433, 0.030666004866361618, 0.012157256714999676, 0.010303094051778316, -0.006469843443483114, 0.04094937443733215, -0.006644082255661488, 0.003981189336627722, -0.015477653592824936, -0.007850602269172668, -0.018094521015882492, 0.009113010950386524, 0.007955803535878658, -0.007068172562867403, 0.02491941675543785, -0.017778920009732246, 0.0009369438048452139, 0.007811152376234531, -0.005970139987766743, 0.02428821288049221, 0.016687462106347084, -0.023486057296395302, 0.005440848879516125, 0.03158651292324066, 0.024538064375519753, 0.001850874861702323, 0.009908591397106647, -0.04147537797689438, -0.011907405219972134, 0.016148308292031288, -0.0061739664524793625, 0.03074490651488304, 0.005177847109735012, 0.02866719290614128, -0.029771799221634865, -0.0033088908530771732, 0.01203890610486269, 0.04455249756574631, 0.011828504502773285, 0.015319853089749813, -0.00850810669362545, 0.028956493362784386, 0.00477019464597106, 0.022473501041531563, 0.029535098001360893, 0.007817727513611317, 0.017923571169376373, 0.016740063205361366, 0.002260171342641115, -0.005016758572310209, 0.02302580513060093, 0.015175201930105686, 0.00222565233707428, 0.014346745796501637, 0.010493770241737366, 0.02073768898844719, 0.01318953838199377, 0.008994660340249538, -0.01850217394530773, 0.030981607735157013, 0.0002428656880510971, 0.002728643361479044, 0.004076527431607246, -0.0010848823003470898, -0.011335375718772411, 0.01745016686618328, -0.032033614814281464, -0.022881153970956802, 0.0018574499990791082, 0.009862566366791725, -0.010191318579018116, 0.029824400320649147, 0.013104062527418137, 0.00021101781749166548, 0.029798099771142006, 0.003701749723404646, 0.011078949086368084, -0.01026364415884018, -0.01637185923755169, 0.01720031537115574, 0.01183507964015007, -0.00010663899593055248, -0.004168577957898378, -0.010105842724442482, -0.00023423595121130347, -0.022381450980901718, 0.04331639036536217, 0.0011358389165252447, 0.00024656415916979313, -0.014833299443125725, -0.002607004949823022, 0.014057444408535957, -0.003001507604494691, 0.017147714272141457, -0.03589973971247673, -0.010717322118580341, 0.003790512913838029, -0.0058287763968110085, -0.04279038682579994, 0.0015352728078141809, -0.005799188744276762, 0.03653094545006752, -0.0036951748188585043, 0.0005128534394316375, 0.004467742517590523, -0.00891575962305069, 0.009395738132297993, 0.0009763940470293164, -0.005365236196666956, 0.005121959373354912, 0.027246983721852303, 0.017923571169376373, -0.01658226177096367, -0.005299485754221678, -0.026431677863001823, 0.034979235380887985, -0.034137628972530365, 0.002580704865977168, 0.017897270619869232, -0.002069495152682066, 0.008277980610728264, 0.052784454077482224, 0.008462081663310528, 0.01933063007891178, 0.02761518582701683, -0.006857770960777998, -0.0257478728890419, -0.008797409012913704, -0.0165691114962101, 0.013459115289151669, 0.006200266536325216, -0.009658739902079105, 0.00943518802523613, -0.01721346564590931, 0.009251086972653866, 0.00871193315833807, 0.0011958361137658358, 0.008304281160235405, -0.022381450980901718, 0.0008321540080942214, -0.011499752290546894, -2.070111622742843e-05, 0.030613405629992485, 0.03032410331070423, 0.04394759610295296, 0.013505140319466591, -0.03092900663614273, 0.01788412034511566, -0.005220585037022829, 0.005638100206851959, -0.009987492114305496, -0.01026364415884018, 0.03755665197968483, 0.011131549254059792, 0.02840419113636017, 0.007883477956056595, 0.02535337023437023, 0.015635455027222633, 0.013518290594220161, 0.032375518232584, -0.0005588787607848644, 0.05286335572600365, -0.0024524915497750044, 0.019448980689048767, -0.02964029833674431, 0.033506423234939575, -0.0005255925934761763, -0.017397567629814148, 0.039923667907714844, -0.03211251646280289, 0.0007836630684323609, 0.026431677863001823, -0.015280402265489101, -0.010441170074045658, -0.014741248451173306, -0.003675449639558792, -0.013110637664794922, -0.004444730002433062, -0.012624084949493408, 0.010428019799292088, -0.04357939213514328, -0.012834486551582813, -0.01888352632522583, -0.004474317654967308, 0.005404686089605093, -0.01121044997125864, -0.009172186255455017, -0.029745498672127724, 0.0029357571620494127, -0.021723946556448936, 0.02200009673833847, 0.021487243473529816, -0.03158651292324066, -0.020264286547899246, 0.014912200160324574, 0.04739291965961456, 0.011124975048005581, 0.016976764425635338, -0.0026102925185114145, -0.017344966530799866, 0.00798867829144001, 0.008764534257352352, -0.03150761127471924, -0.023959461599588394, -0.01764741912484169, 0.004033789504319429, -0.001164604676887393, 0.0025116668548434973, -0.0074824001640081406, -0.019409529864788055, 0.03266482055187225, 0.01890982687473297, -0.016279809176921844, 0.018567925319075584, 0.007239123340696096, 0.023920010775327682, -0.0026283739134669304, -0.00040436521521769464, 0.022697051987051964, 0.0021829146426171064, -0.012393957935273647, -0.0055624875240027905, 0.0045532179065048695, -0.024406563490629196, -0.02572157233953476, 0.02679987996816635, -0.022065848112106323, 0.01864682510495186, 0.01823917217552662, -0.01948843151330948, -0.013031737878918648, -0.004786632023751736, -0.014583447948098183, 0.00710762245580554, 0.01683211326599121, -0.014504547230899334, 0.012564909644424915, -0.0014769192785024643, 0.0069629717618227005, 0.00024430398480035365, -0.01680581271648407, 0.010940873064100742, -0.02285485342144966, 0.018962427973747253, 0.012019180692732334, -0.034742534160614014, 0.007870327681303024, 0.0034321730490773916, -0.019343780353665352, -0.016674311831593513, 0.0005062784184701741, 0.008974934928119183, 0.013649791479110718, 0.030771207064390182, -0.03340122476220131, -0.03006110154092312, 0.005799188744276762, -0.021079590544104576, -0.009066985920071602, -0.014701798558235168, -0.019593631848692894, -0.021881746128201485, -0.00617067888379097, 0.013373639434576035, 0.017726318910717964, -0.023196754977107048, -0.016963614150881767, 0.004474317654967308, 0.018002470955252647, -0.0013881562044844031, 0.013432814739644527, -0.007936078123748302, -0.008126754313707352, -0.02990330010652542, -0.008560707792639732, -0.01933063007891178, -0.020895490422844887, 0.01463604811578989, -0.02782558649778366, 0.020185384899377823, 0.01141427643597126, 0.020014435052871704, -0.006394230294972658, 0.011841654777526855, 0.013235563412308693, 0.013156663626432419, 0.0069629717618227005, -0.02591882459819317, -0.0005592897068709135, -0.03529483824968338, 0.018765175715088844, 0.03813525661826134, 0.012722710147500038, -0.010250493884086609, -0.01781836897134781, 0.022578701376914978, 0.002018538536503911, -0.006502718664705753, 0.004063377156853676, -0.01890982687473297, -0.019462130963802338, -0.006446830928325653, 0.013860193081200123, 0.02034318633377552, 0.01462289784103632, -0.025248169898986816, -0.004835945088416338, 0.029114294797182083, -0.015109451487660408, -0.010342543944716454, -0.0047734822146594524, -0.0013182963011786342, -0.026720980182290077, 0.015859005972743034, -0.0042343284003436565, 0.03942396491765976, -0.01764741912484169, 0.0015903387684375048, -0.023288806900382042, -0.0016536236507818103, 0.016463911160826683, 0.011407701298594475, 0.011867954395711422, 0.02034318633377552, -0.00965216476470232, -0.004651843570172787, 0.007462675217539072, -0.0034255979117006063, -0.0010133787291124463, 0.016437610611319542, -0.016976764425635338, 0.007607325911521912, -0.032059915363788605, -0.0042343284003436565, -0.01067787129431963, 0.028693491593003273, -0.0010405007051303983, 0.013228989206254482, 0.047813721001148224, -0.01788412034511566, 0.01910707727074623, 0.016253508627414703, -0.005667687859386206, 0.020027583464980125, 0.016963614150881767, 0.007219398394227028, 0.011243325658142567, -0.007995253428816795, -0.017555367201566696, 0.004339529201388359, -0.002975207520648837, -0.0009689971338957548, 0.020895490422844887, 0.007488975301384926, -0.025997724384069443, -0.010165018029510975, -0.0012582991039380431, 0.0301137026399374, -0.007212823256850243, -0.039082061499357224, 0.035584140568971634, 0.025668973103165627, 0.015425053425133228, -0.0054013985209167, 0.010165018029510975, -0.014991100877523422, -0.00839633122086525, 0.012019180692732334, 0.005138396751135588, 0.0006936671561561525, -0.013768142089247704, -0.020290585234761238, 0.016306109726428986, -0.02013278566300869, 0.025458570569753647, 0.026471126824617386, -0.0016897863242775202, 0.017305515706539154, 0.007212823256850243, 0.013005437329411507, -0.00628574239090085, 0.007732251659035683, 0.025050917640328407, 0.003448610659688711, -0.016279809176921844, 0.015714354813098907, 0.0013634997885674238, -0.020619338378310204, -0.009468063712120056, 0.017792070284485817, 0.0259714238345623, -0.029850700870156288, -0.035189636051654816, 0.02493256703019142, -0.006075340788811445, 0.006413955707103014, 0.000890918483491987, -0.01245313324034214, 0.004559793043881655, -0.003991051577031612, -0.017081964761018753, -0.013978543691337109, 0.006864346098154783, -0.02819378860294819, -0.014202095568180084, -0.0002897128870245069, -0.023183604702353477, 0.02511666901409626, 0.007581025827676058, -0.006877496372908354, -0.02369645982980728, -0.029719199985265732, 0.006150953937321901, -0.041817281395196915, -0.0014078812673687935, -0.007028722204267979, 0.01742386631667614, 0.007344324141740799, 0.037241049110889435, -0.031192008405923843, -0.0011251544347032905, -0.020080184563994408, 0.02323620580136776, -0.011295925825834274, 0.008573857136070728, -0.009579839184880257, -0.0048984079621732235, 0.029535098001360893, 0.00731144892051816, -0.026024024933576584, -0.02035633660852909, 0.004865532740950584, 0.016897862777113914, -0.009382587857544422, 0.008692208677530289, 0.022263098508119583, 0.008225380443036556, -0.006344917695969343, -0.02491941675543785, 0.0006838045665062964, 0.045367803424596786, 0.005286335479468107, 0.02135574258863926, 0.04836602509021759, -0.027352184057235718, 0.02512981928884983, -0.0057367258705198765, -0.004714306443929672, -0.02098754048347473, -0.03792485594749451, -0.006683532148599625, 0.010861973278224468, -0.007291723974049091, -0.03795115277171135, -0.03429542854428291, -0.020027583464980125, 0.011151274666190147, 0.0068380460143089294, 0.027115482836961746, 0.008120179176330566, -0.00932341255247593, 0.02222364954650402, 0.027878187596797943, 0.005963564850389957, 0.004743894096463919, -0.028535692021250725, 0.004467742517590523, -0.002631661482155323, 0.00934971310198307, -0.037267349660396576, -0.008126754313707352, 0.013662941753864288, 0.03671504557132721, 0.007719101849943399, -0.015293552540242672, 0.006160816177725792, 0.019541030749678612, -0.05928059667348862, 0.003925301134586334, -0.0486290268599987, 0.019251728430390358, 0.0051153842359781265, 0.03592604026198387, 0.011756178922951221, 0.0027171368710696697, 0.0062167043797671795, -0.0066177817061543465, -0.010309669189155102, -0.00394502654671669, 0.014478246681392193, -0.010526645928621292, 0.00881713442504406, -0.03458473086357117, -0.048471223562955856, -0.006811745930463076, 0.023749059066176414, -0.00018461490981280804, -0.010105842724442482, 0.009277387522161007, -0.011440576985478401, 0.00471101887524128, -0.008744808845221996, 0.00456636818125844, 0.0049904584884643555, 0.0053849611431360245, -0.01007296796888113, -0.0486290268599987, -0.007949228398501873, 0.017134565860033035, 0.01368924230337143, 0.020211685448884964, -0.0167926624417305, 0.021447794511914253, 0.015425053425133228, 0.0006123009952716529, -0.0012813117355108261, -0.0027401496190577745, 0.004267203621566296, -0.005490161944180727, 0.02098754048347473, 0.001480206847190857, 0.01336706429719925, 0.008573857136070728, 0.0011350170243531466, 0.013123787939548492, -0.01868627592921257, 0.014254695735871792, -0.028798693791031837, -0.010605545714497566, 0.012157256714999676, -0.004125840030610561, -0.00012276839697733521, -0.0005025799619033933, -0.007304873783141375, 0.011046074330806732, -0.0082056550309062, -0.009592989459633827, -0.03169171139597893, -0.005118671804666519, 0.030166301876306534, -0.011453727260231972, -0.00596685241907835, -0.014096894301474094, -0.013965393416583538, -0.021723946556448936, 0.011736453510820866, -0.01184822991490364, -0.0005942196003161371, -0.015517104417085648, 0.023315105587244034, 0.017397567629814148, -0.01721346564590931, -0.006499431096017361, -0.0021829146426171064, 0.018133971840143204, -0.012334782630205154, 0.005365236196666956, 0.17968280613422394, 0.012058630585670471, 0.02030373550951481, 0.03069230541586876, -0.0344795323908329, 0.015425053425133228, 0.01338021457195282, 0.012617509812116623, -0.01908077858388424, 0.0074495249427855015, -0.02487996779382229, 0.005569062195718288, -0.022868003696203232, 0.01683211326599121, 0.007278573699295521, -0.004247478675097227, -0.04631461203098297, -0.013419665396213531, -0.02674727886915207, 0.02118479274213314, 0.00018430670024827123, -0.011348525993525982, 0.011493177153170109, -0.011775904335081577, 0.011749603785574436, 0.0025494734290987253, 0.022920602932572365, 0.017963020130991936, 0.030455604195594788, 0.012209856882691383, -0.004388841800391674, -0.014806998893618584, -0.007738826796412468, 0.00746924988925457, -0.0158064067363739, -0.005500024184584618, 0.01908077858388424, -0.01968568190932274, 0.016937313601374626, -0.016858413815498352, -0.003882563440129161, -0.017147714272141457, 0.015885306522250175, -0.02493256703019142, 0.0038727009668946266, -0.0025823486503213644, -0.026392227038741112, 0.016661161556839943, -0.03566303849220276, 0.009882290847599506, -0.05459916591644287, -0.004885257687419653, 0.015096301212906837, 0.013459115289151669, 0.01638500951230526, 0.000466417201096192, 0.021092740818858147, 0.0005790148279629648, -0.006877496372908354, 0.007035297341644764, -0.007535000331699848, 0.023643858730793, -0.03355902433395386, 0.018738875165581703, -0.014044294133782387, 0.0009542032494209707, -0.0328226201236248, -0.0019084064988419414, -0.016503360122442245, 0.00648628082126379, -0.01472809910774231, -0.00023813988082110882, -0.03897686302661896, 0.011769329197704792, -0.0165691114962101, -0.017160864546895027, 0.011986305005848408, -0.0002035181678365916, -0.008172780275344849, 0.026221275329589844, -0.01462289784103632, -0.008850009180605412, 0.009099860675632954, 0.024432864040136337, 0.002621798776090145, -0.011999455280601978, 0.03261221945285797, -0.018791476264595985, -0.027851887047290802, -0.0033729977440088987, -0.005894526839256287, -0.009645589627325535, -0.023801660165190697, 0.00871193315833807, 0.0026924805715680122, -0.017476467415690422, 0.009283962659537792, 0.0027401496190577745, -0.016082558780908585, 0.001944569288752973, -0.022657601162791252, 0.05828119069337845, 0.01865997537970543, -0.008771108463406563, -0.02428821288049221, -0.020290585234761238, -0.005240309983491898, 0.031034208834171295, 0.028509391471743584, -0.019974984228610992, -0.013873343355953693, -0.026457978412508965, -0.01702936366200447, -0.01400484424084425, -0.008324005641043186, 0.00290452572517097, -0.009106435813009739, -0.022315699607133865, 0.007456100080162287, -0.0448681004345417, -0.01990923285484314, -0.02096123993396759, 0.01620090939104557, 0.016766361892223358, -0.018922977149486542, -0.012676685117185116, -0.018396973609924316, -0.01202575583010912, -0.00019663490820676088, -0.049891434609889984, 0.02570842206478119, -0.004444730002433062, 0.00606876565143466, -0.0033154659904539585, -0.001972513273358345, -0.016516510397195816, 0.00694982148706913, -0.029850700870156288, 0.021316293627023697, -0.0014547285391017795, -0.009849416092038155, 0.0027072743978351355, 0.01741071604192257, 0.0005925758741796017, 0.01574065536260605, 0.008679058402776718, 0.01286078616976738, -0.002166477032005787, -0.007784852292388678, 0.0015607511159032583, -0.021421493962407112, -0.005542762111872435, -0.003708324860781431, -0.03716214746236801, 0.027720386162400246, -0.01826547272503376, 0.015517104417085648, -0.04707731679081917, 0.009185336530208588, 0.024972017854452133, -0.038503456860780716, 0.023380856961011887, 0.018199721351265907, -0.019028177484869957, -0.014793849550187588, 0.009205061942338943, -0.16495470702648163, 0.015438203699886799, 0.0539153628051281, -0.02490626648068428, 0.018594224005937576, -0.01890982687473297, -0.0002802612434606999, 0.010651571676135063, -0.017700018361210823, -0.00883028469979763, 0.03150761127471924, -0.03547893837094307, 0.0029850699938833714, -0.009803391061723232, -0.014346745796501637, -0.010316244326531887, 0.0034190230071544647, 0.013531440868973732, 0.006716407369822264, 0.012696410529315472, 0.006916946265846491, -0.01421524491161108, -0.0047636195085942745, -0.014767549000680447, -0.010697596706449986, -0.024367112666368484, -0.034742534160614014, 0.002927538473159075, 0.0002860144304577261, 0.00452034268528223, 0.00440856721252203, 0.009994067251682281, 0.044762901961803436, -0.013952243141829967, -0.016253508627414703, -0.006982696708291769, -0.003016301430761814, -0.013104062527418137, -0.018094521015882492, 0.039765868335962296, 0.036031242460012436, 0.02114534191787243, 0.02345975674688816, -0.019199129194021225, -0.005960277281701565, 0.014596598222851753, 0.023985760286450386, -0.013768142089247704, 0.015582854859530926, -0.02055358700454235, 0.0031790337525308132, -0.030587105080485344, -0.002110589062795043, 0.004569655749946833, 0.01122360024601221, -0.018817776814103127, -0.017515918239951134, 0.009494363330304623, 0.01783151924610138, 0.000872015196364373, 0.03221771493554115, -0.01037541963160038, -0.001392265548929572, -0.013662941753864288, -0.002309484174475074, -0.038713861256837845, 0.0030656142625957727, 0.002863431815057993, -0.029719199985265732, 0.006233141757547855, 0.005013471003621817, -0.037661854177713394, 0.02056673727929592, -0.04689321294426918, 0.0020349761471152306, 4.846526644541882e-05, -0.02306525409221649, -0.0015812980709597468, 0.014977950602769852, 0.011585228145122528, -0.004178440663963556, 0.045551907271146774, 0.0037280500400811434, -0.02098754048347473, 0.0165691114962101, 0.006177254021167755, -0.009494363330304623, -0.00017547149036545306, -0.01183507964015007, 0.013505140319466591, 0.03298041969537735, -0.029508797451853752, -0.016871564090251923, -0.019988134503364563, 0.0034781983122229576, 0.023078404366970062, -0.005246885120868683, 0.004734031856060028, 0.018318073824048042, -0.010769922286272049, 0.022486651316285133, -0.007738826796412468, -0.054073162376880646, -0.011966580525040627, 0.01388649269938469, 0.010520070791244507, -0.03408502787351608, 0.009034110233187675, 0.011789053678512573, -0.011789053678512573, -0.004875394981354475, 0.023578107357025146, 0.04376349225640297, 0.015911607071757317, -0.008034704253077507, 0.010789647698402405, -0.02302580513060093, -0.028167488053441048, -0.015148901380598545, -0.0003760103427339345, 0.007535000331699848, 0.006982696708291769, -0.0055953627452254295, -0.009553538635373116, 0.012170406989753246, -0.017331816256046295, -0.06932726502418518, -0.03958176448941231, 0.03442693129181862, 0.023315105587244034, 0.0038595509249716997, -0.009928316809237003, -0.010750196874141693, 0.018304923549294472, -0.00264481152407825, -0.0012287113349884748, 0.018147122114896774, -0.020198535174131393, 0.015701204538345337, -0.013084338046610355, 0.029535098001360893, 0.006552031263709068, 0.0028979505877941847, -0.024012060835957527, 0.0041915904730558395, 0.0034321730490773916, 0.010638421401381493, -0.008014978840947151, -0.005539474543184042, -0.007646776270121336, -0.04415799677371979, 0.02240774966776371, -0.025379670783877373, 0.014754398725926876, 0.005329073406755924, 0.0017292365664616227, -0.019409529864788055, 0.006923521403223276, -0.01545135397464037, -0.00881713442504406, -0.02322305552661419, 0.0011900829849764705, -0.014031143859028816, -0.005960277281701565, 0.027457384392619133, -0.020803440362215042, 0.0047307442873716354, 0.02182914689183235, 0.028746092692017555, -0.01359719131141901, 0.0031297209206968546, -0.01599050685763359, -0.007798002101480961, -0.008751383982598782, -0.009757365100085735, -0.027115482836961746, 0.007811152376234531, -0.020001284778118134, 0.013386789709329605, -0.013847042806446552, -0.0029949326999485493, -0.019383229315280914, 0.0017012926982715726, 0.008350306190550327, -0.012301907874643803, 0.008856584317982197, 0.006811745930463076, 0.009027536027133465, 0.0038858510088175535, 0.04557820409536362, 0.037872254848480225, 0.013965393416583538, -0.012439983896911144, -0.023959461599588394, 0.023604407906532288, -0.032244015485048294, -0.007922927848994732, 0.01788412034511566, -0.029009094461798668, -0.0010931011056527495, -0.019054478034377098, -0.0007692801882512867, -0.011374826543033123, -0.029377296566963196, -0.019580481573939323, -0.019212279468774796, -0.038266755640506744, -0.013741842471063137, 0.026234425604343414, -0.011289350688457489, 0.008757959119975567, 0.026602627709507942, 0.02119794301688671, -0.02217104844748974, 0.019185978919267654, -0.008442356251180172, -0.00022683902352582663, 0.0011465232819318771, 0.030823806300759315, 0.012893661856651306, 0.013531440868973732, 0.007679651491343975, -0.01741071604192257, -0.005105521529912949, -0.0398973673582077, 0.017384417355060577, -0.030955307185649872, -0.0006295604980550706, -0.08058374375104904, 0.023551808670163155, -0.00316423992626369, 0.0060819159261882305, 0.006275879684835672, -0.02653687819838524, 0.009362862445414066, 0.007068172562867403, -0.0063514928333461285, 0.026694679632782936, -0.018528474494814873, 0.022065848112106323, -0.0019051190465688705, -0.013794442638754845, -0.016345560550689697, 0.011335375718772411, 0.001504041370935738, 0.028772393241524696, -0.008271405473351479, 0.0034650482703000307, -0.026431677863001823, -0.002751655876636505, 0.0022108585108071566, 0.002510023070499301, -0.007022147066891193, 0.015083150938153267, -0.002695768140256405, 0.0021599018946290016, -0.003777362871915102, 0.001151454634964466, 0.02180284634232521, -0.008468656800687313, -0.0014456878416240215, 0.011440576985478401, -0.003708324860781431, -0.03916096314787865, -0.027536284178495407, 0.025800473988056183, 0.017160864546895027, -0.012091506272554398, -0.012183556333184242, -0.01972513273358345, -0.02779928594827652, -0.011184150353074074, 0.021947497501969337, -0.009553538635373116, -0.02595827355980873, 0.03274371847510338, 0.027010280638933182, -1.4935109902580734e-05, 0.028772393241524696, 0.012223007157444954, -0.005453999154269695, -0.014872749336063862, -0.010605545714497566, -0.0076599265448749065, -0.00316423992626369, -0.03048190474510193, 0.0010914573213085532, -0.04557820409536362, 0.033743128180503845, -0.004635406192392111, 0.03029780276119709, 0.007535000331699848, 0.031218308955430984, 0.0011818641796708107, -0.022868003696203232, 0.02368330955505371, 0.008547557517886162, -0.0004413498390931636, -0.02637907676398754, -0.03608384355902672, -0.005486874375492334, 0.037845954298973083, -0.0030376703944057226, 0.011105249635875225, 0.0027598747983574867, 0.031218308955430984, -0.02117164246737957, 0.01433359645307064, 0.035163335502147675, 0.0006377793033607304, -0.02031688578426838, 0.030166301876306534, 0.017358116805553436, -0.02264445275068283, -0.025576921179890633, 0.009514088742434978, 0.003964751493185759, 0.014596598222851753, -0.02030373550951481, 0.029719199985265732, -0.0021418207325041294, 0.0095601137727499, 0.028325289487838745, 0.02716808207333088, 0.007620476186275482, -0.023170456290245056, -0.001341309049166739, -0.011960005387663841, 0.005128534510731697, -0.01746331714093685, -0.015819557011127472, -0.016542810946702957, -0.02118479274213314, 0.010395145043730736, -0.013833892531692982, 0.006325192283838987, -0.03111310862004757, 0.0028141189832240343, 0.028509391471743584, 0.0038727009668946266, 0.03008740209043026, 0.007692801766097546, -0.002263458911329508, -0.017305515706539154, -0.018817776814103127, 0.0058222017250955105, -0.023183604702353477, 0.03150761127471924, -0.009283962659537792, -0.004319803789258003, 0.011420851573348045, 0.004954295698553324, 0.016674311831593513, 0.012689835391938686, 0.006877496372908354, -0.013143513351678848, -0.007535000331699848, -0.042027682065963745, 0.01805507205426693, -0.006930096540600061, -0.02140834368765354, -0.031034208834171295, -0.019448980689048767, -0.026024024933576584, -0.017765769734978676, 0.019633080810308456, 0.00270069926045835, 0.08021553605794907, 0.03987106680870056, -0.03111310862004757, 0.009389162994921207, -0.004477605223655701, 0.010848823003470898, 0.0009468063362874091, -0.011900830082595348, -0.009237936697900295, -0.02175024524331093, 0.017910420894622803, 0.012499159201979637, -0.013518290594220161, -0.03182321414351463, -0.007587600965052843, -0.021842297166585922, -0.020080184563994408, 0.011828504502773285, 0.0119337048381567, -0.0030130138620734215, 0.01718716509640217, 0.0019232004415243864, 0.02903539501130581, 0.0076270513236522675, -0.019856633618474007, -0.008554132655262947, 0.04313229024410248, 0.007778277155011892, -0.02465641498565674, -0.007922927848994732, -0.015083150938153267, 0.02347290702164173, -0.03232291713356972, -0.022894304245710373, 0.023643858730793, 0.015937907621264458, 0.015898456797003746, 0.0072719985619187355, 0.021960647776722908, -0.01746331714093685, 0.014267846010625362, 0.026655228808522224, -0.0024492039810866117, -0.028903894126415253, -0.04150167852640152, 0.012683260254561901, -0.04342159256339073, -0.009685039520263672, -0.016937313601374626], 'ai_metadata': {'tags': ['construction', 'document'], 'document_type': 'unknown', 'topics': ['fire_safety_test.txt'], 'supplier_mentions': [], 'categories': ['general'], 'summary': '```json\n{\n  "tags": [\n    "AS 1851",\n    "AS 2118",\n    "NCC Volume One"\n  ],\n  "document_type": "specification",\n  "topics": [\n    "Fire safety",\n    "High-rise buildings",\n    "Fire protection syste'}, 'tags': ['["fire safety"', ' "test"]'], 'knowledge_bank_type': 'personal', 'upload_timestamp': '2025-08-12T08:44:24.276000', 'status': 'active', 'view_count': 0, 'reference_count': 13, 'storage_path': 'personal_knowledge_bank/demo_user_auto_token/af288c46-fdc3-47c4-bf23-ba634f3df438/fire_safety_test.txt', 'file_data': 'CiAgICAgICAgRmlyZSBTYWZldHkgUmVxdWlyZW1lbnRzIGZvciBIaWdoLVJpc2UgQnVpbGRpbmdzIGluIEF1c3RyYWxpYQogICAgICAgIAogICAgICAgIEtleSBTdGFuZGFyZHM6CiAgICAgICAgLSBBUyAxODUxOiBNYWludGVuYW5jZSBvZiBmaXJlIHByb3RlY3Rpb24gc3lzdGVtcwogICAgICAgIC0gQVMgMjExODogQXV0b21hdGljIGZpcmUgc3ByaW5rbGVyIHN5c3RlbXMKICAgICAgICAtIE5DQyBWb2x1bWUgT25lOiBGaXJlIHNhZmV0eSBwcm92aXNpb25zCiAgICAgICAg'}, 'similarity_score': 0.8292693849446318, 'source': 'Personal Knowledge Bank', 'privacy': 'Private to your account'}, {'type': 'personal_document', 'document': {'_id': '689aef5aaa7af9acc74f4a41', 'document_id': 'b7c66531-02e2-448c-b9d7-ccef4e4cf3da', 'user_id': 'demo_user_auto_token', 'filename': 'AS_NZS_1170_1_Summary.txt', 'original_size': 540, 'content_type': 'text/plain', 'file_hash': '285c16ed6b4d2553d78d0de099f846346e10f7caa322ef04db5b327a48f5ed61', 'extracted_text': '\n        AS/NZS 1170.1:2002 Structural Design Actions\n        \n        This standard specifies minimum design loads for buildings and structures.\n        \n        Key Requirements:\n        - Dead loads: Self-weight of structure and permanent fixtures\n        - Live loads: Occupancy and use loads\n        - Wind loads: As per AS/NZS 1170.2\n        - Earthquake loads: As per AS/NZS 1170.4\n        \n        For office buildings:\n        - General areas: 3.0 kPa\n        - Corridors and stairs: 4.0 kPa\n        - Plant rooms: 7.5 kPa\n        ', 'embedding': [-0.0009479006985202432, 0.020677663385868073, 0.004457836505025625, -0.008183164522051811, 0.021403195336461067, -0.00559496833011508, -0.028267845511436462, -0.0394577831029892, 0.0023457708302885294, -0.024737853556871414, -0.012054994702339172, 0.004014843143522739, 0.013840919360518456, 0.011113197542726994, -0.0010159192606806755, 0.012578214518725872, 0.006365846376866102, 0.0034567418042570353, 0.012543333694338799, -0.009536560624837875, 0.00027796076028607786, 0.034797634929418564, -0.024737853556871414, -0.001451064134016633, -0.0010804497869685292, 0.006083307322114706, 0.022449636831879616, -0.02480761520564556, 0.019142884761095047, -0.02955147996544838, 0.013582797721028328, -0.04252734035253525, 1.8585218640509993e-05, -0.0027748113498091698, -0.0048729246482253075, -0.014343210496008396, -0.026537731289863586, 0.01027604565024376, 0.015431509353220463, 0.009773754514753819, -0.0009705735719762743, -0.007806445937603712, 0.004000891000032425, -0.018780117854475975, 0.0113992253318429, -0.004785721190273762, 0.0360533632338047, 0.0028550385031849146, -0.0033259366173297167, -0.008692432194948196, 0.0009234837489202619, 0.013003767468035221, -0.016784904524683952, 0.013708370737731457, 0.007091378327459097, -0.02422160841524601, -0.0018678962951526046, -0.011238770559430122, 0.012682858854532242, -0.043364495038986206, -0.027221405878663063, -0.011775943450629711, -0.042806390672922134, 0.01970098540186882, -0.0009313320042565465, -0.021905487403273582, -0.008043639361858368, 0.0032369892578572035, -0.014524593949317932, -0.010359760373830795, 0.03119787946343422, 0.032955899834632874, 0.00595075823366642, 0.014608309604227543, 0.01519431546330452, -0.031142069026827812, 0.03203503042459488, -0.01508269552141428, -0.017524389550089836, 0.006404215935617685, 0.021431101486086845, -0.01805458590388298, -0.00496710417792201, 0.03859272599220276, 0.006868137512356043, -0.006069354712963104, 0.002666679210960865, 0.017691820859909058, -0.0014100786065682769, 0.015529177151620388, -0.016045421361923218, 0.023523982614278793, 0.008022710680961609, 0.008434310555458069, -0.013338628225028515, -0.004279941786080599, 0.0024120453745126724, 0.01363860722631216, 0.005256619304418564, -0.01538965106010437, -0.001465016626752913, -0.025937771424651146, -0.025993581861257553, 0.004492717795073986, -0.0010813218541443348, -0.00667280238121748, 0.0188777856528759, -0.006125165149569511, 0.010687645524740219, 0.014252519235014915, -0.04448069632053375, 0.016143089160323143, 0.010136520490050316, -0.01597565785050392, 0.03136530891060829, 0.0010185354622080922, 0.017566246911883354, 0.0015775089850649238, -0.023677460849285126, -0.0012234633322805166, 0.01395254023373127, 0.007806445937603712, 0.038871776312589645, 0.010534167289733887, 0.003533480688929558, 0.0020579996053129435, -0.035578977316617966, -0.006997198797762394, -0.0096342284232378, -0.013380485586822033, -0.004900829400867224, 0.025323860347270966, 0.02254730463027954, -0.0034218602813780308, -0.022477541118860245, 0.028965473175048828, 0.00030019760015420616, 0.03468601405620575, -0.04222038388252258, -0.02871432714164257, -0.0029788671527057886, 0.025714531540870667, -0.05237783491611481, -0.01868245005607605, 0.02628658525645733, -0.007652968168258667, 0.0037811382208019495, 0.008155259303748608, -0.009920256212353706, -0.017901107668876648, -0.0009635972674004734, -0.0004905189853161573, 0.009690038859844208, 0.017915060743689537, -0.012180566787719727, -0.002260311506688595, -0.0007887544925324619, -7.657545938855037e-05, -0.020607901737093925, -0.03789509832859039, -0.007318106945604086, 0.018835928291082382, -0.009480751119554043, -0.010185354389250278, -0.002527153817936778, 0.0020667200442403555, 0.006972781848162413, -0.017705772072076797, -0.022058965638279915, -0.013003767468035221, 0.004241572227329016, 0.02027304098010063, -0.021403195336461067, 0.008099449798464775, 0.03033282235264778, 0.026956306770443916, 0.030081676319241524, -0.009034269489347935, 0.02131948061287403, -0.003976474050432444, -0.015208268538117409, 0.009662133641541004, 0.02748650312423706, 0.03502087667584419, -0.02399836853146553, -0.01640818640589714, 0.022937975823879242, -0.0040322840213775635, 0.017482532188296318, -0.008971483446657658, 0.0007992188911885023, -0.0034497654996812344, -0.019533555954694748, 0.006808839272707701, -0.594713032245636, -0.03421162813901901, -0.012466594576835632, -0.01261309627443552, -0.019547509029507637, 0.01685466803610325, 0.03387676551938057, 0.019142884761095047, -0.01932426728308201, -0.005092677194625139, -0.006620480213314295, 0.022086869925260544, -0.01262007188051939, -0.0018155742436647415, -0.008183164522051811, -0.014280424453318119, -0.0072343917563557625, 0.006732100620865822, 0.03303961455821991, 0.006854185368865728, -0.012159638106822968, 0.040322840213775635, -0.028993377462029457, -0.017175575718283653, 0.021654341369867325, -0.012166614644229412, -0.0072134630754590034, -0.04785721004009247, 0.014301353134214878, 0.020886952057480812, -0.031700171530246735, 0.03716956451535225, 0.006226320751011372, 0.028574801981449127, 0.026398206129670143, -0.011392248794436455, -0.019770748913288116, 0.021068334579467773, 0.03649984300136566, 0.03206293657422066, -0.01766391471028328, 0.0005458930972963572, 0.005015938077121973, -0.021863630041480064, 0.011350391432642937, -0.00839942879974842, 0.020203277468681335, -0.009829564020037651, 0.0327884666621685, -0.03303961455821991, 0.012250330299139023, -0.007108819205313921, -0.009069151245057583, 0.019966084510087967, 0.03956940397620201, -0.01158060785382986, 0.034797634929418564, 0.005751934368163347, 0.0033677942119538784, -0.00431482307612896, 0.022631019353866577, 0.007694825530052185, 0.014112994074821472, -0.04509460926055908, -0.01118296105414629, -0.008999387733638287, -0.004077629651874304, 0.029914245009422302, -0.021068334579467773, -0.01891964301466942, 0.008071544580161572, 0.013561869040131569, -0.0050787245854735374, 0.004070653580129147, 0.01826387457549572, 0.033960480242967606, 0.007820398546755314, -0.002874223282560706, -0.012780526652932167, 0.022114776074886322, -0.005797280464321375, 0.00197428441606462, 0.004436907824128866, -0.00697975791990757, 0.003209084039554, -0.010338831692934036, -0.017817392945289612, 0.001226951484568417, 0.02994215115904808, 0.0041648331098258495, 0.016310518607497215, 0.0014798413030803204, 0.03019329532980919, -0.019533555954694748, -0.007750635966658592, 0.01519431546330452, 0.004674100782722235, -0.023119358345866203, 0.018612688407301903, -0.001226951484568417, -0.007680872920900583, -0.007091378327459097, -0.015375698916614056, -0.018403399735689163, 0.013980444520711899, 0.0074785612523555756, -0.022603115066885948, 0.02628658525645733, 0.034574393182992935, -0.00984351709485054, 0.011057388037443161, -0.016115183010697365, -0.047717686742544174, -0.012361950241029263, 0.0011737573659047484, -0.038090433925390244, 0.011350391432642937, -0.005786815658211708, 0.00667280238121748, -0.019533555954694748, 0.004325287416577339, -0.0021835723891854286, 0.03474182263016701, 0.00031044401112012565, -0.017887156456708908, 0.03876015543937683, 0.01034580823034048, -0.012138709425926208, 0.010555095970630646, -0.023021690547466278, -0.007771564647555351, 0.0027782993856817484, 0.02609124965965748, -0.016547711566090584, 0.010959720239043236, 0.014524593949317932, 0.007073937449604273, -0.012466594576835632, 0.03532782942056656, -0.025323860347270966, -0.040518175810575485, -0.024500660598278046, 0.014315306209027767, -0.021849676966667175, -0.036025457084178925, -0.022519398480653763, -0.028491085395216942, 0.010024899616837502, -0.004813626408576965, 0.008748242631554604, -0.016938382759690285, -0.013324675150215626, -0.029467763379216194, 0.0015557082369923592, -0.020175373181700706, 5.474055342347128e-06, -0.003188155358657241, -0.013771156780421734, 0.010338831692934036, 0.0264540147036314, 0.0004216282977722585, -0.013017719611525536, -0.049977999180555344, -0.0006889066426083446, -0.0029265452176332474, 0.009145889431238174, 0.005908900406211615, 0.00032941074459813535, 0.004618290811777115, -0.05156858637928963, -0.005703100468963385, 0.0037741619162261486, -0.01170618087053299, 0.0041473922319710255, -0.003142809495329857, -0.008462215773761272, -0.024584375321865082, 0.006369334179908037, 0.016980240121483803, -0.008406405337154865, 0.01252938061952591, -0.009090079925954342, -0.02648192085325718, 0.009501679800450802, 0.01826387457549572, 0.044201646000146866, 0.02074742689728737, -0.009111008606851101, -0.012571237981319427, 0.022003155201673508, -0.012522404082119465, 0.023900700733065605, 0.005601944867521524, 0.013010743074119091, 0.013533963821828365, 0.01844525709748268, 0.012801455333828926, -0.007150676567107439, 0.014008349739015102, 0.0054380022920668125, 0.017091860994696617, -0.017301149666309357, 0.0034410450607538223, -0.012103828601539135, 0.02955147996544838, -0.0025149453431367874, 0.015961704775691032, -0.008859862573444843, 0.04741073027253151, 0.005633337888866663, 0.002009165706112981, 0.0015940776793286204, -0.017803439870476723, 0.019812606275081635, -0.0014676328282803297, 0.03340237960219383, 0.005703100468963385, 0.014608309604227543, -0.022658925503492355, -0.006254225969314575, 0.012361950241029263, 0.001049056532792747, 0.03535573557019234, 0.024291371926665306, -0.01597565785050392, 0.008078520186245441, 0.02441694401204586, 0.029718909412622452, -0.028798041865229607, 0.0010542888194322586, -0.0219473447650671, -0.031728073954582214, 0.0019045217195525765, -8.300671470351517e-05, 0.0018609199905768037, 0.003917175345122814, 0.019770748913288116, -0.016157040372490883, 0.014803644269704819, -0.008448262698948383, 0.02663539908826351, -0.0180964432656765, 0.0055845039896667, -0.005608920939266682, 0.035774312913417816, -0.013415367342531681, 0.03351400047540665, 0.015919847413897514, 0.006264690309762955, 0.001535651390440762, 0.013199103064835072, -0.011441082693636417, -0.018528973683714867, 0.015947753563523293, 0.00299805193208158, -0.0023248419165611267, 0.0037950908299535513, 0.00962725281715393, 0.002907360438257456, 0.007862255908548832, 0.024277418851852417, -0.007070449646562338, 0.028993377462029457, 0.009703991003334522, 0.009941184893250465, -0.009717944078147411, -0.024179751053452492, -0.00945982150733471, 0.011434106156229973, -0.010087686590850353, 0.013408390805125237, 0.010373713448643684, 0.014496688731014729, -0.01910102739930153, 0.006766981910914183, 0.008727313950657845, 0.01558498665690422, 0.02751440927386284, 0.022017108276486397, 0.008971483446657658, 0.007743659429252148, -0.009117985144257545, 0.006341429427266121, 0.029467763379216194, -0.012947957031428814, 0.01365256030112505, 0.015417556278407574, -0.004224131349474192, -0.023454219102859497, 0.05123372748494148, -0.005235690623521805, -0.003976474050432444, -0.02526804991066456, -0.009996994398534298, 0.004367144778370857, -0.010192329995334148, 0.011196913197636604, -0.0264540147036314, -0.02281240187585354, -0.006125165149569511, 0.0031968755647540092, -0.036611463874578476, 0.013401414267718792, -0.028449228033423424, 0.026105202734470367, 0.025672672316432, -0.004545039962977171, -0.008908696472644806, -0.00017135462258011103, -0.011134127154946327, 0.0004652299976442009, 0.023761175572872162, -0.01723138615489006, 0.032927993685007095, -0.006836744491010904, -0.00754134776070714, 0.0004796185530722141, -0.037030041217803955, 0.054080042988061905, -0.014426926150918007, -0.012215448543429375, -0.010520215146243572, -0.010178377851843834, -0.0005546134780161083, 0.0227984506636858, 0.02811436727643013, 0.009550513699650764, 0.021696198731660843, 0.015152458101511002, -0.0011048667365685105, -0.017524389550089836, 0.0023544910363852978, 0.007520419079810381, -1.0260021554131526e-05, 0.0068437205627560616, -0.002858526539057493, -0.01643609255552292, -0.01905917003750801, 0.006829768419265747, -0.0021103215403854847, 0.019170789048075676, -0.03309542313218117, 0.01405020710080862, -0.0036485891323536634, -0.00042250033584423363, 0.0019864928908646107, 0.041355326771736145, 0.055084627121686935, 0.017315102741122246, -0.012445665895938873, -0.01075740810483694, 0.0020527674350887537, 0.0017929013120010495, 0.004757815971970558, 0.019045216962695122, 0.0242355614900589, 0.0070495205000042915, 0.016143089160323143, -0.019128931686282158, 0.015417556278407574, 0.019407982006669044, 0.005608920939266682, 0.003373026382178068, -0.0056612431071698666, 0.020649759098887444, 0.01970098540186882, 0.0048729246482253075, -0.014929217286407948, 0.03290008753538132, -0.024096036329865456, 0.010178377851843834, 0.03934616222977638, -0.01823597028851509, 0.0013542684027925134, 0.028170177713036537, -0.02007770538330078, -0.01700814627110958, -0.004876412451267242, 0.012641001492738724, -0.01661747507750988, -0.008748242631554604, -0.0012993302661925554, 0.006442585028707981, -0.04774559289216995, 0.0025812198873609304, -0.03309542313218117, 0.02378907985985279, -0.0023754199501127005, -0.013666512444615364, -0.015612891875207424, -0.046489860862493515, 0.03610917180776596, -0.05625664070248604, -0.0065751345828175545, 0.005713564809411764, -0.01516641117632389, -0.02362165041267872, 0.023468172177672386, 0.01826387457549572, -0.016240756958723068, 0.01721743494272232, 0.01302469614893198, -0.01445483136922121, 0.02832365594804287, -0.02172410488128662, -0.014001374132931232, -0.030611872673034668, -0.016477949917316437, -0.0016219827812165022, 0.03954149782657623, -0.003284079022705555, 0.01808249205350876, -0.005877507384866476, 0.00024286139523610473, -0.007471585180610418, -0.0015478598652407527, -0.0031846670899540186, -0.0038264840841293335, 0.015529177151620388, 0.005448466632515192, 0.012668905779719353, 0.029384048655629158, -0.0048031616024672985, -0.007164629176259041, -0.005793792195618153, -0.014057183638215065, -0.014399020932614803, -0.004234595689922571, 0.0032352451235055923, -0.0030224688816815615, 0.0011554446537047625, 0.02236592210829258, -0.014608309604227543, 0.0003980833862442523, 0.00729020219296217, -0.004290406126528978, 0.020049799233675003, 0.006498395465314388, -0.013171197846531868, 0.04347611218690872, 0.028421323746442795, 0.0018731284653767943, 0.005783327855169773, 0.0038404364604502916, 0.003763697575777769, -0.03181179240345955, -0.0014423438115045428, -0.0005977791151963174, -0.006205392070114613, 0.023314693942666054, -0.019742844626307487, -0.025128524750471115, -0.00954353716224432, 0.005441490560770035, -0.01352698728442192, 0.013896729797124863, 0.019840512424707413, -0.015557081438601017, 0.005064771976321936, -0.018738260492682457, -0.0035927789285779, -0.004088093992322683, 0.003217804478481412, -0.00995513703674078, -0.028965473175048828, 0.014678072184324265, -0.021026477217674255, 0.002858526539057493, -0.014929217286407948, -0.029384048655629158, -0.009697015397250652, 0.008594764396548271, -0.02791903167963028, 0.028770137578248978, -0.015501271933317184, 0.012787502259016037, 0.024068132042884827, 0.0006727740401402116, -0.02708187885582447, -0.029495669528841972, -0.003638124791905284, 0.008922649547457695, 0.01582217961549759, -0.006826280150562525, 0.03471392020583153, -0.00038173276698216796, 0.013317699544131756, 0.0024800640530884266, -0.0049880328588187695, -0.015738464891910553, 0.0022620554082095623, -0.019184742122888565, -0.03468601405620575, 0.005863554775714874, 0.03792300447821617, -0.004063677042722702, -0.02074742689728737, -0.030221201479434967, 0.026830734685063362, 0.029663098976016045, -0.016547711566090584, -0.005420561879873276, -0.013261889107525349, -0.012801455333828926, 0.020970666781067848, 0.011559679172933102, -0.021793866530060768, 0.013917658478021622, -0.02134738676249981, 0.008734289556741714, 0.012431712821125984, -0.01787320338189602, -0.03585802763700485, 0.0036137078423053026, 0.0184871144592762, -0.025965675711631775, 0.02218453772366047, 0.0050996532663702965, 0.026593541726469994, -0.0034113959409296513, -0.007339036092162132, -0.03507668524980545, -0.010485333390533924, -0.014496688731014729, 0.004831066820770502, 0.04244362562894821, 0.008678480051457882, -0.006665825843811035, -0.028072509914636612, -0.0038613653741776943, -0.007611110340803862, -0.021459005773067474, -0.0016097743064165115, -0.02175200916826725, 0.013157244771718979, -0.021584579721093178, 0.005999592132866383, -0.00295270630158484, 0.015571034513413906, 0.011350391432642937, 0.024723900482058525, 0.038453198969364166, -0.011071340180933475, 0.012299164198338985, 0.017538342624902725, -0.011957326903939247, 0.012382878921926022, 0.005431026220321655, 0.01967308111488819, 0.001446703914552927, -0.007032080087810755, -0.015012932941317558, -0.00891567301005125, -0.006240273360162973, -0.004046236630529165, 0.02910499833524227, 0.014092065393924713, -0.02505876123905182, -0.0037218399811536074, -0.01017140131443739, 0.00800178200006485, 0.009264486841857433, 0.0016359352739527822, 0.0479409284889698, 0.007834350690245628, 0.02094276249408722, 0.0010106870904564857, 0.0019045217195525765, -0.019659128040075302, 0.0006631816504523158, 0.000898194732144475, -0.030863018706440926, 0.011524797417223454, 0.0019707961473613977, -0.019198695197701454, -0.012710764072835445, -0.005490324459969997, 0.010889957658946514, 0.023510029539465904, -0.011538750492036343, 0.031281594187021255, -0.00019642559345811605, 0.030277011916041374, 0.011092268861830235, 0.013450248166918755, 0.011057388037443161, -0.01405020710080862, -0.013185149990022182, 0.0016123903915286064, 0.016659332439303398, -0.026830734685063362, -0.015012932941317558, -0.00850407313555479, 0.02420765720307827, -0.04289010912179947, -0.01621285080909729, 0.02236592210829258, -0.017552295699715614, 0.025142475962638855, -0.0013725811149924994, -0.01003885269165039, 0.014747834764420986, -0.022700782865285873, -0.017691820859909058, -0.005657754838466644, 0.011775943450629711, -0.02731907367706299, -0.011887564323842525, -0.008036662824451923, -0.0051275584846735, 0.0030573501717299223, -0.008427334018051624, -0.011587584391236305, -0.015682654455304146, -0.01343629602342844, 0.0036206841468811035, -0.05491719767451286, 0.016310518607497215, 0.0024434386286884546, -0.004063677042722702, -0.008406405337154865, 0.019993988797068596, -0.011057388037443161, 0.014859454706311226, -0.011203889735043049, 0.01829177886247635, -0.02422160841524601, -0.0014440878294408321, -0.026384253054857254, -0.026384253054857254, 0.011545727029442787, 0.0036730060819536448, -0.027807412669062614, -0.039290353655815125, 0.007918066345155239, 0.029886340722441673, -0.021277623251080513, 0.023719318211078644, 0.017329053953289986, 0.019449841231107712, 0.010317903012037277, -0.00356487394310534, -0.000530196528416127, 0.0160035640001297, 0.0036346365232020617, 0.0006775702349841595, 0.038257863372564316, -0.024179751053452492, 0.018780117854475975, 0.0184871144592762, -0.018542924895882607, -0.010080710053443909, -0.02772369608283043, -0.010199306532740593, 0.03245360776782036, 0.022658925503492355, -0.0027939961291849613, -0.0180964432656765, -0.01929636299610138, -0.019156837835907936, -0.008622669614851475, 0.013247936964035034, 0.015054790303111076, -0.021877583116292953, 0.01808249205350876, 0.012801455333828926, 0.00789713766425848, 0.008692432194948196, -0.013806038536131382, -0.03421162813901901, 0.021584579721093178, -0.0017353470902889967, -0.02461227960884571, -0.013261889107525349, 0.007464608643203974, 0.026719113811850548, 0.022882165387272835, -0.019352173432707787, 0.0018644081428647041, 0.008685455657541752, -0.05257317051291466, 0.018808024004101753, -0.044648125767707825, 0.02464018575847149, 0.026300538331270218, 0.02663539908826351, -0.014831549488008022, 0.02236592210829258, -0.02173805609345436, 0.014245542697608471, -0.038257863372564316, -0.026174964383244514, -0.0062995715998113155, -0.01578032225370407, 0.021012524142861366, 0.0013900217600166798, -0.008804052136838436, 0.006114700343459845, 0.020412566140294075, 0.005214761942625046, 0.006976270116865635, 0.0005450210883282125, 0.01763601042330265, -0.011943373829126358, 0.0018835929222404957, 0.004674100782722235, 0.0025062249042093754, 0.004691541660577059, -0.0022794962860643864, -0.05843323841691017, -0.011699204333126545, -0.0012191031128168106, 0.03320704400539398, 0.03236989304423332, -0.002009165706112981, 0.03345819190144539, -0.010820194147527218, 0.0009287159191444516, 0.00995513703674078, -0.010269069112837315, -0.00430435873568058, -0.004178785718977451, 0.05647988244891167, 0.011692228727042675, -0.006547229364514351, 0.03672308474779129, 0.018333638086915016, 0.011099245399236679, -0.007729706820100546, 0.009473774582147598, -0.03390467166900635, 0.003006772371008992, 0.010241163894534111, -0.00913193728774786, 0.02073347382247448, -0.0007996549247764051, -0.001587973441928625, -0.0014824573881924152, -0.01618494652211666, -0.004339240025728941, -0.017343007028102875, 0.007938995026051998, 0.020872998982667923, -0.0009697015048004687, -0.026802828535437584, -0.012145685963332653, -0.014803644269704819, -0.011427129618823528, 0.006013544742017984, -0.02748650312423706, -0.015501271933317184, -0.013380485586822033, -0.01519431546330452, 0.028379466384649277, -0.037671856582164764, -0.011322486214339733, 0.02628658525645733, -0.013296770863234997, -0.01099460106343031, 0.020984619855880737, 0.1840618997812271, 0.014426926150918007, 0.0036102195736020803, 0.03340237960219383, -0.012354973703622818, -0.0036764941178262234, 0.005835649557411671, 0.012389855459332466, -0.027221405878663063, 0.024361133575439453, 0.002858526539057493, -0.014217638410627842, -0.020635806024074554, 0.01261309627443552, 0.011678275652229786, 0.0027887639589607716, -0.03203503042459488, -0.014510641805827618, -0.028435276821255684, 0.042387817054986954, -0.004321799147874117, -0.015124552883207798, 0.011482940055429935, -0.00621236814185977, 0.028574801981449127, 0.016491901129484177, 0.006219344679266214, 0.017119767144322395, 0.007220439147204161, 0.013415367342531681, 0.008211069740355015, -0.008741266094148159, -0.007666920777410269, -0.007014639209955931, -0.0068018632009625435, -0.013387462124228477, 0.03672308474779129, -0.02235196903347969, 0.01764996349811554, 0.014092065393924713, 0.004436907824128866, -0.019045216962695122, -0.00356487394310534, -0.026593541726469994, -0.010834147222340107, -0.008301761001348495, -0.020482327789068222, 0.024277418851852417, -0.025519195944070816, 0.013673488982021809, -0.032286178320646286, 0.008566859178245068, 0.01808249205350876, 0.015180363319814205, -0.005336846690624952, -0.0032980316318571568, -0.008685455657541752, -0.010855075903236866, 0.01280843187123537, 0.019575413316488266, -0.011482940055429935, 0.01374325156211853, -0.02833760902285576, 0.019952131435275078, -0.018556877970695496, -0.029300333932042122, -0.014552499167621136, 0.01911497861146927, -0.006282131187617779, -0.015501271933317184, -0.02198920212686062, -0.009111008606851101, -0.03016539104282856, -0.0037009110674262047, -0.012089875526726246, -0.014119970612227917, 0.0291329026222229, -0.0032143164426088333, -0.006658849772065878, 0.01951960287988186, -0.007625062949955463, -0.01262007188051939, 0.01847316324710846, 0.020845094695687294, -0.016910478472709656, -0.007945971563458443, 0.008385476656258106, 0.002038814825937152, -0.011741062626242638, -0.026830734685063362, -0.0021329945884644985, -0.022882165387272835, 0.004433419555425644, 0.013568844646215439, 0.012501475401222706, 0.00913193728774786, 0.0030207247473299503, 0.017524389550089836, -0.013373509049415588, -0.008531978353857994, -0.02687259204685688, 0.06903716921806335, 0.008845910429954529, 0.008671503514051437, 0.007450656034052372, -0.01643609255552292, 0.013233983889222145, 0.01947774551808834, 0.010101638734340668, -0.013596749864518642, -0.006812327541410923, -0.033374473452568054, -0.025770340114831924, 0.001848711515776813, -0.010617882944643497, 0.013066553510725498, 0.0010333600221201777, 0.006160046439617872, 0.019449841231107712, -0.050759341567754745, -0.005281036254018545, -0.0007216079393401742, 0.002042303094640374, 0.001885336940176785, 0.0016237267991527915, -0.01890569180250168, -0.05176392197608948, 0.0043706330470740795, 0.0032736146822571754, -0.05067562311887741, 0.024319276213645935, 0.02239382639527321, -0.004733399022370577, -0.010673693381249905, -0.017984824255108833, -0.009173794649541378, -0.006205392070114613, -0.025519195944070816, 0.010638811625540257, 0.0011598048731684685, -0.0017405793769285083, -0.01137829665094614, 0.029607288539409637, -0.0010691133793443441, 0.011448059231042862, 0.008183164522051811, 0.003871829714626074, -0.00011069378524553031, -0.019198695197701454, -0.005713564809411764, -0.02237987332046032, -0.02505876123905182, -0.007687849458307028, -0.010387665592133999, 0.013178173452615738, -0.028686420992016792, -0.0033346570562571287, -0.04118789732456207, 0.025128524750471115, 0.007059985306113958, -0.035606879740953445, 0.008301761001348495, 0.009710967540740967, -0.01027604565024376, -0.02193339169025421, 0.005856578703969717, -0.17725306749343872, 0.02584010362625122, 0.0509546734392643, -0.019226599484682083, 0.029188713058829308, -0.007422751281410456, -0.011057388037443161, 0.0047613042406737804, -0.017817392945289612, -0.003850901033729315, 0.020970666781067848, -0.013582797721028328, 0.0032648942433297634, -0.0051170941442251205, -0.0037881145253777504, -0.024542517960071564, 0.011748038232326508, 0.019128931686282158, 0.017691820859909058, 0.019784701988101006, -0.005574039649218321, 0.0013211311306804419, -0.009676086716353893, -0.019003359600901604, -0.009173794649541378, 0.01220847200602293, -0.015682654455304146, 0.018808024004101753, 0.018612688407301903, -0.01538965106010437, -0.028993377462029457, 0.022951927036046982, 0.04202504828572273, 0.005633337888866663, -0.01685466803610325, -0.017384864389896393, -0.007318106945604086, -0.0040322840213775635, -0.02851899154484272, 0.03142112120985985, 0.010896933265030384, 0.013610702939331532, -0.020607901737093925, -0.03669517859816551, 0.018556877970695496, 0.03730909153819084, 0.02977471984922886, -0.026523778215050697, 0.005340334493666887, -0.002392860595136881, 0.007063473109155893, -0.04291801154613495, 0.008518025279045105, 0.014482736587524414, 0.0017562758876010776, -0.0021277624182403088, -0.029272427782416344, 0.02172410488128662, -0.010464404709637165, -0.021779915317893028, 0.009697015397250652, -0.005901924334466457, 0.016505854204297066, -0.020803237333893776, -0.00651234807446599, -0.024668090045452118, -0.018124349415302277, 0.03870434686541557, -0.004831066820770502, 0.010178377851843834, -0.0029125926084816456, -0.032955899834632874, 0.014510641805827618, -0.03842529281973839, 0.026426110416650772, 0.008315714076161385, -0.007604134269058704, 0.014189733192324638, 0.031923409551382065, -0.004245060030370951, -0.014482736587524414, 0.03652774915099144, 0.0008681095787324011, 0.008762194775044918, -0.0034480213653296232, -0.00374276889488101, -0.01843130588531494, 0.02337050437927246, -0.001469376846216619, 0.011775943450629711, 0.01784529909491539, -0.022003155201673508, -0.014057183638215065, -0.032481513917446136, 0.008476167917251587, 0.012759597972035408, 0.004858972039073706, 0.008134330622851849, -0.04230410233139992, 0.004740375559777021, 0.01313631609082222, -0.020510233938694, -0.04967104271054268, 0.0006418168195523322, 0.01844525709748268, 0.014147874899208546, -0.02667725645005703, 0.033932577818632126, 0.023063547909259796, -0.010959720239043236, -0.00687860231846571, 0.0010412082774564624, 0.03181179240345955, 0.03513249382376671, 0.010387665592133999, 0.039095018059015274, -0.0012330557219684124, -0.01241776067763567, -0.02215663343667984, -0.010701597668230534, 0.025337811559438705, 0.015836132690310478, -0.012264282442629337, -0.011350391432642937, -0.005444978829473257, -0.030025865882635117, -0.09409593045711517, -0.0352720208466053, 0.027165595442056656, 0.021793866530060768, 0.010596954263746738, -0.0033311687875539064, -0.005047331098467112, 0.012334045022726059, -0.006812327541410923, 0.011210865341126919, -0.011015529744327068, -0.03036072663962841, 0.0021190419793128967, -0.015068743377923965, 0.026830734685063362, 0.0059786634519696236, -0.01598961092531681, -0.01580822840332985, -0.02073347382247448, 0.025575004518032074, -0.00338174682110548, -0.014859454706311226, -0.0017676124116405845, -0.010694622062146664, -0.03343028575181961, 0.008657551370561123, -0.03225827217102051, 0.01910102739930153, 0.008692432194948196, 0.01138527225703001, 0.027012117207050323, -0.0071855578571558, -0.022924022749066353, -0.00934820156544447, -0.03666727617383003, -0.025086667388677597, -0.005682171788066626, -0.020579995587468147, 0.014287400990724564, 0.0031968755647540092, -0.007164629176259041, 0.021431101486086845, 0.001336827757768333, -0.01829177886247635, -0.010415570810437202, -0.027765553444623947, -0.0017745885998010635, 0.0209009051322937, -0.007548323832452297, -0.01950564980506897, -0.005134534556418657, -0.006205392070114613, 0.0007159396773204207, -0.013422342948615551, 0.025491289794445038, -0.006135629490017891, 0.01311538740992546, 0.004457836505025625, 0.015054790303111076, 0.003247453598305583, 0.007136723957955837, 0.024109989404678345, 0.0048729246482253075, 0.03714166209101677, 0.02772369608283043, -0.00579030392691493, -0.023844890296459198, -0.018528973683714867, 0.02648192085325718, -0.030053770169615746, -0.02811436727643013, 0.00860871747136116, -0.0031393214594572783, -0.0026614470407366753, -0.015445461496710777, 0.0007312002708204091, -0.04202504828572273, -0.013394437730312347, 0.014650166966021061, 0.007513442542403936, -0.02524014376103878, -0.022533351555466652, 0.015557081438601017, -0.002099857199937105, 0.03343028575181961, 0.033123329281806946, -0.011364343576133251, -0.00754134776070714, 0.03834157809615135, -0.021068334579467773, -0.005664731375873089, 0.004095070529729128, 0.048331595957279205, 0.002844574162736535, 0.0009897582931444049, 0.004381097387522459, -0.004904317669570446, -0.004252036567777395, -0.017580199986696243, 0.002459135139361024, -0.050340764224529266, -0.013833942823112011, -0.0751204714179039, 0.012982837855815887, 0.008845910429954529, 0.006665825843811035, -0.0174406748265028, 0.012236377224326134, -0.002098113065585494, 0.0264540147036314, 0.0006435608956962824, 0.01538965106010437, -0.028393417596817017, 0.011755014769732952, -0.02748650312423706, -0.019338220357894897, -0.027207452803850174, -0.02317516878247261, -0.0005406609270721674, 0.003596267197281122, 0.009920256212353706, -0.0023963486310094595, -0.024054178968071938, -0.01703605055809021, -0.0016106462571769953, 0.018975453451275826, -0.006951853167265654, -0.0011318997712805867, -0.024096036329865456, -0.0019777724519371986, 0.003578826552256942, 9.333485650131479e-06, 0.010296974331140518, -0.02542152814567089, -0.007171605248004198, 0.032090842723846436, -0.01827782765030861, -0.05154068022966385, -0.0018661521608009934, 0.0246262326836586, 0.036220792680978775, -0.015668701380491257, 0.0047822329215705395, -0.023942558094859123, -0.013819990679621696, -0.010527191683650017, -0.0002655342686921358, 0.0035474332980811596, -0.029914245009422302, 0.021082287654280663, 0.021193908527493477, -0.01519431546330452, 0.045457374304533005, 0.015264078974723816, 0.0003985194198321551, -0.010652763769030571, -0.024123940616846085, -0.010715550743043423, -0.0041439044289290905, -0.008259903639554977, 0.003282334888353944, -0.004949663300067186, 0.0348813496530056, -0.010624859482049942, 0.021682247519493103, 0.006547229364514351, 0.0018801047699525952, -0.005124070215970278, -0.023663507774472237, -0.010694622062146664, -0.00863662175834179, -0.021082287654280663, 0.0010813218541443348, -0.02095671556890011, 0.013366533443331718, 0.023844890296459198, 0.006215856410562992, 0.003012004541233182, -0.007359964773058891, 0.015919847413897514, -0.04579223692417145, 0.029300333932042122, 0.02893756702542305, 0.0036939349956810474, -0.012857265770435333, 0.023956511169672012, 0.02300773747265339, -0.02688654325902462, -0.018180159851908684, 0.004970592446625233, 0.006285618990659714, -0.020189324393868446, -0.009341225028038025, 0.03471392020583153, 0.010506262071430683, -0.024151846766471863, 0.03136530891060829, 0.018194111064076424, -0.004531087353825569, -0.02441694401204586, 0.03836948424577713, 3.147496681776829e-05, 0.002253335202112794, -0.004928734619170427, -0.004161344841122627, -0.05536367744207382, -0.022728687152266502, -0.006421656347811222, -0.029439859092235565, 0.0019533555023372173, -0.007520419079810381, 0.008169212378561497, 0.011587584391236305, -0.006194927729666233, 0.016868621110916138, 0.01886383444070816, -0.01582217961549759, 0.01222242508083582, -4.9460664740763605e-05, -0.004265989176928997, -0.03242570161819458, 0.03881596401333809, -0.020635806024074554, -0.018208064138889313, 0.002879455452784896, 0.0174406748265028, 0.018947549164295197, 0.023035643622279167, 0.004088093992322683, 0.014496688731014729, 0.006058890372514725, -0.020175373181700706, 0.01458040438592434, 0.007743659429252148, -0.02649587392807007, -0.02747255004942417, -0.013931610621511936, 0.004618290811777115, -0.018305731937289238, 0.006208880338817835, 0.0023527471348643303, 0.08734289556741714, 0.04308544099330902, -0.039095018059015274, 0.02281240187585354, 0.00028711711638607085, 0.02378907985985279, -0.0034427891951054335, 0.0019864928908646107, 0.0283515602350235, -0.029244523495435715, 0.00034663340193219483, 0.00652281241491437, -0.008999387733638287, -0.012641001492738724, -0.0065018837340176105, -0.013073530048131943, -0.007548323832452297, 0.017970871180295944, -0.005465907510370016, 0.021863630041480064, 0.021877583116292953, -0.006965805310755968, 0.012501475401222706, 0.02440299279987812, -0.032732658088207245, -0.01889173872768879, 0.037420712411403656, 0.01967308111488819, -0.020356755703687668, -0.008434310555458069, -0.014803644269704819, 0.02055209130048752, -0.015250125899910927, -0.018542924895882607, 0.02770974487066269, 0.013806038536131382, -0.0018696403130888939, -0.035578977316617966, 0.0006788782775402069, 0.006791398860514164, 0.01075740810483694, 0.03290008753538132, -0.011455034837126732, -0.02828179858624935, -0.018515020608901978, -0.009996994398534298, -0.015459413640201092, -0.0040113553404808044, -0.03407210111618042], 'ai_metadata': {'tags': ['construction', 'document'], 'document_type': 'unknown', 'topics': ['AS_NZS_1170_1_Summary.txt'], 'supplier_mentions': [], 'categories': ['general'], 'summary': '```json\n{\n  "tags": [\n    "AS/NZS 1170.1",\n    "Structural Design",\n    "Design Loads",\n    "Building Codes",\n    "Dead Loads",\n    "Live Loads",\n    "Wind Loads",\n    "Earthquake Loads",\n    "AS/NZS '}, 'tags': ['construction', 'standards', 'AS/NZS', 'structural'], 'knowledge_bank_type': 'personal', 'upload_timestamp': '2025-08-12T07:38:02.550000', 'status': 'active', 'view_count': 0, 'reference_count': 9, 'storage_path': 'personal_knowledge_bank/demo_user_auto_token/b7c66531-02e2-448c-b9d7-ccef4e4cf3da/AS_NZS_1170_1_Summary.txt', 'file_data': 'CiAgICAgICAgQVMvTlpTIDExNzAuMToyMDAyIFN0cnVjdHVyYWwgRGVzaWduIEFjdGlvbnMKICAgICAgICAKICAgICAgICBUaGlzIHN0YW5kYXJkIHNwZWNpZmllcyBtaW5pbXVtIGRlc2lnbiBsb2FkcyBmb3IgYnVpbGRpbmdzIGFuZCBzdHJ1Y3R1cmVzLgogICAgICAgIAogICAgICAgIEtleSBSZXF1aXJlbWVudHM6CiAgICAgICAgLSBEZWFkIGxvYWRzOiBTZWxmLXdlaWdodCBvZiBzdHJ1Y3R1cmUgYW5kIHBlcm1hbmVudCBmaXh0dXJlcwogICAgICAgIC0gTGl2ZSBsb2FkczogT2NjdXBhbmN5IGFuZCB1c2UgbG9hZHMKICAgICAgICAtIFdpbmQgbG9hZHM6IEFzIHBlciBBUy9OWlMgMTE3MC4yCiAgICAgICAgLSBFYXJ0aHF1YWtlIGxvYWRzOiBBcyBwZXIgQVMvTlpTIDExNzAuNAogICAgICAgIAogICAgICAgIEZvciBvZmZpY2UgYnVpbGRpbmdzOgogICAgICAgIC0gR2VuZXJhbCBhcmVhczogMy4wIGtQYQogICAgICAgIC0gQ29ycmlkb3JzIGFuZCBzdGFpcnM6IDQuMCBrUGEKICAgICAgICAtIFBsYW50IHJvb21zOiA3LjUga1BhCiAgICAgICAg'}, 'similarity_score': 0.827613996467676, 'source': 'Personal Knowledge Bank', 'privacy': 'Private to your account'}, {'type': 'personal_document', 'document': {'_id': '689afe01d2f76a65144ba72e', 'document_id': '35cbfdfc-6978-475a-80d0-f4584a0bf26f', 'user_id': 'demo_user_auto_token', 'filename': 'fire_safety_requirements.txt', 'original_size': 806, 'content_type': 'text/plain', 'file_hash': 'ecab604f6951f10e1dd5b69c39561aecddb8c09e8f24dfc1b8265c13292c7175', 'extracted_text': '\n        Fire Safety Requirements for High-Rise Buildings in Australia\n        \n        This document outlines the key fire safety requirements for high-rise buildings \n        in accordance with Australian Standards and the National Construction Code (NCC).\n        \n        Key Standards:\n        - AS 1851: Maintenance of fire protection systems\n        - AS 2118: Automatic fire sprinkler systems\n        - AS 3786: Smoke alarms using scattered light\n        - NCC Volume One: Fire safety provisions\n        \n        Requirements:\n        1. Fire resistance levels (FRL) for structural elements\n        2. Egress provisions and travel distances\n        3. Smoke hazard management systems\n        4. Fire sprinkler system installation\n        5. Emergency warning and intercommunication systems\n        ', 'embedding': [-0.006996841635555029, 0.014086182229220867, -0.01497152354568243, -0.030841603875160217, 0.02925591729581356, 0.006735864095389843, -0.0029335201252251863, -0.0214992668479681, -0.014297607354819775, -0.0056754364632070065, -0.01912073604762554, -0.004228497389703989, -0.011152662336826324, 0.02406279370188713, 0.0049750916659832, 0.009025199338793755, 0.0306566059589386, -0.01263924315571785, -0.004955270327627659, -0.008423959836363792, -0.010082323104143143, 0.02145962417125702, -0.010287141427397728, -0.0006421204307116568, 0.0003363389696460217, 0.012586386874318123, 0.0023124595172703266, -0.034620821475982666, 0.009963396936655045, -0.009381978772580624, 0.018948953598737717, -0.011800150386989117, 0.007010055705904961, -0.01742933876812458, -0.0103532113134861, -0.012652456760406494, -0.02843664586544037, -0.01395404152572155, 0.016980059444904327, -0.007670758757740259, 0.023415304720401764, -0.008807167410850525, 0.0022843796759843826, 0.0008452865295112133, 0.008483422920107841, 0.006772202905267477, 0.024142077192664146, -0.00951411947607994, -0.018169324845075607, 0.005635794252157211, -0.004565455950796604, -0.007578260265290737, -0.029335200786590576, -0.0251595601439476, -0.017508622258901596, -0.0005128704942762852, -0.015870079398155212, 0.014641172252595425, -0.0017756385495886207, -0.024485642090439796, -0.0051171425729990005, 0.012553351931273937, -0.047359172254800797, 0.026613105088472366, 0.022979240864515305, -0.016689350828528404, -0.013372623361647129, 0.002016795100644231, -0.02511991746723652, -0.03588937222957611, 0.034832246601581573, 0.02859521470963955, 0.010108751244843006, -0.0084636015817523, 0.023758869618177414, 0.005014733877032995, 0.011172482743859291, -0.010848738253116608, -0.015975791960954666, -0.024538498371839523, 0.0018384053837507963, -0.006626848131418228, 0.0019028238020837307, 0.027353093028068542, 0.011086591519415379, 0.030868031084537506, -0.0010472137946635485, 0.02036285772919655, 0.014852597378194332, -0.007710400968790054, -4.255854582879692e-05, 0.006831665989011526, 0.007730221841484308, 0.011575511656701565, 0.002416520146653056, -0.0032737820874899626, -0.0025982134975492954, 0.012811025604605675, 0.006174266804009676, -0.0320308692753315, 0.006957199890166521, -0.0067094359546899796, -0.02825164794921875, 0.005972752813249826, 0.0054144589230418205, -0.0062039983458817005, 0.023957081139087677, 0.00657729571685195, -0.004581973422318697, -0.008219141513109207, -0.011238553561270237, 0.01642506942152977, -0.007756649982184172, -0.03221586346626282, 0.03319370374083519, -0.025912761688232422, 0.017416123300790787, -0.001430421369150281, -0.000340881320880726, -0.022609246894717216, 0.004172337707132101, 0.0068911295384168625, 0.01351797766983509, 0.01639864221215248, 0.0063856919296085835, 0.006844880059361458, -0.007076126057654619, -0.015751153230667114, -0.013326373882591724, -0.0261902566999197, -0.012368354946374893, -0.016292929649353027, 0.022001400589942932, -0.0144693898037076, -0.0225299634039402, 0.014363677240908146, -0.009877505712211132, 0.013861543498933315, -0.04122785106301308, -0.02031000144779682, 0.006963806692510843, 0.026824530214071274, -0.0400385856628418, 0.006431940943002701, 0.016570424661040306, -0.0020465266425162554, -0.001762424479238689, 0.008959128521382809, -0.0004670342314057052, -0.001211563590914011, -0.007968074642121792, -0.01770683377981186, -0.015526513569056988, 0.015883293002843857, -0.014139038510620594, 0.02299245446920395, -0.02809307910501957, 0.005222855135798454, -0.014205108396708965, -0.034462254494428635, 0.011522655375301838, -0.0030293220188468695, 0.011159269139170647, 0.009315907955169678, 0.002134069800376892, -0.0025949098635464907, 0.0011248463997617364, -0.022886741906404495, -0.011337658390402794, 0.009586796164512634, 0.015539728105068207, 0.014654386788606644, -0.02646775171160698, 0.00913751870393753, 0.018763957545161247, 0.020481783896684647, 0.013650118373334408, 0.013491549529135227, 0.006547564174979925, -0.006943985819816589, -0.002953341230750084, 0.016543995589017868, 0.04083142802119255, 0.023639943450689316, -0.03536080941557884, -0.0108090965077281, 0.028172364458441734, 0.02390422485768795, -0.009315907955169678, -0.013194233179092407, -0.006038822699338198, 0.011139447800815105, -0.00395100237801671, -0.02859521470963955, -0.604252278804779, -0.020534640178084373, -0.009983218275010586, -0.028515929356217384, -0.01379547268152237, 0.018922526389360428, 0.035651519894599915, 0.013445300050079823, -0.004218586720526218, 0.008377710357308388, -0.003282040823251009, 0.022133540362119675, -0.004684382118284702, 0.003706542309373617, -0.01695363223552704, -0.012189965695142746, -0.020072149112820625, -0.025040633976459503, 0.025172773748636246, 0.016821490600705147, -0.0071752313524484634, 0.03129088133573532, -0.0331672765314579, -0.02722095139324665, 0.008034145459532738, -0.0018780474783852696, -0.010458923876285553, -0.038188617676496506, -0.0027501750737428665, 0.012553351931273937, -0.04114856570959091, 0.018724314868450165, 0.02628275379538536, 0.011694437824189663, 0.027802370488643646, -0.015196162275969982, -0.017693618312478065, 0.028727354481816292, 0.05206337571144104, 0.014324035495519638, -0.006600419990718365, -0.005212944466620684, 0.01976822502911091, 0.0002694428258109838, 0.013108341954648495, 0.0017013094620779157, 0.04590562358498573, -0.006322924979031086, 0.0393514558672905, -0.02612418495118618, -0.006207302212715149, 0.008833595551550388, -0.015936149284243584, 0.0013470076955854893, 0.008701454848051071, -0.01651756837964058, 0.033642981201410294, 0.013716188259422779, -0.013471728190779686, 0.008767524734139442, -0.010445710271596909, 0.008404138498008251, -0.006752382032573223, -0.024736709892749786, -0.02822522073984146, 0.01497152354568243, 0.008608956821262836, 0.023190665990114212, 0.012170144356787205, -0.02502741850912571, -0.012024789117276669, 0.02578062005341053, -0.009045020677149296, -0.0012726786080747843, 0.01971536874771118, 0.021261414512991905, 0.01651756837964058, -0.010928022675216198, 0.0033993155229836702, 0.02399672381579876, 0.0050015198066830635, 0.000450516672572121, -0.01921323500573635, -0.012407996691763401, 0.0020300091709941626, -0.020878206938505173, -0.016980059444904327, -0.015381159260869026, 0.015249018557369709, 0.010696777142584324, 0.027432376518845558, -0.007875576615333557, 0.0019160378724336624, -0.009084662422537804, 0.0025337948463857174, 0.010901594534516335, -0.011846399866044521, -0.003014456247910857, -0.008965736255049706, -0.01470724307000637, -0.011958719231188297, -0.001561736105941236, -0.03710506483912468, -0.011872828006744385, 0.011126234196126461, -0.018407177180051804, 0.007584867067635059, 0.019556799903512, 0.03451510891318321, -0.01015500072389841, 0.009388585574924946, -0.018446819856762886, -0.026705604046583176, -0.007432905491441488, 0.00409966055303812, -0.036338649690151215, 0.026771673932671547, 0.0017739868490025401, 0.018327893689274788, 0.005490439478307962, 0.01686113327741623, 0.00025519641349092126, 0.0443727932870388, -0.02431385964155197, 0.011932291090488434, 0.035810086876153946, 0.010908202268183231, -0.017587905749678612, 0.0015196162275969982, -0.01102712843567133, 0.0018697887426242232, 0.001299932599067688, 0.039906445890665054, -0.007082733325660229, 0.01030696276575327, -0.01592293567955494, -0.004423404578119516, -0.013207447715103626, 0.024763138964772224, -0.033431556075811386, -0.027432376518845558, -0.023983508348464966, 0.016121147200465202, -0.01162176113575697, -0.03662936016917229, -0.005318657029420137, -0.0048759859055280685, 0.023045310750603676, -0.02340209111571312, 0.01827503740787506, -0.0296259094029665, -0.021750332787632942, -0.023666370660066605, 0.010465530678629875, -0.021327484399080276, 0.0065013146959245205, 0.014218322932720184, -0.012777990661561489, -0.004532420542091131, -0.009461263194680214, 0.010709990747272968, 0.0046447403728961945, -0.03739577531814575, 0.007987895980477333, -0.0007585693383589387, -0.0007841715705581009, 0.020257145166397095, 0.0036768107675015926, 0.005530081689357758, -0.04167712852358818, -0.012698706239461899, -0.01540758740156889, -0.002547008916735649, 0.017971113324165344, 5.252070332062431e-05, 0.01403332594782114, -0.012791204266250134, -0.00824556965380907, 0.005018037278205156, -0.014839382842183113, 0.007736829109489918, 0.009111090563237667, -0.0129828080534935, -0.0005306268576532602, -0.007043091114610434, 0.012401389889419079, 0.03414511680603027, -0.01839396357536316, -0.020719638094305992, 0.015011166222393513, -0.023666370660066605, 0.011654796078801155, 0.012361748144030571, 0.02640167996287346, -0.005936414003372192, 0.0038353793788701296, 0.0207064226269722, -0.017046131193637848, -0.00657068844884634, 0.02477635256946087, 0.01937180384993553, -0.029810907319188118, 0.02994304709136486, -0.00018014472152572125, 0.031766586005687714, 0.014905453659594059, 0.013835115358233452, -0.002991331508383155, 0.0400385856628418, -0.007426298689097166, 0.006692918483167887, -0.004281353671103716, -0.009659473784267902, -0.010776061564683914, -0.003977430518716574, 0.008826988749206066, -0.003881628392264247, 0.026229897513985634, -0.02271495945751667, -0.006930771749466658, 0.008780739270150661, 0.006805237848311663, 0.03263871371746063, 0.023692799732089043, -0.02941448614001274, 0.002639507409185171, 0.02136712521314621, 0.023111380636692047, 0.005500350147485733, 0.002016795100644231, -0.03816219046711922, -0.0068911295384168625, 0.015975791960954666, -0.006544260308146477, 0.027049168944358826, 0.01576436683535576, 0.025146346539258957, -0.035836514085531235, 0.002295942045748234, 0.00862217042595148, 0.04405565932393074, 0.022516747936606407, 0.018592175096273422, -0.0027039258275181055, 0.03351084142923355, 0.001836753566749394, 0.013650118373334408, 0.024393144994974136, 0.013075307011604309, 0.01686113327741623, 0.018380749970674515, 0.0035744018387049437, -0.004357334692031145, 0.028859494253993034, 0.014416533522307873, 0.010254106484353542, 0.014799741096794605, 0.014403318986296654, 0.018684672191739082, 0.01045231707394123, 0.0131545914337039, -0.0121238948777318, 0.0327179990708828, 0.006600419990718365, 0.001635239226743579, 0.004839647561311722, -0.00627997936680913, -0.012441032566130161, 0.01596257835626602, -0.028885923326015472, -0.018922526389360428, 0.0052856216207146645, 0.012546745128929615, -0.012249428778886795, 0.022662103176116943, 0.020812135189771652, 0.0025949098635464907, 0.020798921585083008, 0.011258373968303204, 0.016477925702929497, -0.012097466737031937, -0.014337249100208282, 0.02230532467365265, 0.014152252115309238, -0.007968074642121792, -0.00563249085098505, -0.007472547702491283, 0.0022331750951707363, -0.014482603408396244, 0.04379137605428696, -0.0004127327410969883, -0.0011628367938101292, -0.007472547702491283, -0.004320995882153511, 0.016530781984329224, 0.0067788101732730865, 0.010961058549582958, -0.03544009476900101, -0.013544405810534954, 0.009329122491180897, 0.002378529869019985, -0.04286639392375946, -0.0010942888911813498, -0.006322924979031086, 0.04233783110976219, -0.014297607354819775, 0.004899110645055771, -0.0013816945720463991, -0.007347014266997576, 0.01199836190789938, -0.009837863966822624, -0.0016649708850309253, 0.008985556662082672, 0.019200021401047707, 0.019636085256934166, -0.019186807796359062, -6.178602779982612e-05, -0.030075188726186752, 0.030048759654164314, -0.03697292506694794, -0.0009381978888995945, 0.013081913813948631, -0.010716598480939865, 0.001805370207875967, 0.04984341189265251, 0.01548687182366848, 0.014839382842183113, 0.024538498371839523, -0.0010480396449565887, -0.029678765684366226, -0.0041624270379543304, -0.011978540569543839, 0.015381159260869026, 0.006038822699338198, -0.001211563590914011, 0.004509296268224716, -0.01626650057733059, 0.0065938131883740425, 0.010359819047152996, -0.002243085764348507, 0.010121965780854225, -0.0207064226269722, -0.005761327687650919, -0.011628367938101292, 0.007373442407697439, 0.0235606599599123, 0.023111380636692047, 0.044822074472904205, 0.017376482486724854, -0.031423021107912064, 0.01733683981001377, -0.0075452253222465515, 0.0019490730483084917, -0.01043249573558569, -0.004192158579826355, 0.03501724451780319, 0.022014614194631577, 0.028991635888814926, 0.011932291090488434, 0.017667191103100777, 0.012447639368474483, -0.002649417845532298, 0.017720047384500504, -0.00193585897795856, 0.051799092441797256, -0.0014609788777306676, 0.012619421817362309, -0.023362448439002037, 0.0404878631234169, 0.0014618047280237079, -0.01556615624576807, 0.03403940424323082, -0.03282371163368225, -0.001214867108501494, 0.031238025054335594, -0.017310410737991333, -0.008846809156239033, -0.009454656392335892, -0.003974126651883125, -0.019252877682447433, -0.0037362738512456417, -0.0073602283373475075, 0.026362039148807526, -0.04260211065411568, -0.015249018557369709, -0.021010346710681915, 0.003211015136912465, -0.0030574018601328135, -0.009130911901593208, -0.007492369040846825, -0.025516338646411896, 0.007736829109489918, -0.026005258783698082, 0.02237139455974102, 0.019503943622112274, -0.03792433813214302, -0.023388875648379326, 0.01793147251009941, 0.04318353161215782, 0.0050808037631213665, 0.009005378000438213, 0.0052294619381427765, -0.003660293063148856, 0.0036801141686737537, 0.006560778245329857, -0.03229514881968498, -0.02093106135725975, -0.021974973380565643, 0.006458369083702564, -0.003571098204702139, 0.001006745733320713, -0.014271179214119911, -0.01583043672144413, 0.030894460156559944, 0.008569314144551754, -0.015843652188777924, 0.0158965066075325, 0.004304478410631418, 0.023534230887889862, 0.006547564174979925, -0.008265390992164612, 0.014839382842183113, 0.00981143582612276, -0.019530372694134712, -0.006253551226109266, -0.004773577209562063, -0.02189568802714348, -0.020442143082618713, 0.0233360193669796, -0.027960939332842827, 0.014694028533995152, 0.028172364458441734, -0.01301584392786026, -0.008371103554964066, 0.007076126057654619, -0.01923966407775879, 0.005662222392857075, 0.0064088162034749985, -0.01880360022187233, 0.024102434515953064, 8.981427527032793e-05, 0.009970003738999367, 0.0007911915308795869, -0.01809004135429859, 0.018248608335852623, -0.030683035030961037, 0.023943867534399033, 0.021221771836280823, -0.03694649785757065, 0.01170104555785656, -0.0012792856432497501, -0.015011166222393513, -0.012031396850943565, -0.004023679532110691, 0.01889609731733799, 0.019847510382533073, 0.028727354481816292, -0.03747505694627762, -0.022358180955052376, 0.01190586294978857, -0.02603168785572052, -0.006451762281358242, -0.022133540362119675, -0.016966845840215683, -0.027273807674646378, -0.0038056476041674614, 0.007393263280391693, 0.018948953598737717, -0.022952811792492867, -0.020323215052485466, 0.0030970440711826086, 0.015909722074866295, -0.008053965866565704, 0.01481295470148325, -0.007122375536710024, -0.00943483505398035, -0.0279080830514431, -0.010776061564683914, -0.021142486482858658, -0.019345376640558243, 0.020627139136195183, -0.02909734845161438, 0.016689350828528404, 0.011872828006744385, 0.01642506942152977, -0.003960913047194481, 0.016068290919065475, 0.011139447800815105, 0.007611295208334923, 0.008873237296938896, -0.03459439426660538, -0.005447493866086006, -0.041624270379543304, 0.014429747126996517, 0.03744862973690033, 0.013821900822222233, -0.008483422920107841, -0.019662512466311455, 0.01733683981001377, 0.008965736255049706, -0.008767524734139442, 0.013101735152304173, -0.015156520530581474, -0.02127462811768055, -0.006309710908681154, 0.017098985612392426, 0.013861543498933315, 0.022728173062205315, -0.02415529079735279, -0.0004067451227456331, 0.027538089081645012, -0.01353119220584631, -0.014271179214119911, -0.0011743990471586585, 0.0021390251349657774, -0.032427288591861725, 0.00847681611776352, -0.003077222965657711, 0.03618008270859718, -0.013557620346546173, 0.007162017747759819, -0.021671049296855927, -0.01708577200770378, 0.01699327491223812, 0.0065574743784964085, 0.017733260989189148, 0.014588315971195698, -0.01777290366590023, -0.007076126057654619, 0.007426298689097166, -0.0001269788044737652, 0.001540263183414936, 0.014442961663007736, -0.0110931983217597, -0.004393673036247492, -0.028542358428239822, 0.005867040250450373, -0.006002484355121851, 0.02459135465323925, 0.0012181706260889769, 0.012302285060286522, 0.049631986767053604, -0.01633257046341896, 0.017350053414702415, 0.015037594363093376, -0.011410336010158062, 0.021393554285168648, 0.013511370867490768, 0.0062898900359869, 0.005804273299872875, -0.011205518618226051, -0.018935739994049072, 0.0016022040508687496, -0.0018466641195118427, -0.00591328926384449, 0.025172773748636246, 0.01156229805201292, -0.02408922091126442, -0.0035843122750520706, -0.0049684843979775906, 0.03850575536489487, -0.0028278075624257326, -0.0386643223464489, 0.03348441421985626, 0.03448868170380592, 0.011813364923000336, -0.010987486690282822, 0.006597116589546204, -0.009078055620193481, -0.012929952703416348, 0.0086353849619627, 0.01000964641571045, 0.004806612152606249, -0.02249032072722912, -0.032902996987104416, 0.026732033118605614, -0.018420392647385597, 0.022609246894717216, 0.030154472216963768, -0.0069505926221609116, 0.02036285772919655, 0.007816113531589508, 0.010141787119209766, -0.008001109585165977, 0.0007263600709848106, 0.02994304709136486, 5.321753997122869e-05, -0.02308495342731476, 0.02609775774180889, 0.000992705812677741, -0.019636085256934166, -0.015936149284243584, 0.02397029474377632, 0.0313437357544899, -0.02703595533967018, -0.03144944831728935, 0.026243112981319427, -0.015037594363093376, 0.014509031549096107, 0.0018598781898617744, -0.01168783102184534, 0.00824556965380907, -0.009897327050566673, -0.01770683377981186, -0.012374961748719215, 0.0112649817019701, -0.024736709892749786, -0.015658654272556305, -0.0022348270285874605, -0.023269949480891228, 0.012394783087074757, 0.006884522270411253, -0.004988305736333132, -0.032057296484708786, -0.03063017874956131, 0.00045340723590925336, -0.033246561884880066, 0.0045555452816188335, -0.004281353671103716, 0.01573793962597847, 0.00533517450094223, 0.03924574330449104, -0.03282371163368225, -0.0013519629137590528, -0.015843652188777924, 0.020732851698994637, -0.01314137689769268, 0.013808687217533588, -0.006996841635555029, -0.011172482743859291, 0.03250657394528389, 0.0015964229824021459, -0.03575723245739937, -0.02223925292491913, -0.00467777531594038, 0.021063202992081642, -0.008311640471220016, -0.006844880059361458, 0.016372213140130043, 0.010987486690282822, -0.0019094308372586966, -0.017389696091413498, 4.371348495624261e-06, 0.04307781904935837, 0.004172337707132101, 0.017905043438076973, 0.04405565932393074, -0.014575102366507053, 0.02843664586544037, -0.005242676008492708, -0.0010571243474259973, -0.01196532603353262, -0.034832246601581573, -0.004357334692031145, 0.012427818030118942, -0.010855345986783504, -0.031423021107912064, -0.02703595533967018, -0.023045310750603676, 0.005569723900407553, 0.0019969739951193333, 0.026044901460409164, 0.006091678980737925, -0.006669794209301472, 0.01761433482170105, 0.023732442408800125, -0.0013412265107035637, 0.011284802109003067, -0.03131730854511261, 0.002462769392877817, -0.008529672399163246, -0.002921957755461335, -0.04307781904935837, -0.013339588418602943, 0.016319356858730316, 0.03287656605243683, 0.014746884815394878, -0.022701745852828026, 0.008741096593439579, 0.014429747126996517, -0.058088984340429306, 0.0006132147391326725, -0.053675487637519836, 0.01871110126376152, 0.0062370337545871735, 0.03652364760637283, 0.012976201251149178, 0.012672278098762035, 0.00957358255982399, 0.0005397115601226687, -0.005566420499235392, -0.011872828006744385, 0.018446819856762886, -0.014429747126996517, 0.008688241243362427, -0.02381172589957714, -0.044504936784505844, -0.0006194087909534574, 0.02646775171160698, -0.0042912643402814865, -0.01439010538160801, 0.02067999541759491, -0.016345785930752754, 0.009837863966822624, -0.0018202359788119793, -0.001487407018430531, 0.01250049564987421, 0.0038023442029953003, -0.009884112514555454, -0.04336852580308914, 0.0014039933448657393, 0.016028648242354393, 0.01670256443321705, 0.021393554285168648, -0.015460443682968616, 0.017231127247214317, 0.008813774213194847, 0.0031812835950404406, -0.003415832994505763, -0.006494707893580198, -0.001543566701002419, -0.004942056257277727, 0.017693618312478065, 0.012738348916172981, 0.011912469752132893, 0.014799741096794605, 0.0023900920059531927, 0.015434015542268753, -0.012705313041806221, 0.011694437824189663, -0.019530372694134712, -0.011000700294971466, 0.012903524562716484, -0.002918654354289174, 0.0017657279968261719, 0.002168756676837802, -0.0014213367830961943, 0.00482643349096179, -0.0034026189241558313, -0.006015698425471783, -0.031211595982313156, -0.002087820554152131, 0.027670230716466904, -0.013346195220947266, -0.006270068697631359, -0.021763548254966736, -0.014337249100208282, -0.026573464274406433, 0.005837308708578348, -0.004178944509476423, 0.003511634888127446, -0.011813364923000336, 0.021446410566568375, 0.013821900822222233, -0.021988186985254288, -0.005163391586393118, 0.003014456247910857, 0.016385426744818687, -0.011251767165958881, 0.005923199933022261, 0.18859098851680756, 0.021512480452656746, 0.019556799903512, 0.036682214587926865, -0.034435827285051346, 0.015751153230667114, 0.005989270284771919, 0.007802898995578289, -0.01805039867758751, 0.018671458587050438, -0.032770853489637375, 0.009646260179579258, -0.03345798701047897, 0.014918667264282703, 0.006151142530143261, -0.006626848131418228, -0.04870700463652611, -0.012705313041806221, -0.03504367172718048, 0.02759094536304474, -0.005520171485841274, -0.011198910884559155, 0.007181838620454073, -0.011522655375301838, 0.01445617526769638, 0.004912324715405703, 0.00824556965380907, 0.019437873736023903, 0.02859521470963955, 0.01024749968200922, -0.0008853416657075286, -0.027696657925844193, -0.003508331486955285, -4.676536627812311e-05, -0.016966845840215683, -0.0030739193316549063, 0.02171069197356701, -0.023891011252999306, 0.0020795618183910847, -0.010855345986783504, -0.009322515688836575, -0.02152569405734539, 0.014495817944407463, -0.024644210934638977, 0.009362157434225082, -0.005067589692771435, -0.02486884966492653, 0.018063612282276154, -0.041439276188611984, -0.002355405129492283, -0.061154644936323166, -0.00969911552965641, 0.017217913642525673, 0.023415304720401764, 0.019266091287136078, 0.00043482499313540757, 0.017165057361125946, -0.002028357470408082, -0.0025849994271993637, 0.004971787799149752, -0.013927613385021687, 0.022767815738916397, -0.03520224243402481, 0.01889609731733799, -0.017587905749678612, 0.0032506573479622602, -0.032612286508083344, 0.002327325288206339, -0.020125005394220352, 0.0032836925238370895, -0.014495817944407463, -0.004218586720526218, -0.03670864179730415, 0.02074606530368328, -0.01335940882563591, -0.014350462704896927, 0.004126088693737984, -0.005110535770654678, -0.001484103500843048, 0.029388057067990303, -0.021737119182944298, -0.015579369850456715, 0.007029877044260502, 0.019860723987221718, 0.006805237848311663, -0.011350872926414013, 0.023045310750603676, -0.014416533522307873, -0.029203061014413834, -0.012104073539376259, -0.008536279201507568, 0.00010633184137986973, -0.01971536874771118, 0.0027898172847926617, 0.006699525751173496, -0.014297607354819775, 0.01152926217764616, 0.0043143886141479015, -0.009084662422537804, 0.010571243241429329, -0.024921705946326256, 0.06649312376976013, 0.02465742640197277, -0.010551422834396362, -0.032902996987104416, -0.022675316780805588, -0.002736961003392935, 0.029652338474988937, 0.020547853782773018, -0.021142486482858658, -0.00991714745759964, -0.02722095139324665, -0.018473248928785324, -0.018010756000876427, -0.007723615039139986, 0.005724988877773285, -0.011549083516001701, -0.024208147078752518, 0.013114948756992817, -0.05312049761414528, -0.02005893550813198, -0.024115649983286858, 0.020138218998908997, 0.013689760118722916, -0.022041043266654015, -0.017191484570503235, -0.019755011424422264, -0.006299800239503384, 0.0012784597929567099, -0.051296960562467575, 0.026983099058270454, -0.006170963402837515, 0.00951411947607994, -0.00018860997806768864, -0.0014931882033124566, -0.017402909696102142, 0.00408974988386035, -0.03559866175055504, 0.012850668281316757, 0.0037032386753708124, -0.010690170340240002, 0.0022282199934124947, 0.01871110126376152, 0.0026824530214071274, 0.012242821045219898, 0.0005203033797442913, 0.004340816754847765, 0.0022728173062205315, -0.020032506436109543, 0.005054375622421503, -0.01674220710992813, -0.019094308838248253, -0.005417762324213982, -0.02946734055876732, 0.025053847581148148, -0.01779933087527752, 0.021578550338745117, -0.04455779120326042, 0.014720456674695015, 0.027617374435067177, -0.042126405984163284, 0.01836753636598587, 0.014522246085107327, -0.0225299634039402, -0.009018592536449432, 0.008291819132864475, -0.16480568051338196, 0.022543177008628845, 0.05119124799966812, -0.02909734845161438, 0.01263924315571785, -0.016200430691242218, -0.0018037183908745646, 0.013597262091934681, -0.02843664586544037, -0.004978395067155361, 0.02612418495118618, -0.034435827285051346, 0.0019936703611165285, -0.012117288075387478, -0.013623690232634544, 0.0009357202216051519, 0.004453136585652828, 0.017627548426389694, 0.004489474929869175, 0.016068290919065475, 0.009897327050566673, -0.021829618141055107, -0.006303104106336832, -0.01548687182366848, -0.021010346710681915, -0.020376071333885193, -0.03298227861523628, -0.005804273299872875, -0.0025106703396886587, 0.004515903070569038, 0.009203588590025902, 0.009309301152825356, 0.04429351165890694, -0.015883293002843857, -0.01196532603353262, -0.009078055620193481, -0.008060573600232601, -0.0038485934492200613, -0.01655721105635166, 0.039219312369823456, 0.03063017874956131, 0.01576436683535576, 0.023573873564600945, -0.015790795907378197, -0.008450387977063656, 0.020045720040798187, 0.022662103176116943, -0.014059754088521004, 0.021419981494545937, -0.009970003738999367, 0.007426298689097166, -0.03158159181475639, -0.005857129581272602, 0.00885341688990593, 0.005454101134091616, -0.02383815497159958, -0.014641172252595425, 0.011020521633327007, 0.02477635256946087, -0.0026312486734241247, 0.02841021679341793, -0.011357479728758335, -0.006012394558638334, -0.009970003738999367, -0.0007131460006348789, -0.04971127212047577, -0.004833040293306112, 0.016160788014531136, -0.025238843634724617, 0.003019411349669099, 0.0022067471873015165, -0.04038215056061745, 0.015024379827082157, -0.03602151200175285, 0.008285212330520153, -0.003182935295626521, -0.022292109206318855, -0.0011810060823336244, 0.015447230078279972, 0.00911769736558199, 0.001427117851562798, 0.03575723245739937, 0.002466073026880622, -0.024327075108885765, 0.014244751073420048, -0.0025800440926104784, -0.01871110126376152, 0.009111090563237667, -0.008575920946896076, 0.013247089460492134, 0.02468385361135006, -0.03229514881968498, 1.6982125089270994e-05, -0.028515929356217384, 0.002048178343102336, 0.02124819904565811, 0.002429734217002988, 0.003673507133498788, 0.013366016559302807, -0.008701454848051071, 0.026005258783698082, -0.007029877044260502, -0.05565759912133217, -0.0158965066075325, 0.011555690318346024, 0.0059198965318500996, -0.0313437357544899, 0.022820672020316124, 0.026679176837205887, -0.017905043438076973, -0.007868969812989235, 0.01949073001742363, 0.03744862973690033, 0.015685083344578743, -0.00766415148973465, 0.00973215140402317, -0.020534640178084373, -0.02593918889760971, -0.015116877853870392, -0.003855200484395027, 0.014363677240908146, 0.007386656478047371, -0.00889966543763876, -0.014231536537408829, 0.009619832038879395, -0.027432376518845558, -0.08631420135498047, -0.03440939635038376, 0.032902996987104416, 0.027485232800245285, -0.007783078122884035, -0.00788218341767788, -0.013887971639633179, 0.024446001276373863, -0.0019672424532473087, 0.011892649345099926, 0.017535049468278885, -0.012771383859217167, 0.014310820959508419, -0.006035519298166037, 0.027775943279266357, 0.007148803677409887, 0.002865798072889447, -0.019226448610424995, 0.0055069574154913425, 0.007307372055947781, 0.005559813231229782, -0.010465530678629875, -0.0026048205327242613, -0.007941646501421928, -0.03335227444767952, 0.017389696091413498, -0.023877795785665512, 0.009983218275010586, 0.0084636015817523, 0.008767524734139442, -0.021723905578255653, 0.0013205795548856258, -0.010558029636740685, -0.00782272033393383, -0.014191894792020321, -0.0007346188649535179, -0.01779933087527752, -0.011892649345099926, 0.03559866175055504, -0.028145935386419296, 0.0057910592295229435, 0.02377208322286606, 0.02239782176911831, -0.015632227063179016, -0.0041987658478319645, -0.011073377914726734, -0.015949362888932228, -0.004773577209562063, -0.0029665553011000156, -0.027326663956046104, 0.014865810982882977, -0.024353502318263054, 0.003059053560718894, -0.013980469666421413, -0.003052446525543928, -0.012315498664975166, 0.0027154881972819567, 0.01320083998143673, -0.00753201125189662, 0.014059754088521004, 0.008972343057394028, 0.006484797224402428, -0.000536820967681706, 0.035122957080602646, 0.034805819392204285, 0.010617492720484734, -0.015619012527167797, -0.018222181126475334, 0.02074606530368328, -0.03425082936882973, -0.00599257368594408, 0.015909722074866295, -0.0306566059589386, -0.0012916738633066416, -0.023851368576288223, -0.005308746360242367, -0.01154247671365738, -0.02005893550813198, -0.018129682168364525, -0.019913580268621445, -0.034118689596652985, -0.015037594363093376, 0.024736709892749786, -0.00731397932395339, 0.01168783102184534, 0.027538089081645012, 0.022358180955052376, -0.022252468392252922, 0.02440635859966278, -0.014218322932720184, 0.00796146783977747, -0.0025354467798024416, 0.024327075108885765, 0.013584047555923462, 0.013247089460492134, 0.005599455442279577, -0.019794654101133347, 0.0008671723189763725, -0.031423021107912064, 0.012507102452218533, -0.034964386373758316, -0.0012668974231928587, -0.08345996588468552, 0.020006079226732254, -0.001833450049161911, 0.0032787371892482042, 0.010227678343653679, -0.02074606530368328, 0.012401389889419079, 0.006745774764567614, -0.007294157985597849, 0.027696657925844193, -0.022675316780805588, 0.022635675966739655, -0.0017938078381121159, -0.005797666497528553, -0.014879025518894196, 0.012758169323205948, 0.001303236116655171, 0.016874346882104874, -0.004928842186927795, 0.005579634569585323, -0.025423841550946236, -0.008985556662082672, 0.003377842716872692, 0.0033761910162866116, -0.004007162060588598, 0.015870079398155212, 0.0011570556089282036, 0.0010306962067261338, -0.007835933938622475, 0.006540956906974316, 0.01923966407775879, -0.00860234908759594, -0.00424831872805953, 0.005516867619007826, -0.0015460443682968616, -0.03641793504357338, -0.0243667159229517, 0.03229514881968498, 0.019530372694134712, -0.013471728190779686, -0.012038003653287888, -0.026679176837205887, -0.017323626205325127, -0.015249018557369709, 0.02278102934360504, -0.012084253132343292, -0.0324801467359066, 0.03374869376420975, 0.030603749677538872, 0.010551422834396362, 0.034277256578207016, 0.009104483760893345, -0.004651347175240517, -0.016728993505239487, -0.007776470854878426, -0.009626438841223717, 0.004918931983411312, -0.018261823803186417, 0.005150177516043186, -0.04931485280394554, 0.035968657582998276, -0.005430976394563913, 0.033642981201410294, 0.008133250288665295, 0.02587311901152134, 0.0034984208177775145, -0.02946734055876732, 0.022199612110853195, 0.014654386788606644, -0.000981969409622252, -0.020666781812906265, -0.028515929356217384, -0.0023471463937312365, 0.041967835277318954, -0.009910540655255318, 0.0153283029794693, 0.002953341230750084, 0.039906445890665054, -0.02271495945751667, 0.01770683377981186, 0.03945716843008995, 0.0017789420671761036, -0.013597262091934681, 0.0345415398478508, 0.02337566204369068, -0.023679586127400398, -0.0263091828674078, 0.012711920775473118, 0.00372305978089571, 0.021763548254966736, -0.019160378724336624, 0.03755434229969978, 0.0026510697789490223, 0.009454656392335892, 0.01996643655002117, 0.028357360512018204, 0.01548687182366848, -0.02452528476715088, 0.011251767165958881, -0.01683470606803894, 0.005212944466620684, -0.013471728190779686, -0.010227678343653679, -0.02646775171160698, -0.011000700294971466, 0.013029057532548904, -0.014271179214119911, 0.0053219604305922985, -0.027617374435067177, 0.007479154970496893, 0.020851777866482735, 0.007241301704198122, 0.03739577531814575, 0.0072479089722037315, -0.0025982134975492954, -0.019160378724336624, -0.02052142657339573, 0.009718936868011951, -0.011694437824189663, 0.031898725777864456, -0.01724434085190296, 0.004056714940816164, 0.010908202268183231, 0.015116877853870392, 0.02052142657339573, 0.01293655950576067, 0.016596851870417595, -0.0067788101732730865, -0.015579369850456715, -0.0443727932870388, 0.023454947397112846, 0.008027537725865841, -0.01942466013133526, -0.028833067044615746, -0.016187217086553574, -0.03723720461130142, -0.020732851698994637, 0.013445300050079823, 0.0012735044583678246, 0.08071144670248032, 0.03686721250414848, -0.027432376518845558, 0.007261123042553663, -0.012090859934687614, 0.01843360625207424, -0.008965736255049706, -0.012520316988229752, -0.012110681273043156, -0.021486053243279457, 0.02465742640197277, 0.008126643486320972, -0.015090450644493103, -0.028119508177042007, -0.008483422920107841, -0.018288251012563705, -0.01462795864790678, 0.014482603408396244, 0.01051178015768528, -0.003331593470647931, 0.01576436683535576, -0.004654650576412678, 0.02806665189564228, 0.01284406054764986, -0.026348823681473732, -0.015619012527167797, 0.05460047349333763, -0.007128982339054346, -0.030524466186761856, -0.005411155521869659, -0.010201250202953815, 0.020640352740883827, -0.02822522073984146, -0.028119508177042007, 0.03044518083333969, 0.0252784863114357, 0.012441032566130161, 0.004634829703718424, 0.019847510382533073, -0.016755420714616776, 0.014773312956094742, 0.028806637972593307, 0.0027072294615209103, -0.023851368576288223, -0.04458421841263771, 0.014139038510620594, -0.03628579527139664, -0.00459849089384079, -0.023111380636692047], 'ai_metadata': {'tags': ['construction', 'document'], 'document_type': 'unknown', 'topics': ['fire_safety_requirements.txt'], 'supplier_mentions': [], 'categories': ['general'], 'summary': '```json\n{\n    "tags": [\n        "AS 1851",\n        "AS 2118",\n        "AS 3786",\n        "NCC Volume One"\n    ],\n    "document_type": "specification",\n    "topics": [\n        "fire safety",\n        "h'}, 'tags': ['["fire safety"', ' "high-rise"', ' "NCC"', ' "AS 1851"]'], 'knowledge_bank_type': 'personal', 'upload_timestamp': '2025-08-12T08:40:33.307000', 'status': 'active', 'view_count': 0, 'reference_count': 17, 'storage_path': 'personal_knowledge_bank/demo_user_auto_token/35cbfdfc-6978-475a-80d0-f4584a0bf26f/fire_safety_requirements.txt', 'file_data': 'CiAgICAgICAgRmlyZSBTYWZldHkgUmVxdWlyZW1lbnRzIGZvciBIaWdoLVJpc2UgQnVpbGRpbmdzIGluIEF1c3RyYWxpYQogICAgICAgIAogICAgICAgIFRoaXMgZG9jdW1lbnQgb3V0bGluZXMgdGhlIGtleSBmaXJlIHNhZmV0eSByZXF1aXJlbWVudHMgZm9yIGhpZ2gtcmlzZSBidWlsZGluZ3MgCiAgICAgICAgaW4gYWNjb3JkYW5jZSB3aXRoIEF1c3RyYWxpYW4gU3RhbmRhcmRzIGFuZCB0aGUgTmF0aW9uYWwgQ29uc3RydWN0aW9uIENvZGUgKE5DQykuCiAgICAgICAgCiAgICAgICAgS2V5IFN0YW5kYXJkczoKICAgICAgICAtIEFTIDE4NTE6IE1haW50ZW5hbmNlIG9mIGZpcmUgcHJvdGVjdGlvbiBzeXN0ZW1zCiAgICAgICAgLSBBUyAyMTE4OiBBdXRvbWF0aWMgZmlyZSBzcHJpbmtsZXIgc3lzdGVtcwogICAgICAgIC0gQVMgMzc4NjogU21va2UgYWxhcm1zIHVzaW5nIHNjYXR0ZXJlZCBsaWdodAogICAgICAgIC0gTkNDIFZvbHVtZSBPbmU6IEZpcmUgc2FmZXR5IHByb3Zpc2lvbnMKICAgICAgICAKICAgICAgICBSZXF1aXJlbWVudHM6CiAgICAgICAgMS4gRmlyZSByZXNpc3RhbmNlIGxldmVscyAoRlJMKSBmb3Igc3RydWN0dXJhbCBlbGVtZW50cwogICAgICAgIDIuIEVncmVzcyBwcm92aXNpb25zIGFuZCB0cmF2ZWwgZGlzdGFuY2VzCiAgICAgICAgMy4gU21va2UgaGF6YXJkIG1hbmFnZW1lbnQgc3lzdGVtcwogICAgICAgIDQuIEZpcmUgc3ByaW5rbGVyIHN5c3RlbSBpbnN0YWxsYXRpb24KICAgICAgICA1LiBF'}, 'similarity_score': 0.8235516599130415, 'source': 'Personal Knowledge Bank', 'privacy': 'Private to your account'}, {'type': 'personal_document', 'document': {'_id': '689aef5daa7af9acc74f4a42', 'document_id': 'f41f1e30-eb07-4e6e-89e5-276921ac131c', 'user_id': 'demo_user_auto_token', 'filename': 'ACME_Steel_Beams_Catalog.txt', 'original_size': 615, 'content_type': 'text/plain', 'file_hash': '1cab681360898573e1ff24e5e0e9088d2d6ba02b7d65475611cf711795613488', 'extracted_text': '\n            ACME Construction Materials - Steel Beam Specifications\n            \n            Product: Universal Beams (UB) - Grade 300\n            Standards Compliance: AS/NZS 3679.1\n            \n            Available Sizes:\n            - 310UB40.4: 310mm deep, 165mm wide\n            - 360UB44.7: 360mm deep, 170mm wide\n            - 410UB53.7: 410mm deep, 178mm wide\n            \n            Fire Rating: Up to 4 hours with appropriate protection\n            Corrosion Protection: Hot-dip galvanized available\n            \n            Contact: sales@acme-steel.com.au\n            ABN: 12 345 678 901\n            ', 'embedding': [-0.004690931178629398, -0.006349104922264814, -0.0157609935849905, -0.034778282046318054, -0.005538368131965399, 0.005388231482356787, -0.01628146693110466, -0.031014861539006233, 0.007920533418655396, -0.016975432634353638, -0.01187746413052082, -0.005882013589143753, 0.00600879592821002, -0.011503791436553001, -0.015013648197054863, -0.00016139671788550913, 0.0025556564796715975, 0.034564755856990814, 0.0023905064444988966, -0.01685532182455063, -0.013592355884611607, 0.011003335937857628, -0.011303609237074852, -0.012471336871385574, -0.006479223258793354, -0.004794358275830746, 0.02375492826104164, -0.01959114335477352, 0.041771307587623596, -0.006342432461678982, 0.01570761203765869, -0.008654533885419369, -0.015133757144212723, -0.0029526841826736927, 0.004750985652208328, 0.014426447451114655, 0.007353351451456547, -0.01574764959514141, 0.03758082911372185, 0.009435243904590607, 0.011010008864104748, -0.002126933541148901, 0.0038902030792087317, 0.00704640569165349, 0.01999150775372982, 0.011910827830433846, 0.025956930592656136, -0.01572095789015293, -0.00978889875113964, 0.001881710602901876, -0.003076129825785756, 0.010809826664626598, -0.025663329288363457, -0.0061055500991642475, 0.014706702902913094, -0.0015188807155936956, -0.0007623597048223019, 0.010022444650530815, 0.01439975667744875, -0.01227115560323, 0.008427660912275314, -0.006242341361939907, -0.030294205993413925, 0.017028814181685448, -0.01963117904961109, -0.005641795229166746, -0.00810069777071476, -0.003700030269101262, -0.009828935377299786, 0.00599545007571578, 0.017068849876523018, 0.013305428437888622, 0.023194419220089912, -0.019270852208137512, 0.02049863524734974, -0.01429299358278513, 0.006305732298642397, -0.021072490140795708, -0.014920230023562908, -0.0031962390057742596, 0.015307248570024967, -0.01620139554142952, 0.0007406733348034322, 0.007153169251978397, -0.01677525043487549, 0.007767060771584511, 0.00789384264498949, -0.0016848649829626083, -0.008047315292060375, -0.011503791436553001, -0.01672186702489853, 0.02039187029004097, 0.030400969088077545, -0.004737640265375376, -0.003946921322494745, 0.004430694505572319, -0.013812556862831116, 0.046602364629507065, 0.008320897817611694, -0.008567788638174534, -0.008974825032055378, 0.008507734164595604, -0.017255686223506927, -0.003823475679382682, -0.011363663710653782, -0.017882922664284706, -0.011063390411436558, 0.0103093720972538, -0.012958446517586708, -0.026183802634477615, 0.008174097165465355, 0.00038952077738940716, -0.008561115711927414, -0.00997573509812355, 0.00397694855928421, -0.013645738363265991, 0.026424020528793335, -0.0025489837862551212, 0.021779799833893776, -0.021606307476758957, -0.010636336170136929, 0.04350621625781059, 0.02786533161997795, 0.01010918989777565, 0.0162948127835989, 0.014319684356451035, -0.02807885967195034, -0.01644161343574524, 0.029333332553505898, 0.00201850151643157, 0.019110705703496933, -0.004117075819522142, 0.014426447451114655, 0.0003774264478124678, -0.013292083516716957, 0.03651319444179535, 0.0016990444855764508, 0.022887472063302994, -0.0313885323703289, -0.02476918324828148, 0.007099787704646587, 0.026183802634477615, -0.034564755856990814, 0.018950561061501503, -0.0007027221727184951, 0.006208977662026882, 0.01668183133006096, 0.01041613519191742, -0.013679102063179016, -0.0242754016071558, -0.009161662310361862, 0.01685532182455063, 0.01960448920726776, 0.014840157702565193, 0.0046775853261351585, -0.014559902250766754, 0.0070664240047335625, 0.017669396474957466, -0.022073399275541306, -0.0332568995654583, 0.004620867315679789, 0.013579010963439941, 0.017389141023159027, -0.02887958660721779, -0.0003250871959608048, -0.014506520703434944, 0.015360630117356777, -0.01580103114247322, -0.01586775854229927, -0.009768880903720856, 0.0019284196896478534, 0.012478009797632694, -0.008387625217437744, -0.007313314825296402, 0.018510160967707634, 0.04142432287335396, 0.02459569275379181, 0.007767060771584511, -0.0033230208791792393, 0.005421595182269812, 0.0010709735797718167, -0.014052774757146835, 0.022220199927687645, 0.042198359966278076, -0.03688686713576317, 0.009508644230663776, 0.0020168335177004337, 0.02073885314166546, 0.05372884124517441, -0.017429176717996597, 0.0054282681085169315, 0.019564451649785042, -0.010189262218773365, -0.008240824565291405, -0.6196566224098206, -0.034618135541677475, -0.0016565058613196015, -0.011283590458333492, 0.001181907719001174, 0.03323020786046982, 0.04049014300107956, 0.00606217747554183, -0.014866848476231098, -0.02885289490222931, -0.012618137523531914, -0.00020591635257005692, 0.010342735797166824, -0.005508340895175934, 0.004620867315679789, 0.005244767758995295, -0.011116772890090942, -0.03560570254921913, 0.021232634782791138, 0.01568092219531536, -0.017575977370142937, 0.004440703429281712, -0.027064602822065353, -0.009555352851748466, 0.011203518137335777, -0.004737640265375376, -0.007653624285012484, -0.03683348372578621, 0.013518956489861012, -0.012845010496675968, -0.04438701644539833, 0.030481042340397835, 0.01678859442472458, 0.005835304502397776, 0.03683348372578621, 0.0062523502856493, -0.009228388778865337, -0.005431604105979204, 0.011056717485189438, 0.013238701038062572, -0.02797209471464157, -0.0046275402419269085, 0.027238095179200172, -0.0237415824085474, 0.0051546860486269, 0.027438275516033173, 0.041771307587623596, -0.02390172891318798, 0.009301789104938507, -0.04395996406674385, 0.004947831388562918, 0.018670305609703064, 0.026864420622587204, 0.004063694272190332, 0.021673034876585007, 0.006539277732372284, 0.030614497140049934, -0.004270548932254314, -0.022033363580703735, 0.009582043625414371, 0.011230208911001682, -0.008494388312101364, -0.0013445556396618485, -0.02459569275379181, -0.01996481604874134, 0.0040837121196091175, -0.004670912865549326, 0.0016806945204734802, 0.004073703195899725, -0.00299772503785789, 6.417292024707422e-05, 0.02372823655605316, -0.003104488831013441, 0.01426630187779665, 0.014519866555929184, 0.004607521928846836, 0.015320594422519207, -0.001534728449769318, 0.0166951771825552, 0.018123142421245575, -0.013185319490730762, 0.01992478035390377, 0.007019714917987585, -0.02476918324828148, -0.0047109490260481834, -0.012544737197458744, -0.015440703369677067, -0.00496117677539587, 0.030481042340397835, -0.011777373030781746, 0.03282984346151352, -0.013505610637366772, 0.0020802244544029236, -0.02831907756626606, -0.00244722468778491, 0.018950561061501503, 0.012751592323184013, 0.012631482444703579, 0.003134516067802906, 0.0014613284729421139, -0.022153472527861595, -0.0009116620640270412, 0.009728844277560711, 0.013799211010336876, 0.01633484847843647, -0.0002420950768282637, -0.0056918407790362835, -0.01041613519191742, 0.038114648312330246, -0.0004078707715962082, 0.010963299311697483, 0.01010918989777565, -0.03397755324840546, -0.007266605738550425, -0.003276311792433262, -0.030134059488773346, 0.018843796104192734, 0.004147103521972895, -0.006272368598729372, -0.013438883237540722, 0.007727024145424366, 0.013238701038062572, 0.0287995133548975, 0.0025222930125892162, -0.005618440918624401, 0.004981195088475943, 0.010969972237944603, -0.002370488364249468, 0.0028692749328911304, -0.000697300536558032, 0.015133757144212723, -0.0004712617374025285, 0.027037912979722023, -0.00810069777071476, 0.014653320424258709, 0.031121624633669853, 0.006148923188447952, -0.027464967221021652, 0.009141643531620502, -0.01429299358278513, -0.01005580835044384, -0.018309978768229485, 0.021512890234589577, -0.009361843578517437, -0.02887958660721779, -0.008747952058911324, -0.007253260351717472, 0.027411585673689842, 0.006335759535431862, -0.01188413705676794, -0.003670003032311797, -0.023261146619915962, -0.017175612971186638, 0.014439793303608894, -0.00717318756505847, -0.012771610170602798, -0.0025473155546933413, -0.03971610590815544, 0.019190778955817223, -0.006249014288187027, 0.006282377522438765, 0.01024264469742775, -0.04438701644539833, -0.0013537306804209948, 0.012811646796762943, -0.0015755989588797092, 0.01192417275160551, 0.029146496206521988, -0.0033413709606975317, -0.026090383529663086, 0.0051546860486269, -0.01586775854229927, -0.009215043857693672, -0.014573248103260994, -0.017762813717126846, 0.0015172126004472375, -0.03667333722114563, 0.008060661144554615, 0.018176523968577385, -0.0022053380962461233, 0.002368820132687688, 0.03747406601905823, -0.018950561061501503, -0.005861995741724968, 0.00032550422474741936, 0.04500090703368187, 0.026837730780243874, 0.007640278898179531, -0.030507734045386314, 0.01692204922437668, -0.025676675140857697, 0.018563542515039444, -0.003179557155817747, 0.029333332553505898, 0.006656050682067871, 0.013432210311293602, 0.030534423887729645, -0.0024188656825572252, 0.0025673338677734137, 0.0033196844160556793, 0.011984228156507015, -0.01578768528997898, 0.037901122123003006, -0.018336668610572815, 0.022820744663476944, 0.0013303760206326842, 0.013932665809988976, -0.030427660793066025, 0.033924173563718796, -0.007940552197396755, 0.02376827411353588, -0.004760994575917721, -0.038728538900613785, 0.005985441152006388, 0.006636032368987799, 0.008060661144554615, -0.007540187798440456, 0.029840460047125816, 0.00514467665925622, -0.030400969088077545, 0.030454352498054504, 0.009081589058041573, 0.008761297911405563, -0.007873824797570705, -0.026183802634477615, -0.0011602214071899652, 0.01584106683731079, 0.0286660585552454, 0.014933575876057148, -0.007640278898179531, -0.003846830455586314, -8.7162567069754e-05, 0.029947223141789436, -0.008260843344032764, 0.006769487168639898, 0.013292083516716957, 0.023060964420437813, -0.02007157914340496, 0.02871944196522236, 0.0014821807853877544, 0.02826569601893425, 0.0019617832731455564, 0.014853502623736858, -0.011056717485189438, 0.02781195007264614, 0.00411373982205987, 0.003042766125872731, 0.015587503090500832, 0.022367000579833984, -0.011957536451518536, -0.0037901122123003006, 0.004827721975743771, -0.02420867420732975, 0.013705792836844921, 0.029493477195501328, 0.006372459698468447, 0.006032150238752365, 0.022073399275541306, 0.025810129940509796, 0.013605701737105846, 0.02351471036672592, 0.015107066370546818, 0.02783863991498947, 0.02456900104880333, 0.019177433103322983, 0.014306338503956795, -0.01212435495108366, -0.011003335937857628, -0.012217773124575615, -0.012838337570428848, -0.01972459815442562, 0.013085228390991688, -0.002267060801386833, -0.010142553597688675, 0.00023146040621213615, 0.002812556689605117, 0.017228996381163597, 0.004594176542013884, 0.004193812608718872, 0.02384834550321102, -0.011043372564017773, -0.03384409844875336, -0.01028935331851244, 0.014119502156972885, -0.008427660912275314, 0.004517439752817154, 2.932353163487278e-05, 0.006509250495582819, -0.002754170447587967, 0.03520533815026283, 0.010876554064452648, 0.01660175807774067, -0.029493477195501328, 0.01024931762367487, -0.0005734379519708455, 0.0034764937590807676, 0.026237184181809425, -0.042545344680547714, -0.023154381662607193, -0.001010918989777565, 0.005398240871727467, -0.030534423887729645, -0.0037467393558472395, 0.002198665402829647, 0.008727934211492538, 0.005678495392203331, -0.0016856990987434983, 0.0035298755392432213, -0.0016690172487869859, 0.009481953456997871, -0.00043456171988509595, -0.008901425637304783, -0.017802851274609566, 0.03213588148355484, 0.005478313658386469, -0.017135577276349068, 0.003720048349350691, -0.02037852443754673, 0.02478252910077572, -0.017495904117822647, 0.002195328939706087, 0.0020385198295116425, -0.038168031722307205, -0.0010517894988879561, 0.03250955417752266, 0.019284198060631752, 0.01570761203765869, 0.034804973751306534, 0.02057870663702488, 0.008928116410970688, -0.02087230794131756, -0.02488929219543934, 0.024982711300253868, 0.01186411827802658, -0.021019108593463898, 0.0048310584388673306, -0.013532301411032677, 0.005384895019233227, -0.019377615302801132, -0.00411373982205987, 0.005631786305457354, -0.012664846144616604, 0.013018500991165638, -0.03181558847427368, -0.012918409891426563, 0.013185319490730762, 0.03573915734887123, 0.03547224774956703, 0.03355050086975098, -0.008981497958302498, 0.00043039125739596784, -0.0031411887612193823, 0.0204852893948555, -0.029306640848517418, 0.012718228623270988, 0.005531695205718279, 0.0018516832496970892, 0.015587503090500832, -0.007733697071671486, 0.0021419471595436335, 0.004907794762402773, -0.01641492173075676, 0.017188958823680878, 0.015120412223041058, 0.034724898636341095, 0.018510160967707634, -0.0033530481159687042, -0.018149832263588905, 0.013372155837714672, -0.02428874745965004, 0.011797390878200531, 0.02079223468899727, 0.0071198055520653725, -0.0058453138917684555, 0.017175612971186638, -0.01224446389824152, -0.011310282163321972, -0.012965119443833828, 0.009408553130924702, -0.0040603578090667725, -0.021806489676237106, 0.01186411827802658, 0.011497118510305882, -0.05271458625793457, -0.001495526172220707, -0.012464664876461029, 0.0064391870982944965, -0.010496208444237709, -0.026530785486102104, -0.025916893035173416, -0.03600606694817543, 0.007420078851282597, -0.031041551381349564, 0.012764937244355679, -0.01199757307767868, 0.004877767525613308, -0.026797693222761154, 0.02443554624915123, 0.01193084567785263, -0.010522899217903614, 0.007353351451456547, -0.0032579617109149694, -0.016948740929365158, 0.023114345967769623, -0.027144676074385643, -0.021072490140795708, -0.018670305609703064, -0.023434637114405632, 0.0017198967980220914, 0.026490747928619385, 0.002789202146232128, -0.016962086781859398, -0.003656657412648201, 0.010963299311697483, 0.001225280575454235, -0.006385805085301399, 0.012858355417847633, -0.027024567127227783, 0.025089474394917488, -0.018777068704366684, -0.0067060962319374084, 0.026637548580765724, -0.011537154205143452, -0.019124051555991173, -0.007593569811433554, -0.014546557329595089, -0.006392478011548519, -0.013432210311293602, 0.013852592557668686, -0.012985137291252613, 0.0001953859464265406, -0.01195086445659399, -0.01588110439479351, -0.022166818380355835, 0.02460903860628605, -0.01984470710158348, 0.010009098798036575, 0.0016439944738522172, -0.03331028297543526, 0.01415953878313303, 0.023221109062433243, 0.014960266649723053, -0.0018316650530323386, -0.022527145221829414, 0.0011326964013278484, -0.04099727049469948, 0.03928904980421066, 0.008487716317176819, -0.00822747964411974, 0.04409341886639595, -0.005241431295871735, -0.0329899899661541, 0.009121625684201717, -0.017896268516778946, 0.01622808538377285, 0.016948740929365158, 0.013258719816803932, -0.001916742417961359, -0.03629966452717781, -0.034911736845970154, -0.0031912343110889196, 0.013579010963439941, 0.006135577801615, -0.02491598390042782, -0.008894752711057663, 0.02057870663702488, -0.029333332553505898, 0.027184711769223213, -0.02826569601893425, -0.02434212900698185, 0.014760084450244904, 0.011130117811262608, -0.002123597078025341, 0.000524226576089859, -0.006395814009010792, 0.006295723374933004, 0.004727630876004696, 0.00016671406046953052, -0.03320351615548134, -0.019457688555121422, 0.004724294878542423, -0.009642099030315876, 0.017962995916604996, 0.021152561530470848, 0.03323020786046982, 0.00019715839880518615, 0.0009383530123159289, 0.00803397037088871, -0.0038134667556732893, -0.00606217747554183, -0.01634819433093071, 0.010789808817207813, -0.02490263804793358, -0.011837427504360676, 0.0407036691904068, 0.009088261984288692, -0.019551105797290802, 0.0033296935725957155, 0.00802729744464159, 0.0413709431886673, -0.003516530152410269, 0.006515923421829939, -0.009034879505634308, -0.02073885314166546, -0.0072999694384634495, -0.0027408248279243708, 0.0016122990055009723, 0.007606915198266506, -0.03253624588251114, -0.02089899778366089, 0.004787685815244913, 0.011397027410566807, 0.004484076518565416, -0.005101304035633802, 0.019057324156165123, -0.034377917647361755, 0.03723384812474251, -0.008667879737913609, 0.05765241011977196, 0.014826811850070953, 0.002468910999596119, -0.02084561623632908, -0.0202183797955513, 0.01231786422431469, 0.013879284262657166, 0.03210918977856636, 0.02430209144949913, -0.027705185115337372, -0.01610797643661499, -0.012237791903316975, -0.01604124903678894, 0.00195844704285264, -0.0010509553831070662, -0.03331028297543526, -0.00521807698532939, -0.01004913542419672, 0.005508340895175934, -0.02799878641963005, 0.007553533185273409, 0.01214437372982502, 0.01673521287739277, 0.02452896535396576, -0.0021035789977759123, -0.008260843344032764, 0.01582772098481655, -0.015107066370546818, 0.04062359780073166, 0.003760084742680192, 0.011583863757550716, 0.004220503382384777, 0.011964209377765656, -0.009335152804851532, -0.0032963298726826906, -0.010442826896905899, 0.014813465997576714, 0.014319684356451035, 0.022193508222699165, -0.00520806759595871, -0.0018199877813458443, 0.03237609937787056, 0.013632392510771751, -0.0040336670354008675, -0.03768759220838547, 0.05271458625793457, -0.0006301561952568591, 0.011850773356854916, 0.007800424471497536, -0.008661206811666489, -0.02362147346138954, -0.0031411887612193823, 0.0006664391839876771, -0.015414012596011162, 0.01592114008963108, -0.008707916364073753, -0.0203518345952034, 0.034724898636341095, -0.012958446517586708, 0.03747406601905823, -0.006592659745365381, -0.005004549399018288, 0.015534121543169022, 0.019124051555991173, -0.00828086119145155, 0.0004987867432646453, -0.0071198055520653725, -0.0030177433509379625, 0.006355777848511934, -0.009154989384114742, 0.022006671875715256, -0.015414012596011162, -0.009255080483853817, -0.00417713075876236, 0.015187139622867107, 0.01665514148771763, -0.03621959313750267, -0.02057870663702488, 0.022607218474149704, -0.003656657412648201, 0.018456777557730675, -0.004707613028585911, -0.013705792836844921, -0.00992902647703886, -0.00796724297106266, -0.007933879271149635, -0.027358204126358032, 0.01569426618516445, -0.018737033009529114, 0.0008833030005916953, 0.0060488320887088776, -0.026797693222761154, 0.00021832347556483, -0.005568395368754864, 0.006015468388795853, -0.03170882537961006, -0.022380344569683075, 0.006752805318683386, -0.00984895322471857, 0.03742068260908127, 0.01181073673069477, -0.00404367595911026, -0.00195844704285264, 0.00587867759168148, -0.021139217540621758, 0.004424021579325199, 0.02885289490222931, 0.014252956956624985, -0.018616924062371254, -0.018670305609703064, -0.008507734164595604, -0.008667879737913609, -0.018096450716257095, -0.012424628250300884, 0.0037133756559342146, -0.004924476612359285, -0.0022136790212243795, 0.021179253235459328, -0.022553836926817894, -0.014052774757146835, 0.011650591157376766, 0.01439975667744875, 0.011316954158246517, -0.010449498891830444, 0.00034969288390129805, 0.016948740929365158, 0.006342432461678982, -0.0002721223863773048, 0.007333333138376474, -0.0316554419696331, 0.011116772890090942, 0.008934789337217808, -0.02084561623632908, 0.0009875644464045763, -0.03747406601905823, -0.0022370335645973682, 0.005968759302049875, 0.018283287063241005, -0.0017932968912646174, -0.025916893035173416, -0.034484680742025375, -0.009935698471963406, -0.010943281464278698, 0.00104178034234792, -0.0031161662191152573, 0.010336062870919704, 0.018790414556860924, -0.0033997572027146816, 0.0165617223829031, 0.02834576740860939, -0.00992235355079174, -0.004944494925439358, -0.014893539249897003, 0.00703973276540637, -0.03344373404979706, -0.013412192463874817, 0.023541400209069252, 0.02423536404967308, 0.00800727866590023, -0.02455565519630909, -0.030427660793066025, 0.017282377928495407, -0.03744737431406975, 0.012751592323184013, 0.003251289017498493, 0.021446162834763527, 0.008908097632229328, 0.029253259301185608, -0.003720048349350691, 0.015067029744386673, -0.009535335004329681, 0.004016985185444355, -0.021005762740969658, 0.01435972098261118, 0.01389262918382883, 0.002193660940974951, -0.011917500756680965, -0.013312101364135742, -0.06267030537128448, -0.002762511372566223, 0.03237609937787056, -0.0286660585552454, 0.005034576635807753, 0.04334606975317001, 0.006142250262200832, -0.005705186165869236, -0.0030060659628361464, -0.0027258112095296383, -0.004300576169043779, 0.009602062404155731, 0.03960933908820152, -0.05148680508136749, 0.004764331039041281, -0.0013445556396618485, 0.021045798435807228, 0.012571427971124649, 0.014746738597750664, 0.01201091893017292, 0.005658477079123259, 0.027545040473341942, 0.0038601758424192667, -0.005054594948887825, -0.017282377928495407, -0.005892022978514433, 0.02911980450153351, 0.017616014927625656, 0.011230208911001682, 0.02045859768986702, 0.009488625451922417, 0.001741583226248622, -0.0026991204358637333, 0.026330603286623955, -0.0237415824085474, 0.006946314591914415, 0.017442522570490837, -0.02383500151336193, -0.0029076433274894953, -0.042892325669527054, -0.0026674249675124884, 0.01453321147710085, -0.01646830327808857, 0.003206247929483652, -0.00783378817141056, -0.022220199927687645, 0.022660600021481514, 0.0038902030792087317, -0.03589930012822151, -0.022286927327513695, 0.01636154018342495, -0.030347587540745735, -0.012277827598154545, -0.012558083049952984, 0.021579617634415627, -0.003900212235748768, -0.0013845920329913497, 0.015053684823215008, -0.04387988895177841, -0.010516226291656494, 0.013759174384176731, -0.01636154018342495, -0.003659993875771761, -0.010849863290786743, 0.17594660818576813, -0.0044173491187393665, 0.01674855872988701, 0.015333939343690872, -0.006088868714869022, -0.015520775690674782, 0.014186229556798935, 0.0017232331447303295, -0.001150212250649929, 0.01653503067791462, 0.026864420622587204, -0.017442522570490837, -0.04492083564400673, 0.00593873206526041, 0.008441006764769554, -0.008314224891364574, -0.03928904980421066, -0.022380344569683075, -0.011630573309957981, 0.021939944475889206, 0.012925082817673683, -0.01648164913058281, -0.008814679458737373, 0.004607521928846836, 0.014186229556798935, 0.006959659978747368, -0.00783378817141056, 0.01568092219531536, 0.017922960221767426, 0.022820744663476944, -0.0054582953453063965, -0.01596117578446865, -0.002403851831331849, 0.018830452114343643, -0.015467394143342972, -0.006932969205081463, 0.03221595287322998, -0.037767667323350906, 0.000217906417674385, 0.019511070102453232, -0.012284500524401665, -0.004510767292231321, 0.0009667121339589357, -0.006872914731502533, -0.02762511372566223, -0.017015468329191208, -0.03130846098065376, 0.005268122535198927, -0.035018499940633774, 0.01597452163696289, -0.023661509156227112, -0.0034664846025407314, 0.011777373030781746, 0.019217470660805702, -0.0015497421845793724, -0.003136184299364686, 0.018016377463936806, -0.006349104922264814, 0.03248286247253418, -0.01042280811816454, -0.01654837653040886, 0.014439793303608894, -0.02877282351255417, 0.010669699870049953, -0.011984228156507015, 0.0017966332379728556, -0.02443554624915123, -0.021219288930296898, -0.002056869911029935, 0.011330300010740757, -0.008167424239218235, -0.006939642131328583, -0.015427357517182827, 0.009882316924631596, -0.010663026943802834, -0.009408553130924702, 0.00349317560903728, 0.01676190458238125, 0.012804973870515823, -0.011236881837248802, -0.013225356116890907, -0.003231270704418421, -0.011497118510305882, 0.03744737431406975, -0.010789808817207813, 0.00490112230181694, 0.021713072434067726, -0.0016264786245301366, 0.022660600021481514, -0.021953290328383446, -0.0003943167976103723, -0.004297239705920219, 0.01188413705676794, 0.005811950191855431, -0.0052747949957847595, 0.0023521382827311754, -0.026690930128097534, 0.011623900383710861, -0.019497724249958992, 0.03162875398993492, -0.030534423887729645, 0.037660904228687286, 0.011330300010740757, -0.0024205336812883615, -0.018563542515039444, -0.026891112327575684, 0.0018983924528583884, 0.015280557796359062, 0.012558083049952984, -0.02861267700791359, -0.009094934910535812, -0.02394176460802555, -0.015387321822345257, -0.002760843141004443, 0.022273581475019455, 0.001600621733814478, -0.02053867094218731, -0.023287836462259293, 0.02443554624915123, -0.02448892779648304, 0.008968153037130833, -0.04105065017938614, 0.0056918407790362835, 0.0014062783448025584, 0.003229602472856641, -0.034351225942373276, -0.02358143776655197, 0.006038823164999485, 0.011477099731564522, -0.03963603079319, 0.013665756210684776, 0.012638155370950699, 0.02072550728917122, -0.013999393209815025, 0.01585441268980503, 0.005658477079123259, -0.004827721975743771, -0.013625719584524632, -0.010015771724283695, 0.0019350924994796515, -0.01606794074177742, -0.009542007930576801, 0.017309067770838737, -0.007653624285012484, 0.019124051555991173, -0.009041552431881428, -0.004851076751947403, 0.015067029744386673, -0.012971792370080948, -0.022780708968639374, -0.008694570511579514, -0.030134059488773346, -0.0011919168755412102, -0.015227176249027252, 0.0038168029859662056, 0.012591446749866009, -0.022447071969509125, -0.04716287553310394, 0.00029380875639617443, 0.01566757634282112, -0.03587261214852333, -0.02426205575466156, 0.03587261214852333, -0.026237184181809425, -0.021286016330122948, -0.006796177942305803, -0.16793933510780334, 0.04561480134725571, 0.026117075234651566, -0.00042580373701639473, 0.007707006298005581, 0.013558992184698582, 0.011703972704708576, -0.004157112445682287, -0.03216256946325302, 0.004547467455267906, 0.029600242152810097, -0.026263875886797905, -0.015467394143342972, -0.002657415810972452, -0.006112223025411367, -0.01395935658365488, 0.002477251924574375, 0.013478919863700867, 0.013232029043138027, 0.019818015396595, -0.0018550197128206491, -0.012905064970254898, 0.011904154904186726, 0.0058453138917684555, -0.015387321822345257, 0.010909917764365673, -0.004153775982558727, 0.019818015396595, -0.00729329651221633, -0.0200849249958992, -0.010696390643715858, -0.018576888367533684, 0.031228387728333473, -0.0007965574623085558, -0.01568092219531536, -0.013365483842790127, -0.01620139554142952, -0.010816499590873718, -0.0004854412982240319, 0.015093721449375153, 0.01996481604874134, 0.017495904117822647, -0.012164391577243805, -0.017095541581511497, -0.0050212312489748, 0.03589930012822151, 0.011190172284841537, -0.011023354716598988, 0.01674855872988701, -0.023274490609765053, 0.002607370261102915, -0.025156201794743538, -0.008254170417785645, 0.002480588387697935, -0.006872914731502533, -0.009148316457867622, -0.007253260351717472, 0.0022553836461156607, 0.00703973276540637, -0.03216256946325302, -0.004667576402425766, -0.0014346374664455652, 0.010943281464278698, -0.018696997314691544, -0.022340308874845505, -0.03894206881523132, 0.014800121076405048, 0.03162875398993492, -0.012664846144616604, 0.008647861890494823, 0.0006493402761407197, -0.0010217621456831694, 0.011490445584058762, -0.04812374711036682, 0.013599028810858727, 0.0014488170854747295, -0.005254777148365974, 0.011377008631825447, 0.01439975667744875, -0.01426630187779665, -0.0016314830863848329, 0.04879102110862732, -0.004343948792666197, 0.0329899899661541, -0.012571427971124649, 0.014639975503087044, -0.03197573497891426, 0.017228996381163597, -0.003970276098698378, -0.008754624985158443, 0.005201395135372877, -0.02874613180756569, -0.004824385512620211, -0.029813768342137337, 0.011683954857289791, 0.02789202146232128, -0.007199878338724375, 0.001224446459673345, -0.0040336670354008675, 0.0034698210656642914, 0.021019108593463898, -0.008260843344032764, -0.05359538644552231, 0.021913254633545876, 0.01439975667744875, 0.02494267374277115, -0.02068547159433365, 0.013252046890556812, 0.01993812434375286, 0.013492265716195107, 0.003374734427779913, 0.003419775515794754, 0.02087230794131756, 0.03323020786046982, -0.006239004898816347, 0.026637548580765724, -0.034618135541677475, -0.018189869821071625, -0.003379739122465253, -0.017282377928495407, -0.006926296278834343, 0.025196237489581108, -0.015053684823215008, -0.0018383378628641367, -0.00029130649636499584, -0.014066120609641075, -0.09176342189311981, -0.00599545007571578, 0.01664179563522339, 0.022660600021481514, -0.003139520762488246, 0.0021302697714418173, 0.008561115711927414, 0.003629966638982296, -0.006746132858097553, 0.008254170417785645, -0.004013648722320795, -0.022527145221829414, -0.006422505248337984, -0.014519866555929184, 0.04008977860212326, -0.0028292385395616293, -0.0028726113960146904, -0.02439551055431366, -0.05258113145828247, -0.00028505080263130367, -0.02850591391324997, -0.007420078851282597, -0.010969972237944603, -0.008767970837652683, -0.011090081185102463, -0.023528054356575012, -0.02786533161997795, 0.012151045724749565, 0.03955595940351486, 0.011610554531216621, -0.02024507150053978, -0.015227176249027252, 0.012471336871385574, 0.0020034878980368376, -0.01568092219531536, -0.011637245304882526, -0.017629358917474747, -0.042118288576602936, 0.0285326037555933, -0.017736123874783516, -0.014706702902913094, 0.005761904641985893, 0.0032612979412078857, -0.02043190784752369, -0.0030244160443544388, -0.02911980450153351, 0.005201395135372877, 0.03784773871302605, -0.017909614369273186, -0.007927206344902515, 0.01245131902396679, 0.006155595649033785, 0.012698209844529629, -0.023234454914927483, 0.021486198529601097, -0.006589323282241821, -0.01564088463783264, 0.008260843344032764, -0.01633484847843647, 0.010989991016685963, -0.006792841944843531, 0.022313617169857025, -0.01989808864891529, 0.03624628484249115, 0.029279951006174088, -0.001911737839691341, -0.012538064271211624, 0.005434940569102764, 0.010396117344498634, -0.03613951802253723, 0.018977250903844833, 0.022633908316493034, -0.015440703369677067, -0.0005392401944845915, -0.006712769158184528, -0.003277979791164398, -0.021366089582443237, -0.021873217076063156, 0.0007702835719101131, -0.005671822931617498, -0.030721260234713554, -0.00840764306485653, 0.026730967685580254, -0.018483469262719154, -0.003696693805977702, 0.01632150448858738, 0.004424021579325199, -0.013812556862831116, 0.03533879294991493, -0.05236760526895523, 0.006372459698468447, 0.03557901084423065, 0.05140673369169235, -0.017682740464806557, -0.02016499824821949, 0.023528054356575012, -0.006906278431415558, -0.01012253575026989, -0.029466787353157997, 0.02016499824821949, -0.050365786999464035, -0.018376706168055534, -0.0706242024898529, 0.04884440079331398, 0.009528662078082561, -0.02358143776655197, 4.0766226447885856e-05, -0.00828086119145155, 0.010763118043541908, -0.008874733932316303, 0.004183803219348192, 0.009168334305286407, -0.018763724714517593, 0.027358204126358032, -0.013785865157842636, -0.0020435242913663387, -0.014453139156103134, -0.011303609237074852, 0.0048577492125332355, 0.01042948104441166, 0.021632999181747437, 0.01012253575026989, -0.018390050157904625, -0.02488929219543934, -0.009068243205547333, -0.011550500057637691, -0.04940491169691086, 0.022060053423047066, -0.038194719702005386, 0.00984895322471857, -0.01010251697152853, -0.01633484847843647, 0.006038823164999485, -0.00605884101241827, -0.010969972237944603, 0.050072185695171356, 0.010829845443367958, -0.03715377673506737, 0.0007694494561292231, 0.004157112445682287, 0.02057870663702488, -0.034191083163022995, 0.01024264469742775, -0.025249620899558067, 0.0012161055346950889, 0.00047584925778210163, 0.013659083284437656, 0.005121322348713875, -0.01644161343574524, 0.022433726117014885, 0.02807885967195034, 0.011236881837248802, 0.0029727022629231215, 0.017082195729017258, 0.010282681323587894, -0.02096572518348694, -0.0166951771825552, -0.010696390643715858, -0.0144664840772748, -0.014746738597750664, 0.0011268577072769403, -0.007319987751543522, 0.0289329681545496, 0.0007093948661349714, 0.011023354716598988, -0.004984531085938215, 0.021406125277280807, 0.026410676538944244, -0.015333939343690872, -0.01403942983597517, 0.01434637513011694, -0.0019717924296855927, 0.0040570213459432125, -8.643273758934811e-05, -0.007340006064623594, 0.003946921322494745, 0.0003453139215707779, -0.01693539507687092, 0.006399150472134352, 0.008307551965117455, -0.034991808235645294, 0.01581437699496746, 0.03224264457821846, 0.01565423049032688, -0.013445556163787842, 0.011830754578113556, 0.02874613180756569, -0.010809826664626598, -0.007446769624948502, 0.012111010029911995, 0.018750378862023354, -0.003953594248741865, 0.0011535485973581672, 0.050792839378118515, -0.009868971072137356, 0.017749467864632607, 0.007206551264971495, 0.0048343949019908905, -0.004414012655615807, -0.034484680742025375, -6.964664498809725e-05, 0.007620260585099459, -0.017482560127973557, -0.013532301411032677, 0.015427357517182827, -0.034164391458034515, -0.009114952757954597, 0.02051197923719883, -0.022340308874845505, -0.023234454914927483, -0.03605944663286209, 0.014986957423388958, 0.0031411887612193823, -0.01570761203765869, 0.018109796568751335, 0.029333332553505898, 0.01018259022384882, 0.02455565519630909, -0.017322413623332977, 0.0030127386562526226, -0.027331512421369553, 0.0756954774260521, -0.017202304676175117, 0.004774339962750673, -0.010929935611784458, 0.011857446283102036, 0.029466787353157997, -0.0052481042221188545, -0.003966939635574818, -0.0006105550564825535, 0.002679102122783661, -0.01564088463783264, -0.0020151652861386538, -0.04468061774969101, -0.017415832728147507, -0.018243251368403435, -0.018603578209877014, 0.010989991016685963, -0.0016156353522092104, 0.01608128473162651, 0.03603275492787361, 0.08882741630077362, 0.054102517664432526, -0.008841370232403278, 0.01193751860409975, -0.01415953878313303, 0.03290991857647896, 0.0010009098332375288, -0.010556262917816639, 0.018483469262719154, -0.03589930012822151, -0.030347587540745735, 0.005888686515390873, -0.012671519070863724, -0.025289656594395638, -0.0143330292776227, -0.009074916131794453, -0.005918713752180338, 0.033897481858730316, -0.029413405805826187, -0.009728844277560711, 0.005498331505805254, -0.01644161343574524, 0.018496815115213394, 0.031228387728333473, -0.018376706168055534, -0.011717318557202816, 0.0032329389359802008, -0.009034879505634308, -0.017549287527799606, -0.04404003545641899, -0.003519866382703185, 0.00788049679249525, -0.02871944196522236, -0.02047194354236126, 0.039235666394233704, 0.0009175007580779493, -0.008134061470627785, -0.006245677825063467, 0.018923869356513023, -0.003244616324082017, 0.008721261285245419, 0.034191083163022995, 0.001119350898079574, 0.007246587425470352, -0.017335759475827217, -0.002644070191308856, -0.026410676538944244, -0.013058537617325783, -0.013358810916543007], 'ai_metadata': {'tags': ['construction', 'document'], 'document_type': 'unknown', 'topics': ['ACME_Steel_Beams_Catalog.txt'], 'supplier_mentions': [], 'categories': ['general'], 'summary': '```json\n{\n  "tags": [\n    "AS/NZS 3679.1", \n    "Grade 300", \n    "Universal Beams", \n    "Corrosion Protection", \n    "Hot-dip galvanized", \n    "Fire Rating"\n  ],\n  "document_type": "specification",'}, 'tags': ['steel', 'beams', 'supplier', 'structural'], 'knowledge_bank_type': 'personal', 'upload_timestamp': '2025-08-12T07:38:05.841000', 'status': 'active', 'view_count': 0, 'reference_count': 5, 'storage_path': 'personal_knowledge_bank/demo_user_auto_token/f41f1e30-eb07-4e6e-89e5-276921ac131c/ACME_Steel_Beams_Catalog.txt', 'file_data': 'CiAgICAgICAgICAgIEFDTUUgQ29uc3RydWN0aW9uIE1hdGVyaWFscyAtIFN0ZWVsIEJlYW0gU3BlY2lmaWNhdGlvbnMKICAgICAgICAgICAgCiAgICAgICAgICAgIFByb2R1Y3Q6IFVuaXZlcnNhbCBCZWFtcyAoVUIpIC0gR3JhZGUgMzAwCiAgICAgICAgICAgIFN0YW5kYXJkcyBDb21wbGlhbmNlOiBBUy9OWlMgMzY3OS4xCiAgICAgICAgICAgIAogICAgICAgICAgICBBdmFpbGFibGUgU2l6ZXM6CiAgICAgICAgICAgIC0gMzEwVUI0MC40OiAzMTBtbSBkZWVwLCAxNjVtbSB3aWRlCiAgICAgICAgICAgIC0gMzYwVUI0NC43OiAzNjBtbSBkZWVwLCAxNzBtbSB3aWRlCiAgICAgICAgICAgIC0gNDEwVUI1My43OiA0MTBtbSBkZWVwLCAxNzhtbSB3aWRlCiAgICAgICAgICAgIAogICAgICAgICAgICBGaXJlIFJhdGluZzogVXAgdG8gNCBob3VycyB3aXRoIGFwcHJvcHJpYXRlIHByb3RlY3Rpb24KICAgICAgICAgICAgQ29ycm9zaW9uIFByb3RlY3Rpb246IEhvdC1kaXAgZ2FsdmFuaXplZCBhdmFpbGFibGUKICAgICAgICAgICAgCiAgICAgICAgICAgIENvbnRhY3Q6IHNhbGVzQGFjbWUtc3RlZWwuY29tLmF1CiAgICAgICAgICAgIEFCTjogMTIgMzQ1IDY3OCA5MDEKICAgICAgICAgICAg'}, 'similarity_score': 0.7923732370336607, 'source': 'Personal Knowledge Bank', 'privacy': 'Private to your account'}], 'mentor_note_results': [{'type': 'mentor_note', 'note': {'_id': '689807a45e9515643b4eebf9', 'note_id': '5de67725-a69d-46ec-a529-a66bce3a2cea', 'user_id': 'dev_user_123', 'user_email': 'dev@example.com', 'title': 'Fire Rating Requirements for Steel Structures', 'content': 'When designing steel structures in commercial buildings, fire rating requirements must be considered early in the design process. AS 1530.4 provides the testing methodology for fire resistance, while the BCA specifies minimum requirements based on building classification and height.', 'tags': ['fire-rating', 'steel', 'BCA', 'AS1530', 'construction', 'document'], 'category': 'structural-design', 'attachment_url': None, 'embedding': [-0.0028076001908630133, -0.004995591938495636, -0.0315483883023262, -0.0424431674182415, 0.006034726742655039, -0.015386939980089664, -0.017710471525788307, -0.0184333473443985, 0.01369592547416687, 0.006031499709933996, -0.0008358258055523038, -0.00908113457262516, 0.0065026599913835526, 0.02186700887978077, -0.013812101446092129, 0.0009350599138997495, 0.01573546975851059, 0.02088596299290657, 0.0028608476277440786, -0.003917731810361147, -0.01075924001634121, 0.012127541936933994, -0.017374848946928978, 0.0036401988472789526, -0.008945594541728497, 0.0065575214102864265, 0.013992820866405964, -0.03113531693816185, 0.005686196964234114, 0.007674106862396002, 0.02669479139149189, -0.020950505509972572, -0.009920187294483185, 0.005237626377493143, -0.0030512481462210417, 0.0003156533057335764, -0.008145267143845558, 0.001739421277306974, 0.007493387907743454, -0.014522070065140724, -0.001326348981820047, -0.021324852481484413, 0.00478582875803113, 0.006560748443007469, 0.008145267143845558, -0.008442163467407227, 0.025791196152567863, -0.0025607249699532986, -0.030670611187815666, -0.013592656701803207, 0.021027956157922745, -0.007196492049843073, -0.017697561532258987, -0.014496252872049809, -0.0018136451253667474, 0.0006196083268150687, -0.01749102585017681, 0.006008909549564123, 0.022112270817160606, -0.03526603803038597, -0.01114649511873722, 0.005082724150270224, -0.025817012414336205, 0.0025784741155803204, -0.00821626465767622, -0.027236947789788246, 0.02256406843662262, 0.010597883723676205, -0.01678105816245079, 0.014444618485867977, 0.019040046259760857, 0.030257537961006165, 0.01914331503212452, 0.02434544265270233, 0.036763425916433334, -0.004585746675729752, 0.02228008210659027, -0.02839871309697628, 0.01059142965823412, -0.02190573513507843, -0.0030899737030267715, -0.012101724743843079, -0.0029786378145217896, 0.02628171816468239, -0.0075837476179003716, 0.0147286057472229, -0.0013812101678922772, -0.0018362350529059768, -0.007900006137788296, 0.007403028197586536, -0.018562432378530502, 0.008622881956398487, 0.01130139734596014, 0.010087997652590275, -0.02162174880504608, -0.019608020782470703, 0.008648699149489403, 0.005321531556546688, 0.014328441582620144, -0.00024263958039227873, 0.004008091054856777, 0.0018281672382727265, -0.02024053782224655, 0.002981864847242832, 0.0027123999316245317, -0.015929097309708595, 0.003940321505069733, -0.008125904947519302, -0.007461116649210453, -0.02974119782447815, -0.032710153609514236, 0.014096088707447052, -0.003517567878589034, -0.00904886331409216, 0.00926185306161642, 0.022163905203342438, 0.011921005323529243, -0.002400982193648815, -0.001060111098922789, -0.00822917278856039, 0.0020637474954128265, -0.0052021280862390995, 0.02089887112379074, 0.01028162520378828, 0.026849692687392235, -0.004395346622914076, -0.024526162073016167, -0.012921415269374847, -0.007435299456119537, -0.019969459623098373, 0.00889396108686924, 0.009068225510418415, 0.012598701752722263, -0.008409892208874226, -0.009545840322971344, 0.02262861095368862, -0.007983910851180553, 0.040222905576229095, -0.04280460625886917, -0.031057866290211678, 0.0019653202034533024, 0.0023638701532036066, -0.024203449487686157, -0.01610981673002243, -0.011036773212254047, -0.016832692548632622, 0.018407529219985008, 0.01812354288995266, -0.01747811771929264, -0.017258672043681145, -0.030205905437469482, 0.00853252224624157, 0.007628927007317543, 0.008829418569803238, -0.014741513878107071, 0.022499525919556618, -0.018059000372886658, 0.018652791157364845, -0.012940777465701103, -0.03593728318810463, 0.04391473904252052, 0.0067059691064059734, 0.006063770968466997, 0.006163811776787043, 0.002368710935115814, 0.006951230578124523, 0.0076999240554869175, -0.008171084336936474, 0.002418731339275837, -0.009952458553016186, 0.010307442396879196, 0.03082551248371601, -0.02777910605072975, 0.011753194965422153, 0.013173130340874195, 0.02122158370912075, 0.02222844772040844, 0.016639064997434616, 0.013463571667671204, -0.005621654447168112, -0.005886279046535492, -0.005637790076434612, 0.038880422711372375, 0.029586296528577805, -0.032348718494176865, 0.04143630713224411, 0.02228008210659027, 0.00419849157333374, 0.02287387289106846, -0.031238585710525513, 0.008429254405200481, 0.005653925705701113, -0.01265679020434618, -0.005098859779536724, -0.6476972103118896, -0.030541526153683662, 0.0026333353016525507, -0.0410490483045578, 0.0006280795205384493, 0.0036047003231942654, 0.031625840812921524, -0.01044943556189537, -0.0055926102213561535, -0.0016684244619682431, 0.023054592311382294, 0.010242899879813194, 0.0005679742898792028, -0.012463162653148174, -0.0161227248609066, -0.016497071832418442, 0.014651155099272728, -0.005860461853444576, 0.012056545354425907, 0.013056954368948936, -0.011862916871905327, 0.024461619555950165, -0.038518983870744705, -0.027624202892184258, 0.016574522480368614, -0.012256626971065998, 0.001765238237567246, -0.026798058301210403, 0.0233127623796463, -0.012463162653148174, -0.010068634524941444, 0.018898053094744682, 0.025752469897270203, 0.026191359385848045, 0.04099741578102112, -0.00023880736262071878, -0.002307395450770855, 0.021828284487128258, 0.049078140407800674, 0.011540204286575317, -0.008881052024662495, 0.00736430287361145, 0.04032617434859276, 0.021053774282336235, -0.006221900228410959, 0.026410803198814392, 0.032013095915317535, -0.0018943232716992497, 0.02020181156694889, -0.028192177414894104, -0.009281216189265251, 0.01044943556189537, -0.0147286057472229, 0.008784238249063492, 0.02637207880616188, -0.007215855177491903, 0.02468106336891651, 0.009126313962042332, -0.03172910958528519, 0.0014296170556917787, 0.021363578736782074, -0.00941675528883934, 0.015864554792642593, -0.036995779722929, -0.02327403612434864, -0.00487941550090909, -0.015412756241858006, 0.00853897724300623, 0.007435299456119537, 0.011191675439476967, -0.003398164175450802, 0.02497795969247818, 0.006835054140537977, 0.0021363578271120787, 0.008035545237362385, 0.017710471525788307, 0.014973867684602737, -0.001212592818774283, 0.014599520713090897, 0.012611610814929008, 0.012159813195466995, 0.00717712938785553, -0.01742648333311081, -0.009113405831158161, -0.014457526616752148, -0.01603236421942711, -0.010830236598849297, -0.021002139896154404, 0.02845034748315811, 0.00939739216119051, 0.0194789357483387, -0.02055034227669239, -0.0024994094856083393, -0.03190982714295387, -0.008803601376712322, 0.011030318215489388, 0.01264388207346201, -0.022693153470754623, 0.010726968757808208, -0.00033078048727475107, -0.028631066903471947, -0.01712958700954914, -0.016561614349484444, -0.0013384507037699223, 0.012521251104772091, -0.010914142243564129, 0.00753211323171854, -0.0027430576737970114, 0.023015866056084633, -0.010397802107036114, 0.0023106227163225412, -0.006764057092368603, -0.03345884755253792, -0.02256406843662262, -0.0017620110884308815, -0.023390213027596474, 0.02459070459008217, 0.013657200150191784, -0.00019282080756966025, 0.009694288484752178, 0.0010141244856640697, 0.014250990934669971, 0.021686291322112083, -0.028527798131108284, -0.023506389930844307, 0.04918140918016434, -0.008048453368246555, 0.0053731659427285194, 0.007900006137788296, 0.00035740426392294466, 0.00870678760111332, 0.0077321953140199184, 0.018007365986704826, -0.009836281649768353, -0.004285624250769615, 0.0053699384443461895, -0.0014191289665177464, -0.027520935982465744, 0.02296423353254795, -0.02120867557823658, -0.023390213027596474, -0.006828600075095892, 0.0019572521559894085, 0.0005417538923211396, -0.0336395688354969, 0.00337234721519053, -0.04458598047494888, 0.021996093913912773, 0.00039310436113737524, 0.019646747037768364, -0.03276178985834122, -0.0011770944111049175, 0.0020621339790523052, 0.0030754515901207924, -0.003478842554613948, -0.007803191896528006, 0.023416031152009964, -0.02022762969136238, 0.019659655168652534, -0.007628927007317543, -0.017581386491656303, -0.0023590296041220427, -0.021079590544104576, 0.0033239403273910284, 0.00294798007234931, -0.004340485204011202, 0.019750013947486877, 0.008590610697865486, -0.016613246873021126, -0.024539070203900337, -0.0007966968696564436, -0.012689061462879181, 0.0036853784695267677, 0.015128768980503082, -0.0018071908270940185, 0.01301822904497385, -0.012088816612958908, -0.008242080919444561, -0.0026720608584582806, -0.007164220791310072, 0.0023913008626550436, 0.015270763076841831, -0.008939140476286411, 0.022486617788672447, 0.004950412083417177, 0.04716768115758896, -0.00037938906461931765, -0.0009947618236765265, -0.017542660236358643, 0.011785466223955154, -0.019298216328024864, 0.017336124554276466, 0.015503115952014923, 0.012069453485310078, 0.007332031615078449, -0.0034627069253474474, -0.006609155330806971, -0.010320350527763367, -0.014973867684602737, -0.004217854235321283, 0.0003499415470287204, -0.005857234820723534, 0.027908191084861755, -0.014315533451735973, 0.022021912038326263, -0.005037544760853052, 0.017710471525788307, -0.011230400763452053, 0.044689249247312546, 0.01576128602027893, 0.00042598071740940213, -0.013244127854704857, -0.01081087440252304, -0.0157741941511631, -0.014870598912239075, 0.011411119252443314, 0.005173083860427141, 0.029173225164413452, -0.008267898112535477, -0.030928781256079674, 0.028140543028712273, 0.015193311497569084, 0.027211131528019905, 0.016509979963302612, -0.006789874285459518, -0.0042598070576786995, 0.026488255709409714, 0.014147723093628883, 0.008300169371068478, -0.004808418452739716, -0.002000818494707346, 0.008300169371068478, 0.013889553025364876, -0.002346121007576585, 0.03968074917793274, 0.03005100227892399, 0.03562747687101364, -0.01879478432238102, 0.01195973064750433, 0.007525659166276455, 0.02772747166454792, 0.009520023129880428, 0.018730241805315018, -0.008648699149489403, 0.04066179320216179, 0.0321163646876812, 0.026798058301210403, 0.03252943605184555, -0.00175232975743711, 0.0031109501142054796, 0.0035014322493225336, -0.004492160398513079, -0.02193155139684677, 0.004304986912757158, 0.026539888232946396, 0.012785875238478184, 0.026798058301210403, 0.023028776049613953, 0.006125086452811956, -0.0006551066762767732, 0.0008342122309841216, 0.0023122362326830626, 0.035420943051576614, -0.009029500186443329, 0.027262765914201736, 0.0038080094382166862, -0.03456898033618927, 0.0014320374466478825, 0.012172721326351166, -0.012269535101950169, -0.01111422386020422, 0.003340075956657529, 0.007467570714652538, -0.003656334476545453, 0.003106109332293272, 0.013889553025364876, -0.0002511107886675745, 0.032322898507118225, 0.016845600679516792, 0.0028205085545778275, 0.013076316565275192, -0.013005319982767105, 0.01319894753396511, 0.015244945883750916, 0.0017894416814669967, -0.01489641610532999, 0.0018927097553387284, 0.00821626465767622, -0.020356714725494385, 0.03255525231361389, 0.012669699266552925, -0.00960392877459526, -0.012553522363305092, 0.009752376936376095, -0.00478582875803113, 0.014522070065140724, 0.0028818240389227867, -0.05483533442020416, -0.015477298758924007, -0.005324759054929018, 0.007138404063880444, -0.006764057092368603, 0.012766513042151928, -0.016509979963302612, 0.03585983067750931, 0.006231581326574087, 0.012295352295041084, 0.01126912608742714, 0.011533750221133232, -0.0018604384968057275, 0.015993639826774597, 0.010552704334259033, -0.0017749195685610175, 0.01643252931535244, 0.03552420809864998, -0.010707605630159378, 0.004605109803378582, -0.018304262310266495, 0.037512119859457016, -0.006628517992794514, 0.0008576089167036116, 0.013553931377828121, -0.013295761309564114, 0.009868552908301353, 0.06289024651050568, 0.004340485204011202, 0.010042818263173103, 0.006815691478550434, 0.006338076665997505, -0.010991592891514301, -0.044663432985544205, -0.0062799882143735886, 0.018252627924084663, 0.0006280795205384493, -0.01878187619149685, -0.00452120415866375, 0.008171084336936474, 0.01848498173058033, 0.011927459388971329, 0.02736603282392025, 0.008293715305626392, -0.030902964994311333, -0.0006010523065924644, -0.008119450882077217, -0.03175492584705353, 0.004779374692589045, 0.04856180027127266, 0.018975503742694855, 0.005753966514021158, -0.014302625320851803, 0.0001857614697655663, 0.010720514692366123, 0.004434071946889162, -0.022034820169210434, 0.010817328467965126, 0.01946602761745453, -0.0016458345344290137, 0.025197403505444527, 0.010326804593205452, 0.010739876888692379, 0.013147314079105854, -0.015141678042709827, -0.0001688190532149747, -0.007409482728689909, 0.03240035101771355, -0.008952049538493156, 0.006350985262542963, 0.011727377772331238, 0.016019456088542938, -0.014586612582206726, 0.006183174438774586, 0.020976323634386063, -0.010029909200966358, 0.024435803294181824, 0.02017599530518055, 0.007041590288281441, -0.013502297922968864, -0.00563456304371357, 0.007015773095190525, -0.023506389930844307, -0.0005542589933611453, -0.003720876993611455, 0.010520433075726032, -0.021634656935930252, -0.027804922312498093, -0.01911749877035618, 0.004250125493854284, 0.005947594065219164, -0.04079087823629379, -0.017723379656672478, -0.007641835603863001, 0.007551476359367371, -0.02469397336244583, -0.012282444164156914, 0.013515206053853035, -0.022848056629300117, -0.012902052141726017, 0.026165543124079704, 0.022512435913085938, -0.019659655168652534, 0.01024935394525528, -0.00908113457262516, -0.0046728793531656265, 0.010739876888692379, -0.008835872635245323, -0.012714878655970097, -0.020640701055526733, -0.0383898988366127, -0.004837462678551674, 0.044301994144916534, -0.01816226914525032, -0.010920596309006214, 0.004960093647241592, 0.015567658469080925, -0.01883351057767868, 0.002839871449396014, 0.00709967827424407, -0.0046212454326450825, 0.04391473904252052, 0.006076679565012455, -0.01369592547416687, 0.014844782650470734, 0.005966957192867994, -0.028243811801075935, -0.0022267173044383526, -0.00019715726375579834, -0.0027511254884302616, -0.023441847413778305, 0.005960502661764622, -0.009487751871347427, -0.0016256649978458881, 0.002112154383212328, -0.004330803640186787, 0.003595018992200494, 0.007951639592647552, -0.022163905203342438, 0.011443390510976315, 0.005208582151681185, -0.017904099076986313, 0.046083368360996246, -0.0012198538752272725, 0.011056135408580303, 0.01671651564538479, -0.00890686921775341, 0.0195434782654047, -0.04133303835988045, 0.03082551248371601, 0.03929349407553673, -0.016213083639740944, 0.009410301223397255, -0.002094405237585306, -0.01985328271985054, -0.014238082803785801, -0.01674233190715313, -0.007157766725867987, 0.029534662142395973, 0.016910143196582794, -0.0321163646876812, -0.03348466381430626, -0.022060636430978775, -0.01028162520378828, -0.002236398635432124, -0.025494299829006195, 0.02151848003268242, -0.02526194602251053, 0.03172910958528519, -0.007235217839479446, 0.011837100610136986, 0.004747102968394756, -0.028889236971735954, -0.021647565066814423, 0.023002957925200462, -0.012689061462879181, 0.026565706357359886, -0.027262765914201736, 0.0222671739757061, -0.008429254405200481, 0.019659655168652534, -0.012243717908859253, -0.030257537961006165, 0.014612428843975067, -0.03074806183576584, 0.036040548235177994, 0.021105408668518066, 0.017917007207870483, -0.0015942004974931479, 0.02024053782224655, 0.0026720608584582806, -0.0010084770619869232, 0.012314715422689915, -0.016148541122674942, -0.006047635339200497, -0.020589066669344902, -0.00487941550090909, 0.0256879273802042, 0.005773329641669989, -0.01746520958840847, -0.010300988331437111, 0.026462437584996223, 0.021428121253848076, -0.006460707634687424, -0.0060928151942789555, -0.04135885462164879, -0.010165448300540447, -0.002058906713500619, 0.01674233190715313, -0.0003983484348282218, 0.002173469867557287, -0.031032050028443336, -0.0020508388988673687, 0.019285308197140694, -0.016845600679516792, -0.00020774627046193928, 0.00014229610678739846, 0.02428090013563633, -0.01851079799234867, 0.0029495935887098312, -0.0171037707477808, 0.051169317215681076, 0.0032836012542247772, -0.012914960272610188, -0.032968323677778244, -0.02363547496497631, -0.00529571482911706, 0.006383256521075964, 0.01953057013452053, 0.013592656701803207, -0.02808891050517559, -0.012747149914503098, 0.008932686410844326, -0.008958503603935242, -0.006470388732850552, 0.009952458553016186, -0.0006321134278550744, -0.011830645613372326, -0.02287387289106846, 0.007512750569730997, -0.005379620008170605, 0.002205741126090288, 0.01671651564538479, 0.005553884897381067, 0.04610918462276459, -0.01643252931535244, 0.006125086452811956, 0.024397077038884163, -0.030928781256079674, 0.027598386630415916, -0.0036369715817272663, 0.011081952601671219, -0.015296580269932747, 0.01707795448601246, -0.021608838811516762, -2.1152805857127532e-05, 0.002836644183844328, -0.0072868517599999905, 0.02398400567471981, 0.01882060244679451, -0.0023977551609277725, 0.006347757764160633, 0.005056907422840595, 0.0430111438035965, 0.010875416919589043, -0.020769786089658737, 0.031316034495830536, 0.009565203450620174, 0.00555711193010211, -0.011992002837359905, 0.015464390628039837, -0.032038912177085876, -0.0030044547747820616, 0.001857211347669363, -0.03012845292687416, 0.006160584744066, -0.008293715305626392, -0.008338894695043564, 0.035808198153972626, -0.015606383793056011, 0.014457526616752148, 0.0184978898614645, -0.008700333535671234, 0.03934512659907341, -0.011527296155691147, 0.008526068180799484, -0.00264785741455853, 0.028811786323785782, 0.03172910958528519, 0.012540614232420921, -0.028837602585554123, -0.0009390938212163746, 0.013282853178679943, -0.0161227248609066, -0.0045341127552092075, 0.0020508388988673687, 0.027236947789788246, -0.008751966990530491, -0.022848056629300117, -0.004434071946889162, 0.011256217956542969, 0.021273218095302582, 0.01613563299179077, -0.011598292738199234, 0.002205741126090288, -0.012101724743843079, -0.025068318471312523, -0.012701970525085926, -0.006025045178830624, -0.015980731695890427, -0.009494205936789513, 0.003778965212404728, -0.007990365847945213, 0.01489641610532999, -0.014444618485867977, 0.002705945633351803, -0.020395439118146896, -0.010042818263173103, 0.004066179506480694, -0.036815058439970016, 0.009720105677843094, 0.01213399600237608, 0.0002805583062581718, 0.008900415152311325, 0.019259491935372353, -0.05101441591978073, 0.004782601725310087, -0.00403068121522665, 0.02264152094721794, -0.02260279469192028, 0.013173130340874195, -0.006951230578124523, -0.012204992584884167, 0.023054592311382294, -0.012618064880371094, -0.021479753777384758, -0.04337258264422417, 0.0017152178334072232, 0.00872615072876215, -0.017568476498126984, -0.009565203450620174, 0.00020139287516940385, -0.001486898516304791, 0.011940368451178074, -0.014328441582620144, -0.010849599726498127, 0.013411938212811947, 0.007525659166276455, 0.0035788833629339933, 0.046005915850400925, -0.02531358040869236, 0.011540204286575317, 0.0030754515901207924, 0.007048044353723526, -0.027598386630415916, -0.006996410433202982, 3.756576916202903e-05, 0.005786237772554159, -0.018213901668787003, -0.020589066669344902, -0.022021912038326263, -0.018149359151721, 0.0043114409781992435, -0.0037886465433984995, 0.014935141429305077, 0.001353779574856162, -0.01639380306005478, -0.006409073248505592, -0.020937597379088402, -0.002054066164419055, 0.027572570368647575, -0.03263270482420921, -0.014689880423247814, 0.0017716925358399749, -0.01680687442421913, -0.05297651141881943, -0.024164723232388496, 0.019982367753982544, 0.040868330746889114, 0.00821626465767622, -0.013579748570919037, 0.0071190414018929005, 0.008939140476286411, -0.061031416058540344, 0.009035954251885414, -0.02116995118558407, 0.007770920637995005, 0.018639883026480675, 0.01576128602027893, -0.016703607514500618, 0.04200427979230881, -0.007603110279887915, -0.0033820285461843014, -0.0051504941657185555, 0.0042081731371581554, -0.010630154982209206, -0.006989956367760897, 0.03766702115535736, -0.00693186791613698, -0.035472575575113297, -0.022112270817160606, 0.03632453829050064, -0.012198538519442081, -0.013424846343696117, -0.0009463548776693642, -0.01077214814722538, 0.014108997769653797, 0.020989231765270233, -0.0012109793024137616, 0.012760058045387268, 0.008067816495895386, 0.002238012384623289, -0.03214218094944954, 0.0006522829644382, 0.014134814031422138, 0.013257035985589027, 0.013295761309564114, -0.011798374354839325, 0.005511932075023651, -0.000657527067232877, -0.005247307941317558, 0.018614066764712334, -0.00943611841648817, -0.006099269259721041, -0.02327403612434864, -0.005834644660353661, 0.0080290911719203, 0.009442572481930256, 0.016587430611252785, -0.002007272792980075, 0.007344940211623907, 0.0007809646194800735, 0.0073384856805205345, -0.01559347566217184, -0.0005082724383100867, -0.0037434669211506844, -0.01573546975851059, -0.005482887849211693, -0.024461619555950165, 0.004172674845904112, 0.035446759313344955, -0.004301759880036116, -0.014328441582620144, -0.024461619555950165, -0.018936779350042343, 0.022654429078102112, 0.0063445307314395905, 0.01488350797444582, -0.0011916165240108967, -0.0006091201212257147, -0.03007682040333748, -0.002300941152498126, -0.011462753638625145, -0.0030044547747820616, 0.002878597006201744, -0.011882279999554157, 0.012895598076283932, -0.02468106336891651, 0.014225173741579056, 0.002831803634762764, 0.015890371054410934, -0.01418644841760397, 0.006299350876361132, 0.17586548626422882, 0.008435708470642567, -0.0012246945407241583, 0.02912159077823162, -0.02533939853310585, -0.014831873588263988, -0.009339304640889168, 0.02021472156047821, -0.0013061794452369213, 0.033717017620801926, -0.0017991230124607682, -0.01644543744623661, -0.02391946129500866, 0.011992002837359905, -0.007803191896528006, 0.013399029150605202, -0.034801334142684937, 0.0072029465809464455, -0.03113531693816185, 0.03650525584816933, 0.032348718494176865, -0.01387664396315813, -0.0020685880444943905, -0.00410490483045578, 0.029973551630973816, 0.014134814031422138, 0.022680245339870453, 0.020589066669344902, 0.02598482370376587, 0.014070271514356136, 0.0033207132946699858, -0.019595112651586533, 0.005566793493926525, -0.013954095542430878, -0.03622126951813698, -0.005618427414447069, 0.015954913571476936, -0.021453937515616417, 0.00020552762725856155, 0.007654744200408459, -0.004243671428412199, -0.009984729811549187, -0.006054089404642582, -0.015102952718734741, -0.012204992584884167, -0.014651155099272728, -0.041591208428144455, 0.010494615882635117, -0.02288678102195263, -0.0014409120194613934, -0.03890623897314072, -0.006828600075095892, 0.007809646427631378, 0.010707605630159378, 0.02672060765326023, 0.005002046003937721, 0.006609155330806971, -0.015567658469080925, 0.0032142181880772114, -0.0039209588430821896, -0.007396574132144451, 0.0043759834952652454, -0.040919963270425797, 0.019982367753982544, -0.021815376356244087, -0.009713650681078434, -0.017917007207870483, 0.01884641870856285, -0.003375574480742216, 0.012579339556396008, -0.028605250641703606, -0.0024058229755610228, -0.027211131528019905, -0.003930640406906605, -0.010488161817193031, -0.00376605661585927, 0.025094136595726013, 0.0009052089881151915, 0.014057363383471966, 0.01818808540701866, -0.030877146869897842, -0.013967003673315048, -0.005670061334967613, 0.033045776188373566, -0.003946776036173105, -0.007816100493073463, 0.024900509044528008, -0.0028995731845498085, -0.010255808010697365, -0.015438573434948921, 0.003296509850770235, 0.0017733060522004962, -0.010430073365569115, 0.0011553113581612706, -0.0038531890604645014, -0.00760956434533, -0.009997637942433357, 0.0242292657494545, -0.0004626892623491585, 0.015903279185295105, -0.03309740871191025, 0.06521377712488174, 0.0256879273802042, -0.020731061697006226, -0.010643063113093376, 0.0009003683226183057, -0.01679396629333496, 0.019659655168652534, 0.009339304640889168, -0.00048043846618384123, -0.021453937515616417, -0.020034002140164375, -0.017349032685160637, -0.02734021656215191, -0.0017926688306033611, -0.011527296155691147, -0.01044943556189537, -0.03322649374604225, 0.014470435678958893, -0.04685787856578827, -0.02394527941942215, -0.008687424473464489, 0.015451482497155666, 0.011307851411402225, -0.017620110884308815, -0.012908506207168102, -0.019091680645942688, 0.005566793493926525, 0.02390655316412449, -0.046393170952796936, -0.0006659982609562576, -0.008558339439332485, -0.02217681333422661, -0.011191675439476967, -0.010004092007875443, 0.013760467991232872, 0.010862507857382298, -0.029612112790346146, -0.004982683341950178, 0.004001636989414692, 0.010158994235098362, -0.030670611187815666, 0.014534978196024895, 0.008609973825514317, 0.0030899737030267715, 0.0060379537753760815, -0.008506705984473228, 0.0012561590410768986, -0.005256989039480686, 0.004750330466777086, -0.011140041053295135, -0.025855738669633865, 0.00041992985643446445, -0.017904099076986313, -0.004211400169879198, -0.02496505156159401, 0.004098450765013695, -0.04690951108932495, 0.008952049538493156, -0.002486501121893525, -0.024177633225917816, 0.014676971361041069, 0.021725015714764595, -0.0065575214102864265, 0.0011303010396659374, 0.005466752219945192, -0.16089162230491638, 0.030618976801633835, 0.03557584434747696, 0.0004929435672238469, 0.03890623897314072, 0.008112995885312557, -0.0017749195685610175, 0.008325986564159393, -0.023093318566679955, 0.02155720628798008, 0.017658837139606476, -0.025236129760742188, -0.0090746795758605, 0.0030431803315877914, -0.01521912869066, -0.0055603389628231525, -0.0018362350529059768, 0.017555568367242813, 0.021299036219716072, 0.012011365033686161, 0.0038596433587372303, -0.0104365274310112, -0.0025203858967870474, -0.024745605885982513, -0.010830236598849297, -0.005231172312051058, -0.030231721699237823, -0.00015984360652510077, -0.004511523060500622, -0.011372393928468227, -0.022034820169210434, 0.0020459983497858047, 0.023119134828448296, -0.012689061462879181, -0.0037434669211506844, -0.023777468129992485, -0.020627792924642563, -0.014625337906181812, -0.038467347621917725, 0.03831244632601738, 0.012527705170214176, 0.007344940211623907, -0.021983185783028603, -0.007603110279887915, -0.0007345746853388846, 0.019401485100388527, 0.032968323677778244, 0.0007309441571123898, 0.006247716955840588, -0.023880736902356148, -0.00990727823227644, -0.022150997072458267, -0.0020879509393125772, 0.004553475417196751, -0.010513978078961372, -0.01370883360505104, -0.03221963346004486, 0.03172910958528519, 0.005692651495337486, -0.0090424083173275, -0.001212592818774283, -0.007777375169098377, 0.03152257204055786, -0.0039855013601481915, -0.007319123018532991, -0.020950505509972572, 0.0036111546214669943, 0.014341350644826889, -0.009132768027484417, -0.01707795448601246, 0.013954095542430878, -0.023338578641414642, 0.0073707569390535355, -0.03702159598469734, 0.0050956327468156815, 0.014483343809843063, -0.0026446301490068436, 0.011992002837359905, 0.022409167140722275, -0.01578710414469242, 0.008429254405200481, 0.039887282997369766, -0.019620928913354874, -0.006609155330806971, -0.007461116649210453, 0.027469301596283913, 0.017620110884308815, 0.012818146497011185, -0.032658521085977554, 0.008945594541728497, 0.02533939853310585, -0.02466815523803234, -0.02326112799346447, -0.010610791854560375, 0.004250125493854284, 0.024409985169768333, 0.007228763308376074, -0.015967821702361107, -0.004062952473759651, 0.00454056728631258, 0.012056545354425907, -0.016535796225070953, -0.046393170952796936, 0.008235626854002476, 0.013915370218455791, 0.025933189317584038, -0.02159593068063259, 0.006867325399070978, 0.029250675812363625, -0.00013090032734908164, 0.012850417755544186, 0.005298941861838102, 0.024358350783586502, 0.016651973128318787, 0.010294533334672451, 0.001409447519108653, -0.005224717780947685, -0.013115042820572853, -0.02155720628798008, -0.007816100493073463, 0.016277626156806946, 0.013528114184737206, -0.004379210993647575, 0.004385665059089661, -0.005918550305068493, -0.006899596657603979, -0.10197719931602478, -0.0315483883023262, 0.01607109047472477, 0.023170769214630127, 0.01782664656639099, -0.019052956253290176, -0.01216626726090908, 0.03012845292687416, -0.003223899519070983, 0.008577702566981316, 0.004201718606054783, -0.02571374550461769, 0.00589596014469862, -0.0075837476179003716, 0.027546752244234085, -0.006957685109227896, 0.013411938212811947, 0.0017862145323306322, -0.007525659166276455, 0.01286332681775093, -0.000522794493008405, -0.035420943051576614, -0.013747558929026127, -0.006712423171848059, -0.009352212771773338, -0.003446571296080947, -0.023764559999108315, -0.0006692253518849611, 0.007525659166276455, 0.0034046184737235308, -0.017929915338754654, -0.0002466735022608191, 0.015916189178824425, 0.018355896696448326, -0.014341350644826889, -0.02088596299290657, -0.011172312311828136, -0.03733139857649803, 0.023119134828448296, -0.003785419510677457, -0.00760956434533, 0.005741058383136988, 0.012050090357661247, -0.010346167720854282, 0.01521912869066, -0.0184978898614645, -0.018381712958216667, 0.018652791157364845, 0.007041590288281441, -0.027288582175970078, -0.0009826601017266512, -0.02083432860672474, 0.008164630271494389, -0.026823876425623894, 0.012217901647090912, -0.023351488634943962, 0.007758012507110834, 0.025171587243676186, -0.010397802107036114, -0.0017668517539277673, 0.02256406843662262, 0.015606383793056011, 0.008371165953576565, 0.013476480729877949, 0.018601156771183014, -0.007906460203230381, -0.01146920770406723, -0.00029951767646707594, 0.01914331503212452, -0.04938794672489166, 0.011075498536229134, 0.0003348143945913762, -0.02362256683409214, -0.009900824166834354, -0.024384168907999992, -0.008816509507596493, -0.035085320472717285, -0.020666519179940224, -0.023144951090216637, -0.013528114184737206, -0.002292873337864876, -0.015090043656527996, 0.02976701594889164, -0.01316667627543211, 0.027288582175970078, 0.023196585476398468, -0.013799193315207958, -0.015180403366684914, 0.03493041917681694, -0.04388892278075218, 0.003288442036136985, 0.020808512344956398, 0.024164723232388496, 0.008054908365011215, -0.02253825217485428, 0.021118316799402237, 0.0023880735971033573, -0.01883351057767868, -0.03451734408736229, 0.020950505509972572, -0.03906114026904106, -0.0019056182354688644, -0.05509350448846817, 0.01610981673002243, 0.014664063230156898, -0.022667337208986282, 0.002896346151828766, 0.00973946787416935, 0.013295761309564114, -0.006847962737083435, 0.011424028314650059, 0.008087179623544216, -0.02397109568119049, 0.016161449253559113, -0.003720876993611455, -0.016484161838889122, -0.01265679020434618, 0.00921667367219925, 0.006609155330806971, -0.007041590288281441, 0.01077214814722538, -0.008190447464585304, -0.028915053233504295, -0.002544589340686798, 0.0021557204890996218, -0.004469570238143206, -0.029560480266809464, 0.017904099076986313, -0.02912159077823162, 0.011766103096306324, -0.02845034748315811, -0.009152131155133247, 0.018342986702919006, -0.008254989981651306, -0.014418801292777061, 0.007196492049843073, -0.028192177414894104, -0.042598072439432144, -0.017400667071342468, 0.03005100227892399, 0.028605250641703606, -0.029328126460313797, 0.01130139734596014, -0.027985641732811928, 0.004337258171290159, -0.031341854482889175, 0.004579292610287666, -0.006034726742655039, -0.025739561766386032, 0.0019459573086351156, 0.01435425877571106, 0.0067576030269265175, 0.005628108978271484, 0.018200993537902832, 0.0019588659051805735, -0.0043985736556351185, -0.01230180636048317, -0.008190447464585304, -0.01520622055977583, -0.012760058045387268, -0.001699082087725401, -0.038880422711372375, 0.04210754856467247, 0.007312668953090906, 0.022473709657788277, -0.004827781580388546, 0.020085636526346207, 0.006357439327985048, -0.014134814031422138, 0.014973867684602737, 0.005098859779536724, -0.01580001227557659, 2.0686386051238514e-05, 0.013257035985589027, 0.004201718606054783, 0.015361122786998749, -0.02017599530518055, -0.0015094884438440204, -0.006509114522486925, 0.014212265610694885, -0.012992411851882935, 0.025752469897270203, 0.029147407039999962, -0.011617655865848064, -0.022460801526904106, 0.033355578780174255, 0.027572570368647575, 0.008751966990530491, -0.007809646427631378, 0.011682198382914066, 0.000583706540055573, -0.011430482380092144, -0.00435339380055666, 0.014909325167536736, 0.001954025123268366, 0.01578710414469242, 0.030670611187815666, 0.012127541936933994, -0.018200993537902832, -0.01250188797712326, 0.01435425877571106, 0.013644291087985039, -0.007925823330879211, -0.0028221223037689924, -0.009875006973743439, -0.011585384607315063, -0.03663434088230133, 0.009868552908301353, -0.0053699384443461895, -0.012566430494189262, -0.036143817007541656, 0.02355802431702614, -0.005724922753870487, 0.011921005323529243, 0.012217901647090912, -0.0020104998257011175, 0.004592201206833124, 0.007706378120929003, -0.008448617532849312, 0.012785875238478184, -0.007196492049843073, 0.01639380306005478, -0.010158994235098362, 0.000359824625775218, -0.0031625840347260237, 0.00804199930280447, 0.006447799038141966, 0.030618976801633835, -0.00779673783108592, -0.013360303826630116, -0.0032222860027104616, -0.029534662142395973, 0.025378122925758362, 0.0033174860291182995, -0.01910458877682686, -0.003459479659795761, -0.008500250987708569, -0.0037821922451257706, -0.010010547004640102, 0.0009439345449209213, -0.008945594541728497, 0.05499023571610451, 0.049103956669569016, 0.002628494519740343, -0.01109486073255539, -0.004133949056267738, 0.016303444281220436, 0.0038564163260161877, -0.008900415152311325, 0.024487435817718506, -0.03113531693816185, 0.02633335255086422, 0.006470388732850552, -0.013044045306742191, -0.030231721699237823, -0.021815376356244087, -0.0052537620067596436, -0.00625417148694396, 0.02390655316412449, 0.008835872635245323, 0.005050452891737223, 0.00693186791613698, -0.021996093913912773, 0.044611796736717224, 0.02461652085185051, -0.02257697843015194, -0.018988411873579025, 0.005602291785180569, 0.001979842083528638, -0.0073707569390535355, -0.022331716492772102, -0.011023864150047302, 0.0031754926312714815, -0.008390529081225395, 0.00028519731131382287, 0.03529185801744461, 0.0066220639273524284, -0.029973551630973816, -0.02015017904341221, 0.016884326934814453, 0.017697561532258987, 0.016703607514500618, 0.002962502185255289, -0.022099362686276436, -0.02674642577767372, -0.03356211632490158, 0.028915053233504295, -0.017581386491656303, -0.021015048027038574, -0.018394621089100838], 'ai_metadata': {'tags': ['construction', 'document'], 'document_type': 'unknown', 'topics': ['Fire Rating Requirements for Steel Structures'], 'supplier_mentions': [], 'categories': ['general'], 'summary': '```json\n{\n  "tags": [\n    "AS 1530.4",\n    "BCA",\n    "fire resistance",\n    "building classification",\n    "fire rating",\n    "steel structures"\n  ],\n  "document_type": "specification",\n  "topics": ['}, 'created_timestamp': '2025-08-10T02:44:52.733000', 'status': 'active', 'reference_count': 0, 'helpful_votes': 0, 'view_count': 0}, 'similarity_score': 0.7983443898438916}, {'type': 'mentor_note', 'note': {'_id': '6899500fed43436dd22d0e46', 'note_id': '0a949bfc-9d1b-4eeb-9ed3-bcbb2c1964f7', 'user_id': 'dev_user_123', 'user_email': 'dev@example.com', 'title': 'Fire Rating Requirements for Steel Structures', 'content': 'When designing steel structures in commercial buildings, fire rating requirements must be considered early in the design process. AS 1530.4 provides the testing methodology for fire resistance, while the BCA specifies minimum requirements based on building classification and height.', 'tags': ['fire-rating', 'steel', 'BCA', 'AS1530', 'construction', 'document'], 'category': 'structural-design', 'attachment_url': None, 'embedding': [-0.0028076001908630133, -0.004995591938495636, -0.0315483883023262, -0.0424431674182415, 0.006034726742655039, -0.015386939980089664, -0.017710471525788307, -0.0184333473443985, 0.01369592547416687, 0.006031499709933996, -0.0008358258055523038, -0.00908113457262516, 0.0065026599913835526, 0.02186700887978077, -0.013812101446092129, 0.0009350599138997495, 0.01573546975851059, 0.02088596299290657, 0.0028608476277440786, -0.003917731810361147, -0.01075924001634121, 0.012127541936933994, -0.017374848946928978, 0.0036401988472789526, -0.008945594541728497, 0.0065575214102864265, 0.013992820866405964, -0.03113531693816185, 0.005686196964234114, 0.007674106862396002, 0.02669479139149189, -0.020950505509972572, -0.009920187294483185, 0.005237626377493143, -0.0030512481462210417, 0.0003156533057335764, -0.008145267143845558, 0.001739421277306974, 0.007493387907743454, -0.014522070065140724, -0.001326348981820047, -0.021324852481484413, 0.00478582875803113, 0.006560748443007469, 0.008145267143845558, -0.008442163467407227, 0.025791196152567863, -0.0025607249699532986, -0.030670611187815666, -0.013592656701803207, 0.021027956157922745, -0.007196492049843073, -0.017697561532258987, -0.014496252872049809, -0.0018136451253667474, 0.0006196083268150687, -0.01749102585017681, 0.006008909549564123, 0.022112270817160606, -0.03526603803038597, -0.01114649511873722, 0.005082724150270224, -0.025817012414336205, 0.0025784741155803204, -0.00821626465767622, -0.027236947789788246, 0.02256406843662262, 0.010597883723676205, -0.01678105816245079, 0.014444618485867977, 0.019040046259760857, 0.030257537961006165, 0.01914331503212452, 0.02434544265270233, 0.036763425916433334, -0.004585746675729752, 0.02228008210659027, -0.02839871309697628, 0.01059142965823412, -0.02190573513507843, -0.0030899737030267715, -0.012101724743843079, -0.0029786378145217896, 0.02628171816468239, -0.0075837476179003716, 0.0147286057472229, -0.0013812101678922772, -0.0018362350529059768, -0.007900006137788296, 0.007403028197586536, -0.018562432378530502, 0.008622881956398487, 0.01130139734596014, 0.010087997652590275, -0.02162174880504608, -0.019608020782470703, 0.008648699149489403, 0.005321531556546688, 0.014328441582620144, -0.00024263958039227873, 0.004008091054856777, 0.0018281672382727265, -0.02024053782224655, 0.002981864847242832, 0.0027123999316245317, -0.015929097309708595, 0.003940321505069733, -0.008125904947519302, -0.007461116649210453, -0.02974119782447815, -0.032710153609514236, 0.014096088707447052, -0.003517567878589034, -0.00904886331409216, 0.00926185306161642, 0.022163905203342438, 0.011921005323529243, -0.002400982193648815, -0.001060111098922789, -0.00822917278856039, 0.0020637474954128265, -0.0052021280862390995, 0.02089887112379074, 0.01028162520378828, 0.026849692687392235, -0.004395346622914076, -0.024526162073016167, -0.012921415269374847, -0.007435299456119537, -0.019969459623098373, 0.00889396108686924, 0.009068225510418415, 0.012598701752722263, -0.008409892208874226, -0.009545840322971344, 0.02262861095368862, -0.007983910851180553, 0.040222905576229095, -0.04280460625886917, -0.031057866290211678, 0.0019653202034533024, 0.0023638701532036066, -0.024203449487686157, -0.01610981673002243, -0.011036773212254047, -0.016832692548632622, 0.018407529219985008, 0.01812354288995266, -0.01747811771929264, -0.017258672043681145, -0.030205905437469482, 0.00853252224624157, 0.007628927007317543, 0.008829418569803238, -0.014741513878107071, 0.022499525919556618, -0.018059000372886658, 0.018652791157364845, -0.012940777465701103, -0.03593728318810463, 0.04391473904252052, 0.0067059691064059734, 0.006063770968466997, 0.006163811776787043, 0.002368710935115814, 0.006951230578124523, 0.0076999240554869175, -0.008171084336936474, 0.002418731339275837, -0.009952458553016186, 0.010307442396879196, 0.03082551248371601, -0.02777910605072975, 0.011753194965422153, 0.013173130340874195, 0.02122158370912075, 0.02222844772040844, 0.016639064997434616, 0.013463571667671204, -0.005621654447168112, -0.005886279046535492, -0.005637790076434612, 0.038880422711372375, 0.029586296528577805, -0.032348718494176865, 0.04143630713224411, 0.02228008210659027, 0.00419849157333374, 0.02287387289106846, -0.031238585710525513, 0.008429254405200481, 0.005653925705701113, -0.01265679020434618, -0.005098859779536724, -0.6476972103118896, -0.030541526153683662, 0.0026333353016525507, -0.0410490483045578, 0.0006280795205384493, 0.0036047003231942654, 0.031625840812921524, -0.01044943556189537, -0.0055926102213561535, -0.0016684244619682431, 0.023054592311382294, 0.010242899879813194, 0.0005679742898792028, -0.012463162653148174, -0.0161227248609066, -0.016497071832418442, 0.014651155099272728, -0.005860461853444576, 0.012056545354425907, 0.013056954368948936, -0.011862916871905327, 0.024461619555950165, -0.038518983870744705, -0.027624202892184258, 0.016574522480368614, -0.012256626971065998, 0.001765238237567246, -0.026798058301210403, 0.0233127623796463, -0.012463162653148174, -0.010068634524941444, 0.018898053094744682, 0.025752469897270203, 0.026191359385848045, 0.04099741578102112, -0.00023880736262071878, -0.002307395450770855, 0.021828284487128258, 0.049078140407800674, 0.011540204286575317, -0.008881052024662495, 0.00736430287361145, 0.04032617434859276, 0.021053774282336235, -0.006221900228410959, 0.026410803198814392, 0.032013095915317535, -0.0018943232716992497, 0.02020181156694889, -0.028192177414894104, -0.009281216189265251, 0.01044943556189537, -0.0147286057472229, 0.008784238249063492, 0.02637207880616188, -0.007215855177491903, 0.02468106336891651, 0.009126313962042332, -0.03172910958528519, 0.0014296170556917787, 0.021363578736782074, -0.00941675528883934, 0.015864554792642593, -0.036995779722929, -0.02327403612434864, -0.00487941550090909, -0.015412756241858006, 0.00853897724300623, 0.007435299456119537, 0.011191675439476967, -0.003398164175450802, 0.02497795969247818, 0.006835054140537977, 0.0021363578271120787, 0.008035545237362385, 0.017710471525788307, 0.014973867684602737, -0.001212592818774283, 0.014599520713090897, 0.012611610814929008, 0.012159813195466995, 0.00717712938785553, -0.01742648333311081, -0.009113405831158161, -0.014457526616752148, -0.01603236421942711, -0.010830236598849297, -0.021002139896154404, 0.02845034748315811, 0.00939739216119051, 0.0194789357483387, -0.02055034227669239, -0.0024994094856083393, -0.03190982714295387, -0.008803601376712322, 0.011030318215489388, 0.01264388207346201, -0.022693153470754623, 0.010726968757808208, -0.00033078048727475107, -0.028631066903471947, -0.01712958700954914, -0.016561614349484444, -0.0013384507037699223, 0.012521251104772091, -0.010914142243564129, 0.00753211323171854, -0.0027430576737970114, 0.023015866056084633, -0.010397802107036114, 0.0023106227163225412, -0.006764057092368603, -0.03345884755253792, -0.02256406843662262, -0.0017620110884308815, -0.023390213027596474, 0.02459070459008217, 0.013657200150191784, -0.00019282080756966025, 0.009694288484752178, 0.0010141244856640697, 0.014250990934669971, 0.021686291322112083, -0.028527798131108284, -0.023506389930844307, 0.04918140918016434, -0.008048453368246555, 0.0053731659427285194, 0.007900006137788296, 0.00035740426392294466, 0.00870678760111332, 0.0077321953140199184, 0.018007365986704826, -0.009836281649768353, -0.004285624250769615, 0.0053699384443461895, -0.0014191289665177464, -0.027520935982465744, 0.02296423353254795, -0.02120867557823658, -0.023390213027596474, -0.006828600075095892, 0.0019572521559894085, 0.0005417538923211396, -0.0336395688354969, 0.00337234721519053, -0.04458598047494888, 0.021996093913912773, 0.00039310436113737524, 0.019646747037768364, -0.03276178985834122, -0.0011770944111049175, 0.0020621339790523052, 0.0030754515901207924, -0.003478842554613948, -0.007803191896528006, 0.023416031152009964, -0.02022762969136238, 0.019659655168652534, -0.007628927007317543, -0.017581386491656303, -0.0023590296041220427, -0.021079590544104576, 0.0033239403273910284, 0.00294798007234931, -0.004340485204011202, 0.019750013947486877, 0.008590610697865486, -0.016613246873021126, -0.024539070203900337, -0.0007966968696564436, -0.012689061462879181, 0.0036853784695267677, 0.015128768980503082, -0.0018071908270940185, 0.01301822904497385, -0.012088816612958908, -0.008242080919444561, -0.0026720608584582806, -0.007164220791310072, 0.0023913008626550436, 0.015270763076841831, -0.008939140476286411, 0.022486617788672447, 0.004950412083417177, 0.04716768115758896, -0.00037938906461931765, -0.0009947618236765265, -0.017542660236358643, 0.011785466223955154, -0.019298216328024864, 0.017336124554276466, 0.015503115952014923, 0.012069453485310078, 0.007332031615078449, -0.0034627069253474474, -0.006609155330806971, -0.010320350527763367, -0.014973867684602737, -0.004217854235321283, 0.0003499415470287204, -0.005857234820723534, 0.027908191084861755, -0.014315533451735973, 0.022021912038326263, -0.005037544760853052, 0.017710471525788307, -0.011230400763452053, 0.044689249247312546, 0.01576128602027893, 0.00042598071740940213, -0.013244127854704857, -0.01081087440252304, -0.0157741941511631, -0.014870598912239075, 0.011411119252443314, 0.005173083860427141, 0.029173225164413452, -0.008267898112535477, -0.030928781256079674, 0.028140543028712273, 0.015193311497569084, 0.027211131528019905, 0.016509979963302612, -0.006789874285459518, -0.0042598070576786995, 0.026488255709409714, 0.014147723093628883, 0.008300169371068478, -0.004808418452739716, -0.002000818494707346, 0.008300169371068478, 0.013889553025364876, -0.002346121007576585, 0.03968074917793274, 0.03005100227892399, 0.03562747687101364, -0.01879478432238102, 0.01195973064750433, 0.007525659166276455, 0.02772747166454792, 0.009520023129880428, 0.018730241805315018, -0.008648699149489403, 0.04066179320216179, 0.0321163646876812, 0.026798058301210403, 0.03252943605184555, -0.00175232975743711, 0.0031109501142054796, 0.0035014322493225336, -0.004492160398513079, -0.02193155139684677, 0.004304986912757158, 0.026539888232946396, 0.012785875238478184, 0.026798058301210403, 0.023028776049613953, 0.006125086452811956, -0.0006551066762767732, 0.0008342122309841216, 0.0023122362326830626, 0.035420943051576614, -0.009029500186443329, 0.027262765914201736, 0.0038080094382166862, -0.03456898033618927, 0.0014320374466478825, 0.012172721326351166, -0.012269535101950169, -0.01111422386020422, 0.003340075956657529, 0.007467570714652538, -0.003656334476545453, 0.003106109332293272, 0.013889553025364876, -0.0002511107886675745, 0.032322898507118225, 0.016845600679516792, 0.0028205085545778275, 0.013076316565275192, -0.013005319982767105, 0.01319894753396511, 0.015244945883750916, 0.0017894416814669967, -0.01489641610532999, 0.0018927097553387284, 0.00821626465767622, -0.020356714725494385, 0.03255525231361389, 0.012669699266552925, -0.00960392877459526, -0.012553522363305092, 0.009752376936376095, -0.00478582875803113, 0.014522070065140724, 0.0028818240389227867, -0.05483533442020416, -0.015477298758924007, -0.005324759054929018, 0.007138404063880444, -0.006764057092368603, 0.012766513042151928, -0.016509979963302612, 0.03585983067750931, 0.006231581326574087, 0.012295352295041084, 0.01126912608742714, 0.011533750221133232, -0.0018604384968057275, 0.015993639826774597, 0.010552704334259033, -0.0017749195685610175, 0.01643252931535244, 0.03552420809864998, -0.010707605630159378, 0.004605109803378582, -0.018304262310266495, 0.037512119859457016, -0.006628517992794514, 0.0008576089167036116, 0.013553931377828121, -0.013295761309564114, 0.009868552908301353, 0.06289024651050568, 0.004340485204011202, 0.010042818263173103, 0.006815691478550434, 0.006338076665997505, -0.010991592891514301, -0.044663432985544205, -0.0062799882143735886, 0.018252627924084663, 0.0006280795205384493, -0.01878187619149685, -0.00452120415866375, 0.008171084336936474, 0.01848498173058033, 0.011927459388971329, 0.02736603282392025, 0.008293715305626392, -0.030902964994311333, -0.0006010523065924644, -0.008119450882077217, -0.03175492584705353, 0.004779374692589045, 0.04856180027127266, 0.018975503742694855, 0.005753966514021158, -0.014302625320851803, 0.0001857614697655663, 0.010720514692366123, 0.004434071946889162, -0.022034820169210434, 0.010817328467965126, 0.01946602761745453, -0.0016458345344290137, 0.025197403505444527, 0.010326804593205452, 0.010739876888692379, 0.013147314079105854, -0.015141678042709827, -0.0001688190532149747, -0.007409482728689909, 0.03240035101771355, -0.008952049538493156, 0.006350985262542963, 0.011727377772331238, 0.016019456088542938, -0.014586612582206726, 0.006183174438774586, 0.020976323634386063, -0.010029909200966358, 0.024435803294181824, 0.02017599530518055, 0.007041590288281441, -0.013502297922968864, -0.00563456304371357, 0.007015773095190525, -0.023506389930844307, -0.0005542589933611453, -0.003720876993611455, 0.010520433075726032, -0.021634656935930252, -0.027804922312498093, -0.01911749877035618, 0.004250125493854284, 0.005947594065219164, -0.04079087823629379, -0.017723379656672478, -0.007641835603863001, 0.007551476359367371, -0.02469397336244583, -0.012282444164156914, 0.013515206053853035, -0.022848056629300117, -0.012902052141726017, 0.026165543124079704, 0.022512435913085938, -0.019659655168652534, 0.01024935394525528, -0.00908113457262516, -0.0046728793531656265, 0.010739876888692379, -0.008835872635245323, -0.012714878655970097, -0.020640701055526733, -0.0383898988366127, -0.004837462678551674, 0.044301994144916534, -0.01816226914525032, -0.010920596309006214, 0.004960093647241592, 0.015567658469080925, -0.01883351057767868, 0.002839871449396014, 0.00709967827424407, -0.0046212454326450825, 0.04391473904252052, 0.006076679565012455, -0.01369592547416687, 0.014844782650470734, 0.005966957192867994, -0.028243811801075935, -0.0022267173044383526, -0.00019715726375579834, -0.0027511254884302616, -0.023441847413778305, 0.005960502661764622, -0.009487751871347427, -0.0016256649978458881, 0.002112154383212328, -0.004330803640186787, 0.003595018992200494, 0.007951639592647552, -0.022163905203342438, 0.011443390510976315, 0.005208582151681185, -0.017904099076986313, 0.046083368360996246, -0.0012198538752272725, 0.011056135408580303, 0.01671651564538479, -0.00890686921775341, 0.0195434782654047, -0.04133303835988045, 0.03082551248371601, 0.03929349407553673, -0.016213083639740944, 0.009410301223397255, -0.002094405237585306, -0.01985328271985054, -0.014238082803785801, -0.01674233190715313, -0.007157766725867987, 0.029534662142395973, 0.016910143196582794, -0.0321163646876812, -0.03348466381430626, -0.022060636430978775, -0.01028162520378828, -0.002236398635432124, -0.025494299829006195, 0.02151848003268242, -0.02526194602251053, 0.03172910958528519, -0.007235217839479446, 0.011837100610136986, 0.004747102968394756, -0.028889236971735954, -0.021647565066814423, 0.023002957925200462, -0.012689061462879181, 0.026565706357359886, -0.027262765914201736, 0.0222671739757061, -0.008429254405200481, 0.019659655168652534, -0.012243717908859253, -0.030257537961006165, 0.014612428843975067, -0.03074806183576584, 0.036040548235177994, 0.021105408668518066, 0.017917007207870483, -0.0015942004974931479, 0.02024053782224655, 0.0026720608584582806, -0.0010084770619869232, 0.012314715422689915, -0.016148541122674942, -0.006047635339200497, -0.020589066669344902, -0.00487941550090909, 0.0256879273802042, 0.005773329641669989, -0.01746520958840847, -0.010300988331437111, 0.026462437584996223, 0.021428121253848076, -0.006460707634687424, -0.0060928151942789555, -0.04135885462164879, -0.010165448300540447, -0.002058906713500619, 0.01674233190715313, -0.0003983484348282218, 0.002173469867557287, -0.031032050028443336, -0.0020508388988673687, 0.019285308197140694, -0.016845600679516792, -0.00020774627046193928, 0.00014229610678739846, 0.02428090013563633, -0.01851079799234867, 0.0029495935887098312, -0.0171037707477808, 0.051169317215681076, 0.0032836012542247772, -0.012914960272610188, -0.032968323677778244, -0.02363547496497631, -0.00529571482911706, 0.006383256521075964, 0.01953057013452053, 0.013592656701803207, -0.02808891050517559, -0.012747149914503098, 0.008932686410844326, -0.008958503603935242, -0.006470388732850552, 0.009952458553016186, -0.0006321134278550744, -0.011830645613372326, -0.02287387289106846, 0.007512750569730997, -0.005379620008170605, 0.002205741126090288, 0.01671651564538479, 0.005553884897381067, 0.04610918462276459, -0.01643252931535244, 0.006125086452811956, 0.024397077038884163, -0.030928781256079674, 0.027598386630415916, -0.0036369715817272663, 0.011081952601671219, -0.015296580269932747, 0.01707795448601246, -0.021608838811516762, -2.1152805857127532e-05, 0.002836644183844328, -0.0072868517599999905, 0.02398400567471981, 0.01882060244679451, -0.0023977551609277725, 0.006347757764160633, 0.005056907422840595, 0.0430111438035965, 0.010875416919589043, -0.020769786089658737, 0.031316034495830536, 0.009565203450620174, 0.00555711193010211, -0.011992002837359905, 0.015464390628039837, -0.032038912177085876, -0.0030044547747820616, 0.001857211347669363, -0.03012845292687416, 0.006160584744066, -0.008293715305626392, -0.008338894695043564, 0.035808198153972626, -0.015606383793056011, 0.014457526616752148, 0.0184978898614645, -0.008700333535671234, 0.03934512659907341, -0.011527296155691147, 0.008526068180799484, -0.00264785741455853, 0.028811786323785782, 0.03172910958528519, 0.012540614232420921, -0.028837602585554123, -0.0009390938212163746, 0.013282853178679943, -0.0161227248609066, -0.0045341127552092075, 0.0020508388988673687, 0.027236947789788246, -0.008751966990530491, -0.022848056629300117, -0.004434071946889162, 0.011256217956542969, 0.021273218095302582, 0.01613563299179077, -0.011598292738199234, 0.002205741126090288, -0.012101724743843079, -0.025068318471312523, -0.012701970525085926, -0.006025045178830624, -0.015980731695890427, -0.009494205936789513, 0.003778965212404728, -0.007990365847945213, 0.01489641610532999, -0.014444618485867977, 0.002705945633351803, -0.020395439118146896, -0.010042818263173103, 0.004066179506480694, -0.036815058439970016, 0.009720105677843094, 0.01213399600237608, 0.0002805583062581718, 0.008900415152311325, 0.019259491935372353, -0.05101441591978073, 0.004782601725310087, -0.00403068121522665, 0.02264152094721794, -0.02260279469192028, 0.013173130340874195, -0.006951230578124523, -0.012204992584884167, 0.023054592311382294, -0.012618064880371094, -0.021479753777384758, -0.04337258264422417, 0.0017152178334072232, 0.00872615072876215, -0.017568476498126984, -0.009565203450620174, 0.00020139287516940385, -0.001486898516304791, 0.011940368451178074, -0.014328441582620144, -0.010849599726498127, 0.013411938212811947, 0.007525659166276455, 0.0035788833629339933, 0.046005915850400925, -0.02531358040869236, 0.011540204286575317, 0.0030754515901207924, 0.007048044353723526, -0.027598386630415916, -0.006996410433202982, 3.756576916202903e-05, 0.005786237772554159, -0.018213901668787003, -0.020589066669344902, -0.022021912038326263, -0.018149359151721, 0.0043114409781992435, -0.0037886465433984995, 0.014935141429305077, 0.001353779574856162, -0.01639380306005478, -0.006409073248505592, -0.020937597379088402, -0.002054066164419055, 0.027572570368647575, -0.03263270482420921, -0.014689880423247814, 0.0017716925358399749, -0.01680687442421913, -0.05297651141881943, -0.024164723232388496, 0.019982367753982544, 0.040868330746889114, 0.00821626465767622, -0.013579748570919037, 0.0071190414018929005, 0.008939140476286411, -0.061031416058540344, 0.009035954251885414, -0.02116995118558407, 0.007770920637995005, 0.018639883026480675, 0.01576128602027893, -0.016703607514500618, 0.04200427979230881, -0.007603110279887915, -0.0033820285461843014, -0.0051504941657185555, 0.0042081731371581554, -0.010630154982209206, -0.006989956367760897, 0.03766702115535736, -0.00693186791613698, -0.035472575575113297, -0.022112270817160606, 0.03632453829050064, -0.012198538519442081, -0.013424846343696117, -0.0009463548776693642, -0.01077214814722538, 0.014108997769653797, 0.020989231765270233, -0.0012109793024137616, 0.012760058045387268, 0.008067816495895386, 0.002238012384623289, -0.03214218094944954, 0.0006522829644382, 0.014134814031422138, 0.013257035985589027, 0.013295761309564114, -0.011798374354839325, 0.005511932075023651, -0.000657527067232877, -0.005247307941317558, 0.018614066764712334, -0.00943611841648817, -0.006099269259721041, -0.02327403612434864, -0.005834644660353661, 0.0080290911719203, 0.009442572481930256, 0.016587430611252785, -0.002007272792980075, 0.007344940211623907, 0.0007809646194800735, 0.0073384856805205345, -0.01559347566217184, -0.0005082724383100867, -0.0037434669211506844, -0.01573546975851059, -0.005482887849211693, -0.024461619555950165, 0.004172674845904112, 0.035446759313344955, -0.004301759880036116, -0.014328441582620144, -0.024461619555950165, -0.018936779350042343, 0.022654429078102112, 0.0063445307314395905, 0.01488350797444582, -0.0011916165240108967, -0.0006091201212257147, -0.03007682040333748, -0.002300941152498126, -0.011462753638625145, -0.0030044547747820616, 0.002878597006201744, -0.011882279999554157, 0.012895598076283932, -0.02468106336891651, 0.014225173741579056, 0.002831803634762764, 0.015890371054410934, -0.01418644841760397, 0.006299350876361132, 0.17586548626422882, 0.008435708470642567, -0.0012246945407241583, 0.02912159077823162, -0.02533939853310585, -0.014831873588263988, -0.009339304640889168, 0.02021472156047821, -0.0013061794452369213, 0.033717017620801926, -0.0017991230124607682, -0.01644543744623661, -0.02391946129500866, 0.011992002837359905, -0.007803191896528006, 0.013399029150605202, -0.034801334142684937, 0.0072029465809464455, -0.03113531693816185, 0.03650525584816933, 0.032348718494176865, -0.01387664396315813, -0.0020685880444943905, -0.00410490483045578, 0.029973551630973816, 0.014134814031422138, 0.022680245339870453, 0.020589066669344902, 0.02598482370376587, 0.014070271514356136, 0.0033207132946699858, -0.019595112651586533, 0.005566793493926525, -0.013954095542430878, -0.03622126951813698, -0.005618427414447069, 0.015954913571476936, -0.021453937515616417, 0.00020552762725856155, 0.007654744200408459, -0.004243671428412199, -0.009984729811549187, -0.006054089404642582, -0.015102952718734741, -0.012204992584884167, -0.014651155099272728, -0.041591208428144455, 0.010494615882635117, -0.02288678102195263, -0.0014409120194613934, -0.03890623897314072, -0.006828600075095892, 0.007809646427631378, 0.010707605630159378, 0.02672060765326023, 0.005002046003937721, 0.006609155330806971, -0.015567658469080925, 0.0032142181880772114, -0.0039209588430821896, -0.007396574132144451, 0.0043759834952652454, -0.040919963270425797, 0.019982367753982544, -0.021815376356244087, -0.009713650681078434, -0.017917007207870483, 0.01884641870856285, -0.003375574480742216, 0.012579339556396008, -0.028605250641703606, -0.0024058229755610228, -0.027211131528019905, -0.003930640406906605, -0.010488161817193031, -0.00376605661585927, 0.025094136595726013, 0.0009052089881151915, 0.014057363383471966, 0.01818808540701866, -0.030877146869897842, -0.013967003673315048, -0.005670061334967613, 0.033045776188373566, -0.003946776036173105, -0.007816100493073463, 0.024900509044528008, -0.0028995731845498085, -0.010255808010697365, -0.015438573434948921, 0.003296509850770235, 0.0017733060522004962, -0.010430073365569115, 0.0011553113581612706, -0.0038531890604645014, -0.00760956434533, -0.009997637942433357, 0.0242292657494545, -0.0004626892623491585, 0.015903279185295105, -0.03309740871191025, 0.06521377712488174, 0.0256879273802042, -0.020731061697006226, -0.010643063113093376, 0.0009003683226183057, -0.01679396629333496, 0.019659655168652534, 0.009339304640889168, -0.00048043846618384123, -0.021453937515616417, -0.020034002140164375, -0.017349032685160637, -0.02734021656215191, -0.0017926688306033611, -0.011527296155691147, -0.01044943556189537, -0.03322649374604225, 0.014470435678958893, -0.04685787856578827, -0.02394527941942215, -0.008687424473464489, 0.015451482497155666, 0.011307851411402225, -0.017620110884308815, -0.012908506207168102, -0.019091680645942688, 0.005566793493926525, 0.02390655316412449, -0.046393170952796936, -0.0006659982609562576, -0.008558339439332485, -0.02217681333422661, -0.011191675439476967, -0.010004092007875443, 0.013760467991232872, 0.010862507857382298, -0.029612112790346146, -0.004982683341950178, 0.004001636989414692, 0.010158994235098362, -0.030670611187815666, 0.014534978196024895, 0.008609973825514317, 0.0030899737030267715, 0.0060379537753760815, -0.008506705984473228, 0.0012561590410768986, -0.005256989039480686, 0.004750330466777086, -0.011140041053295135, -0.025855738669633865, 0.00041992985643446445, -0.017904099076986313, -0.004211400169879198, -0.02496505156159401, 0.004098450765013695, -0.04690951108932495, 0.008952049538493156, -0.002486501121893525, -0.024177633225917816, 0.014676971361041069, 0.021725015714764595, -0.0065575214102864265, 0.0011303010396659374, 0.005466752219945192, -0.16089162230491638, 0.030618976801633835, 0.03557584434747696, 0.0004929435672238469, 0.03890623897314072, 0.008112995885312557, -0.0017749195685610175, 0.008325986564159393, -0.023093318566679955, 0.02155720628798008, 0.017658837139606476, -0.025236129760742188, -0.0090746795758605, 0.0030431803315877914, -0.01521912869066, -0.0055603389628231525, -0.0018362350529059768, 0.017555568367242813, 0.021299036219716072, 0.012011365033686161, 0.0038596433587372303, -0.0104365274310112, -0.0025203858967870474, -0.024745605885982513, -0.010830236598849297, -0.005231172312051058, -0.030231721699237823, -0.00015984360652510077, -0.004511523060500622, -0.011372393928468227, -0.022034820169210434, 0.0020459983497858047, 0.023119134828448296, -0.012689061462879181, -0.0037434669211506844, -0.023777468129992485, -0.020627792924642563, -0.014625337906181812, -0.038467347621917725, 0.03831244632601738, 0.012527705170214176, 0.007344940211623907, -0.021983185783028603, -0.007603110279887915, -0.0007345746853388846, 0.019401485100388527, 0.032968323677778244, 0.0007309441571123898, 0.006247716955840588, -0.023880736902356148, -0.00990727823227644, -0.022150997072458267, -0.0020879509393125772, 0.004553475417196751, -0.010513978078961372, -0.01370883360505104, -0.03221963346004486, 0.03172910958528519, 0.005692651495337486, -0.0090424083173275, -0.001212592818774283, -0.007777375169098377, 0.03152257204055786, -0.0039855013601481915, -0.007319123018532991, -0.020950505509972572, 0.0036111546214669943, 0.014341350644826889, -0.009132768027484417, -0.01707795448601246, 0.013954095542430878, -0.023338578641414642, 0.0073707569390535355, -0.03702159598469734, 0.0050956327468156815, 0.014483343809843063, -0.0026446301490068436, 0.011992002837359905, 0.022409167140722275, -0.01578710414469242, 0.008429254405200481, 0.039887282997369766, -0.019620928913354874, -0.006609155330806971, -0.007461116649210453, 0.027469301596283913, 0.017620110884308815, 0.012818146497011185, -0.032658521085977554, 0.008945594541728497, 0.02533939853310585, -0.02466815523803234, -0.02326112799346447, -0.010610791854560375, 0.004250125493854284, 0.024409985169768333, 0.007228763308376074, -0.015967821702361107, -0.004062952473759651, 0.00454056728631258, 0.012056545354425907, -0.016535796225070953, -0.046393170952796936, 0.008235626854002476, 0.013915370218455791, 0.025933189317584038, -0.02159593068063259, 0.006867325399070978, 0.029250675812363625, -0.00013090032734908164, 0.012850417755544186, 0.005298941861838102, 0.024358350783586502, 0.016651973128318787, 0.010294533334672451, 0.001409447519108653, -0.005224717780947685, -0.013115042820572853, -0.02155720628798008, -0.007816100493073463, 0.016277626156806946, 0.013528114184737206, -0.004379210993647575, 0.004385665059089661, -0.005918550305068493, -0.006899596657603979, -0.10197719931602478, -0.0315483883023262, 0.01607109047472477, 0.023170769214630127, 0.01782664656639099, -0.019052956253290176, -0.01216626726090908, 0.03012845292687416, -0.003223899519070983, 0.008577702566981316, 0.004201718606054783, -0.02571374550461769, 0.00589596014469862, -0.0075837476179003716, 0.027546752244234085, -0.006957685109227896, 0.013411938212811947, 0.0017862145323306322, -0.007525659166276455, 0.01286332681775093, -0.000522794493008405, -0.035420943051576614, -0.013747558929026127, -0.006712423171848059, -0.009352212771773338, -0.003446571296080947, -0.023764559999108315, -0.0006692253518849611, 0.007525659166276455, 0.0034046184737235308, -0.017929915338754654, -0.0002466735022608191, 0.015916189178824425, 0.018355896696448326, -0.014341350644826889, -0.02088596299290657, -0.011172312311828136, -0.03733139857649803, 0.023119134828448296, -0.003785419510677457, -0.00760956434533, 0.005741058383136988, 0.012050090357661247, -0.010346167720854282, 0.01521912869066, -0.0184978898614645, -0.018381712958216667, 0.018652791157364845, 0.007041590288281441, -0.027288582175970078, -0.0009826601017266512, -0.02083432860672474, 0.008164630271494389, -0.026823876425623894, 0.012217901647090912, -0.023351488634943962, 0.007758012507110834, 0.025171587243676186, -0.010397802107036114, -0.0017668517539277673, 0.02256406843662262, 0.015606383793056011, 0.008371165953576565, 0.013476480729877949, 0.018601156771183014, -0.007906460203230381, -0.01146920770406723, -0.00029951767646707594, 0.01914331503212452, -0.04938794672489166, 0.011075498536229134, 0.0003348143945913762, -0.02362256683409214, -0.009900824166834354, -0.024384168907999992, -0.008816509507596493, -0.035085320472717285, -0.020666519179940224, -0.023144951090216637, -0.013528114184737206, -0.002292873337864876, -0.015090043656527996, 0.02976701594889164, -0.01316667627543211, 0.027288582175970078, 0.023196585476398468, -0.013799193315207958, -0.015180403366684914, 0.03493041917681694, -0.04388892278075218, 0.003288442036136985, 0.020808512344956398, 0.024164723232388496, 0.008054908365011215, -0.02253825217485428, 0.021118316799402237, 0.0023880735971033573, -0.01883351057767868, -0.03451734408736229, 0.020950505509972572, -0.03906114026904106, -0.0019056182354688644, -0.05509350448846817, 0.01610981673002243, 0.014664063230156898, -0.022667337208986282, 0.002896346151828766, 0.00973946787416935, 0.013295761309564114, -0.006847962737083435, 0.011424028314650059, 0.008087179623544216, -0.02397109568119049, 0.016161449253559113, -0.003720876993611455, -0.016484161838889122, -0.01265679020434618, 0.00921667367219925, 0.006609155330806971, -0.007041590288281441, 0.01077214814722538, -0.008190447464585304, -0.028915053233504295, -0.002544589340686798, 0.0021557204890996218, -0.004469570238143206, -0.029560480266809464, 0.017904099076986313, -0.02912159077823162, 0.011766103096306324, -0.02845034748315811, -0.009152131155133247, 0.018342986702919006, -0.008254989981651306, -0.014418801292777061, 0.007196492049843073, -0.028192177414894104, -0.042598072439432144, -0.017400667071342468, 0.03005100227892399, 0.028605250641703606, -0.029328126460313797, 0.01130139734596014, -0.027985641732811928, 0.004337258171290159, -0.031341854482889175, 0.004579292610287666, -0.006034726742655039, -0.025739561766386032, 0.0019459573086351156, 0.01435425877571106, 0.0067576030269265175, 0.005628108978271484, 0.018200993537902832, 0.0019588659051805735, -0.0043985736556351185, -0.01230180636048317, -0.008190447464585304, -0.01520622055977583, -0.012760058045387268, -0.001699082087725401, -0.038880422711372375, 0.04210754856467247, 0.007312668953090906, 0.022473709657788277, -0.004827781580388546, 0.020085636526346207, 0.006357439327985048, -0.014134814031422138, 0.014973867684602737, 0.005098859779536724, -0.01580001227557659, 2.0686386051238514e-05, 0.013257035985589027, 0.004201718606054783, 0.015361122786998749, -0.02017599530518055, -0.0015094884438440204, -0.006509114522486925, 0.014212265610694885, -0.012992411851882935, 0.025752469897270203, 0.029147407039999962, -0.011617655865848064, -0.022460801526904106, 0.033355578780174255, 0.027572570368647575, 0.008751966990530491, -0.007809646427631378, 0.011682198382914066, 0.000583706540055573, -0.011430482380092144, -0.00435339380055666, 0.014909325167536736, 0.001954025123268366, 0.01578710414469242, 0.030670611187815666, 0.012127541936933994, -0.018200993537902832, -0.01250188797712326, 0.01435425877571106, 0.013644291087985039, -0.007925823330879211, -0.0028221223037689924, -0.009875006973743439, -0.011585384607315063, -0.03663434088230133, 0.009868552908301353, -0.0053699384443461895, -0.012566430494189262, -0.036143817007541656, 0.02355802431702614, -0.005724922753870487, 0.011921005323529243, 0.012217901647090912, -0.0020104998257011175, 0.004592201206833124, 0.007706378120929003, -0.008448617532849312, 0.012785875238478184, -0.007196492049843073, 0.01639380306005478, -0.010158994235098362, 0.000359824625775218, -0.0031625840347260237, 0.00804199930280447, 0.006447799038141966, 0.030618976801633835, -0.00779673783108592, -0.013360303826630116, -0.0032222860027104616, -0.029534662142395973, 0.025378122925758362, 0.0033174860291182995, -0.01910458877682686, -0.003459479659795761, -0.008500250987708569, -0.0037821922451257706, -0.010010547004640102, 0.0009439345449209213, -0.008945594541728497, 0.05499023571610451, 0.049103956669569016, 0.002628494519740343, -0.01109486073255539, -0.004133949056267738, 0.016303444281220436, 0.0038564163260161877, -0.008900415152311325, 0.024487435817718506, -0.03113531693816185, 0.02633335255086422, 0.006470388732850552, -0.013044045306742191, -0.030231721699237823, -0.021815376356244087, -0.0052537620067596436, -0.00625417148694396, 0.02390655316412449, 0.008835872635245323, 0.005050452891737223, 0.00693186791613698, -0.021996093913912773, 0.044611796736717224, 0.02461652085185051, -0.02257697843015194, -0.018988411873579025, 0.005602291785180569, 0.001979842083528638, -0.0073707569390535355, -0.022331716492772102, -0.011023864150047302, 0.0031754926312714815, -0.008390529081225395, 0.00028519731131382287, 0.03529185801744461, 0.0066220639273524284, -0.029973551630973816, -0.02015017904341221, 0.016884326934814453, 0.017697561532258987, 0.016703607514500618, 0.002962502185255289, -0.022099362686276436, -0.02674642577767372, -0.03356211632490158, 0.028915053233504295, -0.017581386491656303, -0.021015048027038574, -0.018394621089100838], 'ai_metadata': {'tags': ['construction', 'document'], 'document_type': 'unknown', 'topics': ['Fire Rating Requirements for Steel Structures'], 'supplier_mentions': [], 'categories': ['general'], 'summary': '```json\n{\n  "tags": [\n    "AS 1530.4",\n    "BCA",\n    "fire resistance",\n    "building codes",\n    "testing methodology",\n    "fire rating requirements"\n  ],\n  "document_type": "specification",\n  "top'}, 'created_timestamp': '2025-08-11T02:06:07.760000', 'status': 'active', 'reference_count': 0, 'helpful_votes': 0, 'view_count': 0}, 'similarity_score': 0.7983443898438916}, {'type': 'mentor_note', 'note': {'_id': '689ae390b2699d3d9bc7e212', 'note_id': 'a1e759c8-e985-4d08-bbc6-6b97ce3b3a0c', 'user_id': 'dev_user_123', 'user_email': 'dev@example.com', 'title': 'Fire Rating Requirements for Steel Structures', 'content': 'When designing steel structures in commercial buildings, fire rating requirements must be considered early in the design process. AS 1530.4 provides the testing methodology for fire resistance, while the BCA specifies minimum requirements based on building classification and height.', 'tags': ['fire-rating', 'steel', 'BCA', 'AS1530', 'construction', 'document'], 'category': 'structural-design', 'attachment_url': None, 'embedding': [-0.0028076001908630133, -0.004995591938495636, -0.0315483883023262, -0.0424431674182415, 0.006034726742655039, -0.015386939980089664, -0.017710471525788307, -0.0184333473443985, 0.01369592547416687, 0.006031499709933996, -0.0008358258055523038, -0.00908113457262516, 0.0065026599913835526, 0.02186700887978077, -0.013812101446092129, 0.0009350599138997495, 0.01573546975851059, 0.02088596299290657, 0.0028608476277440786, -0.003917731810361147, -0.01075924001634121, 0.012127541936933994, -0.017374848946928978, 0.0036401988472789526, -0.008945594541728497, 0.0065575214102864265, 0.013992820866405964, -0.03113531693816185, 0.005686196964234114, 0.007674106862396002, 0.02669479139149189, -0.020950505509972572, -0.009920187294483185, 0.005237626377493143, -0.0030512481462210417, 0.0003156533057335764, -0.008145267143845558, 0.001739421277306974, 0.007493387907743454, -0.014522070065140724, -0.001326348981820047, -0.021324852481484413, 0.00478582875803113, 0.006560748443007469, 0.008145267143845558, -0.008442163467407227, 0.025791196152567863, -0.0025607249699532986, -0.030670611187815666, -0.013592656701803207, 0.021027956157922745, -0.007196492049843073, -0.017697561532258987, -0.014496252872049809, -0.0018136451253667474, 0.0006196083268150687, -0.01749102585017681, 0.006008909549564123, 0.022112270817160606, -0.03526603803038597, -0.01114649511873722, 0.005082724150270224, -0.025817012414336205, 0.0025784741155803204, -0.00821626465767622, -0.027236947789788246, 0.02256406843662262, 0.010597883723676205, -0.01678105816245079, 0.014444618485867977, 0.019040046259760857, 0.030257537961006165, 0.01914331503212452, 0.02434544265270233, 0.036763425916433334, -0.004585746675729752, 0.02228008210659027, -0.02839871309697628, 0.01059142965823412, -0.02190573513507843, -0.0030899737030267715, -0.012101724743843079, -0.0029786378145217896, 0.02628171816468239, -0.0075837476179003716, 0.0147286057472229, -0.0013812101678922772, -0.0018362350529059768, -0.007900006137788296, 0.007403028197586536, -0.018562432378530502, 0.008622881956398487, 0.01130139734596014, 0.010087997652590275, -0.02162174880504608, -0.019608020782470703, 0.008648699149489403, 0.005321531556546688, 0.014328441582620144, -0.00024263958039227873, 0.004008091054856777, 0.0018281672382727265, -0.02024053782224655, 0.002981864847242832, 0.0027123999316245317, -0.015929097309708595, 0.003940321505069733, -0.008125904947519302, -0.007461116649210453, -0.02974119782447815, -0.032710153609514236, 0.014096088707447052, -0.003517567878589034, -0.00904886331409216, 0.00926185306161642, 0.022163905203342438, 0.011921005323529243, -0.002400982193648815, -0.001060111098922789, -0.00822917278856039, 0.0020637474954128265, -0.0052021280862390995, 0.02089887112379074, 0.01028162520378828, 0.026849692687392235, -0.004395346622914076, -0.024526162073016167, -0.012921415269374847, -0.007435299456119537, -0.019969459623098373, 0.00889396108686924, 0.009068225510418415, 0.012598701752722263, -0.008409892208874226, -0.009545840322971344, 0.02262861095368862, -0.007983910851180553, 0.040222905576229095, -0.04280460625886917, -0.031057866290211678, 0.0019653202034533024, 0.0023638701532036066, -0.024203449487686157, -0.01610981673002243, -0.011036773212254047, -0.016832692548632622, 0.018407529219985008, 0.01812354288995266, -0.01747811771929264, -0.017258672043681145, -0.030205905437469482, 0.00853252224624157, 0.007628927007317543, 0.008829418569803238, -0.014741513878107071, 0.022499525919556618, -0.018059000372886658, 0.018652791157364845, -0.012940777465701103, -0.03593728318810463, 0.04391473904252052, 0.0067059691064059734, 0.006063770968466997, 0.006163811776787043, 0.002368710935115814, 0.006951230578124523, 0.0076999240554869175, -0.008171084336936474, 0.002418731339275837, -0.009952458553016186, 0.010307442396879196, 0.03082551248371601, -0.02777910605072975, 0.011753194965422153, 0.013173130340874195, 0.02122158370912075, 0.02222844772040844, 0.016639064997434616, 0.013463571667671204, -0.005621654447168112, -0.005886279046535492, -0.005637790076434612, 0.038880422711372375, 0.029586296528577805, -0.032348718494176865, 0.04143630713224411, 0.02228008210659027, 0.00419849157333374, 0.02287387289106846, -0.031238585710525513, 0.008429254405200481, 0.005653925705701113, -0.01265679020434618, -0.005098859779536724, -0.6476972103118896, -0.030541526153683662, 0.0026333353016525507, -0.0410490483045578, 0.0006280795205384493, 0.0036047003231942654, 0.031625840812921524, -0.01044943556189537, -0.0055926102213561535, -0.0016684244619682431, 0.023054592311382294, 0.010242899879813194, 0.0005679742898792028, -0.012463162653148174, -0.0161227248609066, -0.016497071832418442, 0.014651155099272728, -0.005860461853444576, 0.012056545354425907, 0.013056954368948936, -0.011862916871905327, 0.024461619555950165, -0.038518983870744705, -0.027624202892184258, 0.016574522480368614, -0.012256626971065998, 0.001765238237567246, -0.026798058301210403, 0.0233127623796463, -0.012463162653148174, -0.010068634524941444, 0.018898053094744682, 0.025752469897270203, 0.026191359385848045, 0.04099741578102112, -0.00023880736262071878, -0.002307395450770855, 0.021828284487128258, 0.049078140407800674, 0.011540204286575317, -0.008881052024662495, 0.00736430287361145, 0.04032617434859276, 0.021053774282336235, -0.006221900228410959, 0.026410803198814392, 0.032013095915317535, -0.0018943232716992497, 0.02020181156694889, -0.028192177414894104, -0.009281216189265251, 0.01044943556189537, -0.0147286057472229, 0.008784238249063492, 0.02637207880616188, -0.007215855177491903, 0.02468106336891651, 0.009126313962042332, -0.03172910958528519, 0.0014296170556917787, 0.021363578736782074, -0.00941675528883934, 0.015864554792642593, -0.036995779722929, -0.02327403612434864, -0.00487941550090909, -0.015412756241858006, 0.00853897724300623, 0.007435299456119537, 0.011191675439476967, -0.003398164175450802, 0.02497795969247818, 0.006835054140537977, 0.0021363578271120787, 0.008035545237362385, 0.017710471525788307, 0.014973867684602737, -0.001212592818774283, 0.014599520713090897, 0.012611610814929008, 0.012159813195466995, 0.00717712938785553, -0.01742648333311081, -0.009113405831158161, -0.014457526616752148, -0.01603236421942711, -0.010830236598849297, -0.021002139896154404, 0.02845034748315811, 0.00939739216119051, 0.0194789357483387, -0.02055034227669239, -0.0024994094856083393, -0.03190982714295387, -0.008803601376712322, 0.011030318215489388, 0.01264388207346201, -0.022693153470754623, 0.010726968757808208, -0.00033078048727475107, -0.028631066903471947, -0.01712958700954914, -0.016561614349484444, -0.0013384507037699223, 0.012521251104772091, -0.010914142243564129, 0.00753211323171854, -0.0027430576737970114, 0.023015866056084633, -0.010397802107036114, 0.0023106227163225412, -0.006764057092368603, -0.03345884755253792, -0.02256406843662262, -0.0017620110884308815, -0.023390213027596474, 0.02459070459008217, 0.013657200150191784, -0.00019282080756966025, 0.009694288484752178, 0.0010141244856640697, 0.014250990934669971, 0.021686291322112083, -0.028527798131108284, -0.023506389930844307, 0.04918140918016434, -0.008048453368246555, 0.0053731659427285194, 0.007900006137788296, 0.00035740426392294466, 0.00870678760111332, 0.0077321953140199184, 0.018007365986704826, -0.009836281649768353, -0.004285624250769615, 0.0053699384443461895, -0.0014191289665177464, -0.027520935982465744, 0.02296423353254795, -0.02120867557823658, -0.023390213027596474, -0.006828600075095892, 0.0019572521559894085, 0.0005417538923211396, -0.0336395688354969, 0.00337234721519053, -0.04458598047494888, 0.021996093913912773, 0.00039310436113737524, 0.019646747037768364, -0.03276178985834122, -0.0011770944111049175, 0.0020621339790523052, 0.0030754515901207924, -0.003478842554613948, -0.007803191896528006, 0.023416031152009964, -0.02022762969136238, 0.019659655168652534, -0.007628927007317543, -0.017581386491656303, -0.0023590296041220427, -0.021079590544104576, 0.0033239403273910284, 0.00294798007234931, -0.004340485204011202, 0.019750013947486877, 0.008590610697865486, -0.016613246873021126, -0.024539070203900337, -0.0007966968696564436, -0.012689061462879181, 0.0036853784695267677, 0.015128768980503082, -0.0018071908270940185, 0.01301822904497385, -0.012088816612958908, -0.008242080919444561, -0.0026720608584582806, -0.007164220791310072, 0.0023913008626550436, 0.015270763076841831, -0.008939140476286411, 0.022486617788672447, 0.004950412083417177, 0.04716768115758896, -0.00037938906461931765, -0.0009947618236765265, -0.017542660236358643, 0.011785466223955154, -0.019298216328024864, 0.017336124554276466, 0.015503115952014923, 0.012069453485310078, 0.007332031615078449, -0.0034627069253474474, -0.006609155330806971, -0.010320350527763367, -0.014973867684602737, -0.004217854235321283, 0.0003499415470287204, -0.005857234820723534, 0.027908191084861755, -0.014315533451735973, 0.022021912038326263, -0.005037544760853052, 0.017710471525788307, -0.011230400763452053, 0.044689249247312546, 0.01576128602027893, 0.00042598071740940213, -0.013244127854704857, -0.01081087440252304, -0.0157741941511631, -0.014870598912239075, 0.011411119252443314, 0.005173083860427141, 0.029173225164413452, -0.008267898112535477, -0.030928781256079674, 0.028140543028712273, 0.015193311497569084, 0.027211131528019905, 0.016509979963302612, -0.006789874285459518, -0.0042598070576786995, 0.026488255709409714, 0.014147723093628883, 0.008300169371068478, -0.004808418452739716, -0.002000818494707346, 0.008300169371068478, 0.013889553025364876, -0.002346121007576585, 0.03968074917793274, 0.03005100227892399, 0.03562747687101364, -0.01879478432238102, 0.01195973064750433, 0.007525659166276455, 0.02772747166454792, 0.009520023129880428, 0.018730241805315018, -0.008648699149489403, 0.04066179320216179, 0.0321163646876812, 0.026798058301210403, 0.03252943605184555, -0.00175232975743711, 0.0031109501142054796, 0.0035014322493225336, -0.004492160398513079, -0.02193155139684677, 0.004304986912757158, 0.026539888232946396, 0.012785875238478184, 0.026798058301210403, 0.023028776049613953, 0.006125086452811956, -0.0006551066762767732, 0.0008342122309841216, 0.0023122362326830626, 0.035420943051576614, -0.009029500186443329, 0.027262765914201736, 0.0038080094382166862, -0.03456898033618927, 0.0014320374466478825, 0.012172721326351166, -0.012269535101950169, -0.01111422386020422, 0.003340075956657529, 0.007467570714652538, -0.003656334476545453, 0.003106109332293272, 0.013889553025364876, -0.0002511107886675745, 0.032322898507118225, 0.016845600679516792, 0.0028205085545778275, 0.013076316565275192, -0.013005319982767105, 0.01319894753396511, 0.015244945883750916, 0.0017894416814669967, -0.01489641610532999, 0.0018927097553387284, 0.00821626465767622, -0.020356714725494385, 0.03255525231361389, 0.012669699266552925, -0.00960392877459526, -0.012553522363305092, 0.009752376936376095, -0.00478582875803113, 0.014522070065140724, 0.0028818240389227867, -0.05483533442020416, -0.015477298758924007, -0.005324759054929018, 0.007138404063880444, -0.006764057092368603, 0.012766513042151928, -0.016509979963302612, 0.03585983067750931, 0.006231581326574087, 0.012295352295041084, 0.01126912608742714, 0.011533750221133232, -0.0018604384968057275, 0.015993639826774597, 0.010552704334259033, -0.0017749195685610175, 0.01643252931535244, 0.03552420809864998, -0.010707605630159378, 0.004605109803378582, -0.018304262310266495, 0.037512119859457016, -0.006628517992794514, 0.0008576089167036116, 0.013553931377828121, -0.013295761309564114, 0.009868552908301353, 0.06289024651050568, 0.004340485204011202, 0.010042818263173103, 0.006815691478550434, 0.006338076665997505, -0.010991592891514301, -0.044663432985544205, -0.0062799882143735886, 0.018252627924084663, 0.0006280795205384493, -0.01878187619149685, -0.00452120415866375, 0.008171084336936474, 0.01848498173058033, 0.011927459388971329, 0.02736603282392025, 0.008293715305626392, -0.030902964994311333, -0.0006010523065924644, -0.008119450882077217, -0.03175492584705353, 0.004779374692589045, 0.04856180027127266, 0.018975503742694855, 0.005753966514021158, -0.014302625320851803, 0.0001857614697655663, 0.010720514692366123, 0.004434071946889162, -0.022034820169210434, 0.010817328467965126, 0.01946602761745453, -0.0016458345344290137, 0.025197403505444527, 0.010326804593205452, 0.010739876888692379, 0.013147314079105854, -0.015141678042709827, -0.0001688190532149747, -0.007409482728689909, 0.03240035101771355, -0.008952049538493156, 0.006350985262542963, 0.011727377772331238, 0.016019456088542938, -0.014586612582206726, 0.006183174438774586, 0.020976323634386063, -0.010029909200966358, 0.024435803294181824, 0.02017599530518055, 0.007041590288281441, -0.013502297922968864, -0.00563456304371357, 0.007015773095190525, -0.023506389930844307, -0.0005542589933611453, -0.003720876993611455, 0.010520433075726032, -0.021634656935930252, -0.027804922312498093, -0.01911749877035618, 0.004250125493854284, 0.005947594065219164, -0.04079087823629379, -0.017723379656672478, -0.007641835603863001, 0.007551476359367371, -0.02469397336244583, -0.012282444164156914, 0.013515206053853035, -0.022848056629300117, -0.012902052141726017, 0.026165543124079704, 0.022512435913085938, -0.019659655168652534, 0.01024935394525528, -0.00908113457262516, -0.0046728793531656265, 0.010739876888692379, -0.008835872635245323, -0.012714878655970097, -0.020640701055526733, -0.0383898988366127, -0.004837462678551674, 0.044301994144916534, -0.01816226914525032, -0.010920596309006214, 0.004960093647241592, 0.015567658469080925, -0.01883351057767868, 0.002839871449396014, 0.00709967827424407, -0.0046212454326450825, 0.04391473904252052, 0.006076679565012455, -0.01369592547416687, 0.014844782650470734, 0.005966957192867994, -0.028243811801075935, -0.0022267173044383526, -0.00019715726375579834, -0.0027511254884302616, -0.023441847413778305, 0.005960502661764622, -0.009487751871347427, -0.0016256649978458881, 0.002112154383212328, -0.004330803640186787, 0.003595018992200494, 0.007951639592647552, -0.022163905203342438, 0.011443390510976315, 0.005208582151681185, -0.017904099076986313, 0.046083368360996246, -0.0012198538752272725, 0.011056135408580303, 0.01671651564538479, -0.00890686921775341, 0.0195434782654047, -0.04133303835988045, 0.03082551248371601, 0.03929349407553673, -0.016213083639740944, 0.009410301223397255, -0.002094405237585306, -0.01985328271985054, -0.014238082803785801, -0.01674233190715313, -0.007157766725867987, 0.029534662142395973, 0.016910143196582794, -0.0321163646876812, -0.03348466381430626, -0.022060636430978775, -0.01028162520378828, -0.002236398635432124, -0.025494299829006195, 0.02151848003268242, -0.02526194602251053, 0.03172910958528519, -0.007235217839479446, 0.011837100610136986, 0.004747102968394756, -0.028889236971735954, -0.021647565066814423, 0.023002957925200462, -0.012689061462879181, 0.026565706357359886, -0.027262765914201736, 0.0222671739757061, -0.008429254405200481, 0.019659655168652534, -0.012243717908859253, -0.030257537961006165, 0.014612428843975067, -0.03074806183576584, 0.036040548235177994, 0.021105408668518066, 0.017917007207870483, -0.0015942004974931479, 0.02024053782224655, 0.0026720608584582806, -0.0010084770619869232, 0.012314715422689915, -0.016148541122674942, -0.006047635339200497, -0.020589066669344902, -0.00487941550090909, 0.0256879273802042, 0.005773329641669989, -0.01746520958840847, -0.010300988331437111, 0.026462437584996223, 0.021428121253848076, -0.006460707634687424, -0.0060928151942789555, -0.04135885462164879, -0.010165448300540447, -0.002058906713500619, 0.01674233190715313, -0.0003983484348282218, 0.002173469867557287, -0.031032050028443336, -0.0020508388988673687, 0.019285308197140694, -0.016845600679516792, -0.00020774627046193928, 0.00014229610678739846, 0.02428090013563633, -0.01851079799234867, 0.0029495935887098312, -0.0171037707477808, 0.051169317215681076, 0.0032836012542247772, -0.012914960272610188, -0.032968323677778244, -0.02363547496497631, -0.00529571482911706, 0.006383256521075964, 0.01953057013452053, 0.013592656701803207, -0.02808891050517559, -0.012747149914503098, 0.008932686410844326, -0.008958503603935242, -0.006470388732850552, 0.009952458553016186, -0.0006321134278550744, -0.011830645613372326, -0.02287387289106846, 0.007512750569730997, -0.005379620008170605, 0.002205741126090288, 0.01671651564538479, 0.005553884897381067, 0.04610918462276459, -0.01643252931535244, 0.006125086452811956, 0.024397077038884163, -0.030928781256079674, 0.027598386630415916, -0.0036369715817272663, 0.011081952601671219, -0.015296580269932747, 0.01707795448601246, -0.021608838811516762, -2.1152805857127532e-05, 0.002836644183844328, -0.0072868517599999905, 0.02398400567471981, 0.01882060244679451, -0.0023977551609277725, 0.006347757764160633, 0.005056907422840595, 0.0430111438035965, 0.010875416919589043, -0.020769786089658737, 0.031316034495830536, 0.009565203450620174, 0.00555711193010211, -0.011992002837359905, 0.015464390628039837, -0.032038912177085876, -0.0030044547747820616, 0.001857211347669363, -0.03012845292687416, 0.006160584744066, -0.008293715305626392, -0.008338894695043564, 0.035808198153972626, -0.015606383793056011, 0.014457526616752148, 0.0184978898614645, -0.008700333535671234, 0.03934512659907341, -0.011527296155691147, 0.008526068180799484, -0.00264785741455853, 0.028811786323785782, 0.03172910958528519, 0.012540614232420921, -0.028837602585554123, -0.0009390938212163746, 0.013282853178679943, -0.0161227248609066, -0.0045341127552092075, 0.0020508388988673687, 0.027236947789788246, -0.008751966990530491, -0.022848056629300117, -0.004434071946889162, 0.011256217956542969, 0.021273218095302582, 0.01613563299179077, -0.011598292738199234, 0.002205741126090288, -0.012101724743843079, -0.025068318471312523, -0.012701970525085926, -0.006025045178830624, -0.015980731695890427, -0.009494205936789513, 0.003778965212404728, -0.007990365847945213, 0.01489641610532999, -0.014444618485867977, 0.002705945633351803, -0.020395439118146896, -0.010042818263173103, 0.004066179506480694, -0.036815058439970016, 0.009720105677843094, 0.01213399600237608, 0.0002805583062581718, 0.008900415152311325, 0.019259491935372353, -0.05101441591978073, 0.004782601725310087, -0.00403068121522665, 0.02264152094721794, -0.02260279469192028, 0.013173130340874195, -0.006951230578124523, -0.012204992584884167, 0.023054592311382294, -0.012618064880371094, -0.021479753777384758, -0.04337258264422417, 0.0017152178334072232, 0.00872615072876215, -0.017568476498126984, -0.009565203450620174, 0.00020139287516940385, -0.001486898516304791, 0.011940368451178074, -0.014328441582620144, -0.010849599726498127, 0.013411938212811947, 0.007525659166276455, 0.0035788833629339933, 0.046005915850400925, -0.02531358040869236, 0.011540204286575317, 0.0030754515901207924, 0.007048044353723526, -0.027598386630415916, -0.006996410433202982, 3.756576916202903e-05, 0.005786237772554159, -0.018213901668787003, -0.020589066669344902, -0.022021912038326263, -0.018149359151721, 0.0043114409781992435, -0.0037886465433984995, 0.014935141429305077, 0.001353779574856162, -0.01639380306005478, -0.006409073248505592, -0.020937597379088402, -0.002054066164419055, 0.027572570368647575, -0.03263270482420921, -0.014689880423247814, 0.0017716925358399749, -0.01680687442421913, -0.05297651141881943, -0.024164723232388496, 0.019982367753982544, 0.040868330746889114, 0.00821626465767622, -0.013579748570919037, 0.0071190414018929005, 0.008939140476286411, -0.061031416058540344, 0.009035954251885414, -0.02116995118558407, 0.007770920637995005, 0.018639883026480675, 0.01576128602027893, -0.016703607514500618, 0.04200427979230881, -0.007603110279887915, -0.0033820285461843014, -0.0051504941657185555, 0.0042081731371581554, -0.010630154982209206, -0.006989956367760897, 0.03766702115535736, -0.00693186791613698, -0.035472575575113297, -0.022112270817160606, 0.03632453829050064, -0.012198538519442081, -0.013424846343696117, -0.0009463548776693642, -0.01077214814722538, 0.014108997769653797, 0.020989231765270233, -0.0012109793024137616, 0.012760058045387268, 0.008067816495895386, 0.002238012384623289, -0.03214218094944954, 0.0006522829644382, 0.014134814031422138, 0.013257035985589027, 0.013295761309564114, -0.011798374354839325, 0.005511932075023651, -0.000657527067232877, -0.005247307941317558, 0.018614066764712334, -0.00943611841648817, -0.006099269259721041, -0.02327403612434864, -0.005834644660353661, 0.0080290911719203, 0.009442572481930256, 0.016587430611252785, -0.002007272792980075, 0.007344940211623907, 0.0007809646194800735, 0.0073384856805205345, -0.01559347566217184, -0.0005082724383100867, -0.0037434669211506844, -0.01573546975851059, -0.005482887849211693, -0.024461619555950165, 0.004172674845904112, 0.035446759313344955, -0.004301759880036116, -0.014328441582620144, -0.024461619555950165, -0.018936779350042343, 0.022654429078102112, 0.0063445307314395905, 0.01488350797444582, -0.0011916165240108967, -0.0006091201212257147, -0.03007682040333748, -0.002300941152498126, -0.011462753638625145, -0.0030044547747820616, 0.002878597006201744, -0.011882279999554157, 0.012895598076283932, -0.02468106336891651, 0.014225173741579056, 0.002831803634762764, 0.015890371054410934, -0.01418644841760397, 0.006299350876361132, 0.17586548626422882, 0.008435708470642567, -0.0012246945407241583, 0.02912159077823162, -0.02533939853310585, -0.014831873588263988, -0.009339304640889168, 0.02021472156047821, -0.0013061794452369213, 0.033717017620801926, -0.0017991230124607682, -0.01644543744623661, -0.02391946129500866, 0.011992002837359905, -0.007803191896528006, 0.013399029150605202, -0.034801334142684937, 0.0072029465809464455, -0.03113531693816185, 0.03650525584816933, 0.032348718494176865, -0.01387664396315813, -0.0020685880444943905, -0.00410490483045578, 0.029973551630973816, 0.014134814031422138, 0.022680245339870453, 0.020589066669344902, 0.02598482370376587, 0.014070271514356136, 0.0033207132946699858, -0.019595112651586533, 0.005566793493926525, -0.013954095542430878, -0.03622126951813698, -0.005618427414447069, 0.015954913571476936, -0.021453937515616417, 0.00020552762725856155, 0.007654744200408459, -0.004243671428412199, -0.009984729811549187, -0.006054089404642582, -0.015102952718734741, -0.012204992584884167, -0.014651155099272728, -0.041591208428144455, 0.010494615882635117, -0.02288678102195263, -0.0014409120194613934, -0.03890623897314072, -0.006828600075095892, 0.007809646427631378, 0.010707605630159378, 0.02672060765326023, 0.005002046003937721, 0.006609155330806971, -0.015567658469080925, 0.0032142181880772114, -0.0039209588430821896, -0.007396574132144451, 0.0043759834952652454, -0.040919963270425797, 0.019982367753982544, -0.021815376356244087, -0.009713650681078434, -0.017917007207870483, 0.01884641870856285, -0.003375574480742216, 0.012579339556396008, -0.028605250641703606, -0.0024058229755610228, -0.027211131528019905, -0.003930640406906605, -0.010488161817193031, -0.00376605661585927, 0.025094136595726013, 0.0009052089881151915, 0.014057363383471966, 0.01818808540701866, -0.030877146869897842, -0.013967003673315048, -0.005670061334967613, 0.033045776188373566, -0.003946776036173105, -0.007816100493073463, 0.024900509044528008, -0.0028995731845498085, -0.010255808010697365, -0.015438573434948921, 0.003296509850770235, 0.0017733060522004962, -0.010430073365569115, 0.0011553113581612706, -0.0038531890604645014, -0.00760956434533, -0.009997637942433357, 0.0242292657494545, -0.0004626892623491585, 0.015903279185295105, -0.03309740871191025, 0.06521377712488174, 0.0256879273802042, -0.020731061697006226, -0.010643063113093376, 0.0009003683226183057, -0.01679396629333496, 0.019659655168652534, 0.009339304640889168, -0.00048043846618384123, -0.021453937515616417, -0.020034002140164375, -0.017349032685160637, -0.02734021656215191, -0.0017926688306033611, -0.011527296155691147, -0.01044943556189537, -0.03322649374604225, 0.014470435678958893, -0.04685787856578827, -0.02394527941942215, -0.008687424473464489, 0.015451482497155666, 0.011307851411402225, -0.017620110884308815, -0.012908506207168102, -0.019091680645942688, 0.005566793493926525, 0.02390655316412449, -0.046393170952796936, -0.0006659982609562576, -0.008558339439332485, -0.02217681333422661, -0.011191675439476967, -0.010004092007875443, 0.013760467991232872, 0.010862507857382298, -0.029612112790346146, -0.004982683341950178, 0.004001636989414692, 0.010158994235098362, -0.030670611187815666, 0.014534978196024895, 0.008609973825514317, 0.0030899737030267715, 0.0060379537753760815, -0.008506705984473228, 0.0012561590410768986, -0.005256989039480686, 0.004750330466777086, -0.011140041053295135, -0.025855738669633865, 0.00041992985643446445, -0.017904099076986313, -0.004211400169879198, -0.02496505156159401, 0.004098450765013695, -0.04690951108932495, 0.008952049538493156, -0.002486501121893525, -0.024177633225917816, 0.014676971361041069, 0.021725015714764595, -0.0065575214102864265, 0.0011303010396659374, 0.005466752219945192, -0.16089162230491638, 0.030618976801633835, 0.03557584434747696, 0.0004929435672238469, 0.03890623897314072, 0.008112995885312557, -0.0017749195685610175, 0.008325986564159393, -0.023093318566679955, 0.02155720628798008, 0.017658837139606476, -0.025236129760742188, -0.0090746795758605, 0.0030431803315877914, -0.01521912869066, -0.0055603389628231525, -0.0018362350529059768, 0.017555568367242813, 0.021299036219716072, 0.012011365033686161, 0.0038596433587372303, -0.0104365274310112, -0.0025203858967870474, -0.024745605885982513, -0.010830236598849297, -0.005231172312051058, -0.030231721699237823, -0.00015984360652510077, -0.004511523060500622, -0.011372393928468227, -0.022034820169210434, 0.0020459983497858047, 0.023119134828448296, -0.012689061462879181, -0.0037434669211506844, -0.023777468129992485, -0.020627792924642563, -0.014625337906181812, -0.038467347621917725, 0.03831244632601738, 0.012527705170214176, 0.007344940211623907, -0.021983185783028603, -0.007603110279887915, -0.0007345746853388846, 0.019401485100388527, 0.032968323677778244, 0.0007309441571123898, 0.006247716955840588, -0.023880736902356148, -0.00990727823227644, -0.022150997072458267, -0.0020879509393125772, 0.004553475417196751, -0.010513978078961372, -0.01370883360505104, -0.03221963346004486, 0.03172910958528519, 0.005692651495337486, -0.0090424083173275, -0.001212592818774283, -0.007777375169098377, 0.03152257204055786, -0.0039855013601481915, -0.007319123018532991, -0.020950505509972572, 0.0036111546214669943, 0.014341350644826889, -0.009132768027484417, -0.01707795448601246, 0.013954095542430878, -0.023338578641414642, 0.0073707569390535355, -0.03702159598469734, 0.0050956327468156815, 0.014483343809843063, -0.0026446301490068436, 0.011992002837359905, 0.022409167140722275, -0.01578710414469242, 0.008429254405200481, 0.039887282997369766, -0.019620928913354874, -0.006609155330806971, -0.007461116649210453, 0.027469301596283913, 0.017620110884308815, 0.012818146497011185, -0.032658521085977554, 0.008945594541728497, 0.02533939853310585, -0.02466815523803234, -0.02326112799346447, -0.010610791854560375, 0.004250125493854284, 0.024409985169768333, 0.007228763308376074, -0.015967821702361107, -0.004062952473759651, 0.00454056728631258, 0.012056545354425907, -0.016535796225070953, -0.046393170952796936, 0.008235626854002476, 0.013915370218455791, 0.025933189317584038, -0.02159593068063259, 0.006867325399070978, 0.029250675812363625, -0.00013090032734908164, 0.012850417755544186, 0.005298941861838102, 0.024358350783586502, 0.016651973128318787, 0.010294533334672451, 0.001409447519108653, -0.005224717780947685, -0.013115042820572853, -0.02155720628798008, -0.007816100493073463, 0.016277626156806946, 0.013528114184737206, -0.004379210993647575, 0.004385665059089661, -0.005918550305068493, -0.006899596657603979, -0.10197719931602478, -0.0315483883023262, 0.01607109047472477, 0.023170769214630127, 0.01782664656639099, -0.019052956253290176, -0.01216626726090908, 0.03012845292687416, -0.003223899519070983, 0.008577702566981316, 0.004201718606054783, -0.02571374550461769, 0.00589596014469862, -0.0075837476179003716, 0.027546752244234085, -0.006957685109227896, 0.013411938212811947, 0.0017862145323306322, -0.007525659166276455, 0.01286332681775093, -0.000522794493008405, -0.035420943051576614, -0.013747558929026127, -0.006712423171848059, -0.009352212771773338, -0.003446571296080947, -0.023764559999108315, -0.0006692253518849611, 0.007525659166276455, 0.0034046184737235308, -0.017929915338754654, -0.0002466735022608191, 0.015916189178824425, 0.018355896696448326, -0.014341350644826889, -0.02088596299290657, -0.011172312311828136, -0.03733139857649803, 0.023119134828448296, -0.003785419510677457, -0.00760956434533, 0.005741058383136988, 0.012050090357661247, -0.010346167720854282, 0.01521912869066, -0.0184978898614645, -0.018381712958216667, 0.018652791157364845, 0.007041590288281441, -0.027288582175970078, -0.0009826601017266512, -0.02083432860672474, 0.008164630271494389, -0.026823876425623894, 0.012217901647090912, -0.023351488634943962, 0.007758012507110834, 0.025171587243676186, -0.010397802107036114, -0.0017668517539277673, 0.02256406843662262, 0.015606383793056011, 0.008371165953576565, 0.013476480729877949, 0.018601156771183014, -0.007906460203230381, -0.01146920770406723, -0.00029951767646707594, 0.01914331503212452, -0.04938794672489166, 0.011075498536229134, 0.0003348143945913762, -0.02362256683409214, -0.009900824166834354, -0.024384168907999992, -0.008816509507596493, -0.035085320472717285, -0.020666519179940224, -0.023144951090216637, -0.013528114184737206, -0.002292873337864876, -0.015090043656527996, 0.02976701594889164, -0.01316667627543211, 0.027288582175970078, 0.023196585476398468, -0.013799193315207958, -0.015180403366684914, 0.03493041917681694, -0.04388892278075218, 0.003288442036136985, 0.020808512344956398, 0.024164723232388496, 0.008054908365011215, -0.02253825217485428, 0.021118316799402237, 0.0023880735971033573, -0.01883351057767868, -0.03451734408736229, 0.020950505509972572, -0.03906114026904106, -0.0019056182354688644, -0.05509350448846817, 0.01610981673002243, 0.014664063230156898, -0.022667337208986282, 0.002896346151828766, 0.00973946787416935, 0.013295761309564114, -0.006847962737083435, 0.011424028314650059, 0.008087179623544216, -0.02397109568119049, 0.016161449253559113, -0.003720876993611455, -0.016484161838889122, -0.01265679020434618, 0.00921667367219925, 0.006609155330806971, -0.007041590288281441, 0.01077214814722538, -0.008190447464585304, -0.028915053233504295, -0.002544589340686798, 0.0021557204890996218, -0.004469570238143206, -0.029560480266809464, 0.017904099076986313, -0.02912159077823162, 0.011766103096306324, -0.02845034748315811, -0.009152131155133247, 0.018342986702919006, -0.008254989981651306, -0.014418801292777061, 0.007196492049843073, -0.028192177414894104, -0.042598072439432144, -0.017400667071342468, 0.03005100227892399, 0.028605250641703606, -0.029328126460313797, 0.01130139734596014, -0.027985641732811928, 0.004337258171290159, -0.031341854482889175, 0.004579292610287666, -0.006034726742655039, -0.025739561766386032, 0.0019459573086351156, 0.01435425877571106, 0.0067576030269265175, 0.005628108978271484, 0.018200993537902832, 0.0019588659051805735, -0.0043985736556351185, -0.01230180636048317, -0.008190447464585304, -0.01520622055977583, -0.012760058045387268, -0.001699082087725401, -0.038880422711372375, 0.04210754856467247, 0.007312668953090906, 0.022473709657788277, -0.004827781580388546, 0.020085636526346207, 0.006357439327985048, -0.014134814031422138, 0.014973867684602737, 0.005098859779536724, -0.01580001227557659, 2.0686386051238514e-05, 0.013257035985589027, 0.004201718606054783, 0.015361122786998749, -0.02017599530518055, -0.0015094884438440204, -0.006509114522486925, 0.014212265610694885, -0.012992411851882935, 0.025752469897270203, 0.029147407039999962, -0.011617655865848064, -0.022460801526904106, 0.033355578780174255, 0.027572570368647575, 0.008751966990530491, -0.007809646427631378, 0.011682198382914066, 0.000583706540055573, -0.011430482380092144, -0.00435339380055666, 0.014909325167536736, 0.001954025123268366, 0.01578710414469242, 0.030670611187815666, 0.012127541936933994, -0.018200993537902832, -0.01250188797712326, 0.01435425877571106, 0.013644291087985039, -0.007925823330879211, -0.0028221223037689924, -0.009875006973743439, -0.011585384607315063, -0.03663434088230133, 0.009868552908301353, -0.0053699384443461895, -0.012566430494189262, -0.036143817007541656, 0.02355802431702614, -0.005724922753870487, 0.011921005323529243, 0.012217901647090912, -0.0020104998257011175, 0.004592201206833124, 0.007706378120929003, -0.008448617532849312, 0.012785875238478184, -0.007196492049843073, 0.01639380306005478, -0.010158994235098362, 0.000359824625775218, -0.0031625840347260237, 0.00804199930280447, 0.006447799038141966, 0.030618976801633835, -0.00779673783108592, -0.013360303826630116, -0.0032222860027104616, -0.029534662142395973, 0.025378122925758362, 0.0033174860291182995, -0.01910458877682686, -0.003459479659795761, -0.008500250987708569, -0.0037821922451257706, -0.010010547004640102, 0.0009439345449209213, -0.008945594541728497, 0.05499023571610451, 0.049103956669569016, 0.002628494519740343, -0.01109486073255539, -0.004133949056267738, 0.016303444281220436, 0.0038564163260161877, -0.008900415152311325, 0.024487435817718506, -0.03113531693816185, 0.02633335255086422, 0.006470388732850552, -0.013044045306742191, -0.030231721699237823, -0.021815376356244087, -0.0052537620067596436, -0.00625417148694396, 0.02390655316412449, 0.008835872635245323, 0.005050452891737223, 0.00693186791613698, -0.021996093913912773, 0.044611796736717224, 0.02461652085185051, -0.02257697843015194, -0.018988411873579025, 0.005602291785180569, 0.001979842083528638, -0.0073707569390535355, -0.022331716492772102, -0.011023864150047302, 0.0031754926312714815, -0.008390529081225395, 0.00028519731131382287, 0.03529185801744461, 0.0066220639273524284, -0.029973551630973816, -0.02015017904341221, 0.016884326934814453, 0.017697561532258987, 0.016703607514500618, 0.002962502185255289, -0.022099362686276436, -0.02674642577767372, -0.03356211632490158, 0.028915053233504295, -0.017581386491656303, -0.021015048027038574, -0.018394621089100838], 'ai_metadata': {'tags': ['construction', 'document'], 'document_type': 'unknown', 'topics': ['Fire Rating Requirements for Steel Structures'], 'supplier_mentions': [], 'categories': ['general'], 'summary': '```json\n{\n  "tags": [\n    "AS 1530.4",\n    "BCA",\n    "fire rating",\n    "fire resistance",\n    "building codes"\n  ],\n  "document_type": "specification",\n  "topics": [\n    "steel structures",\n    "fir'}, 'created_timestamp': '2025-08-12T06:47:44.956000', 'status': 'active', 'reference_count': 0, 'helpful_votes': 0, 'view_count': 0}, 'similarity_score': 0.7983443898438916}, {'type': 'mentor_note', 'note': {'_id': '689af26b04c351a843ce4b5c', 'note_id': 'db7d0d5b-35b6-47e5-a96f-4d90b4fe76f0', 'user_id': 'demo_user_auto_token', 'user_email': 'demo@onesource.ai', 'title': 'Fire Rating Requirements for Steel Structures', 'content': 'When designing steel structures in commercial buildings, fire rating requirements must be considered early in the design process. AS 1530.4 provides the testing methodology for fire resistance, while the BCA specifies minimum requirements based on building classification and height.', 'tags': ['fire-rating', 'steel', 'BCA', 'AS1530', 'construction', 'document'], 'category': 'structural-design', 'attachment_url': None, 'embedding': [-0.0028076001908630133, -0.004995591938495636, -0.0315483883023262, -0.0424431674182415, 0.006034726742655039, -0.015386939980089664, -0.017710471525788307, -0.0184333473443985, 0.01369592547416687, 0.006031499709933996, -0.0008358258055523038, -0.00908113457262516, 0.0065026599913835526, 0.02186700887978077, -0.013812101446092129, 0.0009350599138997495, 0.01573546975851059, 0.02088596299290657, 0.0028608476277440786, -0.003917731810361147, -0.01075924001634121, 0.012127541936933994, -0.017374848946928978, 0.0036401988472789526, -0.008945594541728497, 0.0065575214102864265, 0.013992820866405964, -0.03113531693816185, 0.005686196964234114, 0.007674106862396002, 0.02669479139149189, -0.020950505509972572, -0.009920187294483185, 0.005237626377493143, -0.0030512481462210417, 0.0003156533057335764, -0.008145267143845558, 0.001739421277306974, 0.007493387907743454, -0.014522070065140724, -0.001326348981820047, -0.021324852481484413, 0.00478582875803113, 0.006560748443007469, 0.008145267143845558, -0.008442163467407227, 0.025791196152567863, -0.0025607249699532986, -0.030670611187815666, -0.013592656701803207, 0.021027956157922745, -0.007196492049843073, -0.017697561532258987, -0.014496252872049809, -0.0018136451253667474, 0.0006196083268150687, -0.01749102585017681, 0.006008909549564123, 0.022112270817160606, -0.03526603803038597, -0.01114649511873722, 0.005082724150270224, -0.025817012414336205, 0.0025784741155803204, -0.00821626465767622, -0.027236947789788246, 0.02256406843662262, 0.010597883723676205, -0.01678105816245079, 0.014444618485867977, 0.019040046259760857, 0.030257537961006165, 0.01914331503212452, 0.02434544265270233, 0.036763425916433334, -0.004585746675729752, 0.02228008210659027, -0.02839871309697628, 0.01059142965823412, -0.02190573513507843, -0.0030899737030267715, -0.012101724743843079, -0.0029786378145217896, 0.02628171816468239, -0.0075837476179003716, 0.0147286057472229, -0.0013812101678922772, -0.0018362350529059768, -0.007900006137788296, 0.007403028197586536, -0.018562432378530502, 0.008622881956398487, 0.01130139734596014, 0.010087997652590275, -0.02162174880504608, -0.019608020782470703, 0.008648699149489403, 0.005321531556546688, 0.014328441582620144, -0.00024263958039227873, 0.004008091054856777, 0.0018281672382727265, -0.02024053782224655, 0.002981864847242832, 0.0027123999316245317, -0.015929097309708595, 0.003940321505069733, -0.008125904947519302, -0.007461116649210453, -0.02974119782447815, -0.032710153609514236, 0.014096088707447052, -0.003517567878589034, -0.00904886331409216, 0.00926185306161642, 0.022163905203342438, 0.011921005323529243, -0.002400982193648815, -0.001060111098922789, -0.00822917278856039, 0.0020637474954128265, -0.0052021280862390995, 0.02089887112379074, 0.01028162520378828, 0.026849692687392235, -0.004395346622914076, -0.024526162073016167, -0.012921415269374847, -0.007435299456119537, -0.019969459623098373, 0.00889396108686924, 0.009068225510418415, 0.012598701752722263, -0.008409892208874226, -0.009545840322971344, 0.02262861095368862, -0.007983910851180553, 0.040222905576229095, -0.04280460625886917, -0.031057866290211678, 0.0019653202034533024, 0.0023638701532036066, -0.024203449487686157, -0.01610981673002243, -0.011036773212254047, -0.016832692548632622, 0.018407529219985008, 0.01812354288995266, -0.01747811771929264, -0.017258672043681145, -0.030205905437469482, 0.00853252224624157, 0.007628927007317543, 0.008829418569803238, -0.014741513878107071, 0.022499525919556618, -0.018059000372886658, 0.018652791157364845, -0.012940777465701103, -0.03593728318810463, 0.04391473904252052, 0.0067059691064059734, 0.006063770968466997, 0.006163811776787043, 0.002368710935115814, 0.006951230578124523, 0.0076999240554869175, -0.008171084336936474, 0.002418731339275837, -0.009952458553016186, 0.010307442396879196, 0.03082551248371601, -0.02777910605072975, 0.011753194965422153, 0.013173130340874195, 0.02122158370912075, 0.02222844772040844, 0.016639064997434616, 0.013463571667671204, -0.005621654447168112, -0.005886279046535492, -0.005637790076434612, 0.038880422711372375, 0.029586296528577805, -0.032348718494176865, 0.04143630713224411, 0.02228008210659027, 0.00419849157333374, 0.02287387289106846, -0.031238585710525513, 0.008429254405200481, 0.005653925705701113, -0.01265679020434618, -0.005098859779536724, -0.6476972103118896, -0.030541526153683662, 0.0026333353016525507, -0.0410490483045578, 0.0006280795205384493, 0.0036047003231942654, 0.031625840812921524, -0.01044943556189537, -0.0055926102213561535, -0.0016684244619682431, 0.023054592311382294, 0.010242899879813194, 0.0005679742898792028, -0.012463162653148174, -0.0161227248609066, -0.016497071832418442, 0.014651155099272728, -0.005860461853444576, 0.012056545354425907, 0.013056954368948936, -0.011862916871905327, 0.024461619555950165, -0.038518983870744705, -0.027624202892184258, 0.016574522480368614, -0.012256626971065998, 0.001765238237567246, -0.026798058301210403, 0.0233127623796463, -0.012463162653148174, -0.010068634524941444, 0.018898053094744682, 0.025752469897270203, 0.026191359385848045, 0.04099741578102112, -0.00023880736262071878, -0.002307395450770855, 0.021828284487128258, 0.049078140407800674, 0.011540204286575317, -0.008881052024662495, 0.00736430287361145, 0.04032617434859276, 0.021053774282336235, -0.006221900228410959, 0.026410803198814392, 0.032013095915317535, -0.0018943232716992497, 0.02020181156694889, -0.028192177414894104, -0.009281216189265251, 0.01044943556189537, -0.0147286057472229, 0.008784238249063492, 0.02637207880616188, -0.007215855177491903, 0.02468106336891651, 0.009126313962042332, -0.03172910958528519, 0.0014296170556917787, 0.021363578736782074, -0.00941675528883934, 0.015864554792642593, -0.036995779722929, -0.02327403612434864, -0.00487941550090909, -0.015412756241858006, 0.00853897724300623, 0.007435299456119537, 0.011191675439476967, -0.003398164175450802, 0.02497795969247818, 0.006835054140537977, 0.0021363578271120787, 0.008035545237362385, 0.017710471525788307, 0.014973867684602737, -0.001212592818774283, 0.014599520713090897, 0.012611610814929008, 0.012159813195466995, 0.00717712938785553, -0.01742648333311081, -0.009113405831158161, -0.014457526616752148, -0.01603236421942711, -0.010830236598849297, -0.021002139896154404, 0.02845034748315811, 0.00939739216119051, 0.0194789357483387, -0.02055034227669239, -0.0024994094856083393, -0.03190982714295387, -0.008803601376712322, 0.011030318215489388, 0.01264388207346201, -0.022693153470754623, 0.010726968757808208, -0.00033078048727475107, -0.028631066903471947, -0.01712958700954914, -0.016561614349484444, -0.0013384507037699223, 0.012521251104772091, -0.010914142243564129, 0.00753211323171854, -0.0027430576737970114, 0.023015866056084633, -0.010397802107036114, 0.0023106227163225412, -0.006764057092368603, -0.03345884755253792, -0.02256406843662262, -0.0017620110884308815, -0.023390213027596474, 0.02459070459008217, 0.013657200150191784, -0.00019282080756966025, 0.009694288484752178, 0.0010141244856640697, 0.014250990934669971, 0.021686291322112083, -0.028527798131108284, -0.023506389930844307, 0.04918140918016434, -0.008048453368246555, 0.0053731659427285194, 0.007900006137788296, 0.00035740426392294466, 0.00870678760111332, 0.0077321953140199184, 0.018007365986704826, -0.009836281649768353, -0.004285624250769615, 0.0053699384443461895, -0.0014191289665177464, -0.027520935982465744, 0.02296423353254795, -0.02120867557823658, -0.023390213027596474, -0.006828600075095892, 0.0019572521559894085, 0.0005417538923211396, -0.0336395688354969, 0.00337234721519053, -0.04458598047494888, 0.021996093913912773, 0.00039310436113737524, 0.019646747037768364, -0.03276178985834122, -0.0011770944111049175, 0.0020621339790523052, 0.0030754515901207924, -0.003478842554613948, -0.007803191896528006, 0.023416031152009964, -0.02022762969136238, 0.019659655168652534, -0.007628927007317543, -0.017581386491656303, -0.0023590296041220427, -0.021079590544104576, 0.0033239403273910284, 0.00294798007234931, -0.004340485204011202, 0.019750013947486877, 0.008590610697865486, -0.016613246873021126, -0.024539070203900337, -0.0007966968696564436, -0.012689061462879181, 0.0036853784695267677, 0.015128768980503082, -0.0018071908270940185, 0.01301822904497385, -0.012088816612958908, -0.008242080919444561, -0.0026720608584582806, -0.007164220791310072, 0.0023913008626550436, 0.015270763076841831, -0.008939140476286411, 0.022486617788672447, 0.004950412083417177, 0.04716768115758896, -0.00037938906461931765, -0.0009947618236765265, -0.017542660236358643, 0.011785466223955154, -0.019298216328024864, 0.017336124554276466, 0.015503115952014923, 0.012069453485310078, 0.007332031615078449, -0.0034627069253474474, -0.006609155330806971, -0.010320350527763367, -0.014973867684602737, -0.004217854235321283, 0.0003499415470287204, -0.005857234820723534, 0.027908191084861755, -0.014315533451735973, 0.022021912038326263, -0.005037544760853052, 0.017710471525788307, -0.011230400763452053, 0.044689249247312546, 0.01576128602027893, 0.00042598071740940213, -0.013244127854704857, -0.01081087440252304, -0.0157741941511631, -0.014870598912239075, 0.011411119252443314, 0.005173083860427141, 0.029173225164413452, -0.008267898112535477, -0.030928781256079674, 0.028140543028712273, 0.015193311497569084, 0.027211131528019905, 0.016509979963302612, -0.006789874285459518, -0.0042598070576786995, 0.026488255709409714, 0.014147723093628883, 0.008300169371068478, -0.004808418452739716, -0.002000818494707346, 0.008300169371068478, 0.013889553025364876, -0.002346121007576585, 0.03968074917793274, 0.03005100227892399, 0.03562747687101364, -0.01879478432238102, 0.01195973064750433, 0.007525659166276455, 0.02772747166454792, 0.009520023129880428, 0.018730241805315018, -0.008648699149489403, 0.04066179320216179, 0.0321163646876812, 0.026798058301210403, 0.03252943605184555, -0.00175232975743711, 0.0031109501142054796, 0.0035014322493225336, -0.004492160398513079, -0.02193155139684677, 0.004304986912757158, 0.026539888232946396, 0.012785875238478184, 0.026798058301210403, 0.023028776049613953, 0.006125086452811956, -0.0006551066762767732, 0.0008342122309841216, 0.0023122362326830626, 0.035420943051576614, -0.009029500186443329, 0.027262765914201736, 0.0038080094382166862, -0.03456898033618927, 0.0014320374466478825, 0.012172721326351166, -0.012269535101950169, -0.01111422386020422, 0.003340075956657529, 0.007467570714652538, -0.003656334476545453, 0.003106109332293272, 0.013889553025364876, -0.0002511107886675745, 0.032322898507118225, 0.016845600679516792, 0.0028205085545778275, 0.013076316565275192, -0.013005319982767105, 0.01319894753396511, 0.015244945883750916, 0.0017894416814669967, -0.01489641610532999, 0.0018927097553387284, 0.00821626465767622, -0.020356714725494385, 0.03255525231361389, 0.012669699266552925, -0.00960392877459526, -0.012553522363305092, 0.009752376936376095, -0.00478582875803113, 0.014522070065140724, 0.0028818240389227867, -0.05483533442020416, -0.015477298758924007, -0.005324759054929018, 0.007138404063880444, -0.006764057092368603, 0.012766513042151928, -0.016509979963302612, 0.03585983067750931, 0.006231581326574087, 0.012295352295041084, 0.01126912608742714, 0.011533750221133232, -0.0018604384968057275, 0.015993639826774597, 0.010552704334259033, -0.0017749195685610175, 0.01643252931535244, 0.03552420809864998, -0.010707605630159378, 0.004605109803378582, -0.018304262310266495, 0.037512119859457016, -0.006628517992794514, 0.0008576089167036116, 0.013553931377828121, -0.013295761309564114, 0.009868552908301353, 0.06289024651050568, 0.004340485204011202, 0.010042818263173103, 0.006815691478550434, 0.006338076665997505, -0.010991592891514301, -0.044663432985544205, -0.0062799882143735886, 0.018252627924084663, 0.0006280795205384493, -0.01878187619149685, -0.00452120415866375, 0.008171084336936474, 0.01848498173058033, 0.011927459388971329, 0.02736603282392025, 0.008293715305626392, -0.030902964994311333, -0.0006010523065924644, -0.008119450882077217, -0.03175492584705353, 0.004779374692589045, 0.04856180027127266, 0.018975503742694855, 0.005753966514021158, -0.014302625320851803, 0.0001857614697655663, 0.010720514692366123, 0.004434071946889162, -0.022034820169210434, 0.010817328467965126, 0.01946602761745453, -0.0016458345344290137, 0.025197403505444527, 0.010326804593205452, 0.010739876888692379, 0.013147314079105854, -0.015141678042709827, -0.0001688190532149747, -0.007409482728689909, 0.03240035101771355, -0.008952049538493156, 0.006350985262542963, 0.011727377772331238, 0.016019456088542938, -0.014586612582206726, 0.006183174438774586, 0.020976323634386063, -0.010029909200966358, 0.024435803294181824, 0.02017599530518055, 0.007041590288281441, -0.013502297922968864, -0.00563456304371357, 0.007015773095190525, -0.023506389930844307, -0.0005542589933611453, -0.003720876993611455, 0.010520433075726032, -0.021634656935930252, -0.027804922312498093, -0.01911749877035618, 0.004250125493854284, 0.005947594065219164, -0.04079087823629379, -0.017723379656672478, -0.007641835603863001, 0.007551476359367371, -0.02469397336244583, -0.012282444164156914, 0.013515206053853035, -0.022848056629300117, -0.012902052141726017, 0.026165543124079704, 0.022512435913085938, -0.019659655168652534, 0.01024935394525528, -0.00908113457262516, -0.0046728793531656265, 0.010739876888692379, -0.008835872635245323, -0.012714878655970097, -0.020640701055526733, -0.0383898988366127, -0.004837462678551674, 0.044301994144916534, -0.01816226914525032, -0.010920596309006214, 0.004960093647241592, 0.015567658469080925, -0.01883351057767868, 0.002839871449396014, 0.00709967827424407, -0.0046212454326450825, 0.04391473904252052, 0.006076679565012455, -0.01369592547416687, 0.014844782650470734, 0.005966957192867994, -0.028243811801075935, -0.0022267173044383526, -0.00019715726375579834, -0.0027511254884302616, -0.023441847413778305, 0.005960502661764622, -0.009487751871347427, -0.0016256649978458881, 0.002112154383212328, -0.004330803640186787, 0.003595018992200494, 0.007951639592647552, -0.022163905203342438, 0.011443390510976315, 0.005208582151681185, -0.017904099076986313, 0.046083368360996246, -0.0012198538752272725, 0.011056135408580303, 0.01671651564538479, -0.00890686921775341, 0.0195434782654047, -0.04133303835988045, 0.03082551248371601, 0.03929349407553673, -0.016213083639740944, 0.009410301223397255, -0.002094405237585306, -0.01985328271985054, -0.014238082803785801, -0.01674233190715313, -0.007157766725867987, 0.029534662142395973, 0.016910143196582794, -0.0321163646876812, -0.03348466381430626, -0.022060636430978775, -0.01028162520378828, -0.002236398635432124, -0.025494299829006195, 0.02151848003268242, -0.02526194602251053, 0.03172910958528519, -0.007235217839479446, 0.011837100610136986, 0.004747102968394756, -0.028889236971735954, -0.021647565066814423, 0.023002957925200462, -0.012689061462879181, 0.026565706357359886, -0.027262765914201736, 0.0222671739757061, -0.008429254405200481, 0.019659655168652534, -0.012243717908859253, -0.030257537961006165, 0.014612428843975067, -0.03074806183576584, 0.036040548235177994, 0.021105408668518066, 0.017917007207870483, -0.0015942004974931479, 0.02024053782224655, 0.0026720608584582806, -0.0010084770619869232, 0.012314715422689915, -0.016148541122674942, -0.006047635339200497, -0.020589066669344902, -0.00487941550090909, 0.0256879273802042, 0.005773329641669989, -0.01746520958840847, -0.010300988331437111, 0.026462437584996223, 0.021428121253848076, -0.006460707634687424, -0.0060928151942789555, -0.04135885462164879, -0.010165448300540447, -0.002058906713500619, 0.01674233190715313, -0.0003983484348282218, 0.002173469867557287, -0.031032050028443336, -0.0020508388988673687, 0.019285308197140694, -0.016845600679516792, -0.00020774627046193928, 0.00014229610678739846, 0.02428090013563633, -0.01851079799234867, 0.0029495935887098312, -0.0171037707477808, 0.051169317215681076, 0.0032836012542247772, -0.012914960272610188, -0.032968323677778244, -0.02363547496497631, -0.00529571482911706, 0.006383256521075964, 0.01953057013452053, 0.013592656701803207, -0.02808891050517559, -0.012747149914503098, 0.008932686410844326, -0.008958503603935242, -0.006470388732850552, 0.009952458553016186, -0.0006321134278550744, -0.011830645613372326, -0.02287387289106846, 0.007512750569730997, -0.005379620008170605, 0.002205741126090288, 0.01671651564538479, 0.005553884897381067, 0.04610918462276459, -0.01643252931535244, 0.006125086452811956, 0.024397077038884163, -0.030928781256079674, 0.027598386630415916, -0.0036369715817272663, 0.011081952601671219, -0.015296580269932747, 0.01707795448601246, -0.021608838811516762, -2.1152805857127532e-05, 0.002836644183844328, -0.0072868517599999905, 0.02398400567471981, 0.01882060244679451, -0.0023977551609277725, 0.006347757764160633, 0.005056907422840595, 0.0430111438035965, 0.010875416919589043, -0.020769786089658737, 0.031316034495830536, 0.009565203450620174, 0.00555711193010211, -0.011992002837359905, 0.015464390628039837, -0.032038912177085876, -0.0030044547747820616, 0.001857211347669363, -0.03012845292687416, 0.006160584744066, -0.008293715305626392, -0.008338894695043564, 0.035808198153972626, -0.015606383793056011, 0.014457526616752148, 0.0184978898614645, -0.008700333535671234, 0.03934512659907341, -0.011527296155691147, 0.008526068180799484, -0.00264785741455853, 0.028811786323785782, 0.03172910958528519, 0.012540614232420921, -0.028837602585554123, -0.0009390938212163746, 0.013282853178679943, -0.0161227248609066, -0.0045341127552092075, 0.0020508388988673687, 0.027236947789788246, -0.008751966990530491, -0.022848056629300117, -0.004434071946889162, 0.011256217956542969, 0.021273218095302582, 0.01613563299179077, -0.011598292738199234, 0.002205741126090288, -0.012101724743843079, -0.025068318471312523, -0.012701970525085926, -0.006025045178830624, -0.015980731695890427, -0.009494205936789513, 0.003778965212404728, -0.007990365847945213, 0.01489641610532999, -0.014444618485867977, 0.002705945633351803, -0.020395439118146896, -0.010042818263173103, 0.004066179506480694, -0.036815058439970016, 0.009720105677843094, 0.01213399600237608, 0.0002805583062581718, 0.008900415152311325, 0.019259491935372353, -0.05101441591978073, 0.004782601725310087, -0.00403068121522665, 0.02264152094721794, -0.02260279469192028, 0.013173130340874195, -0.006951230578124523, -0.012204992584884167, 0.023054592311382294, -0.012618064880371094, -0.021479753777384758, -0.04337258264422417, 0.0017152178334072232, 0.00872615072876215, -0.017568476498126984, -0.009565203450620174, 0.00020139287516940385, -0.001486898516304791, 0.011940368451178074, -0.014328441582620144, -0.010849599726498127, 0.013411938212811947, 0.007525659166276455, 0.0035788833629339933, 0.046005915850400925, -0.02531358040869236, 0.011540204286575317, 0.0030754515901207924, 0.007048044353723526, -0.027598386630415916, -0.006996410433202982, 3.756576916202903e-05, 0.005786237772554159, -0.018213901668787003, -0.020589066669344902, -0.022021912038326263, -0.018149359151721, 0.0043114409781992435, -0.0037886465433984995, 0.014935141429305077, 0.001353779574856162, -0.01639380306005478, -0.006409073248505592, -0.020937597379088402, -0.002054066164419055, 0.027572570368647575, -0.03263270482420921, -0.014689880423247814, 0.0017716925358399749, -0.01680687442421913, -0.05297651141881943, -0.024164723232388496, 0.019982367753982544, 0.040868330746889114, 0.00821626465767622, -0.013579748570919037, 0.0071190414018929005, 0.008939140476286411, -0.061031416058540344, 0.009035954251885414, -0.02116995118558407, 0.007770920637995005, 0.018639883026480675, 0.01576128602027893, -0.016703607514500618, 0.04200427979230881, -0.007603110279887915, -0.0033820285461843014, -0.0051504941657185555, 0.0042081731371581554, -0.010630154982209206, -0.006989956367760897, 0.03766702115535736, -0.00693186791613698, -0.035472575575113297, -0.022112270817160606, 0.03632453829050064, -0.012198538519442081, -0.013424846343696117, -0.0009463548776693642, -0.01077214814722538, 0.014108997769653797, 0.020989231765270233, -0.0012109793024137616, 0.012760058045387268, 0.008067816495895386, 0.002238012384623289, -0.03214218094944954, 0.0006522829644382, 0.014134814031422138, 0.013257035985589027, 0.013295761309564114, -0.011798374354839325, 0.005511932075023651, -0.000657527067232877, -0.005247307941317558, 0.018614066764712334, -0.00943611841648817, -0.006099269259721041, -0.02327403612434864, -0.005834644660353661, 0.0080290911719203, 0.009442572481930256, 0.016587430611252785, -0.002007272792980075, 0.007344940211623907, 0.0007809646194800735, 0.0073384856805205345, -0.01559347566217184, -0.0005082724383100867, -0.0037434669211506844, -0.01573546975851059, -0.005482887849211693, -0.024461619555950165, 0.004172674845904112, 0.035446759313344955, -0.004301759880036116, -0.014328441582620144, -0.024461619555950165, -0.018936779350042343, 0.022654429078102112, 0.0063445307314395905, 0.01488350797444582, -0.0011916165240108967, -0.0006091201212257147, -0.03007682040333748, -0.002300941152498126, -0.011462753638625145, -0.0030044547747820616, 0.002878597006201744, -0.011882279999554157, 0.012895598076283932, -0.02468106336891651, 0.014225173741579056, 0.002831803634762764, 0.015890371054410934, -0.01418644841760397, 0.006299350876361132, 0.17586548626422882, 0.008435708470642567, -0.0012246945407241583, 0.02912159077823162, -0.02533939853310585, -0.014831873588263988, -0.009339304640889168, 0.02021472156047821, -0.0013061794452369213, 0.033717017620801926, -0.0017991230124607682, -0.01644543744623661, -0.02391946129500866, 0.011992002837359905, -0.007803191896528006, 0.013399029150605202, -0.034801334142684937, 0.0072029465809464455, -0.03113531693816185, 0.03650525584816933, 0.032348718494176865, -0.01387664396315813, -0.0020685880444943905, -0.00410490483045578, 0.029973551630973816, 0.014134814031422138, 0.022680245339870453, 0.020589066669344902, 0.02598482370376587, 0.014070271514356136, 0.0033207132946699858, -0.019595112651586533, 0.005566793493926525, -0.013954095542430878, -0.03622126951813698, -0.005618427414447069, 0.015954913571476936, -0.021453937515616417, 0.00020552762725856155, 0.007654744200408459, -0.004243671428412199, -0.009984729811549187, -0.006054089404642582, -0.015102952718734741, -0.012204992584884167, -0.014651155099272728, -0.041591208428144455, 0.010494615882635117, -0.02288678102195263, -0.0014409120194613934, -0.03890623897314072, -0.006828600075095892, 0.007809646427631378, 0.010707605630159378, 0.02672060765326023, 0.005002046003937721, 0.006609155330806971, -0.015567658469080925, 0.0032142181880772114, -0.0039209588430821896, -0.007396574132144451, 0.0043759834952652454, -0.040919963270425797, 0.019982367753982544, -0.021815376356244087, -0.009713650681078434, -0.017917007207870483, 0.01884641870856285, -0.003375574480742216, 0.012579339556396008, -0.028605250641703606, -0.0024058229755610228, -0.027211131528019905, -0.003930640406906605, -0.010488161817193031, -0.00376605661585927, 0.025094136595726013, 0.0009052089881151915, 0.014057363383471966, 0.01818808540701866, -0.030877146869897842, -0.013967003673315048, -0.005670061334967613, 0.033045776188373566, -0.003946776036173105, -0.007816100493073463, 0.024900509044528008, -0.0028995731845498085, -0.010255808010697365, -0.015438573434948921, 0.003296509850770235, 0.0017733060522004962, -0.010430073365569115, 0.0011553113581612706, -0.0038531890604645014, -0.00760956434533, -0.009997637942433357, 0.0242292657494545, -0.0004626892623491585, 0.015903279185295105, -0.03309740871191025, 0.06521377712488174, 0.0256879273802042, -0.020731061697006226, -0.010643063113093376, 0.0009003683226183057, -0.01679396629333496, 0.019659655168652534, 0.009339304640889168, -0.00048043846618384123, -0.021453937515616417, -0.020034002140164375, -0.017349032685160637, -0.02734021656215191, -0.0017926688306033611, -0.011527296155691147, -0.01044943556189537, -0.03322649374604225, 0.014470435678958893, -0.04685787856578827, -0.02394527941942215, -0.008687424473464489, 0.015451482497155666, 0.011307851411402225, -0.017620110884308815, -0.012908506207168102, -0.019091680645942688, 0.005566793493926525, 0.02390655316412449, -0.046393170952796936, -0.0006659982609562576, -0.008558339439332485, -0.02217681333422661, -0.011191675439476967, -0.010004092007875443, 0.013760467991232872, 0.010862507857382298, -0.029612112790346146, -0.004982683341950178, 0.004001636989414692, 0.010158994235098362, -0.030670611187815666, 0.014534978196024895, 0.008609973825514317, 0.0030899737030267715, 0.0060379537753760815, -0.008506705984473228, 0.0012561590410768986, -0.005256989039480686, 0.004750330466777086, -0.011140041053295135, -0.025855738669633865, 0.00041992985643446445, -0.017904099076986313, -0.004211400169879198, -0.02496505156159401, 0.004098450765013695, -0.04690951108932495, 0.008952049538493156, -0.002486501121893525, -0.024177633225917816, 0.014676971361041069, 0.021725015714764595, -0.0065575214102864265, 0.0011303010396659374, 0.005466752219945192, -0.16089162230491638, 0.030618976801633835, 0.03557584434747696, 0.0004929435672238469, 0.03890623897314072, 0.008112995885312557, -0.0017749195685610175, 0.008325986564159393, -0.023093318566679955, 0.02155720628798008, 0.017658837139606476, -0.025236129760742188, -0.0090746795758605, 0.0030431803315877914, -0.01521912869066, -0.0055603389628231525, -0.0018362350529059768, 0.017555568367242813, 0.021299036219716072, 0.012011365033686161, 0.0038596433587372303, -0.0104365274310112, -0.0025203858967870474, -0.024745605885982513, -0.010830236598849297, -0.005231172312051058, -0.030231721699237823, -0.00015984360652510077, -0.004511523060500622, -0.011372393928468227, -0.022034820169210434, 0.0020459983497858047, 0.023119134828448296, -0.012689061462879181, -0.0037434669211506844, -0.023777468129992485, -0.020627792924642563, -0.014625337906181812, -0.038467347621917725, 0.03831244632601738, 0.012527705170214176, 0.007344940211623907, -0.021983185783028603, -0.007603110279887915, -0.0007345746853388846, 0.019401485100388527, 0.032968323677778244, 0.0007309441571123898, 0.006247716955840588, -0.023880736902356148, -0.00990727823227644, -0.022150997072458267, -0.0020879509393125772, 0.004553475417196751, -0.010513978078961372, -0.01370883360505104, -0.03221963346004486, 0.03172910958528519, 0.005692651495337486, -0.0090424083173275, -0.001212592818774283, -0.007777375169098377, 0.03152257204055786, -0.0039855013601481915, -0.007319123018532991, -0.020950505509972572, 0.0036111546214669943, 0.014341350644826889, -0.009132768027484417, -0.01707795448601246, 0.013954095542430878, -0.023338578641414642, 0.0073707569390535355, -0.03702159598469734, 0.0050956327468156815, 0.014483343809843063, -0.0026446301490068436, 0.011992002837359905, 0.022409167140722275, -0.01578710414469242, 0.008429254405200481, 0.039887282997369766, -0.019620928913354874, -0.006609155330806971, -0.007461116649210453, 0.027469301596283913, 0.017620110884308815, 0.012818146497011185, -0.032658521085977554, 0.008945594541728497, 0.02533939853310585, -0.02466815523803234, -0.02326112799346447, -0.010610791854560375, 0.004250125493854284, 0.024409985169768333, 0.007228763308376074, -0.015967821702361107, -0.004062952473759651, 0.00454056728631258, 0.012056545354425907, -0.016535796225070953, -0.046393170952796936, 0.008235626854002476, 0.013915370218455791, 0.025933189317584038, -0.02159593068063259, 0.006867325399070978, 0.029250675812363625, -0.00013090032734908164, 0.012850417755544186, 0.005298941861838102, 0.024358350783586502, 0.016651973128318787, 0.010294533334672451, 0.001409447519108653, -0.005224717780947685, -0.013115042820572853, -0.02155720628798008, -0.007816100493073463, 0.016277626156806946, 0.013528114184737206, -0.004379210993647575, 0.004385665059089661, -0.005918550305068493, -0.006899596657603979, -0.10197719931602478, -0.0315483883023262, 0.01607109047472477, 0.023170769214630127, 0.01782664656639099, -0.019052956253290176, -0.01216626726090908, 0.03012845292687416, -0.003223899519070983, 0.008577702566981316, 0.004201718606054783, -0.02571374550461769, 0.00589596014469862, -0.0075837476179003716, 0.027546752244234085, -0.006957685109227896, 0.013411938212811947, 0.0017862145323306322, -0.007525659166276455, 0.01286332681775093, -0.000522794493008405, -0.035420943051576614, -0.013747558929026127, -0.006712423171848059, -0.009352212771773338, -0.003446571296080947, -0.023764559999108315, -0.0006692253518849611, 0.007525659166276455, 0.0034046184737235308, -0.017929915338754654, -0.0002466735022608191, 0.015916189178824425, 0.018355896696448326, -0.014341350644826889, -0.02088596299290657, -0.011172312311828136, -0.03733139857649803, 0.023119134828448296, -0.003785419510677457, -0.00760956434533, 0.005741058383136988, 0.012050090357661247, -0.010346167720854282, 0.01521912869066, -0.0184978898614645, -0.018381712958216667, 0.018652791157364845, 0.007041590288281441, -0.027288582175970078, -0.0009826601017266512, -0.02083432860672474, 0.008164630271494389, -0.026823876425623894, 0.012217901647090912, -0.023351488634943962, 0.007758012507110834, 0.025171587243676186, -0.010397802107036114, -0.0017668517539277673, 0.02256406843662262, 0.015606383793056011, 0.008371165953576565, 0.013476480729877949, 0.018601156771183014, -0.007906460203230381, -0.01146920770406723, -0.00029951767646707594, 0.01914331503212452, -0.04938794672489166, 0.011075498536229134, 0.0003348143945913762, -0.02362256683409214, -0.009900824166834354, -0.024384168907999992, -0.008816509507596493, -0.035085320472717285, -0.020666519179940224, -0.023144951090216637, -0.013528114184737206, -0.002292873337864876, -0.015090043656527996, 0.02976701594889164, -0.01316667627543211, 0.027288582175970078, 0.023196585476398468, -0.013799193315207958, -0.015180403366684914, 0.03493041917681694, -0.04388892278075218, 0.003288442036136985, 0.020808512344956398, 0.024164723232388496, 0.008054908365011215, -0.02253825217485428, 0.021118316799402237, 0.0023880735971033573, -0.01883351057767868, -0.03451734408736229, 0.020950505509972572, -0.03906114026904106, -0.0019056182354688644, -0.05509350448846817, 0.01610981673002243, 0.014664063230156898, -0.022667337208986282, 0.002896346151828766, 0.00973946787416935, 0.013295761309564114, -0.006847962737083435, 0.011424028314650059, 0.008087179623544216, -0.02397109568119049, 0.016161449253559113, -0.003720876993611455, -0.016484161838889122, -0.01265679020434618, 0.00921667367219925, 0.006609155330806971, -0.007041590288281441, 0.01077214814722538, -0.008190447464585304, -0.028915053233504295, -0.002544589340686798, 0.0021557204890996218, -0.004469570238143206, -0.029560480266809464, 0.017904099076986313, -0.02912159077823162, 0.011766103096306324, -0.02845034748315811, -0.009152131155133247, 0.018342986702919006, -0.008254989981651306, -0.014418801292777061, 0.007196492049843073, -0.028192177414894104, -0.042598072439432144, -0.017400667071342468, 0.03005100227892399, 0.028605250641703606, -0.029328126460313797, 0.01130139734596014, -0.027985641732811928, 0.004337258171290159, -0.031341854482889175, 0.004579292610287666, -0.006034726742655039, -0.025739561766386032, 0.0019459573086351156, 0.01435425877571106, 0.0067576030269265175, 0.005628108978271484, 0.018200993537902832, 0.0019588659051805735, -0.0043985736556351185, -0.01230180636048317, -0.008190447464585304, -0.01520622055977583, -0.012760058045387268, -0.001699082087725401, -0.038880422711372375, 0.04210754856467247, 0.007312668953090906, 0.022473709657788277, -0.004827781580388546, 0.020085636526346207, 0.006357439327985048, -0.014134814031422138, 0.014973867684602737, 0.005098859779536724, -0.01580001227557659, 2.0686386051238514e-05, 0.013257035985589027, 0.004201718606054783, 0.015361122786998749, -0.02017599530518055, -0.0015094884438440204, -0.006509114522486925, 0.014212265610694885, -0.012992411851882935, 0.025752469897270203, 0.029147407039999962, -0.011617655865848064, -0.022460801526904106, 0.033355578780174255, 0.027572570368647575, 0.008751966990530491, -0.007809646427631378, 0.011682198382914066, 0.000583706540055573, -0.011430482380092144, -0.00435339380055666, 0.014909325167536736, 0.001954025123268366, 0.01578710414469242, 0.030670611187815666, 0.012127541936933994, -0.018200993537902832, -0.01250188797712326, 0.01435425877571106, 0.013644291087985039, -0.007925823330879211, -0.0028221223037689924, -0.009875006973743439, -0.011585384607315063, -0.03663434088230133, 0.009868552908301353, -0.0053699384443461895, -0.012566430494189262, -0.036143817007541656, 0.02355802431702614, -0.005724922753870487, 0.011921005323529243, 0.012217901647090912, -0.0020104998257011175, 0.004592201206833124, 0.007706378120929003, -0.008448617532849312, 0.012785875238478184, -0.007196492049843073, 0.01639380306005478, -0.010158994235098362, 0.000359824625775218, -0.0031625840347260237, 0.00804199930280447, 0.006447799038141966, 0.030618976801633835, -0.00779673783108592, -0.013360303826630116, -0.0032222860027104616, -0.029534662142395973, 0.025378122925758362, 0.0033174860291182995, -0.01910458877682686, -0.003459479659795761, -0.008500250987708569, -0.0037821922451257706, -0.010010547004640102, 0.0009439345449209213, -0.008945594541728497, 0.05499023571610451, 0.049103956669569016, 0.002628494519740343, -0.01109486073255539, -0.004133949056267738, 0.016303444281220436, 0.0038564163260161877, -0.008900415152311325, 0.024487435817718506, -0.03113531693816185, 0.02633335255086422, 0.006470388732850552, -0.013044045306742191, -0.030231721699237823, -0.021815376356244087, -0.0052537620067596436, -0.00625417148694396, 0.02390655316412449, 0.008835872635245323, 0.005050452891737223, 0.00693186791613698, -0.021996093913912773, 0.044611796736717224, 0.02461652085185051, -0.02257697843015194, -0.018988411873579025, 0.005602291785180569, 0.001979842083528638, -0.0073707569390535355, -0.022331716492772102, -0.011023864150047302, 0.0031754926312714815, -0.008390529081225395, 0.00028519731131382287, 0.03529185801744461, 0.0066220639273524284, -0.029973551630973816, -0.02015017904341221, 0.016884326934814453, 0.017697561532258987, 0.016703607514500618, 0.002962502185255289, -0.022099362686276436, -0.02674642577767372, -0.03356211632490158, 0.028915053233504295, -0.017581386491656303, -0.021015048027038574, -0.018394621089100838], 'ai_metadata': {'tags': ['construction', 'document'], 'document_type': 'unknown', 'topics': ['Fire Rating Requirements for Steel Structures'], 'supplier_mentions': [], 'categories': ['general'], 'summary': '```json\n{\n  "tags": [\n    "AS 1530.4",\n    "BCA",\n    "fire resistance",\n    "building codes",\n    "steel structures"\n  ],\n  "document_type": "Specification",\n  "topics": [\n    "fire rating requiremen'}, 'created_timestamp': '2025-08-12T07:51:07.165000', 'status': 'active', 'reference_count': 0, 'helpful_votes': 0, 'view_count': 0}, 'similarity_score': 0.7983443898438916}, {'type': 'mentor_note', 'note': {'_id': '68969307c587380ac29d3fcd', 'note_id': 'b291f354-9230-4c17-9d63-97f743def8b8', 'user_id': 'dev_user_123', 'user_email': 'dev@example.com', 'title': 'Fire Rating Requirements for Steel Structures', 'content': 'When designing steel structures in commercial buildings, fire rating requirements must be considered early in the design process. AS 1530.4 provides the testing methodology for fire resistance, while the BCA specifies minimum requirements based on building classification and height.', 'tags': ['fire-rating', 'steel', 'BCA', 'AS1530', 'construction', 'document'], 'category': 'structural-design', 'attachment_url': None, 'embedding': [-0.002707350766286254, -0.005037156865000725, -0.03159759193658829, -0.04249153286218643, 0.005972951650619507, -0.015359940938651562, -0.017657477408647537, -0.018406113609671593, 0.0137852244079113, 0.006027808412909508, -0.0007308879285119474, -0.009138518944382668, 0.0065247477032244205, 0.021839512512087822, -0.0137852244079113, 0.0008462488185614347, 0.015682628378272057, 0.020910171791911125, 0.0028219050727784634, -0.003940018359571695, -0.010758412070572376, 0.012236322276294231, -0.017412235960364342, 0.003614103654399514, -0.008925545029342175, 0.006563470233231783, 0.013965928927063942, -0.031029662117362022, 0.005711574573069811, 0.0076606092043221, 0.026770181953907013, -0.02096180059015751, -0.009893609210848808, 0.005266265477985144, -0.0030058370903134346, 0.0004065866523887962, -0.008112371899187565, 0.001750581432133913, 0.00757671007886529, -0.014533859677612782, -0.0013343141181394458, -0.021413564682006836, 0.004740284290164709, 0.006582831498235464, 0.008157548494637012, -0.008454421535134315, 0.025776304304599762, -0.002528259065002203, -0.030616620555520058, -0.013578703626990318, 0.021065061911940575, -0.007105586118996143, -0.017670385539531708, -0.01449513714760542, -0.0018280264921486378, 0.0005090400227345526, -0.017463864758610725, 0.006027808412909508, 0.022058939561247826, -0.03526332601904869, -0.011152091436088085, 0.00507910642772913, -0.025789210572838783, 0.0024362930562347174, -0.008247900754213333, -0.02720903791487217, 0.022536518052220345, 0.01057125348597765, -0.016818489879369736, 0.01443059928715229, 0.018948229029774666, 0.030203580856323242, 0.019128933548927307, 0.024356476962566376, 0.03686385601758957, -0.00463057029992342, 0.022239645943045616, -0.02837071381509304, 0.010622883215546608, -0.021852420642971992, -0.0030510134529322386, -0.01212660875171423, -0.0029429129790514708, 0.02624097466468811, -0.007583164144307375, 0.014727472327649593, -0.0013383477926254272, -0.001787690562196076, -0.007828406989574432, 0.007454088889062405, -0.01853518933057785, 0.008589950390160084, 0.011281166225671768, 0.01009367499500513, -0.021594269201159477, -0.01965814270079136, 0.008615764789283276, 0.005285626742988825, 0.014353154227137566, -0.00027609977405518293, 0.003985194489359856, 0.0018377071246504784, -0.020238980650901794, 0.0029558204114437103, 0.002700897166505456, -0.015940777957439423, 0.003994875121861696, -0.008131733164191246, -0.007370190229266882, -0.029738910496234894, -0.03275926783680916, 0.014107911847531796, -0.0034430790692567825, -0.008990082889795303, 0.009222418069839478, 0.02216220088303089, 0.011913634836673737, -0.002334646414965391, -0.0011156931286677718, -0.008234993554651737, 0.0020894038025289774, -0.005182366352528334, 0.020935986191034317, 0.010300195775926113, 0.026847627013921738, -0.004343378357589245, -0.024562997743487358, -0.012920420616865158, -0.007396005094051361, -0.01998083107173443, 0.008828738704323769, 0.009073982015252113, 0.012623547576367855, -0.008396337740123272, -0.009474114514887333, 0.022549426183104515, -0.008015565574169159, 0.040219809859991074, -0.042878758162260056, -0.031055476516485214, 0.0019538747146725655, 0.0023878898937255144, -0.02427903190255165, -0.016031131148338318, -0.011035923846065998, -0.01675395295023918, 0.01834157668054104, 0.01805761083960533, -0.017463864758610725, -0.017296068370342255, -0.030126135796308517, 0.008589950390160084, 0.007589617744088173, 0.008731932379305363, -0.014766194857656956, 0.02263977751135826, -0.01803179644048214, 0.018741708248853683, -0.01295914314687252, -0.03590870276093483, 0.04393717646598816, 0.006744175683706999, 0.005992312915623188, 0.006266597658395767, 0.002508897799998522, 0.006899065803736448, 0.00775096146389842, -0.008222085423767567, 0.0023556211963295937, -0.009945238940417767, 0.01024856511503458, 0.030874771997332573, -0.02769952267408371, 0.01171356812119484, 0.013217293657362461, 0.02131030336022377, 0.022200923413038254, 0.016599060967564583, 0.013423813506960869, -0.005634129513055086, -0.005943909753113985, -0.00569221330806613, 0.03882579877972603, 0.029558205977082253, -0.032346226274967194, 0.0413556732237339, 0.022342905402183533, 0.0042207567021250725, 0.022910835221409798, -0.031210366636514664, 0.008512505330145359, 0.005718028172850609, -0.012675178237259388, -0.005166232120245695, -0.6476473808288574, -0.030564991757273674, 0.0026831491850316525, -0.04096844792366028, 0.0005396953783929348, 0.0036754142493009567, 0.03164922073483467, -0.010455085895955563, -0.005579272750765085, -0.0017521949484944344, 0.023014096543192863, 0.010229203850030899, 0.0005800313665531576, -0.012423481792211533, -0.016121484339237213, -0.016495801508426666, 0.014662934467196465, -0.005847103428095579, 0.012087886221706867, 0.013036588206887245, -0.01197817176580429, 0.024498460814356804, -0.038438573479652405, -0.027673708274960518, 0.0165474321693182, -0.012313767336308956, 0.001765102380886674, -0.026770181953907013, 0.023323876783251762, -0.01252674125134945, -0.010190481320023537, 0.018935320898890495, 0.025789210572838783, 0.026331325992941856, 0.04102007672190666, -0.00015287335554603487, -0.002371755428612232, 0.02177497372031212, 0.04902273416519165, 0.011610307730734348, -0.00884164683520794, 0.007312105968594551, 0.04032307118177414, 0.021065061911940575, -0.006292412523180246, 0.02642167918384075, 0.03198481723666191, -0.0019474209984764457, 0.020213166251778603, -0.02821582369506359, -0.009319224394857883, 0.010448631830513477, -0.014740380458533764, 0.008809377439320087, 0.026460401713848114, -0.007228207308799028, 0.024717887863516808, 0.009112704545259476, -0.03177829831838608, 0.0014545153826475143, 0.021387748420238495, -0.009493475779891014, 0.015824610367417336, -0.03704456239938736, -0.02327224612236023, -0.004840317647904158, -0.0153212184086442, 0.008641580119729042, 0.007363736163824797, 0.011113368906080723, -0.0034624403342604637, 0.025040576234459877, 0.00689261220395565, 0.002079722937196493, 0.007989750243723392, 0.01770910806953907, 0.015024345368146896, -0.0011447350261732936, 0.014520952478051186, 0.012578371912240982, 0.012165331281721592, 0.007163669914007187, -0.01734769716858864, -0.009041712619364262, -0.014391876757144928, -0.015953686088323593, -0.010784227401018143, -0.02098761685192585, 0.028473973274230957, 0.009280501864850521, 0.019425807520747185, -0.02049713023006916, -0.002479855902493, -0.03182992711663246, -0.008912637829780579, 0.011068192310631275, 0.012571917846798897, -0.022717222571372986, 0.010700328275561333, -0.0002831585588864982, -0.028628863394260406, -0.017128270119428635, -0.01658615469932556, -0.0013859441969543695, 0.012500926852226257, -0.010829403065145016, 0.007544441614300013, -0.0027702751103788614, 0.023039910942316055, -0.010442177765071392, 0.00229269708506763, -0.006834528408944607, -0.0334046445786953, -0.02261396311223507, -0.0018038249108940363, -0.023362599313259125, 0.024550089612603188, 0.013643241487443447, -0.00021277228370308876, 0.009699996560811996, 0.0009511223761364818, 0.014262801967561245, 0.021736251190304756, -0.028577234596014023, -0.023478766903281212, 0.049255069345235825, -0.008112371899187565, 0.0053759790025651455, 0.007789683993905783, 0.000353948213160038, 0.008699663914740086, 0.007886490784585476, 0.01804470270872116, -0.00984843261539936, -0.00430142879486084, 0.005350164137780666, -0.001406918978318572, -0.0275704488158226, 0.02296246588230133, -0.02112959884107113, -0.023401321843266487, -0.00680871307849884, 0.0018506146734580398, 0.0005517961690202355, -0.03374024108052254, 0.0033753146417438984, -0.04460836574435234, 0.02195568010210991, 0.00032772982376627624, 0.01964523456990719, -0.03283671289682388, -0.001126180519349873, 0.0020522945560514927, 0.0031655675265938044, -0.003526977961882949, -0.007821952924132347, 0.02346585877239704, -0.020213166251778603, 0.019593605771660805, -0.007615432608872652, -0.017489681020379066, -0.0023620747961103916, -0.02096180059015751, 0.003314004046842456, 0.0029945429414510727, -0.004333697725087404, 0.019632328301668167, 0.008583496324717999, -0.0165474321693182, -0.02457590587437153, -0.0007224173750728369, -0.012707446701824665, 0.0036044230218976736, 0.01515342015773058, -0.0019554882310330868, 0.01302368100732565, -0.012113700620830059, -0.008228539489209652, -0.0026282924227416515, -0.007215299643576145, 0.0023507808800786734, 0.01525668054819107, -0.009009444154798985, 0.022523609921336174, 0.004953258205205202, 0.04706079140305519, -0.0003513263654895127, -0.0009527358342893422, -0.017476772889494896, 0.011700660921633244, -0.019322548061609268, 0.01737351343035698, 0.015527738258242607, 0.012068524956703186, 0.00737664382904768, -0.0034398522693663836, -0.006595739163458347, -0.010351825505495071, -0.014946900308132172, -0.0041723535396158695, 0.00046225031837821007, -0.005669625010341406, 0.027931857854127884, -0.014288617298007011, 0.022046033293008804, -0.0048951744101941586, 0.017747830599546432, -0.01122953649610281, 0.044659994542598724, 0.015824610367417336, 0.0004820149333681911, -0.013256016187369823, -0.010829403065145016, -0.01572135090827942, -0.014882362447679043, 0.01140378788113594, 0.005169459152966738, 0.029248423874378204, -0.008228539489209652, -0.030926400795578957, 0.02821582369506359, 0.015282495878636837, 0.027183223515748978, 0.0165474321693182, -0.006886158138513565, -0.004330470692366362, 0.02656366117298603, 0.014172449707984924, 0.00829307734966278, -0.004824182949960232, -0.0020974709186702967, 0.00836406834423542, 0.013888483867049217, -0.002289470052346587, 0.03965188190340996, 0.030074505135416985, 0.035676367580890656, -0.018819153308868408, 0.011965264566242695, 0.007512172684073448, 0.02769952267408371, 0.009558013640344143, 0.018728801980614662, -0.008615764789283276, 0.04081355780363083, 0.03208807855844498, 0.026666922494769096, 0.03250111639499664, -0.0018312534084543586, 0.0031736348755657673, 0.003501162864267826, -0.004549898207187653, -0.022071847692131996, 0.004285294562578201, 0.026512032374739647, 0.012842975556850433, 0.026821812614798546, 0.023014096543192863, 0.006053623743355274, -0.000663930200971663, 0.0008002658141776919, 0.0022765626199543476, 0.03544403240084648, -0.00901589822024107, 0.027183223515748978, 0.00385289266705513, -0.034514691680669785, 0.0014351541176438332, 0.012223415076732635, -0.012242776341736317, -0.011081100441515446, 0.003355953376740217, 0.007454088889062405, -0.0035689272917807102, 0.0031365256290882826, 0.013862669467926025, -0.00030352824251167476, 0.03232041373848915, 0.01688302680850029, 0.002757367445155978, 0.013133394531905651, -0.012991411611437798, 0.013230200856924057, 0.015179235488176346, 0.0018393206410109997, -0.0150114381685853, 0.00185545498970896, 0.00818981695920229, -0.02035514824092388, 0.0324753038585186, 0.012720353901386261, -0.009622551500797272, -0.012662270106375217, 0.00974517222493887, -0.0047306036576628685, 0.014572582207620144, 0.00291064428165555, -0.054831117391586304, -0.015514831058681011, -0.005440516863018274, 0.007118493318557739, -0.006776444613933563, 0.012901059351861477, -0.016521615907549858, 0.03588288649916649, 0.0061342958360910416, 0.012352489866316319, 0.011294074356555939, 0.011578039266169071, -0.0019458075985312462, 0.015966594219207764, 0.010622883215546608, -0.0017489680321887136, 0.01653452403843403, 0.03544403240084648, -0.010680967010557652, 0.004643477965146303, -0.0183802992105484, 0.03756086155772209, -0.006557016633450985, 0.0009011057554744184, 0.013501258566975594, -0.013307645916938782, 0.009803256019949913, 0.06293703615665436, 0.004307882394641638, 0.010009776800870895, 0.00689261220395565, 0.006289185956120491, -0.011003655381500721, -0.04476325586438179, -0.006263370625674725, 0.01817377842962742, 0.0005739809712395072, -0.018819153308868408, -0.004533763974905014, 0.008157548494637012, 0.01853518933057785, 0.011997533030807972, 0.02736392803490162, 0.008331799879670143, -0.030874771997332573, -0.0005751910503022373, -0.008176909759640694, -0.03167503699660301, 0.004798368085175753, 0.048609692603349686, 0.018948229029774666, 0.0057954732328653336, -0.014301524497568607, 0.0002545200113672763, 0.010739050805568695, 0.0044272770173847675, -0.022046033293008804, 0.010842311196029186, 0.01951616071164608, -0.001679590088315308, 0.025324540212750435, 0.010267926380038261, 0.010706782341003418, 0.013165662996470928, -0.015075975097715855, -0.00019250345940236002, -0.007454088889062405, 0.03242367133498192, -0.008925545029342175, 0.006398899480700493, 0.011661938391625881, 0.016031131148338318, -0.014482229948043823, 0.006247236393392086, 0.020948894321918488, -0.009919423609972, 0.024498460814356804, 0.020213166251778603, 0.007150762248784304, -0.013449628837406635, -0.005669625010341406, 0.007008779793977737, -0.023491673171520233, -0.0006304513663053513, -0.0037141370121389627, 0.01055834535509348, -0.021723344922065735, -0.027828598394989967, -0.019103119149804115, 0.004198168870061636, 0.005950363352894783, -0.040891002863645554, -0.017747830599546432, -0.0076477015390992165, 0.007512172684073448, -0.024627534672617912, -0.012326675467193127, 0.013488351367413998, -0.022846298292279243, -0.012842975556850433, 0.026189344003796577, 0.022549426183104515, -0.01968395709991455, 0.010145305655896664, -0.009061073884367943, -0.0046951076947152615, 0.01074550487101078, -0.008809377439320087, -0.012746169231832027, -0.02066492848098278, -0.03836112841963768, -0.004849998280405998, 0.04422114044427872, -0.018122147768735886, -0.010861672461032867, 0.004911308642476797, 0.01550192292779684, -0.018909506499767303, 0.0028590140864253044, 0.0071378545835614204, -0.0046822004951536655, 0.043859731405973434, 0.006011674180626869, -0.013707779347896576, 0.014792010188102722, 0.005911640822887421, -0.028267454355955124, -0.0022281594574451447, -0.00014369691780302674, -0.0027444600127637386, -0.02342713624238968, 0.0059342291206121445, -0.009577374905347824, -0.0015956913121044636, 0.002162008546292782, -0.0043530589900910854, 0.0035689272917807102, 0.007970388978719711, -0.022188015282154083, 0.011371519416570663, 0.005308214575052261, -0.017902720719575882, 0.04607982188463211, -0.001135054393671453, 0.011061739176511765, 0.016650691628456116, -0.008893276564776897, 0.019464530050754547, -0.041381485760211945, 0.030848955735564232, 0.03931628540158272, -0.016198929399251938, 0.009454753249883652, -0.0020619751885533333, -0.01981303282082081, -0.014288617298007011, -0.01671523042023182, -0.007202392444014549, 0.02950657531619072, 0.016947565600275993, -0.03208807855844498, -0.03350790590047836, -0.022033125162124634, -0.010255019180476665, -0.0023056045174598694, -0.02556978352367878, 0.021529732272028923, -0.02524709515273571, 0.03175248205661774, -0.0073443748988211155, 0.01188781950622797, 0.004782233387231827, -0.028887014836072922, -0.021697528660297394, 0.0229753740131855, -0.012636455707252026, 0.02656366117298603, -0.027260668575763702, 0.022342905402183533, -0.00836406834423542, 0.01965814270079136, -0.012320221401751041, -0.030255211517214775, 0.014637120068073273, -0.030694065615534782, 0.03611522167921066, 0.02115541324019432, 0.01804470270872116, -0.001628766767680645, 0.020213166251778603, 0.0026492669712752104, -0.0010713236406445503, 0.012333128601312637, -0.016095668077468872, -0.006053623743355274, -0.02067783661186695, -0.004882266744971275, 0.025621414184570312, 0.0057212552055716515, -0.017438050359487534, -0.010274380445480347, 0.02640877105295658, 0.02132321149110794, -0.006489252205938101, -0.0060568503104150295, -0.041381485760211945, -0.010300195775926113, -0.002091017086058855, 0.01674104481935501, -0.0003579818003345281, 0.002199117559939623, -0.03097803145647049, -0.002057134872302413, 0.019219286739826202, -0.016805581748485565, -0.0001787892251741141, 7.431903941323981e-05, 0.02426612377166748, -0.018457744270563126, 0.003021971555426717, -0.01705082505941391, 0.051062121987342834, 0.0032946427818387747, -0.012888152152299881, -0.03291415795683861, -0.023569118231534958, -0.005233996547758579, 0.006463437341153622, 0.01951616071164608, 0.013565796427428722, -0.02806093357503414, -0.012733262032270432, 0.008970721624791622, -0.008938453160226345, -0.006447302643209696, 0.009990415535867214, -0.0006215774337761104, -0.011829735711216927, -0.022859206423163414, 0.007499265018850565, -0.005398567300289869, 0.0021555547136813402, 0.01670232228934765, 0.005517961923032999, 0.04610563814640045, -0.016444170847535133, 0.006005220580846071, 0.024304846301674843, -0.030874771997332573, 0.027596263214945793, -0.0036044230218976736, 0.011106914840638638, -0.015205050818622112, 0.017012102529406548, -0.02164589986205101, -2.3621756554348394e-05, 0.002847720170393586, -0.007299198769032955, 0.02395634353160858, 0.01884496957063675, -0.002400797326117754, 0.006447302643209696, 0.005069425795227289, 0.043033648282289505, 0.010777773335576057, -0.020781096071004868, 0.03128781169652939, 0.009609643369913101, 0.005488920025527477, -0.011997533030807972, 0.015514831058681011, -0.03211389109492302, -0.0030800553504377604, 0.0018247996922582388, -0.03017776645720005, 0.006124615203589201, -0.008325345814228058, -0.008415699005126953, 0.035831257700920105, -0.015592276118695736, 0.01449513714760542, 0.0183802992105484, -0.008712571114301682, 0.039419546723365784, -0.011545770801603794, 0.008454421535134315, -0.0026944433338940144, 0.02883538417518139, 0.03175248205661774, 0.012571917846798897, -0.028912829235196114, -0.0009309544111602008, 0.013281830586493015, -0.01608276180922985, -0.004485360812395811, 0.0020668155048042536, 0.02723485231399536, -0.008790016174316406, -0.02282048389315605, -0.004446638282388449, 0.011306981556117535, 0.02129739709198475, 0.016108576208353043, -0.011565132066607475, 0.002250747522339225, -0.012158877216279507, -0.025143835693597794, -0.012662270106375217, -0.006034262478351593, -0.015953686088323593, -0.009441846050322056, 0.0037754476070404053, -0.008022019639611244, 0.014895270578563213, -0.014443507418036461, 0.002738006180152297, -0.020419685170054436, -0.010145305655896664, 0.004091681446880102, -0.036786410957574844, 0.009680635295808315, 0.012029802426695824, 0.00020934372150804847, 0.008886822499334812, 0.019245103001594543, -0.05101049318909645, 0.004740284290164709, -0.0039174300618469715, 0.022665593773126602, -0.022678500041365623, 0.013230200856924057, -0.006905519403517246, -0.012158877216279507, 0.022988280281424522, -0.012604186311364174, -0.021503916010260582, -0.043369244784116745, 0.0016481280326843262, 0.008712571114301682, -0.017580032348632812, -0.00951929111033678, 9.267190762329847e-05, -0.001423860085196793, 0.011932996101677418, -0.014262801967561245, -0.010881033726036549, 0.013397998176515102, 0.007537987548857927, 0.0035334317944943905, 0.04602819308638573, -0.025376170873641968, 0.011526409536600113, 0.00305262696929276, 0.007176577113568783, -0.027622077614068985, -0.00696360319852829, 4.731914305011742e-05, 0.005924548488110304, -0.018109241500496864, -0.020613297820091248, -0.022046033293008804, -0.018160870298743248, 0.004362739622592926, -0.0038173969369381666, 0.014972715638577938, 0.001319793169386685, -0.016457078978419304, -0.00647957157343626, -0.020858541131019592, -0.0021442605648189783, 0.027622077614068985, -0.03260437771677971, -0.014701656997203827, 0.0017796233296394348, -0.016766859218478203, -0.05292080342769623, -0.02424030937254429, 0.02000664547085762, 0.040916815400123596, 0.008196271024644375, -0.01361742615699768, 0.007112039718776941, 0.008964267559349537, -0.061078350991010666, 0.00901589822024107, -0.021194135770201683, 0.007686424069106579, 0.018638448789715767, 0.015669720247387886, -0.016676507890224457, 0.042026862502098083, -0.007634793873876333, -0.003446306101977825, -0.005130736622959375, 0.0042691598646342754, -0.010597067885100842, -0.006989418528974056, 0.03774156793951988, -0.0069184270687401295, -0.035521477460861206, -0.02214929275214672, 0.03629592806100845, -0.01214597001671791, -0.013423813506960869, -0.0009801642736420035, -0.01074550487101078, 0.014107911847531796, 0.02097470872104168, -0.0011124663287773728, 0.01269453950226307, 0.0079639358446002, 0.0021910504437983036, -0.03211389109492302, 0.0006437622359953821, 0.014120819047093391, 0.013243108056485653, 0.013243108056485653, -0.011707114055752754, 0.005579272750765085, -0.0006691738963127136, -0.005175912752747536, 0.018638448789715767, -0.009454753249883652, -0.005989085882902145, -0.023310968652367592, -0.0058438763953745365, 0.007957481779158115, 0.009409576654434204, 0.016508709639310837, -0.001957101747393608, 0.0073508284986019135, 0.0008873915066942573, 0.007312105968594551, -0.015527738258242607, -0.0004896787577308714, -0.003707683179527521, -0.015695536509156227, -0.005472785793244839, -0.02445973828434944, 0.004133631009608507, 0.0353923998773098, -0.0042562526650726795, -0.014288617298007011, -0.024537183344364166, -0.01888369210064411, 0.02265268564224243, 0.006295639555901289, 0.014856548048555851, -0.0011753904400393367, -0.0006054430268704891, -0.030100321397185326, -0.00233787321485579, -0.011442510411143303, -0.0029638877604156733, 0.002799317007884383, -0.01181682851165533, 0.012830068357288837, -0.024782424792647362, 0.014236986637115479, 0.0028219050727784634, 0.01587624102830887, -0.014249894767999649, 0.00626982469111681, 0.17595522105693817, 0.008305984549224377, -0.0012842975556850433, 0.029145164415240288, -0.025324540212750435, -0.014869455248117447, -0.009377308189868927, 0.020226072520017624, -0.0013794904807582498, 0.03361116349697113, -0.0018151190597563982, -0.016444170847535133, -0.023840175941586494, 0.011984625831246376, -0.007744507864117622, 0.013462536036968231, -0.034824471920728683, 0.007176577113568783, -0.031210366636514664, 0.0364508181810379, 0.032346226274967194, -0.013862669467926025, -0.0019232194172218442, -0.004030371084809303, 0.029945431277155876, 0.014120819047093391, 0.02265268564224243, 0.020587483420968056, 0.026008639484643936, 0.014004651457071304, 0.0033753146417438984, -0.019619420170783997, 0.0055082812905311584, -0.013901391997933388, -0.036166850477457047, -0.005634129513055086, 0.015979500487446785, -0.021413564682006836, 0.0002099487610394135, 0.007712238933891058, -0.004298201762139797, -0.009945238940417767, -0.00603103544563055, -0.015050160698592663, -0.01221696101129055, -0.014533859677612782, -0.041588008403778076, 0.0104163633659482, -0.022885020822286606, -0.001415792852640152, -0.03890324383974075, -0.006899065803736448, 0.007873582653701305, 0.010616429150104523, 0.02674436755478382, 0.004995207767933607, 0.006527974735945463, -0.015579367987811565, 0.0031591139268130064, -0.0038593464996665716, -0.007473450154066086, 0.004382100887596607, -0.04096844792366028, 0.01998083107173443, -0.02178788185119629, -0.00975808035582304, -0.017915628850460052, 0.01884496957063675, -0.0033075502142310143, 0.012559010647237301, -0.028603048995137215, -0.002394343726336956, -0.027260668575763702, -0.0038593464996665716, -0.01055834535509348, -0.0037657669745385647, 0.02510511316359043, 0.000834148027934134, 0.014133727177977562, 0.01822540909051895, -0.03082314133644104, -0.01403046678751707, -0.005621221847832203, 0.033043231815099716, -0.003914203494787216, -0.007892943918704987, 0.02492440864443779, -0.002931618830189109, -0.01026147324591875, -0.015540645457804203, 0.0033301382791250944, 0.0018506146734580398, -0.01048735436052084, 0.0012052390957251191, -0.00385289266705513, -0.00757671007886529, -0.010035591199994087, 0.024214494973421097, -0.0005187206552363932, 0.015966594219207764, -0.0330948643386364, 0.0652603879570961, 0.025608506053686142, -0.02065202035009861, -0.010584160685539246, 0.0009002990555018187, -0.016805581748485565, 0.019606512039899826, 0.009293409064412117, -0.0005005694692954421, -0.02147810161113739, -0.020045368000864983, -0.01734769716858864, -0.027312297374010086, -0.0017667158972471952, -0.011532862670719624, -0.010455085895955563, -0.03330138325691223, 0.014469321817159653, -0.0468800887465477, -0.02391762100160122, -0.008557680994272232, 0.015398663468658924, 0.011287620291113853, -0.01756712608039379, -0.012907513417303562, -0.01901276595890522, 0.005563138052821159, 0.02393052913248539, -0.04644123092293739, -0.0007232240750454366, -0.00853186659514904, -0.022252552211284637, -0.011197268031537533, -0.01000332273542881, 0.013798131607472897, 0.01097138598561287, -0.02953238971531391, -0.004982300102710724, 0.0040497323498129845, 0.010119490325450897, -0.030590806156396866, 0.01449513714760542, 0.008615764789283276, 0.0031397526618093252, 0.006085892673581839, -0.008557680994272232, 0.0012375077931210399, -0.005304988007992506, 0.0047790068201720715, -0.01107464637607336, -0.025802118703722954, 0.0004412755952216685, -0.01801888830959797, -0.004178807605057955, -0.02493731491267681, 0.004072320181876421, -0.04693171754479408, 0.008938453160226345, -0.002458881353959441, -0.024214494973421097, 0.014637120068073273, 0.021749159321188927, -0.006511840503662825, 0.0010882647475227714, 0.0055082812905311584, -0.1608792394399643, 0.03066825121641159, 0.03559892252087593, 0.000498149311169982, 0.038929060101509094, 0.008164001628756523, -0.0017699426971375942, 0.008331799879670143, -0.023078633472323418, 0.02146519348025322, 0.017644571140408516, -0.02522128075361252, -0.009048166684806347, 0.0031220046803355217, -0.015230865217745304, -0.0055082812905311584, -0.0019022447522729635, 0.017502587288618088, 0.02128448896110058, 0.012074978090822697, 0.0038141701370477676, -0.010371186770498753, -0.002547620330005884, -0.024730795994400978, -0.010835857130587101, -0.005240450147539377, -0.030281025916337967, -0.00017899090016726404, -0.004485360812395811, -0.011332796886563301, -0.022046033293008804, 0.0020442274399101734, 0.02313026413321495, -0.01269453950226307, -0.003781901439651847, -0.023878898471593857, -0.020613297820091248, -0.014637120068073273, -0.03849020600318909, 0.03833531215786934, 0.012520288117229939, 0.0073443748988211155, -0.02199440263211727, -0.007654155138880014, -0.0007212072960101068, 0.019438715651631355, 0.03299160301685333, 0.000719190516974777, 0.00618592556566, -0.02391762100160122, -0.009996868669986725, -0.02216220088303089, -0.0021281263325363398, 0.004637023899704218, -0.01048735436052084, -0.01368196401745081, -0.03232041373848915, 0.031726665794849396, 0.005776111967861652, -0.00910625047981739, -0.0013302805600687861, -0.007834860123693943, 0.03152014687657356, -0.00401746341958642, -0.007241114974021912, -0.02100052312016487, 0.0035657004918903112, 0.014327339828014374, -0.009061073884367943, -0.01706373319029808, 0.013953021727502346, -0.02325933799147606, 0.007325013633817434, -0.036967117339372635, 0.005050064530223608, 0.014482229948043823, -0.0026508804876357317, 0.01197817176580429, 0.022420350462198257, -0.01574716530740261, 0.008396337740123272, 0.039935845881700516, -0.019580697640776634, -0.006595739163458347, -0.007447635289281607, 0.027415558695793152, 0.01772201620042324, 0.012823614291846752, -0.03263019397854805, 0.008925545029342175, 0.025324540212750435, -0.024653350934386253, -0.02325933799147606, -0.010590614750981331, 0.0042627062648534775, 0.0244339220225811, 0.007202392444014549, -0.015992408618330956, -0.0039819679223001, 0.00450149504467845, 0.01212660875171423, -0.01658615469932556, -0.04641541838645935, 0.008228539489209652, 0.013862669467926025, 0.025982823222875595, -0.021607177332043648, 0.006834528408944607, 0.029274240136146545, -0.00018756229837890714, 0.012926874682307243, 0.005324349272996187, 0.024369385093450546, 0.016650691628456116, 0.010326010175049305, 0.0014456415083259344, -0.005269492045044899, -0.013243108056485653, -0.021542638540267944, -0.007712238933891058, 0.016198929399251938, 0.013488351367413998, -0.004330470692366362, 0.004453091882169247, -0.005898733623325825, -0.006840982008725405, -0.10212424397468567, -0.03146851807832718, 0.016018223017454147, 0.02310444787144661, 0.017786553129553795, -0.019077304750680923, -0.012139515951275826, 0.03017776645720005, -0.003228491637855768, 0.008499597199261189, 0.004307882394641638, -0.02571176551282406, 0.005940682720392942, -0.007602525409311056, 0.02751881815493107, -0.006957149598747492, 0.013346368446946144, 0.0017521949484944344, -0.007525080349296331, 0.012881698086857796, -0.0004687040636781603, -0.03536658734083176, -0.0137852244079113, -0.006647369358688593, -0.009286955930292606, -0.0034850286319851875, -0.02378854714334011, -0.000663930200971663, 0.007531533949077129, 0.0034624403342604637, -0.017980165779590607, -0.00023515876091551036, 0.015992408618330956, 0.01834157668054104, -0.014366062358021736, -0.020897263661026955, -0.011145637370646, -0.037276897579431534, 0.023014096543192863, -0.00383030460216105, -0.007596071343868971, 0.005834195762872696, 0.012074978090822697, -0.010319557040929794, 0.01525668054819107, -0.018483558669686317, -0.018419021740555763, 0.01866426318883896, 0.007079770788550377, -0.027286482974886894, -0.0009680634830147028, -0.0208327267318964, 0.008157548494637012, -0.02689925767481327, 0.012262137606739998, -0.02341422811150551, 0.007828406989574432, 0.025298725813627243, -0.010442177765071392, -0.0017683292971923947, 0.0226010549813509, 0.015605183318257332, 0.00837697647511959, 0.013514166697859764, 0.018638448789715767, -0.007899397984147072, -0.011455417610704899, -0.00026057043578475714, 0.019141841679811478, -0.04933251440525055, 0.010997201316058636, 0.00030393159249797463, -0.02360784076154232, -0.009887155145406723, -0.024356476962566376, -0.008815831504762173, -0.03510843589901924, -0.02067783661186695, -0.02311735600233078, -0.013539981096982956, -0.002278176136314869, -0.01515342015773058, 0.02966146543622017, -0.013133394531905651, 0.027286482974886894, 0.023194801062345505, -0.013823946937918663, -0.015192142687737942, 0.034850284457206726, -0.04383391514420509, 0.0032494664192199707, 0.020742373540997505, 0.0241241417825222, 0.00794457457959652, -0.022588148713111877, 0.02116832137107849, 0.0023588479962199926, -0.018780430778861046, -0.03454050421714783, 0.021039245650172234, -0.03913557901978493, -0.0019425806822255254, -0.05508926510810852, 0.016147298738360405, 0.014740380458533764, -0.022678500041365623, 0.0028590140864253044, 0.009770987555384636, 0.01335927564650774, -0.0068216207437217236, 0.011500594206154346, 0.008060742169618607, -0.02393052913248539, 0.016134390607476234, -0.0036947757471352816, -0.016508709639310837, -0.012668724171817303, 0.009286955930292606, 0.00667963782325387, -0.007034594658762217, 0.010758412070572376, -0.008260807953774929, -0.02886119857430458, -0.0024895365349948406, 0.0022265459410846233, -0.004569259472191334, -0.02953238971531391, 0.01804470270872116, -0.02904190495610237, 0.011726475320756435, -0.028422344475984573, -0.009093343280255795, 0.018302854150533676, -0.008170455694198608, -0.014391876757144928, 0.007195938378572464, -0.02821582369506359, -0.04267223924398422, -0.01734769716858864, 0.030074505135416985, 0.028448158875107765, -0.02932586893439293, 0.011255351826548576, -0.02806093357503414, 0.0042562526650726795, -0.03131362795829773, 0.004485360812395811, -0.005905187223106623, -0.0257375817745924, 0.0019361269660294056, 0.014301524497568607, 0.006731268018484116, 0.005611541215330362, 0.01821250095963478, 0.0019361269660294056, -0.004330470692366362, -0.012236322276294231, -0.008144640363752842, -0.01525668054819107, -0.012733262032270432, -0.0017328336834907532, -0.03890324383974075, 0.042052678763866425, 0.007312105968594551, 0.02244616486132145, -0.004927443340420723, 0.020135721191763878, 0.006337589118629694, -0.014172449707984924, 0.014921084977686405, 0.005214635282754898, -0.01591496355831623, -3.675615880638361e-05, 0.01326892338693142, 0.004162672907114029, 0.015385755337774754, -0.020213166251778603, -0.001506952103227377, -0.006582831498235464, 0.014133727177977562, -0.012920420616865158, 0.02576339617371559, 0.02917097881436348, -0.01164903026074171, -0.022510703653097153, 0.033353015780448914, 0.0275704488158226, 0.008854554034769535, -0.007783230394124985, 0.011668391525745392, 0.0005683339550159872, -0.011416695080697536, -0.004340151324868202, 0.014921084977686405, 0.0020522945560514927, 0.01590205542743206, 0.030616620555520058, 0.0120620708912611, -0.018238315358757973, -0.012462204322218895, 0.014417692087590694, 0.013694871217012405, -0.007867129519581795, -0.0028557872865349054, -0.009900062344968319, -0.011623215861618519, -0.03655407577753067, 0.009796802885830402, -0.005359844770282507, -0.012597733177244663, -0.036166850477457047, 0.02362074889242649, -0.005727708805352449, 0.011894273571670055, 0.012178238481283188, -0.0020248661749064922, 0.004507949110120535, 0.00770578533411026, -0.008415699005126953, 0.012804253026843071, -0.00724756857380271, 0.01640544831752777, -0.010132397525012493, 0.0003950909012928605, -0.0032155842054635286, 0.00803492683917284, 0.0063956729136407375, 0.030616620555520058, -0.007744507864117622, -0.013307645916938782, -0.003223651321604848, -0.029609834775328636, 0.025376170873641968, 0.003284962149336934, -0.0189998596906662, -0.0034398522693663836, -0.008499597199261189, -0.003691548714414239, -0.01000332273542881, 0.0010221137199550867, -0.008925545029342175, 0.05493437498807907, 0.04915181174874306, 0.002675082068890333, -0.011113368906080723, -0.004159445874392986, 0.016328003257513046, 0.0038593464996665716, -0.008970721624791622, 0.02444683015346527, -0.031029662117362022, 0.026266789063811302, 0.006398899480700493, -0.013049495406448841, -0.03017776645720005, -0.02177497372031212, -0.0053275758400559425, -0.006218194495886564, 0.02395634353160858, 0.008880369365215302, 0.00504361093044281, 0.006815167143940926, -0.02213638462126255, 0.04455673694610596, 0.024666257202625275, -0.022562332451343536, -0.018961137160658836, 0.005553457420319319, 0.001900631352327764, -0.007286291103810072, -0.022394536063075066, -0.01098429411649704, 0.0031558868940919638, -0.008383429609239101, 0.00025512505089864135, 0.035185880959033966, 0.0066086468286812305, -0.02999706007540226, -0.020045368000864983, 0.01689593493938446, 0.017773644998669624, 0.016624877229332924, 0.003041332820430398, -0.022097662091255188, -0.026770181953907013, -0.033533718436956406, 0.02904190495610237, -0.017618754878640175, -0.021026339381933212, -0.018393205478787422], 'ai_metadata': {'tags': ['construction', 'document'], 'document_type': 'unknown', 'topics': ['Fire Rating Requirements for Steel Structures'], 'supplier_mentions': [], 'categories': ['general'], 'summary': '```json\n{\n  "tags": [\n    "AS 1530.4",\n    "BCA",\n    "fire resistance",\n    "building classification",\n    "building height"\n  ],\n  "document_type": "specification",\n  "topics": [\n    "fire rating re'}, 'created_timestamp': '2025-08-09T00:15:03.948000', 'status': 'active', 'reference_count': 0, 'helpful_votes': 0, 'view_count': 0}, 'similarity_score': 0.7982936689876547}], 'total_results': 48}
❌ FAIL Knowledge Search (Building Codes Commercial)
   Details: Missing required fields in response
   Response: {'query': 'building codes commercial', 'community_results': [], 'personal_results': [{'type': 'personal_document', 'document': {'_id': '689aef5aaa7af9acc74f4a41', 'document_id': 'b7c66531-02e2-448c-b9d7-ccef4e4cf3da', 'user_id': 'demo_user_auto_token', 'filename': 'AS_NZS_1170_1_Summary.txt', 'original_size': 540, 'content_type': 'text/plain', 'file_hash': '285c16ed6b4d2553d78d0de099f846346e10f7caa322ef04db5b327a48f5ed61', 'extracted_text': '\n        AS/NZS 1170.1:2002 Structural Design Actions\n        \n        This standard specifies minimum design loads for buildings and structures.\n        \n        Key Requirements:\n        - Dead loads: Self-weight of structure and permanent fixtures\n        - Live loads: Occupancy and use loads\n        - Wind loads: As per AS/NZS 1170.2\n        - Earthquake loads: As per AS/NZS 1170.4\n        \n        For office buildings:\n        - General areas: 3.0 kPa\n        - Corridors and stairs: 4.0 kPa\n        - Plant rooms: 7.5 kPa\n        ', 'embedding': [-0.0009479006985202432, 0.020677663385868073, 0.004457836505025625, -0.008183164522051811, 0.021403195336461067, -0.00559496833011508, -0.028267845511436462, -0.0394577831029892, 0.0023457708302885294, -0.024737853556871414, -0.012054994702339172, 0.004014843143522739, 0.013840919360518456, 0.011113197542726994, -0.0010159192606806755, 0.012578214518725872, 0.006365846376866102, 0.0034567418042570353, 0.012543333694338799, -0.009536560624837875, 0.00027796076028607786, 0.034797634929418564, -0.024737853556871414, -0.001451064134016633, -0.0010804497869685292, 0.006083307322114706, 0.022449636831879616, -0.02480761520564556, 0.019142884761095047, -0.02955147996544838, 0.013582797721028328, -0.04252734035253525, 1.8585218640509993e-05, -0.0027748113498091698, -0.0048729246482253075, -0.014343210496008396, -0.026537731289863586, 0.01027604565024376, 0.015431509353220463, 0.009773754514753819, -0.0009705735719762743, -0.007806445937603712, 0.004000891000032425, -0.018780117854475975, 0.0113992253318429, -0.004785721190273762, 0.0360533632338047, 0.0028550385031849146, -0.0033259366173297167, -0.008692432194948196, 0.0009234837489202619, 0.013003767468035221, -0.016784904524683952, 0.013708370737731457, 0.007091378327459097, -0.02422160841524601, -0.0018678962951526046, -0.011238770559430122, 0.012682858854532242, -0.043364495038986206, -0.027221405878663063, -0.011775943450629711, -0.042806390672922134, 0.01970098540186882, -0.0009313320042565465, -0.021905487403273582, -0.008043639361858368, 0.0032369892578572035, -0.014524593949317932, -0.010359760373830795, 0.03119787946343422, 0.032955899834632874, 0.00595075823366642, 0.014608309604227543, 0.01519431546330452, -0.031142069026827812, 0.03203503042459488, -0.01508269552141428, -0.017524389550089836, 0.006404215935617685, 0.021431101486086845, -0.01805458590388298, -0.00496710417792201, 0.03859272599220276, 0.006868137512356043, -0.006069354712963104, 0.002666679210960865, 0.017691820859909058, -0.0014100786065682769, 0.015529177151620388, -0.016045421361923218, 0.023523982614278793, 0.008022710680961609, 0.008434310555458069, -0.013338628225028515, -0.004279941786080599, 0.0024120453745126724, 0.01363860722631216, 0.005256619304418564, -0.01538965106010437, -0.001465016626752913, -0.025937771424651146, -0.025993581861257553, 0.004492717795073986, -0.0010813218541443348, -0.00667280238121748, 0.0188777856528759, -0.006125165149569511, 0.010687645524740219, 0.014252519235014915, -0.04448069632053375, 0.016143089160323143, 0.010136520490050316, -0.01597565785050392, 0.03136530891060829, 0.0010185354622080922, 0.017566246911883354, 0.0015775089850649238, -0.023677460849285126, -0.0012234633322805166, 0.01395254023373127, 0.007806445937603712, 0.038871776312589645, 0.010534167289733887, 0.003533480688929558, 0.0020579996053129435, -0.035578977316617966, -0.006997198797762394, -0.0096342284232378, -0.013380485586822033, -0.004900829400867224, 0.025323860347270966, 0.02254730463027954, -0.0034218602813780308, -0.022477541118860245, 0.028965473175048828, 0.00030019760015420616, 0.03468601405620575, -0.04222038388252258, -0.02871432714164257, -0.0029788671527057886, 0.025714531540870667, -0.05237783491611481, -0.01868245005607605, 0.02628658525645733, -0.007652968168258667, 0.0037811382208019495, 0.008155259303748608, -0.009920256212353706, -0.017901107668876648, -0.0009635972674004734, -0.0004905189853161573, 0.009690038859844208, 0.017915060743689537, -0.012180566787719727, -0.002260311506688595, -0.0007887544925324619, -7.657545938855037e-05, -0.020607901737093925, -0.03789509832859039, -0.007318106945604086, 0.018835928291082382, -0.009480751119554043, -0.010185354389250278, -0.002527153817936778, 0.0020667200442403555, 0.006972781848162413, -0.017705772072076797, -0.022058965638279915, -0.013003767468035221, 0.004241572227329016, 0.02027304098010063, -0.021403195336461067, 0.008099449798464775, 0.03033282235264778, 0.026956306770443916, 0.030081676319241524, -0.009034269489347935, 0.02131948061287403, -0.003976474050432444, -0.015208268538117409, 0.009662133641541004, 0.02748650312423706, 0.03502087667584419, -0.02399836853146553, -0.01640818640589714, 0.022937975823879242, -0.0040322840213775635, 0.017482532188296318, -0.008971483446657658, 0.0007992188911885023, -0.0034497654996812344, -0.019533555954694748, 0.006808839272707701, -0.594713032245636, -0.03421162813901901, -0.012466594576835632, -0.01261309627443552, -0.019547509029507637, 0.01685466803610325, 0.03387676551938057, 0.019142884761095047, -0.01932426728308201, -0.005092677194625139, -0.006620480213314295, 0.022086869925260544, -0.01262007188051939, -0.0018155742436647415, -0.008183164522051811, -0.014280424453318119, -0.0072343917563557625, 0.006732100620865822, 0.03303961455821991, 0.006854185368865728, -0.012159638106822968, 0.040322840213775635, -0.028993377462029457, -0.017175575718283653, 0.021654341369867325, -0.012166614644229412, -0.0072134630754590034, -0.04785721004009247, 0.014301353134214878, 0.020886952057480812, -0.031700171530246735, 0.03716956451535225, 0.006226320751011372, 0.028574801981449127, 0.026398206129670143, -0.011392248794436455, -0.019770748913288116, 0.021068334579467773, 0.03649984300136566, 0.03206293657422066, -0.01766391471028328, 0.0005458930972963572, 0.005015938077121973, -0.021863630041480064, 0.011350391432642937, -0.00839942879974842, 0.020203277468681335, -0.009829564020037651, 0.0327884666621685, -0.03303961455821991, 0.012250330299139023, -0.007108819205313921, -0.009069151245057583, 0.019966084510087967, 0.03956940397620201, -0.01158060785382986, 0.034797634929418564, 0.005751934368163347, 0.0033677942119538784, -0.00431482307612896, 0.022631019353866577, 0.007694825530052185, 0.014112994074821472, -0.04509460926055908, -0.01118296105414629, -0.008999387733638287, -0.004077629651874304, 0.029914245009422302, -0.021068334579467773, -0.01891964301466942, 0.008071544580161572, 0.013561869040131569, -0.0050787245854735374, 0.004070653580129147, 0.01826387457549572, 0.033960480242967606, 0.007820398546755314, -0.002874223282560706, -0.012780526652932167, 0.022114776074886322, -0.005797280464321375, 0.00197428441606462, 0.004436907824128866, -0.00697975791990757, 0.003209084039554, -0.010338831692934036, -0.017817392945289612, 0.001226951484568417, 0.02994215115904808, 0.0041648331098258495, 0.016310518607497215, 0.0014798413030803204, 0.03019329532980919, -0.019533555954694748, -0.007750635966658592, 0.01519431546330452, 0.004674100782722235, -0.023119358345866203, 0.018612688407301903, -0.001226951484568417, -0.007680872920900583, -0.007091378327459097, -0.015375698916614056, -0.018403399735689163, 0.013980444520711899, 0.0074785612523555756, -0.022603115066885948, 0.02628658525645733, 0.034574393182992935, -0.00984351709485054, 0.011057388037443161, -0.016115183010697365, -0.047717686742544174, -0.012361950241029263, 0.0011737573659047484, -0.038090433925390244, 0.011350391432642937, -0.005786815658211708, 0.00667280238121748, -0.019533555954694748, 0.004325287416577339, -0.0021835723891854286, 0.03474182263016701, 0.00031044401112012565, -0.017887156456708908, 0.03876015543937683, 0.01034580823034048, -0.012138709425926208, 0.010555095970630646, -0.023021690547466278, -0.007771564647555351, 0.0027782993856817484, 0.02609124965965748, -0.016547711566090584, 0.010959720239043236, 0.014524593949317932, 0.007073937449604273, -0.012466594576835632, 0.03532782942056656, -0.025323860347270966, -0.040518175810575485, -0.024500660598278046, 0.014315306209027767, -0.021849676966667175, -0.036025457084178925, -0.022519398480653763, -0.028491085395216942, 0.010024899616837502, -0.004813626408576965, 0.008748242631554604, -0.016938382759690285, -0.013324675150215626, -0.029467763379216194, 0.0015557082369923592, -0.020175373181700706, 5.474055342347128e-06, -0.003188155358657241, -0.013771156780421734, 0.010338831692934036, 0.0264540147036314, 0.0004216282977722585, -0.013017719611525536, -0.049977999180555344, -0.0006889066426083446, -0.0029265452176332474, 0.009145889431238174, 0.005908900406211615, 0.00032941074459813535, 0.004618290811777115, -0.05156858637928963, -0.005703100468963385, 0.0037741619162261486, -0.01170618087053299, 0.0041473922319710255, -0.003142809495329857, -0.008462215773761272, -0.024584375321865082, 0.006369334179908037, 0.016980240121483803, -0.008406405337154865, 0.01252938061952591, -0.009090079925954342, -0.02648192085325718, 0.009501679800450802, 0.01826387457549572, 0.044201646000146866, 0.02074742689728737, -0.009111008606851101, -0.012571237981319427, 0.022003155201673508, -0.012522404082119465, 0.023900700733065605, 0.005601944867521524, 0.013010743074119091, 0.013533963821828365, 0.01844525709748268, 0.012801455333828926, -0.007150676567107439, 0.014008349739015102, 0.0054380022920668125, 0.017091860994696617, -0.017301149666309357, 0.0034410450607538223, -0.012103828601539135, 0.02955147996544838, -0.0025149453431367874, 0.015961704775691032, -0.008859862573444843, 0.04741073027253151, 0.005633337888866663, 0.002009165706112981, 0.0015940776793286204, -0.017803439870476723, 0.019812606275081635, -0.0014676328282803297, 0.03340237960219383, 0.005703100468963385, 0.014608309604227543, -0.022658925503492355, -0.006254225969314575, 0.012361950241029263, 0.001049056532792747, 0.03535573557019234, 0.024291371926665306, -0.01597565785050392, 0.008078520186245441, 0.02441694401204586, 0.029718909412622452, -0.028798041865229607, 0.0010542888194322586, -0.0219473447650671, -0.031728073954582214, 0.0019045217195525765, -8.300671470351517e-05, 0.0018609199905768037, 0.003917175345122814, 0.019770748913288116, -0.016157040372490883, 0.014803644269704819, -0.008448262698948383, 0.02663539908826351, -0.0180964432656765, 0.0055845039896667, -0.005608920939266682, 0.035774312913417816, -0.013415367342531681, 0.03351400047540665, 0.015919847413897514, 0.006264690309762955, 0.001535651390440762, 0.013199103064835072, -0.011441082693636417, -0.018528973683714867, 0.015947753563523293, 0.00299805193208158, -0.0023248419165611267, 0.0037950908299535513, 0.00962725281715393, 0.002907360438257456, 0.007862255908548832, 0.024277418851852417, -0.007070449646562338, 0.028993377462029457, 0.009703991003334522, 0.009941184893250465, -0.009717944078147411, -0.024179751053452492, -0.00945982150733471, 0.011434106156229973, -0.010087686590850353, 0.013408390805125237, 0.010373713448643684, 0.014496688731014729, -0.01910102739930153, 0.006766981910914183, 0.008727313950657845, 0.01558498665690422, 0.02751440927386284, 0.022017108276486397, 0.008971483446657658, 0.007743659429252148, -0.009117985144257545, 0.006341429427266121, 0.029467763379216194, -0.012947957031428814, 0.01365256030112505, 0.015417556278407574, -0.004224131349474192, -0.023454219102859497, 0.05123372748494148, -0.005235690623521805, -0.003976474050432444, -0.02526804991066456, -0.009996994398534298, 0.004367144778370857, -0.010192329995334148, 0.011196913197636604, -0.0264540147036314, -0.02281240187585354, -0.006125165149569511, 0.0031968755647540092, -0.036611463874578476, 0.013401414267718792, -0.028449228033423424, 0.026105202734470367, 0.025672672316432, -0.004545039962977171, -0.008908696472644806, -0.00017135462258011103, -0.011134127154946327, 0.0004652299976442009, 0.023761175572872162, -0.01723138615489006, 0.032927993685007095, -0.006836744491010904, -0.00754134776070714, 0.0004796185530722141, -0.037030041217803955, 0.054080042988061905, -0.014426926150918007, -0.012215448543429375, -0.010520215146243572, -0.010178377851843834, -0.0005546134780161083, 0.0227984506636858, 0.02811436727643013, 0.009550513699650764, 0.021696198731660843, 0.015152458101511002, -0.0011048667365685105, -0.017524389550089836, 0.0023544910363852978, 0.007520419079810381, -1.0260021554131526e-05, 0.0068437205627560616, -0.002858526539057493, -0.01643609255552292, -0.01905917003750801, 0.006829768419265747, -0.0021103215403854847, 0.019170789048075676, -0.03309542313218117, 0.01405020710080862, -0.0036485891323536634, -0.00042250033584423363, 0.0019864928908646107, 0.041355326771736145, 0.055084627121686935, 0.017315102741122246, -0.012445665895938873, -0.01075740810483694, 0.0020527674350887537, 0.0017929013120010495, 0.004757815971970558, 0.019045216962695122, 0.0242355614900589, 0.0070495205000042915, 0.016143089160323143, -0.019128931686282158, 0.015417556278407574, 0.019407982006669044, 0.005608920939266682, 0.003373026382178068, -0.0056612431071698666, 0.020649759098887444, 0.01970098540186882, 0.0048729246482253075, -0.014929217286407948, 0.03290008753538132, -0.024096036329865456, 0.010178377851843834, 0.03934616222977638, -0.01823597028851509, 0.0013542684027925134, 0.028170177713036537, -0.02007770538330078, -0.01700814627110958, -0.004876412451267242, 0.012641001492738724, -0.01661747507750988, -0.008748242631554604, -0.0012993302661925554, 0.006442585028707981, -0.04774559289216995, 0.0025812198873609304, -0.03309542313218117, 0.02378907985985279, -0.0023754199501127005, -0.013666512444615364, -0.015612891875207424, -0.046489860862493515, 0.03610917180776596, -0.05625664070248604, -0.0065751345828175545, 0.005713564809411764, -0.01516641117632389, -0.02362165041267872, 0.023468172177672386, 0.01826387457549572, -0.016240756958723068, 0.01721743494272232, 0.01302469614893198, -0.01445483136922121, 0.02832365594804287, -0.02172410488128662, -0.014001374132931232, -0.030611872673034668, -0.016477949917316437, -0.0016219827812165022, 0.03954149782657623, -0.003284079022705555, 0.01808249205350876, -0.005877507384866476, 0.00024286139523610473, -0.007471585180610418, -0.0015478598652407527, -0.0031846670899540186, -0.0038264840841293335, 0.015529177151620388, 0.005448466632515192, 0.012668905779719353, 0.029384048655629158, -0.0048031616024672985, -0.007164629176259041, -0.005793792195618153, -0.014057183638215065, -0.014399020932614803, -0.004234595689922571, 0.0032352451235055923, -0.0030224688816815615, 0.0011554446537047625, 0.02236592210829258, -0.014608309604227543, 0.0003980833862442523, 0.00729020219296217, -0.004290406126528978, 0.020049799233675003, 0.006498395465314388, -0.013171197846531868, 0.04347611218690872, 0.028421323746442795, 0.0018731284653767943, 0.005783327855169773, 0.0038404364604502916, 0.003763697575777769, -0.03181179240345955, -0.0014423438115045428, -0.0005977791151963174, -0.006205392070114613, 0.023314693942666054, -0.019742844626307487, -0.025128524750471115, -0.00954353716224432, 0.005441490560770035, -0.01352698728442192, 0.013896729797124863, 0.019840512424707413, -0.015557081438601017, 0.005064771976321936, -0.018738260492682457, -0.0035927789285779, -0.004088093992322683, 0.003217804478481412, -0.00995513703674078, -0.028965473175048828, 0.014678072184324265, -0.021026477217674255, 0.002858526539057493, -0.014929217286407948, -0.029384048655629158, -0.009697015397250652, 0.008594764396548271, -0.02791903167963028, 0.028770137578248978, -0.015501271933317184, 0.012787502259016037, 0.024068132042884827, 0.0006727740401402116, -0.02708187885582447, -0.029495669528841972, -0.003638124791905284, 0.008922649547457695, 0.01582217961549759, -0.006826280150562525, 0.03471392020583153, -0.00038173276698216796, 0.013317699544131756, 0.0024800640530884266, -0.0049880328588187695, -0.015738464891910553, 0.0022620554082095623, -0.019184742122888565, -0.03468601405620575, 0.005863554775714874, 0.03792300447821617, -0.004063677042722702, -0.02074742689728737, -0.030221201479434967, 0.026830734685063362, 0.029663098976016045, -0.016547711566090584, -0.005420561879873276, -0.013261889107525349, -0.012801455333828926, 0.020970666781067848, 0.011559679172933102, -0.021793866530060768, 0.013917658478021622, -0.02134738676249981, 0.008734289556741714, 0.012431712821125984, -0.01787320338189602, -0.03585802763700485, 0.0036137078423053026, 0.0184871144592762, -0.025965675711631775, 0.02218453772366047, 0.0050996532663702965, 0.026593541726469994, -0.0034113959409296513, -0.007339036092162132, -0.03507668524980545, -0.010485333390533924, -0.014496688731014729, 0.004831066820770502, 0.04244362562894821, 0.008678480051457882, -0.006665825843811035, -0.028072509914636612, -0.0038613653741776943, -0.007611110340803862, -0.021459005773067474, -0.0016097743064165115, -0.02175200916826725, 0.013157244771718979, -0.021584579721093178, 0.005999592132866383, -0.00295270630158484, 0.015571034513413906, 0.011350391432642937, 0.024723900482058525, 0.038453198969364166, -0.011071340180933475, 0.012299164198338985, 0.017538342624902725, -0.011957326903939247, 0.012382878921926022, 0.005431026220321655, 0.01967308111488819, 0.001446703914552927, -0.007032080087810755, -0.015012932941317558, -0.00891567301005125, -0.006240273360162973, -0.004046236630529165, 0.02910499833524227, 0.014092065393924713, -0.02505876123905182, -0.0037218399811536074, -0.01017140131443739, 0.00800178200006485, 0.009264486841857433, 0.0016359352739527822, 0.0479409284889698, 0.007834350690245628, 0.02094276249408722, 0.0010106870904564857, 0.0019045217195525765, -0.019659128040075302, 0.0006631816504523158, 0.000898194732144475, -0.030863018706440926, 0.011524797417223454, 0.0019707961473613977, -0.019198695197701454, -0.012710764072835445, -0.005490324459969997, 0.010889957658946514, 0.023510029539465904, -0.011538750492036343, 0.031281594187021255, -0.00019642559345811605, 0.030277011916041374, 0.011092268861830235, 0.013450248166918755, 0.011057388037443161, -0.01405020710080862, -0.013185149990022182, 0.0016123903915286064, 0.016659332439303398, -0.026830734685063362, -0.015012932941317558, -0.00850407313555479, 0.02420765720307827, -0.04289010912179947, -0.01621285080909729, 0.02236592210829258, -0.017552295699715614, 0.025142475962638855, -0.0013725811149924994, -0.01003885269165039, 0.014747834764420986, -0.022700782865285873, -0.017691820859909058, -0.005657754838466644, 0.011775943450629711, -0.02731907367706299, -0.011887564323842525, -0.008036662824451923, -0.0051275584846735, 0.0030573501717299223, -0.008427334018051624, -0.011587584391236305, -0.015682654455304146, -0.01343629602342844, 0.0036206841468811035, -0.05491719767451286, 0.016310518607497215, 0.0024434386286884546, -0.004063677042722702, -0.008406405337154865, 0.019993988797068596, -0.011057388037443161, 0.014859454706311226, -0.011203889735043049, 0.01829177886247635, -0.02422160841524601, -0.0014440878294408321, -0.026384253054857254, -0.026384253054857254, 0.011545727029442787, 0.0036730060819536448, -0.027807412669062614, -0.039290353655815125, 0.007918066345155239, 0.029886340722441673, -0.021277623251080513, 0.023719318211078644, 0.017329053953289986, 0.019449841231107712, 0.010317903012037277, -0.00356487394310534, -0.000530196528416127, 0.0160035640001297, 0.0036346365232020617, 0.0006775702349841595, 0.038257863372564316, -0.024179751053452492, 0.018780117854475975, 0.0184871144592762, -0.018542924895882607, -0.010080710053443909, -0.02772369608283043, -0.010199306532740593, 0.03245360776782036, 0.022658925503492355, -0.0027939961291849613, -0.0180964432656765, -0.01929636299610138, -0.019156837835907936, -0.008622669614851475, 0.013247936964035034, 0.015054790303111076, -0.021877583116292953, 0.01808249205350876, 0.012801455333828926, 0.00789713766425848, 0.008692432194948196, -0.013806038536131382, -0.03421162813901901, 0.021584579721093178, -0.0017353470902889967, -0.02461227960884571, -0.013261889107525349, 0.007464608643203974, 0.026719113811850548, 0.022882165387272835, -0.019352173432707787, 0.0018644081428647041, 0.008685455657541752, -0.05257317051291466, 0.018808024004101753, -0.044648125767707825, 0.02464018575847149, 0.026300538331270218, 0.02663539908826351, -0.014831549488008022, 0.02236592210829258, -0.02173805609345436, 0.014245542697608471, -0.038257863372564316, -0.026174964383244514, -0.0062995715998113155, -0.01578032225370407, 0.021012524142861366, 0.0013900217600166798, -0.008804052136838436, 0.006114700343459845, 0.020412566140294075, 0.005214761942625046, 0.006976270116865635, 0.0005450210883282125, 0.01763601042330265, -0.011943373829126358, 0.0018835929222404957, 0.004674100782722235, 0.0025062249042093754, 0.004691541660577059, -0.0022794962860643864, -0.05843323841691017, -0.011699204333126545, -0.0012191031128168106, 0.03320704400539398, 0.03236989304423332, -0.002009165706112981, 0.03345819190144539, -0.010820194147527218, 0.0009287159191444516, 0.00995513703674078, -0.010269069112837315, -0.00430435873568058, -0.004178785718977451, 0.05647988244891167, 0.011692228727042675, -0.006547229364514351, 0.03672308474779129, 0.018333638086915016, 0.011099245399236679, -0.007729706820100546, 0.009473774582147598, -0.03390467166900635, 0.003006772371008992, 0.010241163894534111, -0.00913193728774786, 0.02073347382247448, -0.0007996549247764051, -0.001587973441928625, -0.0014824573881924152, -0.01618494652211666, -0.004339240025728941, -0.017343007028102875, 0.007938995026051998, 0.020872998982667923, -0.0009697015048004687, -0.026802828535437584, -0.012145685963332653, -0.014803644269704819, -0.011427129618823528, 0.006013544742017984, -0.02748650312423706, -0.015501271933317184, -0.013380485586822033, -0.01519431546330452, 0.028379466384649277, -0.037671856582164764, -0.011322486214339733, 0.02628658525645733, -0.013296770863234997, -0.01099460106343031, 0.020984619855880737, 0.1840618997812271, 0.014426926150918007, 0.0036102195736020803, 0.03340237960219383, -0.012354973703622818, -0.0036764941178262234, 0.005835649557411671, 0.012389855459332466, -0.027221405878663063, 0.024361133575439453, 0.002858526539057493, -0.014217638410627842, -0.020635806024074554, 0.01261309627443552, 0.011678275652229786, 0.0027887639589607716, -0.03203503042459488, -0.014510641805827618, -0.028435276821255684, 0.042387817054986954, -0.004321799147874117, -0.015124552883207798, 0.011482940055429935, -0.00621236814185977, 0.028574801981449127, 0.016491901129484177, 0.006219344679266214, 0.017119767144322395, 0.007220439147204161, 0.013415367342531681, 0.008211069740355015, -0.008741266094148159, -0.007666920777410269, -0.007014639209955931, -0.0068018632009625435, -0.013387462124228477, 0.03672308474779129, -0.02235196903347969, 0.01764996349811554, 0.014092065393924713, 0.004436907824128866, -0.019045216962695122, -0.00356487394310534, -0.026593541726469994, -0.010834147222340107, -0.008301761001348495, -0.020482327789068222, 0.024277418851852417, -0.025519195944070816, 0.013673488982021809, -0.032286178320646286, 0.008566859178245068, 0.01808249205350876, 0.015180363319814205, -0.005336846690624952, -0.0032980316318571568, -0.008685455657541752, -0.010855075903236866, 0.01280843187123537, 0.019575413316488266, -0.011482940055429935, 0.01374325156211853, -0.02833760902285576, 0.019952131435275078, -0.018556877970695496, -0.029300333932042122, -0.014552499167621136, 0.01911497861146927, -0.006282131187617779, -0.015501271933317184, -0.02198920212686062, -0.009111008606851101, -0.03016539104282856, -0.0037009110674262047, -0.012089875526726246, -0.014119970612227917, 0.0291329026222229, -0.0032143164426088333, -0.006658849772065878, 0.01951960287988186, -0.007625062949955463, -0.01262007188051939, 0.01847316324710846, 0.020845094695687294, -0.016910478472709656, -0.007945971563458443, 0.008385476656258106, 0.002038814825937152, -0.011741062626242638, -0.026830734685063362, -0.0021329945884644985, -0.022882165387272835, 0.004433419555425644, 0.013568844646215439, 0.012501475401222706, 0.00913193728774786, 0.0030207247473299503, 0.017524389550089836, -0.013373509049415588, -0.008531978353857994, -0.02687259204685688, 0.06903716921806335, 0.008845910429954529, 0.008671503514051437, 0.007450656034052372, -0.01643609255552292, 0.013233983889222145, 0.01947774551808834, 0.010101638734340668, -0.013596749864518642, -0.006812327541410923, -0.033374473452568054, -0.025770340114831924, 0.001848711515776813, -0.010617882944643497, 0.013066553510725498, 0.0010333600221201777, 0.006160046439617872, 0.019449841231107712, -0.050759341567754745, -0.005281036254018545, -0.0007216079393401742, 0.002042303094640374, 0.001885336940176785, 0.0016237267991527915, -0.01890569180250168, -0.05176392197608948, 0.0043706330470740795, 0.0032736146822571754, -0.05067562311887741, 0.024319276213645935, 0.02239382639527321, -0.004733399022370577, -0.010673693381249905, -0.017984824255108833, -0.009173794649541378, -0.006205392070114613, -0.025519195944070816, 0.010638811625540257, 0.0011598048731684685, -0.0017405793769285083, -0.01137829665094614, 0.029607288539409637, -0.0010691133793443441, 0.011448059231042862, 0.008183164522051811, 0.003871829714626074, -0.00011069378524553031, -0.019198695197701454, -0.005713564809411764, -0.02237987332046032, -0.02505876123905182, -0.007687849458307028, -0.010387665592133999, 0.013178173452615738, -0.028686420992016792, -0.0033346570562571287, -0.04118789732456207, 0.025128524750471115, 0.007059985306113958, -0.035606879740953445, 0.008301761001348495, 0.009710967540740967, -0.01027604565024376, -0.02193339169025421, 0.005856578703969717, -0.17725306749343872, 0.02584010362625122, 0.0509546734392643, -0.019226599484682083, 0.029188713058829308, -0.007422751281410456, -0.011057388037443161, 0.0047613042406737804, -0.017817392945289612, -0.003850901033729315, 0.020970666781067848, -0.013582797721028328, 0.0032648942433297634, -0.0051170941442251205, -0.0037881145253777504, -0.024542517960071564, 0.011748038232326508, 0.019128931686282158, 0.017691820859909058, 0.019784701988101006, -0.005574039649218321, 0.0013211311306804419, -0.009676086716353893, -0.019003359600901604, -0.009173794649541378, 0.01220847200602293, -0.015682654455304146, 0.018808024004101753, 0.018612688407301903, -0.01538965106010437, -0.028993377462029457, 0.022951927036046982, 0.04202504828572273, 0.005633337888866663, -0.01685466803610325, -0.017384864389896393, -0.007318106945604086, -0.0040322840213775635, -0.02851899154484272, 0.03142112120985985, 0.010896933265030384, 0.013610702939331532, -0.020607901737093925, -0.03669517859816551, 0.018556877970695496, 0.03730909153819084, 0.02977471984922886, -0.026523778215050697, 0.005340334493666887, -0.002392860595136881, 0.007063473109155893, -0.04291801154613495, 0.008518025279045105, 0.014482736587524414, 0.0017562758876010776, -0.0021277624182403088, -0.029272427782416344, 0.02172410488128662, -0.010464404709637165, -0.021779915317893028, 0.009697015397250652, -0.005901924334466457, 0.016505854204297066, -0.020803237333893776, -0.00651234807446599, -0.024668090045452118, -0.018124349415302277, 0.03870434686541557, -0.004831066820770502, 0.010178377851843834, -0.0029125926084816456, -0.032955899834632874, 0.014510641805827618, -0.03842529281973839, 0.026426110416650772, 0.008315714076161385, -0.007604134269058704, 0.014189733192324638, 0.031923409551382065, -0.004245060030370951, -0.014482736587524414, 0.03652774915099144, 0.0008681095787324011, 0.008762194775044918, -0.0034480213653296232, -0.00374276889488101, -0.01843130588531494, 0.02337050437927246, -0.001469376846216619, 0.011775943450629711, 0.01784529909491539, -0.022003155201673508, -0.014057183638215065, -0.032481513917446136, 0.008476167917251587, 0.012759597972035408, 0.004858972039073706, 0.008134330622851849, -0.04230410233139992, 0.004740375559777021, 0.01313631609082222, -0.020510233938694, -0.04967104271054268, 0.0006418168195523322, 0.01844525709748268, 0.014147874899208546, -0.02667725645005703, 0.033932577818632126, 0.023063547909259796, -0.010959720239043236, -0.00687860231846571, 0.0010412082774564624, 0.03181179240345955, 0.03513249382376671, 0.010387665592133999, 0.039095018059015274, -0.0012330557219684124, -0.01241776067763567, -0.02215663343667984, -0.010701597668230534, 0.025337811559438705, 0.015836132690310478, -0.012264282442629337, -0.011350391432642937, -0.005444978829473257, -0.030025865882635117, -0.09409593045711517, -0.0352720208466053, 0.027165595442056656, 0.021793866530060768, 0.010596954263746738, -0.0033311687875539064, -0.005047331098467112, 0.012334045022726059, -0.006812327541410923, 0.011210865341126919, -0.011015529744327068, -0.03036072663962841, 0.0021190419793128967, -0.015068743377923965, 0.026830734685063362, 0.0059786634519696236, -0.01598961092531681, -0.01580822840332985, -0.02073347382247448, 0.025575004518032074, -0.00338174682110548, -0.014859454706311226, -0.0017676124116405845, -0.010694622062146664, -0.03343028575181961, 0.008657551370561123, -0.03225827217102051, 0.01910102739930153, 0.008692432194948196, 0.01138527225703001, 0.027012117207050323, -0.0071855578571558, -0.022924022749066353, -0.00934820156544447, -0.03666727617383003, -0.025086667388677597, -0.005682171788066626, -0.020579995587468147, 0.014287400990724564, 0.0031968755647540092, -0.007164629176259041, 0.021431101486086845, 0.001336827757768333, -0.01829177886247635, -0.010415570810437202, -0.027765553444623947, -0.0017745885998010635, 0.0209009051322937, -0.007548323832452297, -0.01950564980506897, -0.005134534556418657, -0.006205392070114613, 0.0007159396773204207, -0.013422342948615551, 0.025491289794445038, -0.006135629490017891, 0.01311538740992546, 0.004457836505025625, 0.015054790303111076, 0.003247453598305583, 0.007136723957955837, 0.024109989404678345, 0.0048729246482253075, 0.03714166209101677, 0.02772369608283043, -0.00579030392691493, -0.023844890296459198, -0.018528973683714867, 0.02648192085325718, -0.030053770169615746, -0.02811436727643013, 0.00860871747136116, -0.0031393214594572783, -0.0026614470407366753, -0.015445461496710777, 0.0007312002708204091, -0.04202504828572273, -0.013394437730312347, 0.014650166966021061, 0.007513442542403936, -0.02524014376103878, -0.022533351555466652, 0.015557081438601017, -0.002099857199937105, 0.03343028575181961, 0.033123329281806946, -0.011364343576133251, -0.00754134776070714, 0.03834157809615135, -0.021068334579467773, -0.005664731375873089, 0.004095070529729128, 0.048331595957279205, 0.002844574162736535, 0.0009897582931444049, 0.004381097387522459, -0.004904317669570446, -0.004252036567777395, -0.017580199986696243, 0.002459135139361024, -0.050340764224529266, -0.013833942823112011, -0.0751204714179039, 0.012982837855815887, 0.008845910429954529, 0.006665825843811035, -0.0174406748265028, 0.012236377224326134, -0.002098113065585494, 0.0264540147036314, 0.0006435608956962824, 0.01538965106010437, -0.028393417596817017, 0.011755014769732952, -0.02748650312423706, -0.019338220357894897, -0.027207452803850174, -0.02317516878247261, -0.0005406609270721674, 0.003596267197281122, 0.009920256212353706, -0.0023963486310094595, -0.024054178968071938, -0.01703605055809021, -0.0016106462571769953, 0.018975453451275826, -0.006951853167265654, -0.0011318997712805867, -0.024096036329865456, -0.0019777724519371986, 0.003578826552256942, 9.333485650131479e-06, 0.010296974331140518, -0.02542152814567089, -0.007171605248004198, 0.032090842723846436, -0.01827782765030861, -0.05154068022966385, -0.0018661521608009934, 0.0246262326836586, 0.036220792680978775, -0.015668701380491257, 0.0047822329215705395, -0.023942558094859123, -0.013819990679621696, -0.010527191683650017, -0.0002655342686921358, 0.0035474332980811596, -0.029914245009422302, 0.021082287654280663, 0.021193908527493477, -0.01519431546330452, 0.045457374304533005, 0.015264078974723816, 0.0003985194198321551, -0.010652763769030571, -0.024123940616846085, -0.010715550743043423, -0.0041439044289290905, -0.008259903639554977, 0.003282334888353944, -0.004949663300067186, 0.0348813496530056, -0.010624859482049942, 0.021682247519493103, 0.006547229364514351, 0.0018801047699525952, -0.005124070215970278, -0.023663507774472237, -0.010694622062146664, -0.00863662175834179, -0.021082287654280663, 0.0010813218541443348, -0.02095671556890011, 0.013366533443331718, 0.023844890296459198, 0.006215856410562992, 0.003012004541233182, -0.007359964773058891, 0.015919847413897514, -0.04579223692417145, 0.029300333932042122, 0.02893756702542305, 0.0036939349956810474, -0.012857265770435333, 0.023956511169672012, 0.02300773747265339, -0.02688654325902462, -0.018180159851908684, 0.004970592446625233, 0.006285618990659714, -0.020189324393868446, -0.009341225028038025, 0.03471392020583153, 0.010506262071430683, -0.024151846766471863, 0.03136530891060829, 0.018194111064076424, -0.004531087353825569, -0.02441694401204586, 0.03836948424577713, 3.147496681776829e-05, 0.002253335202112794, -0.004928734619170427, -0.004161344841122627, -0.05536367744207382, -0.022728687152266502, -0.006421656347811222, -0.029439859092235565, 0.0019533555023372173, -0.007520419079810381, 0.008169212378561497, 0.011587584391236305, -0.006194927729666233, 0.016868621110916138, 0.01886383444070816, -0.01582217961549759, 0.01222242508083582, -4.9460664740763605e-05, -0.004265989176928997, -0.03242570161819458, 0.03881596401333809, -0.020635806024074554, -0.018208064138889313, 0.002879455452784896, 0.0174406748265028, 0.018947549164295197, 0.023035643622279167, 0.004088093992322683, 0.014496688731014729, 0.006058890372514725, -0.020175373181700706, 0.01458040438592434, 0.007743659429252148, -0.02649587392807007, -0.02747255004942417, -0.013931610621511936, 0.004618290811777115, -0.018305731937289238, 0.006208880338817835, 0.0023527471348643303, 0.08734289556741714, 0.04308544099330902, -0.039095018059015274, 0.02281240187585354, 0.00028711711638607085, 0.02378907985985279, -0.0034427891951054335, 0.0019864928908646107, 0.0283515602350235, -0.029244523495435715, 0.00034663340193219483, 0.00652281241491437, -0.008999387733638287, -0.012641001492738724, -0.0065018837340176105, -0.013073530048131943, -0.007548323832452297, 0.017970871180295944, -0.005465907510370016, 0.021863630041480064, 0.021877583116292953, -0.006965805310755968, 0.012501475401222706, 0.02440299279987812, -0.032732658088207245, -0.01889173872768879, 0.037420712411403656, 0.01967308111488819, -0.020356755703687668, -0.008434310555458069, -0.014803644269704819, 0.02055209130048752, -0.015250125899910927, -0.018542924895882607, 0.02770974487066269, 0.013806038536131382, -0.0018696403130888939, -0.035578977316617966, 0.0006788782775402069, 0.006791398860514164, 0.01075740810483694, 0.03290008753538132, -0.011455034837126732, -0.02828179858624935, -0.018515020608901978, -0.009996994398534298, -0.015459413640201092, -0.0040113553404808044, -0.03407210111618042], 'ai_metadata': {'tags': ['construction', 'document'], 'document_type': 'unknown', 'topics': ['AS_NZS_1170_1_Summary.txt'], 'supplier_mentions': [], 'categories': ['general'], 'summary': '```json\n{\n  "tags": [\n    "AS/NZS 1170.1",\n    "Structural Design",\n    "Design Loads",\n    "Building Codes",\n    "Dead Loads",\n    "Live Loads",\n    "Wind Loads",\n    "Earthquake Loads",\n    "AS/NZS '}, 'tags': ['construction', 'standards', 'AS/NZS', 'structural'], 'knowledge_bank_type': 'personal', 'upload_timestamp': '2025-08-12T07:38:02.550000', 'status': 'active', 'view_count': 0, 'reference_count': 9, 'storage_path': 'personal_knowledge_bank/demo_user_auto_token/b7c66531-02e2-448c-b9d7-ccef4e4cf3da/AS_NZS_1170_1_Summary.txt', 'file_data': 'CiAgICAgICAgQVMvTlpTIDExNzAuMToyMDAyIFN0cnVjdHVyYWwgRGVzaWduIEFjdGlvbnMKICAgICAgICAKICAgICAgICBUaGlzIHN0YW5kYXJkIHNwZWNpZmllcyBtaW5pbXVtIGRlc2lnbiBsb2FkcyBmb3IgYnVpbGRpbmdzIGFuZCBzdHJ1Y3R1cmVzLgogICAgICAgIAogICAgICAgIEtleSBSZXF1aXJlbWVudHM6CiAgICAgICAgLSBEZWFkIGxvYWRzOiBTZWxmLXdlaWdodCBvZiBzdHJ1Y3R1cmUgYW5kIHBlcm1hbmVudCBmaXh0dXJlcwogICAgICAgIC0gTGl2ZSBsb2FkczogT2NjdXBhbmN5IGFuZCB1c2UgbG9hZHMKICAgICAgICAtIFdpbmQgbG9hZHM6IEFzIHBlciBBUy9OWlMgMTE3MC4yCiAgICAgICAgLSBFYXJ0aHF1YWtlIGxvYWRzOiBBcyBwZXIgQVMvTlpTIDExNzAuNAogICAgICAgIAogICAgICAgIEZvciBvZmZpY2UgYnVpbGRpbmdzOgogICAgICAgIC0gR2VuZXJhbCBhcmVhczogMy4wIGtQYQogICAgICAgIC0gQ29ycmlkb3JzIGFuZCBzdGFpcnM6IDQuMCBrUGEKICAgICAgICAtIFBsYW50IHJvb21zOiA3LjUga1BhCiAgICAgICAg'}, 'similarity_score': 0.7808057993474027, 'source': 'Personal Knowledge Bank', 'privacy': 'Private to your account'}, {'type': 'personal_document', 'document': {'_id': '689afe01d2f76a65144ba72e', 'document_id': '35cbfdfc-6978-475a-80d0-f4584a0bf26f', 'user_id': 'demo_user_auto_token', 'filename': 'fire_safety_requirements.txt', 'original_size': 806, 'content_type': 'text/plain', 'file_hash': 'ecab604f6951f10e1dd5b69c39561aecddb8c09e8f24dfc1b8265c13292c7175', 'extracted_text': '\n        Fire Safety Requirements for High-Rise Buildings in Australia\n        \n        This document outlines the key fire safety requirements for high-rise buildings \n        in accordance with Australian Standards and the National Construction Code (NCC).\n        \n        Key Standards:\n        - AS 1851: Maintenance of fire protection systems\n        - AS 2118: Automatic fire sprinkler systems\n        - AS 3786: Smoke alarms using scattered light\n        - NCC Volume One: Fire safety provisions\n        \n        Requirements:\n        1. Fire resistance levels (FRL) for structural elements\n        2. Egress provisions and travel distances\n        3. Smoke hazard management systems\n        4. Fire sprinkler system installation\n        5. Emergency warning and intercommunication systems\n        ', 'embedding': [-0.006996841635555029, 0.014086182229220867, -0.01497152354568243, -0.030841603875160217, 0.02925591729581356, 0.006735864095389843, -0.0029335201252251863, -0.0214992668479681, -0.014297607354819775, -0.0056754364632070065, -0.01912073604762554, -0.004228497389703989, -0.011152662336826324, 0.02406279370188713, 0.0049750916659832, 0.009025199338793755, 0.0306566059589386, -0.01263924315571785, -0.004955270327627659, -0.008423959836363792, -0.010082323104143143, 0.02145962417125702, -0.010287141427397728, -0.0006421204307116568, 0.0003363389696460217, 0.012586386874318123, 0.0023124595172703266, -0.034620821475982666, 0.009963396936655045, -0.009381978772580624, 0.018948953598737717, -0.011800150386989117, 0.007010055705904961, -0.01742933876812458, -0.0103532113134861, -0.012652456760406494, -0.02843664586544037, -0.01395404152572155, 0.016980059444904327, -0.007670758757740259, 0.023415304720401764, -0.008807167410850525, 0.0022843796759843826, 0.0008452865295112133, 0.008483422920107841, 0.006772202905267477, 0.024142077192664146, -0.00951411947607994, -0.018169324845075607, 0.005635794252157211, -0.004565455950796604, -0.007578260265290737, -0.029335200786590576, -0.0251595601439476, -0.017508622258901596, -0.0005128704942762852, -0.015870079398155212, 0.014641172252595425, -0.0017756385495886207, -0.024485642090439796, -0.0051171425729990005, 0.012553351931273937, -0.047359172254800797, 0.026613105088472366, 0.022979240864515305, -0.016689350828528404, -0.013372623361647129, 0.002016795100644231, -0.02511991746723652, -0.03588937222957611, 0.034832246601581573, 0.02859521470963955, 0.010108751244843006, -0.0084636015817523, 0.023758869618177414, 0.005014733877032995, 0.011172482743859291, -0.010848738253116608, -0.015975791960954666, -0.024538498371839523, 0.0018384053837507963, -0.006626848131418228, 0.0019028238020837307, 0.027353093028068542, 0.011086591519415379, 0.030868031084537506, -0.0010472137946635485, 0.02036285772919655, 0.014852597378194332, -0.007710400968790054, -4.255854582879692e-05, 0.006831665989011526, 0.007730221841484308, 0.011575511656701565, 0.002416520146653056, -0.0032737820874899626, -0.0025982134975492954, 0.012811025604605675, 0.006174266804009676, -0.0320308692753315, 0.006957199890166521, -0.0067094359546899796, -0.02825164794921875, 0.005972752813249826, 0.0054144589230418205, -0.0062039983458817005, 0.023957081139087677, 0.00657729571685195, -0.004581973422318697, -0.008219141513109207, -0.011238553561270237, 0.01642506942152977, -0.007756649982184172, -0.03221586346626282, 0.03319370374083519, -0.025912761688232422, 0.017416123300790787, -0.001430421369150281, -0.000340881320880726, -0.022609246894717216, 0.004172337707132101, 0.0068911295384168625, 0.01351797766983509, 0.01639864221215248, 0.0063856919296085835, 0.006844880059361458, -0.007076126057654619, -0.015751153230667114, -0.013326373882591724, -0.0261902566999197, -0.012368354946374893, -0.016292929649353027, 0.022001400589942932, -0.0144693898037076, -0.0225299634039402, 0.014363677240908146, -0.009877505712211132, 0.013861543498933315, -0.04122785106301308, -0.02031000144779682, 0.006963806692510843, 0.026824530214071274, -0.0400385856628418, 0.006431940943002701, 0.016570424661040306, -0.0020465266425162554, -0.001762424479238689, 0.008959128521382809, -0.0004670342314057052, -0.001211563590914011, -0.007968074642121792, -0.01770683377981186, -0.015526513569056988, 0.015883293002843857, -0.014139038510620594, 0.02299245446920395, -0.02809307910501957, 0.005222855135798454, -0.014205108396708965, -0.034462254494428635, 0.011522655375301838, -0.0030293220188468695, 0.011159269139170647, 0.009315907955169678, 0.002134069800376892, -0.0025949098635464907, 0.0011248463997617364, -0.022886741906404495, -0.011337658390402794, 0.009586796164512634, 0.015539728105068207, 0.014654386788606644, -0.02646775171160698, 0.00913751870393753, 0.018763957545161247, 0.020481783896684647, 0.013650118373334408, 0.013491549529135227, 0.006547564174979925, -0.006943985819816589, -0.002953341230750084, 0.016543995589017868, 0.04083142802119255, 0.023639943450689316, -0.03536080941557884, -0.0108090965077281, 0.028172364458441734, 0.02390422485768795, -0.009315907955169678, -0.013194233179092407, -0.006038822699338198, 0.011139447800815105, -0.00395100237801671, -0.02859521470963955, -0.604252278804779, -0.020534640178084373, -0.009983218275010586, -0.028515929356217384, -0.01379547268152237, 0.018922526389360428, 0.035651519894599915, 0.013445300050079823, -0.004218586720526218, 0.008377710357308388, -0.003282040823251009, 0.022133540362119675, -0.004684382118284702, 0.003706542309373617, -0.01695363223552704, -0.012189965695142746, -0.020072149112820625, -0.025040633976459503, 0.025172773748636246, 0.016821490600705147, -0.0071752313524484634, 0.03129088133573532, -0.0331672765314579, -0.02722095139324665, 0.008034145459532738, -0.0018780474783852696, -0.010458923876285553, -0.038188617676496506, -0.0027501750737428665, 0.012553351931273937, -0.04114856570959091, 0.018724314868450165, 0.02628275379538536, 0.011694437824189663, 0.027802370488643646, -0.015196162275969982, -0.017693618312478065, 0.028727354481816292, 0.05206337571144104, 0.014324035495519638, -0.006600419990718365, -0.005212944466620684, 0.01976822502911091, 0.0002694428258109838, 0.013108341954648495, 0.0017013094620779157, 0.04590562358498573, -0.006322924979031086, 0.0393514558672905, -0.02612418495118618, -0.006207302212715149, 0.008833595551550388, -0.015936149284243584, 0.0013470076955854893, 0.008701454848051071, -0.01651756837964058, 0.033642981201410294, 0.013716188259422779, -0.013471728190779686, 0.008767524734139442, -0.010445710271596909, 0.008404138498008251, -0.006752382032573223, -0.024736709892749786, -0.02822522073984146, 0.01497152354568243, 0.008608956821262836, 0.023190665990114212, 0.012170144356787205, -0.02502741850912571, -0.012024789117276669, 0.02578062005341053, -0.009045020677149296, -0.0012726786080747843, 0.01971536874771118, 0.021261414512991905, 0.01651756837964058, -0.010928022675216198, 0.0033993155229836702, 0.02399672381579876, 0.0050015198066830635, 0.000450516672572121, -0.01921323500573635, -0.012407996691763401, 0.0020300091709941626, -0.020878206938505173, -0.016980059444904327, -0.015381159260869026, 0.015249018557369709, 0.010696777142584324, 0.027432376518845558, -0.007875576615333557, 0.0019160378724336624, -0.009084662422537804, 0.0025337948463857174, 0.010901594534516335, -0.011846399866044521, -0.003014456247910857, -0.008965736255049706, -0.01470724307000637, -0.011958719231188297, -0.001561736105941236, -0.03710506483912468, -0.011872828006744385, 0.011126234196126461, -0.018407177180051804, 0.007584867067635059, 0.019556799903512, 0.03451510891318321, -0.01015500072389841, 0.009388585574924946, -0.018446819856762886, -0.026705604046583176, -0.007432905491441488, 0.00409966055303812, -0.036338649690151215, 0.026771673932671547, 0.0017739868490025401, 0.018327893689274788, 0.005490439478307962, 0.01686113327741623, 0.00025519641349092126, 0.0443727932870388, -0.02431385964155197, 0.011932291090488434, 0.035810086876153946, 0.010908202268183231, -0.017587905749678612, 0.0015196162275969982, -0.01102712843567133, 0.0018697887426242232, 0.001299932599067688, 0.039906445890665054, -0.007082733325660229, 0.01030696276575327, -0.01592293567955494, -0.004423404578119516, -0.013207447715103626, 0.024763138964772224, -0.033431556075811386, -0.027432376518845558, -0.023983508348464966, 0.016121147200465202, -0.01162176113575697, -0.03662936016917229, -0.005318657029420137, -0.0048759859055280685, 0.023045310750603676, -0.02340209111571312, 0.01827503740787506, -0.0296259094029665, -0.021750332787632942, -0.023666370660066605, 0.010465530678629875, -0.021327484399080276, 0.0065013146959245205, 0.014218322932720184, -0.012777990661561489, -0.004532420542091131, -0.009461263194680214, 0.010709990747272968, 0.0046447403728961945, -0.03739577531814575, 0.007987895980477333, -0.0007585693383589387, -0.0007841715705581009, 0.020257145166397095, 0.0036768107675015926, 0.005530081689357758, -0.04167712852358818, -0.012698706239461899, -0.01540758740156889, -0.002547008916735649, 0.017971113324165344, 5.252070332062431e-05, 0.01403332594782114, -0.012791204266250134, -0.00824556965380907, 0.005018037278205156, -0.014839382842183113, 0.007736829109489918, 0.009111090563237667, -0.0129828080534935, -0.0005306268576532602, -0.007043091114610434, 0.012401389889419079, 0.03414511680603027, -0.01839396357536316, -0.020719638094305992, 0.015011166222393513, -0.023666370660066605, 0.011654796078801155, 0.012361748144030571, 0.02640167996287346, -0.005936414003372192, 0.0038353793788701296, 0.0207064226269722, -0.017046131193637848, -0.00657068844884634, 0.02477635256946087, 0.01937180384993553, -0.029810907319188118, 0.02994304709136486, -0.00018014472152572125, 0.031766586005687714, 0.014905453659594059, 0.013835115358233452, -0.002991331508383155, 0.0400385856628418, -0.007426298689097166, 0.006692918483167887, -0.004281353671103716, -0.009659473784267902, -0.010776061564683914, -0.003977430518716574, 0.008826988749206066, -0.003881628392264247, 0.026229897513985634, -0.02271495945751667, -0.006930771749466658, 0.008780739270150661, 0.006805237848311663, 0.03263871371746063, 0.023692799732089043, -0.02941448614001274, 0.002639507409185171, 0.02136712521314621, 0.023111380636692047, 0.005500350147485733, 0.002016795100644231, -0.03816219046711922, -0.0068911295384168625, 0.015975791960954666, -0.006544260308146477, 0.027049168944358826, 0.01576436683535576, 0.025146346539258957, -0.035836514085531235, 0.002295942045748234, 0.00862217042595148, 0.04405565932393074, 0.022516747936606407, 0.018592175096273422, -0.0027039258275181055, 0.03351084142923355, 0.001836753566749394, 0.013650118373334408, 0.024393144994974136, 0.013075307011604309, 0.01686113327741623, 0.018380749970674515, 0.0035744018387049437, -0.004357334692031145, 0.028859494253993034, 0.014416533522307873, 0.010254106484353542, 0.014799741096794605, 0.014403318986296654, 0.018684672191739082, 0.01045231707394123, 0.0131545914337039, -0.0121238948777318, 0.0327179990708828, 0.006600419990718365, 0.001635239226743579, 0.004839647561311722, -0.00627997936680913, -0.012441032566130161, 0.01596257835626602, -0.028885923326015472, -0.018922526389360428, 0.0052856216207146645, 0.012546745128929615, -0.012249428778886795, 0.022662103176116943, 0.020812135189771652, 0.0025949098635464907, 0.020798921585083008, 0.011258373968303204, 0.016477925702929497, -0.012097466737031937, -0.014337249100208282, 0.02230532467365265, 0.014152252115309238, -0.007968074642121792, -0.00563249085098505, -0.007472547702491283, 0.0022331750951707363, -0.014482603408396244, 0.04379137605428696, -0.0004127327410969883, -0.0011628367938101292, -0.007472547702491283, -0.004320995882153511, 0.016530781984329224, 0.0067788101732730865, 0.010961058549582958, -0.03544009476900101, -0.013544405810534954, 0.009329122491180897, 0.002378529869019985, -0.04286639392375946, -0.0010942888911813498, -0.006322924979031086, 0.04233783110976219, -0.014297607354819775, 0.004899110645055771, -0.0013816945720463991, -0.007347014266997576, 0.01199836190789938, -0.009837863966822624, -0.0016649708850309253, 0.008985556662082672, 0.019200021401047707, 0.019636085256934166, -0.019186807796359062, -6.178602779982612e-05, -0.030075188726186752, 0.030048759654164314, -0.03697292506694794, -0.0009381978888995945, 0.013081913813948631, -0.010716598480939865, 0.001805370207875967, 0.04984341189265251, 0.01548687182366848, 0.014839382842183113, 0.024538498371839523, -0.0010480396449565887, -0.029678765684366226, -0.0041624270379543304, -0.011978540569543839, 0.015381159260869026, 0.006038822699338198, -0.001211563590914011, 0.004509296268224716, -0.01626650057733059, 0.0065938131883740425, 0.010359819047152996, -0.002243085764348507, 0.010121965780854225, -0.0207064226269722, -0.005761327687650919, -0.011628367938101292, 0.007373442407697439, 0.0235606599599123, 0.023111380636692047, 0.044822074472904205, 0.017376482486724854, -0.031423021107912064, 0.01733683981001377, -0.0075452253222465515, 0.0019490730483084917, -0.01043249573558569, -0.004192158579826355, 0.03501724451780319, 0.022014614194631577, 0.028991635888814926, 0.011932291090488434, 0.017667191103100777, 0.012447639368474483, -0.002649417845532298, 0.017720047384500504, -0.00193585897795856, 0.051799092441797256, -0.0014609788777306676, 0.012619421817362309, -0.023362448439002037, 0.0404878631234169, 0.0014618047280237079, -0.01556615624576807, 0.03403940424323082, -0.03282371163368225, -0.001214867108501494, 0.031238025054335594, -0.017310410737991333, -0.008846809156239033, -0.009454656392335892, -0.003974126651883125, -0.019252877682447433, -0.0037362738512456417, -0.0073602283373475075, 0.026362039148807526, -0.04260211065411568, -0.015249018557369709, -0.021010346710681915, 0.003211015136912465, -0.0030574018601328135, -0.009130911901593208, -0.007492369040846825, -0.025516338646411896, 0.007736829109489918, -0.026005258783698082, 0.02237139455974102, 0.019503943622112274, -0.03792433813214302, -0.023388875648379326, 0.01793147251009941, 0.04318353161215782, 0.0050808037631213665, 0.009005378000438213, 0.0052294619381427765, -0.003660293063148856, 0.0036801141686737537, 0.006560778245329857, -0.03229514881968498, -0.02093106135725975, -0.021974973380565643, 0.006458369083702564, -0.003571098204702139, 0.001006745733320713, -0.014271179214119911, -0.01583043672144413, 0.030894460156559944, 0.008569314144551754, -0.015843652188777924, 0.0158965066075325, 0.004304478410631418, 0.023534230887889862, 0.006547564174979925, -0.008265390992164612, 0.014839382842183113, 0.00981143582612276, -0.019530372694134712, -0.006253551226109266, -0.004773577209562063, -0.02189568802714348, -0.020442143082618713, 0.0233360193669796, -0.027960939332842827, 0.014694028533995152, 0.028172364458441734, -0.01301584392786026, -0.008371103554964066, 0.007076126057654619, -0.01923966407775879, 0.005662222392857075, 0.0064088162034749985, -0.01880360022187233, 0.024102434515953064, 8.981427527032793e-05, 0.009970003738999367, 0.0007911915308795869, -0.01809004135429859, 0.018248608335852623, -0.030683035030961037, 0.023943867534399033, 0.021221771836280823, -0.03694649785757065, 0.01170104555785656, -0.0012792856432497501, -0.015011166222393513, -0.012031396850943565, -0.004023679532110691, 0.01889609731733799, 0.019847510382533073, 0.028727354481816292, -0.03747505694627762, -0.022358180955052376, 0.01190586294978857, -0.02603168785572052, -0.006451762281358242, -0.022133540362119675, -0.016966845840215683, -0.027273807674646378, -0.0038056476041674614, 0.007393263280391693, 0.018948953598737717, -0.022952811792492867, -0.020323215052485466, 0.0030970440711826086, 0.015909722074866295, -0.008053965866565704, 0.01481295470148325, -0.007122375536710024, -0.00943483505398035, -0.0279080830514431, -0.010776061564683914, -0.021142486482858658, -0.019345376640558243, 0.020627139136195183, -0.02909734845161438, 0.016689350828528404, 0.011872828006744385, 0.01642506942152977, -0.003960913047194481, 0.016068290919065475, 0.011139447800815105, 0.007611295208334923, 0.008873237296938896, -0.03459439426660538, -0.005447493866086006, -0.041624270379543304, 0.014429747126996517, 0.03744862973690033, 0.013821900822222233, -0.008483422920107841, -0.019662512466311455, 0.01733683981001377, 0.008965736255049706, -0.008767524734139442, 0.013101735152304173, -0.015156520530581474, -0.02127462811768055, -0.006309710908681154, 0.017098985612392426, 0.013861543498933315, 0.022728173062205315, -0.02415529079735279, -0.0004067451227456331, 0.027538089081645012, -0.01353119220584631, -0.014271179214119911, -0.0011743990471586585, 0.0021390251349657774, -0.032427288591861725, 0.00847681611776352, -0.003077222965657711, 0.03618008270859718, -0.013557620346546173, 0.007162017747759819, -0.021671049296855927, -0.01708577200770378, 0.01699327491223812, 0.0065574743784964085, 0.017733260989189148, 0.014588315971195698, -0.01777290366590023, -0.007076126057654619, 0.007426298689097166, -0.0001269788044737652, 0.001540263183414936, 0.014442961663007736, -0.0110931983217597, -0.004393673036247492, -0.028542358428239822, 0.005867040250450373, -0.006002484355121851, 0.02459135465323925, 0.0012181706260889769, 0.012302285060286522, 0.049631986767053604, -0.01633257046341896, 0.017350053414702415, 0.015037594363093376, -0.011410336010158062, 0.021393554285168648, 0.013511370867490768, 0.0062898900359869, 0.005804273299872875, -0.011205518618226051, -0.018935739994049072, 0.0016022040508687496, -0.0018466641195118427, -0.00591328926384449, 0.025172773748636246, 0.01156229805201292, -0.02408922091126442, -0.0035843122750520706, -0.0049684843979775906, 0.03850575536489487, -0.0028278075624257326, -0.0386643223464489, 0.03348441421985626, 0.03448868170380592, 0.011813364923000336, -0.010987486690282822, 0.006597116589546204, -0.009078055620193481, -0.012929952703416348, 0.0086353849619627, 0.01000964641571045, 0.004806612152606249, -0.02249032072722912, -0.032902996987104416, 0.026732033118605614, -0.018420392647385597, 0.022609246894717216, 0.030154472216963768, -0.0069505926221609116, 0.02036285772919655, 0.007816113531589508, 0.010141787119209766, -0.008001109585165977, 0.0007263600709848106, 0.02994304709136486, 5.321753997122869e-05, -0.02308495342731476, 0.02609775774180889, 0.000992705812677741, -0.019636085256934166, -0.015936149284243584, 0.02397029474377632, 0.0313437357544899, -0.02703595533967018, -0.03144944831728935, 0.026243112981319427, -0.015037594363093376, 0.014509031549096107, 0.0018598781898617744, -0.01168783102184534, 0.00824556965380907, -0.009897327050566673, -0.01770683377981186, -0.012374961748719215, 0.0112649817019701, -0.024736709892749786, -0.015658654272556305, -0.0022348270285874605, -0.023269949480891228, 0.012394783087074757, 0.006884522270411253, -0.004988305736333132, -0.032057296484708786, -0.03063017874956131, 0.00045340723590925336, -0.033246561884880066, 0.0045555452816188335, -0.004281353671103716, 0.01573793962597847, 0.00533517450094223, 0.03924574330449104, -0.03282371163368225, -0.0013519629137590528, -0.015843652188777924, 0.020732851698994637, -0.01314137689769268, 0.013808687217533588, -0.006996841635555029, -0.011172482743859291, 0.03250657394528389, 0.0015964229824021459, -0.03575723245739937, -0.02223925292491913, -0.00467777531594038, 0.021063202992081642, -0.008311640471220016, -0.006844880059361458, 0.016372213140130043, 0.010987486690282822, -0.0019094308372586966, -0.017389696091413498, 4.371348495624261e-06, 0.04307781904935837, 0.004172337707132101, 0.017905043438076973, 0.04405565932393074, -0.014575102366507053, 0.02843664586544037, -0.005242676008492708, -0.0010571243474259973, -0.01196532603353262, -0.034832246601581573, -0.004357334692031145, 0.012427818030118942, -0.010855345986783504, -0.031423021107912064, -0.02703595533967018, -0.023045310750603676, 0.005569723900407553, 0.0019969739951193333, 0.026044901460409164, 0.006091678980737925, -0.006669794209301472, 0.01761433482170105, 0.023732442408800125, -0.0013412265107035637, 0.011284802109003067, -0.03131730854511261, 0.002462769392877817, -0.008529672399163246, -0.002921957755461335, -0.04307781904935837, -0.013339588418602943, 0.016319356858730316, 0.03287656605243683, 0.014746884815394878, -0.022701745852828026, 0.008741096593439579, 0.014429747126996517, -0.058088984340429306, 0.0006132147391326725, -0.053675487637519836, 0.01871110126376152, 0.0062370337545871735, 0.03652364760637283, 0.012976201251149178, 0.012672278098762035, 0.00957358255982399, 0.0005397115601226687, -0.005566420499235392, -0.011872828006744385, 0.018446819856762886, -0.014429747126996517, 0.008688241243362427, -0.02381172589957714, -0.044504936784505844, -0.0006194087909534574, 0.02646775171160698, -0.0042912643402814865, -0.01439010538160801, 0.02067999541759491, -0.016345785930752754, 0.009837863966822624, -0.0018202359788119793, -0.001487407018430531, 0.01250049564987421, 0.0038023442029953003, -0.009884112514555454, -0.04336852580308914, 0.0014039933448657393, 0.016028648242354393, 0.01670256443321705, 0.021393554285168648, -0.015460443682968616, 0.017231127247214317, 0.008813774213194847, 0.0031812835950404406, -0.003415832994505763, -0.006494707893580198, -0.001543566701002419, -0.004942056257277727, 0.017693618312478065, 0.012738348916172981, 0.011912469752132893, 0.014799741096794605, 0.0023900920059531927, 0.015434015542268753, -0.012705313041806221, 0.011694437824189663, -0.019530372694134712, -0.011000700294971466, 0.012903524562716484, -0.002918654354289174, 0.0017657279968261719, 0.002168756676837802, -0.0014213367830961943, 0.00482643349096179, -0.0034026189241558313, -0.006015698425471783, -0.031211595982313156, -0.002087820554152131, 0.027670230716466904, -0.013346195220947266, -0.006270068697631359, -0.021763548254966736, -0.014337249100208282, -0.026573464274406433, 0.005837308708578348, -0.004178944509476423, 0.003511634888127446, -0.011813364923000336, 0.021446410566568375, 0.013821900822222233, -0.021988186985254288, -0.005163391586393118, 0.003014456247910857, 0.016385426744818687, -0.011251767165958881, 0.005923199933022261, 0.18859098851680756, 0.021512480452656746, 0.019556799903512, 0.036682214587926865, -0.034435827285051346, 0.015751153230667114, 0.005989270284771919, 0.007802898995578289, -0.01805039867758751, 0.018671458587050438, -0.032770853489637375, 0.009646260179579258, -0.03345798701047897, 0.014918667264282703, 0.006151142530143261, -0.006626848131418228, -0.04870700463652611, -0.012705313041806221, -0.03504367172718048, 0.02759094536304474, -0.005520171485841274, -0.011198910884559155, 0.007181838620454073, -0.011522655375301838, 0.01445617526769638, 0.004912324715405703, 0.00824556965380907, 0.019437873736023903, 0.02859521470963955, 0.01024749968200922, -0.0008853416657075286, -0.027696657925844193, -0.003508331486955285, -4.676536627812311e-05, -0.016966845840215683, -0.0030739193316549063, 0.02171069197356701, -0.023891011252999306, 0.0020795618183910847, -0.010855345986783504, -0.009322515688836575, -0.02152569405734539, 0.014495817944407463, -0.024644210934638977, 0.009362157434225082, -0.005067589692771435, -0.02486884966492653, 0.018063612282276154, -0.041439276188611984, -0.002355405129492283, -0.061154644936323166, -0.00969911552965641, 0.017217913642525673, 0.023415304720401764, 0.019266091287136078, 0.00043482499313540757, 0.017165057361125946, -0.002028357470408082, -0.0025849994271993637, 0.004971787799149752, -0.013927613385021687, 0.022767815738916397, -0.03520224243402481, 0.01889609731733799, -0.017587905749678612, 0.0032506573479622602, -0.032612286508083344, 0.002327325288206339, -0.020125005394220352, 0.0032836925238370895, -0.014495817944407463, -0.004218586720526218, -0.03670864179730415, 0.02074606530368328, -0.01335940882563591, -0.014350462704896927, 0.004126088693737984, -0.005110535770654678, -0.001484103500843048, 0.029388057067990303, -0.021737119182944298, -0.015579369850456715, 0.007029877044260502, 0.019860723987221718, 0.006805237848311663, -0.011350872926414013, 0.023045310750603676, -0.014416533522307873, -0.029203061014413834, -0.012104073539376259, -0.008536279201507568, 0.00010633184137986973, -0.01971536874771118, 0.0027898172847926617, 0.006699525751173496, -0.014297607354819775, 0.01152926217764616, 0.0043143886141479015, -0.009084662422537804, 0.010571243241429329, -0.024921705946326256, 0.06649312376976013, 0.02465742640197277, -0.010551422834396362, -0.032902996987104416, -0.022675316780805588, -0.002736961003392935, 0.029652338474988937, 0.020547853782773018, -0.021142486482858658, -0.00991714745759964, -0.02722095139324665, -0.018473248928785324, -0.018010756000876427, -0.007723615039139986, 0.005724988877773285, -0.011549083516001701, -0.024208147078752518, 0.013114948756992817, -0.05312049761414528, -0.02005893550813198, -0.024115649983286858, 0.020138218998908997, 0.013689760118722916, -0.022041043266654015, -0.017191484570503235, -0.019755011424422264, -0.006299800239503384, 0.0012784597929567099, -0.051296960562467575, 0.026983099058270454, -0.006170963402837515, 0.00951411947607994, -0.00018860997806768864, -0.0014931882033124566, -0.017402909696102142, 0.00408974988386035, -0.03559866175055504, 0.012850668281316757, 0.0037032386753708124, -0.010690170340240002, 0.0022282199934124947, 0.01871110126376152, 0.0026824530214071274, 0.012242821045219898, 0.0005203033797442913, 0.004340816754847765, 0.0022728173062205315, -0.020032506436109543, 0.005054375622421503, -0.01674220710992813, -0.019094308838248253, -0.005417762324213982, -0.02946734055876732, 0.025053847581148148, -0.01779933087527752, 0.021578550338745117, -0.04455779120326042, 0.014720456674695015, 0.027617374435067177, -0.042126405984163284, 0.01836753636598587, 0.014522246085107327, -0.0225299634039402, -0.009018592536449432, 0.008291819132864475, -0.16480568051338196, 0.022543177008628845, 0.05119124799966812, -0.02909734845161438, 0.01263924315571785, -0.016200430691242218, -0.0018037183908745646, 0.013597262091934681, -0.02843664586544037, -0.004978395067155361, 0.02612418495118618, -0.034435827285051346, 0.0019936703611165285, -0.012117288075387478, -0.013623690232634544, 0.0009357202216051519, 0.004453136585652828, 0.017627548426389694, 0.004489474929869175, 0.016068290919065475, 0.009897327050566673, -0.021829618141055107, -0.006303104106336832, -0.01548687182366848, -0.021010346710681915, -0.020376071333885193, -0.03298227861523628, -0.005804273299872875, -0.0025106703396886587, 0.004515903070569038, 0.009203588590025902, 0.009309301152825356, 0.04429351165890694, -0.015883293002843857, -0.01196532603353262, -0.009078055620193481, -0.008060573600232601, -0.0038485934492200613, -0.01655721105635166, 0.039219312369823456, 0.03063017874956131, 0.01576436683535576, 0.023573873564600945, -0.015790795907378197, -0.008450387977063656, 0.020045720040798187, 0.022662103176116943, -0.014059754088521004, 0.021419981494545937, -0.009970003738999367, 0.007426298689097166, -0.03158159181475639, -0.005857129581272602, 0.00885341688990593, 0.005454101134091616, -0.02383815497159958, -0.014641172252595425, 0.011020521633327007, 0.02477635256946087, -0.0026312486734241247, 0.02841021679341793, -0.011357479728758335, -0.006012394558638334, -0.009970003738999367, -0.0007131460006348789, -0.04971127212047577, -0.004833040293306112, 0.016160788014531136, -0.025238843634724617, 0.003019411349669099, 0.0022067471873015165, -0.04038215056061745, 0.015024379827082157, -0.03602151200175285, 0.008285212330520153, -0.003182935295626521, -0.022292109206318855, -0.0011810060823336244, 0.015447230078279972, 0.00911769736558199, 0.001427117851562798, 0.03575723245739937, 0.002466073026880622, -0.024327075108885765, 0.014244751073420048, -0.0025800440926104784, -0.01871110126376152, 0.009111090563237667, -0.008575920946896076, 0.013247089460492134, 0.02468385361135006, -0.03229514881968498, 1.6982125089270994e-05, -0.028515929356217384, 0.002048178343102336, 0.02124819904565811, 0.002429734217002988, 0.003673507133498788, 0.013366016559302807, -0.008701454848051071, 0.026005258783698082, -0.007029877044260502, -0.05565759912133217, -0.0158965066075325, 0.011555690318346024, 0.0059198965318500996, -0.0313437357544899, 0.022820672020316124, 0.026679176837205887, -0.017905043438076973, -0.007868969812989235, 0.01949073001742363, 0.03744862973690033, 0.015685083344578743, -0.00766415148973465, 0.00973215140402317, -0.020534640178084373, -0.02593918889760971, -0.015116877853870392, -0.003855200484395027, 0.014363677240908146, 0.007386656478047371, -0.00889966543763876, -0.014231536537408829, 0.009619832038879395, -0.027432376518845558, -0.08631420135498047, -0.03440939635038376, 0.032902996987104416, 0.027485232800245285, -0.007783078122884035, -0.00788218341767788, -0.013887971639633179, 0.024446001276373863, -0.0019672424532473087, 0.011892649345099926, 0.017535049468278885, -0.012771383859217167, 0.014310820959508419, -0.006035519298166037, 0.027775943279266357, 0.007148803677409887, 0.002865798072889447, -0.019226448610424995, 0.0055069574154913425, 0.007307372055947781, 0.005559813231229782, -0.010465530678629875, -0.0026048205327242613, -0.007941646501421928, -0.03335227444767952, 0.017389696091413498, -0.023877795785665512, 0.009983218275010586, 0.0084636015817523, 0.008767524734139442, -0.021723905578255653, 0.0013205795548856258, -0.010558029636740685, -0.00782272033393383, -0.014191894792020321, -0.0007346188649535179, -0.01779933087527752, -0.011892649345099926, 0.03559866175055504, -0.028145935386419296, 0.0057910592295229435, 0.02377208322286606, 0.02239782176911831, -0.015632227063179016, -0.0041987658478319645, -0.011073377914726734, -0.015949362888932228, -0.004773577209562063, -0.0029665553011000156, -0.027326663956046104, 0.014865810982882977, -0.024353502318263054, 0.003059053560718894, -0.013980469666421413, -0.003052446525543928, -0.012315498664975166, 0.0027154881972819567, 0.01320083998143673, -0.00753201125189662, 0.014059754088521004, 0.008972343057394028, 0.006484797224402428, -0.000536820967681706, 0.035122957080602646, 0.034805819392204285, 0.010617492720484734, -0.015619012527167797, -0.018222181126475334, 0.02074606530368328, -0.03425082936882973, -0.00599257368594408, 0.015909722074866295, -0.0306566059589386, -0.0012916738633066416, -0.023851368576288223, -0.005308746360242367, -0.01154247671365738, -0.02005893550813198, -0.018129682168364525, -0.019913580268621445, -0.034118689596652985, -0.015037594363093376, 0.024736709892749786, -0.00731397932395339, 0.01168783102184534, 0.027538089081645012, 0.022358180955052376, -0.022252468392252922, 0.02440635859966278, -0.014218322932720184, 0.00796146783977747, -0.0025354467798024416, 0.024327075108885765, 0.013584047555923462, 0.013247089460492134, 0.005599455442279577, -0.019794654101133347, 0.0008671723189763725, -0.031423021107912064, 0.012507102452218533, -0.034964386373758316, -0.0012668974231928587, -0.08345996588468552, 0.020006079226732254, -0.001833450049161911, 0.0032787371892482042, 0.010227678343653679, -0.02074606530368328, 0.012401389889419079, 0.006745774764567614, -0.007294157985597849, 0.027696657925844193, -0.022675316780805588, 0.022635675966739655, -0.0017938078381121159, -0.005797666497528553, -0.014879025518894196, 0.012758169323205948, 0.001303236116655171, 0.016874346882104874, -0.004928842186927795, 0.005579634569585323, -0.025423841550946236, -0.008985556662082672, 0.003377842716872692, 0.0033761910162866116, -0.004007162060588598, 0.015870079398155212, 0.0011570556089282036, 0.0010306962067261338, -0.007835933938622475, 0.006540956906974316, 0.01923966407775879, -0.00860234908759594, -0.00424831872805953, 0.005516867619007826, -0.0015460443682968616, -0.03641793504357338, -0.0243667159229517, 0.03229514881968498, 0.019530372694134712, -0.013471728190779686, -0.012038003653287888, -0.026679176837205887, -0.017323626205325127, -0.015249018557369709, 0.02278102934360504, -0.012084253132343292, -0.0324801467359066, 0.03374869376420975, 0.030603749677538872, 0.010551422834396362, 0.034277256578207016, 0.009104483760893345, -0.004651347175240517, -0.016728993505239487, -0.007776470854878426, -0.009626438841223717, 0.004918931983411312, -0.018261823803186417, 0.005150177516043186, -0.04931485280394554, 0.035968657582998276, -0.005430976394563913, 0.033642981201410294, 0.008133250288665295, 0.02587311901152134, 0.0034984208177775145, -0.02946734055876732, 0.022199612110853195, 0.014654386788606644, -0.000981969409622252, -0.020666781812906265, -0.028515929356217384, -0.0023471463937312365, 0.041967835277318954, -0.009910540655255318, 0.0153283029794693, 0.002953341230750084, 0.039906445890665054, -0.02271495945751667, 0.01770683377981186, 0.03945716843008995, 0.0017789420671761036, -0.013597262091934681, 0.0345415398478508, 0.02337566204369068, -0.023679586127400398, -0.0263091828674078, 0.012711920775473118, 0.00372305978089571, 0.021763548254966736, -0.019160378724336624, 0.03755434229969978, 0.0026510697789490223, 0.009454656392335892, 0.01996643655002117, 0.028357360512018204, 0.01548687182366848, -0.02452528476715088, 0.011251767165958881, -0.01683470606803894, 0.005212944466620684, -0.013471728190779686, -0.010227678343653679, -0.02646775171160698, -0.011000700294971466, 0.013029057532548904, -0.014271179214119911, 0.0053219604305922985, -0.027617374435067177, 0.007479154970496893, 0.020851777866482735, 0.007241301704198122, 0.03739577531814575, 0.0072479089722037315, -0.0025982134975492954, -0.019160378724336624, -0.02052142657339573, 0.009718936868011951, -0.011694437824189663, 0.031898725777864456, -0.01724434085190296, 0.004056714940816164, 0.010908202268183231, 0.015116877853870392, 0.02052142657339573, 0.01293655950576067, 0.016596851870417595, -0.0067788101732730865, -0.015579369850456715, -0.0443727932870388, 0.023454947397112846, 0.008027537725865841, -0.01942466013133526, -0.028833067044615746, -0.016187217086553574, -0.03723720461130142, -0.020732851698994637, 0.013445300050079823, 0.0012735044583678246, 0.08071144670248032, 0.03686721250414848, -0.027432376518845558, 0.007261123042553663, -0.012090859934687614, 0.01843360625207424, -0.008965736255049706, -0.012520316988229752, -0.012110681273043156, -0.021486053243279457, 0.02465742640197277, 0.008126643486320972, -0.015090450644493103, -0.028119508177042007, -0.008483422920107841, -0.018288251012563705, -0.01462795864790678, 0.014482603408396244, 0.01051178015768528, -0.003331593470647931, 0.01576436683535576, -0.004654650576412678, 0.02806665189564228, 0.01284406054764986, -0.026348823681473732, -0.015619012527167797, 0.05460047349333763, -0.007128982339054346, -0.030524466186761856, -0.005411155521869659, -0.010201250202953815, 0.020640352740883827, -0.02822522073984146, -0.028119508177042007, 0.03044518083333969, 0.0252784863114357, 0.012441032566130161, 0.004634829703718424, 0.019847510382533073, -0.016755420714616776, 0.014773312956094742, 0.028806637972593307, 0.0027072294615209103, -0.023851368576288223, -0.04458421841263771, 0.014139038510620594, -0.03628579527139664, -0.00459849089384079, -0.023111380636692047], 'ai_metadata': {'tags': ['construction', 'document'], 'document_type': 'unknown', 'topics': ['fire_safety_requirements.txt'], 'supplier_mentions': [], 'categories': ['general'], 'summary': '```json\n{\n    "tags": [\n        "AS 1851",\n        "AS 2118",\n        "AS 3786",\n        "NCC Volume One"\n    ],\n    "document_type": "specification",\n    "topics": [\n        "fire safety",\n        "h'}, 'tags': ['["fire safety"', ' "high-rise"', ' "NCC"', ' "AS 1851"]'], 'knowledge_bank_type': 'personal', 'upload_timestamp': '2025-08-12T08:40:33.307000', 'status': 'active', 'view_count': 0, 'reference_count': 17, 'storage_path': 'personal_knowledge_bank/demo_user_auto_token/35cbfdfc-6978-475a-80d0-f4584a0bf26f/fire_safety_requirements.txt', 'file_data': 'CiAgICAgICAgRmlyZSBTYWZldHkgUmVxdWlyZW1lbnRzIGZvciBIaWdoLVJpc2UgQnVpbGRpbmdzIGluIEF1c3RyYWxpYQogICAgICAgIAogICAgICAgIFRoaXMgZG9jdW1lbnQgb3V0bGluZXMgdGhlIGtleSBmaXJlIHNhZmV0eSByZXF1aXJlbWVudHMgZm9yIGhpZ2gtcmlzZSBidWlsZGluZ3MgCiAgICAgICAgaW4gYWNjb3JkYW5jZSB3aXRoIEF1c3RyYWxpYW4gU3RhbmRhcmRzIGFuZCB0aGUgTmF0aW9uYWwgQ29uc3RydWN0aW9uIENvZGUgKE5DQykuCiAgICAgICAgCiAgICAgICAgS2V5IFN0YW5kYXJkczoKICAgICAgICAtIEFTIDE4NTE6IE1haW50ZW5hbmNlIG9mIGZpcmUgcHJvdGVjdGlvbiBzeXN0ZW1zCiAgICAgICAgLSBBUyAyMTE4OiBBdXRvbWF0aWMgZmlyZSBzcHJpbmtsZXIgc3lzdGVtcwogICAgICAgIC0gQVMgMzc4NjogU21va2UgYWxhcm1zIHVzaW5nIHNjYXR0ZXJlZCBsaWdodAogICAgICAgIC0gTkNDIFZvbHVtZSBPbmU6IEZpcmUgc2FmZXR5IHByb3Zpc2lvbnMKICAgICAgICAKICAgICAgICBSZXF1aXJlbWVudHM6CiAgICAgICAgMS4gRmlyZSByZXNpc3RhbmNlIGxldmVscyAoRlJMKSBmb3Igc3RydWN0dXJhbCBlbGVtZW50cwogICAgICAgIDIuIEVncmVzcyBwcm92aXNpb25zIGFuZCB0cmF2ZWwgZGlzdGFuY2VzCiAgICAgICAgMy4gU21va2UgaGF6YXJkIG1hbmFnZW1lbnQgc3lzdGVtcwogICAgICAgIDQuIEZpcmUgc3ByaW5rbGVyIHN5c3RlbSBpbnN0YWxsYXRpb24KICAgICAgICA1LiBF'}, 'similarity_score': 0.7727839434920816, 'source': 'Personal Knowledge Bank', 'privacy': 'Private to your account'}, {'type': 'personal_document', 'document': {'_id': '689aef5daa7af9acc74f4a42', 'document_id': 'f41f1e30-eb07-4e6e-89e5-276921ac131c', 'user_id': 'demo_user_auto_token', 'filename': 'ACME_Steel_Beams_Catalog.txt', 'original_size': 615, 'content_type': 'text/plain', 'file_hash': '1cab681360898573e1ff24e5e0e9088d2d6ba02b7d65475611cf711795613488', 'extracted_text': '\n            ACME Construction Materials - Steel Beam Specifications\n            \n            Product: Universal Beams (UB) - Grade 300\n            Standards Compliance: AS/NZS 3679.1\n            \n            Available Sizes:\n            - 310UB40.4: 310mm deep, 165mm wide\n            - 360UB44.7: 360mm deep, 170mm wide\n            - 410UB53.7: 410mm deep, 178mm wide\n            \n            Fire Rating: Up to 4 hours with appropriate protection\n            Corrosion Protection: Hot-dip galvanized available\n            \n            Contact: sales@acme-steel.com.au\n            ABN: 12 345 678 901\n            ', 'embedding': [-0.004690931178629398, -0.006349104922264814, -0.0157609935849905, -0.034778282046318054, -0.005538368131965399, 0.005388231482356787, -0.01628146693110466, -0.031014861539006233, 0.007920533418655396, -0.016975432634353638, -0.01187746413052082, -0.005882013589143753, 0.00600879592821002, -0.011503791436553001, -0.015013648197054863, -0.00016139671788550913, 0.0025556564796715975, 0.034564755856990814, 0.0023905064444988966, -0.01685532182455063, -0.013592355884611607, 0.011003335937857628, -0.011303609237074852, -0.012471336871385574, -0.006479223258793354, -0.004794358275830746, 0.02375492826104164, -0.01959114335477352, 0.041771307587623596, -0.006342432461678982, 0.01570761203765869, -0.008654533885419369, -0.015133757144212723, -0.0029526841826736927, 0.004750985652208328, 0.014426447451114655, 0.007353351451456547, -0.01574764959514141, 0.03758082911372185, 0.009435243904590607, 0.011010008864104748, -0.002126933541148901, 0.0038902030792087317, 0.00704640569165349, 0.01999150775372982, 0.011910827830433846, 0.025956930592656136, -0.01572095789015293, -0.00978889875113964, 0.001881710602901876, -0.003076129825785756, 0.010809826664626598, -0.025663329288363457, -0.0061055500991642475, 0.014706702902913094, -0.0015188807155936956, -0.0007623597048223019, 0.010022444650530815, 0.01439975667744875, -0.01227115560323, 0.008427660912275314, -0.006242341361939907, -0.030294205993413925, 0.017028814181685448, -0.01963117904961109, -0.005641795229166746, -0.00810069777071476, -0.003700030269101262, -0.009828935377299786, 0.00599545007571578, 0.017068849876523018, 0.013305428437888622, 0.023194419220089912, -0.019270852208137512, 0.02049863524734974, -0.01429299358278513, 0.006305732298642397, -0.021072490140795708, -0.014920230023562908, -0.0031962390057742596, 0.015307248570024967, -0.01620139554142952, 0.0007406733348034322, 0.007153169251978397, -0.01677525043487549, 0.007767060771584511, 0.00789384264498949, -0.0016848649829626083, -0.008047315292060375, -0.011503791436553001, -0.01672186702489853, 0.02039187029004097, 0.030400969088077545, -0.004737640265375376, -0.003946921322494745, 0.004430694505572319, -0.013812556862831116, 0.046602364629507065, 0.008320897817611694, -0.008567788638174534, -0.008974825032055378, 0.008507734164595604, -0.017255686223506927, -0.003823475679382682, -0.011363663710653782, -0.017882922664284706, -0.011063390411436558, 0.0103093720972538, -0.012958446517586708, -0.026183802634477615, 0.008174097165465355, 0.00038952077738940716, -0.008561115711927414, -0.00997573509812355, 0.00397694855928421, -0.013645738363265991, 0.026424020528793335, -0.0025489837862551212, 0.021779799833893776, -0.021606307476758957, -0.010636336170136929, 0.04350621625781059, 0.02786533161997795, 0.01010918989777565, 0.0162948127835989, 0.014319684356451035, -0.02807885967195034, -0.01644161343574524, 0.029333332553505898, 0.00201850151643157, 0.019110705703496933, -0.004117075819522142, 0.014426447451114655, 0.0003774264478124678, -0.013292083516716957, 0.03651319444179535, 0.0016990444855764508, 0.022887472063302994, -0.0313885323703289, -0.02476918324828148, 0.007099787704646587, 0.026183802634477615, -0.034564755856990814, 0.018950561061501503, -0.0007027221727184951, 0.006208977662026882, 0.01668183133006096, 0.01041613519191742, -0.013679102063179016, -0.0242754016071558, -0.009161662310361862, 0.01685532182455063, 0.01960448920726776, 0.014840157702565193, 0.0046775853261351585, -0.014559902250766754, 0.0070664240047335625, 0.017669396474957466, -0.022073399275541306, -0.0332568995654583, 0.004620867315679789, 0.013579010963439941, 0.017389141023159027, -0.02887958660721779, -0.0003250871959608048, -0.014506520703434944, 0.015360630117356777, -0.01580103114247322, -0.01586775854229927, -0.009768880903720856, 0.0019284196896478534, 0.012478009797632694, -0.008387625217437744, -0.007313314825296402, 0.018510160967707634, 0.04142432287335396, 0.02459569275379181, 0.007767060771584511, -0.0033230208791792393, 0.005421595182269812, 0.0010709735797718167, -0.014052774757146835, 0.022220199927687645, 0.042198359966278076, -0.03688686713576317, 0.009508644230663776, 0.0020168335177004337, 0.02073885314166546, 0.05372884124517441, -0.017429176717996597, 0.0054282681085169315, 0.019564451649785042, -0.010189262218773365, -0.008240824565291405, -0.6196566224098206, -0.034618135541677475, -0.0016565058613196015, -0.011283590458333492, 0.001181907719001174, 0.03323020786046982, 0.04049014300107956, 0.00606217747554183, -0.014866848476231098, -0.02885289490222931, -0.012618137523531914, -0.00020591635257005692, 0.010342735797166824, -0.005508340895175934, 0.004620867315679789, 0.005244767758995295, -0.011116772890090942, -0.03560570254921913, 0.021232634782791138, 0.01568092219531536, -0.017575977370142937, 0.004440703429281712, -0.027064602822065353, -0.009555352851748466, 0.011203518137335777, -0.004737640265375376, -0.007653624285012484, -0.03683348372578621, 0.013518956489861012, -0.012845010496675968, -0.04438701644539833, 0.030481042340397835, 0.01678859442472458, 0.005835304502397776, 0.03683348372578621, 0.0062523502856493, -0.009228388778865337, -0.005431604105979204, 0.011056717485189438, 0.013238701038062572, -0.02797209471464157, -0.0046275402419269085, 0.027238095179200172, -0.0237415824085474, 0.0051546860486269, 0.027438275516033173, 0.041771307587623596, -0.02390172891318798, 0.009301789104938507, -0.04395996406674385, 0.004947831388562918, 0.018670305609703064, 0.026864420622587204, 0.004063694272190332, 0.021673034876585007, 0.006539277732372284, 0.030614497140049934, -0.004270548932254314, -0.022033363580703735, 0.009582043625414371, 0.011230208911001682, -0.008494388312101364, -0.0013445556396618485, -0.02459569275379181, -0.01996481604874134, 0.0040837121196091175, -0.004670912865549326, 0.0016806945204734802, 0.004073703195899725, -0.00299772503785789, 6.417292024707422e-05, 0.02372823655605316, -0.003104488831013441, 0.01426630187779665, 0.014519866555929184, 0.004607521928846836, 0.015320594422519207, -0.001534728449769318, 0.0166951771825552, 0.018123142421245575, -0.013185319490730762, 0.01992478035390377, 0.007019714917987585, -0.02476918324828148, -0.0047109490260481834, -0.012544737197458744, -0.015440703369677067, -0.00496117677539587, 0.030481042340397835, -0.011777373030781746, 0.03282984346151352, -0.013505610637366772, 0.0020802244544029236, -0.02831907756626606, -0.00244722468778491, 0.018950561061501503, 0.012751592323184013, 0.012631482444703579, 0.003134516067802906, 0.0014613284729421139, -0.022153472527861595, -0.0009116620640270412, 0.009728844277560711, 0.013799211010336876, 0.01633484847843647, -0.0002420950768282637, -0.0056918407790362835, -0.01041613519191742, 0.038114648312330246, -0.0004078707715962082, 0.010963299311697483, 0.01010918989777565, -0.03397755324840546, -0.007266605738550425, -0.003276311792433262, -0.030134059488773346, 0.018843796104192734, 0.004147103521972895, -0.006272368598729372, -0.013438883237540722, 0.007727024145424366, 0.013238701038062572, 0.0287995133548975, 0.0025222930125892162, -0.005618440918624401, 0.004981195088475943, 0.010969972237944603, -0.002370488364249468, 0.0028692749328911304, -0.000697300536558032, 0.015133757144212723, -0.0004712617374025285, 0.027037912979722023, -0.00810069777071476, 0.014653320424258709, 0.031121624633669853, 0.006148923188447952, -0.027464967221021652, 0.009141643531620502, -0.01429299358278513, -0.01005580835044384, -0.018309978768229485, 0.021512890234589577, -0.009361843578517437, -0.02887958660721779, -0.008747952058911324, -0.007253260351717472, 0.027411585673689842, 0.006335759535431862, -0.01188413705676794, -0.003670003032311797, -0.023261146619915962, -0.017175612971186638, 0.014439793303608894, -0.00717318756505847, -0.012771610170602798, -0.0025473155546933413, -0.03971610590815544, 0.019190778955817223, -0.006249014288187027, 0.006282377522438765, 0.01024264469742775, -0.04438701644539833, -0.0013537306804209948, 0.012811646796762943, -0.0015755989588797092, 0.01192417275160551, 0.029146496206521988, -0.0033413709606975317, -0.026090383529663086, 0.0051546860486269, -0.01586775854229927, -0.009215043857693672, -0.014573248103260994, -0.017762813717126846, 0.0015172126004472375, -0.03667333722114563, 0.008060661144554615, 0.018176523968577385, -0.0022053380962461233, 0.002368820132687688, 0.03747406601905823, -0.018950561061501503, -0.005861995741724968, 0.00032550422474741936, 0.04500090703368187, 0.026837730780243874, 0.007640278898179531, -0.030507734045386314, 0.01692204922437668, -0.025676675140857697, 0.018563542515039444, -0.003179557155817747, 0.029333332553505898, 0.006656050682067871, 0.013432210311293602, 0.030534423887729645, -0.0024188656825572252, 0.0025673338677734137, 0.0033196844160556793, 0.011984228156507015, -0.01578768528997898, 0.037901122123003006, -0.018336668610572815, 0.022820744663476944, 0.0013303760206326842, 0.013932665809988976, -0.030427660793066025, 0.033924173563718796, -0.007940552197396755, 0.02376827411353588, -0.004760994575917721, -0.038728538900613785, 0.005985441152006388, 0.006636032368987799, 0.008060661144554615, -0.007540187798440456, 0.029840460047125816, 0.00514467665925622, -0.030400969088077545, 0.030454352498054504, 0.009081589058041573, 0.008761297911405563, -0.007873824797570705, -0.026183802634477615, -0.0011602214071899652, 0.01584106683731079, 0.0286660585552454, 0.014933575876057148, -0.007640278898179531, -0.003846830455586314, -8.7162567069754e-05, 0.029947223141789436, -0.008260843344032764, 0.006769487168639898, 0.013292083516716957, 0.023060964420437813, -0.02007157914340496, 0.02871944196522236, 0.0014821807853877544, 0.02826569601893425, 0.0019617832731455564, 0.014853502623736858, -0.011056717485189438, 0.02781195007264614, 0.00411373982205987, 0.003042766125872731, 0.015587503090500832, 0.022367000579833984, -0.011957536451518536, -0.0037901122123003006, 0.004827721975743771, -0.02420867420732975, 0.013705792836844921, 0.029493477195501328, 0.006372459698468447, 0.006032150238752365, 0.022073399275541306, 0.025810129940509796, 0.013605701737105846, 0.02351471036672592, 0.015107066370546818, 0.02783863991498947, 0.02456900104880333, 0.019177433103322983, 0.014306338503956795, -0.01212435495108366, -0.011003335937857628, -0.012217773124575615, -0.012838337570428848, -0.01972459815442562, 0.013085228390991688, -0.002267060801386833, -0.010142553597688675, 0.00023146040621213615, 0.002812556689605117, 0.017228996381163597, 0.004594176542013884, 0.004193812608718872, 0.02384834550321102, -0.011043372564017773, -0.03384409844875336, -0.01028935331851244, 0.014119502156972885, -0.008427660912275314, 0.004517439752817154, 2.932353163487278e-05, 0.006509250495582819, -0.002754170447587967, 0.03520533815026283, 0.010876554064452648, 0.01660175807774067, -0.029493477195501328, 0.01024931762367487, -0.0005734379519708455, 0.0034764937590807676, 0.026237184181809425, -0.042545344680547714, -0.023154381662607193, -0.001010918989777565, 0.005398240871727467, -0.030534423887729645, -0.0037467393558472395, 0.002198665402829647, 0.008727934211492538, 0.005678495392203331, -0.0016856990987434983, 0.0035298755392432213, -0.0016690172487869859, 0.009481953456997871, -0.00043456171988509595, -0.008901425637304783, -0.017802851274609566, 0.03213588148355484, 0.005478313658386469, -0.017135577276349068, 0.003720048349350691, -0.02037852443754673, 0.02478252910077572, -0.017495904117822647, 0.002195328939706087, 0.0020385198295116425, -0.038168031722307205, -0.0010517894988879561, 0.03250955417752266, 0.019284198060631752, 0.01570761203765869, 0.034804973751306534, 0.02057870663702488, 0.008928116410970688, -0.02087230794131756, -0.02488929219543934, 0.024982711300253868, 0.01186411827802658, -0.021019108593463898, 0.0048310584388673306, -0.013532301411032677, 0.005384895019233227, -0.019377615302801132, -0.00411373982205987, 0.005631786305457354, -0.012664846144616604, 0.013018500991165638, -0.03181558847427368, -0.012918409891426563, 0.013185319490730762, 0.03573915734887123, 0.03547224774956703, 0.03355050086975098, -0.008981497958302498, 0.00043039125739596784, -0.0031411887612193823, 0.0204852893948555, -0.029306640848517418, 0.012718228623270988, 0.005531695205718279, 0.0018516832496970892, 0.015587503090500832, -0.007733697071671486, 0.0021419471595436335, 0.004907794762402773, -0.01641492173075676, 0.017188958823680878, 0.015120412223041058, 0.034724898636341095, 0.018510160967707634, -0.0033530481159687042, -0.018149832263588905, 0.013372155837714672, -0.02428874745965004, 0.011797390878200531, 0.02079223468899727, 0.0071198055520653725, -0.0058453138917684555, 0.017175612971186638, -0.01224446389824152, -0.011310282163321972, -0.012965119443833828, 0.009408553130924702, -0.0040603578090667725, -0.021806489676237106, 0.01186411827802658, 0.011497118510305882, -0.05271458625793457, -0.001495526172220707, -0.012464664876461029, 0.0064391870982944965, -0.010496208444237709, -0.026530785486102104, -0.025916893035173416, -0.03600606694817543, 0.007420078851282597, -0.031041551381349564, 0.012764937244355679, -0.01199757307767868, 0.004877767525613308, -0.026797693222761154, 0.02443554624915123, 0.01193084567785263, -0.010522899217903614, 0.007353351451456547, -0.0032579617109149694, -0.016948740929365158, 0.023114345967769623, -0.027144676074385643, -0.021072490140795708, -0.018670305609703064, -0.023434637114405632, 0.0017198967980220914, 0.026490747928619385, 0.002789202146232128, -0.016962086781859398, -0.003656657412648201, 0.010963299311697483, 0.001225280575454235, -0.006385805085301399, 0.012858355417847633, -0.027024567127227783, 0.025089474394917488, -0.018777068704366684, -0.0067060962319374084, 0.026637548580765724, -0.011537154205143452, -0.019124051555991173, -0.007593569811433554, -0.014546557329595089, -0.006392478011548519, -0.013432210311293602, 0.013852592557668686, -0.012985137291252613, 0.0001953859464265406, -0.01195086445659399, -0.01588110439479351, -0.022166818380355835, 0.02460903860628605, -0.01984470710158348, 0.010009098798036575, 0.0016439944738522172, -0.03331028297543526, 0.01415953878313303, 0.023221109062433243, 0.014960266649723053, -0.0018316650530323386, -0.022527145221829414, 0.0011326964013278484, -0.04099727049469948, 0.03928904980421066, 0.008487716317176819, -0.00822747964411974, 0.04409341886639595, -0.005241431295871735, -0.0329899899661541, 0.009121625684201717, -0.017896268516778946, 0.01622808538377285, 0.016948740929365158, 0.013258719816803932, -0.001916742417961359, -0.03629966452717781, -0.034911736845970154, -0.0031912343110889196, 0.013579010963439941, 0.006135577801615, -0.02491598390042782, -0.008894752711057663, 0.02057870663702488, -0.029333332553505898, 0.027184711769223213, -0.02826569601893425, -0.02434212900698185, 0.014760084450244904, 0.011130117811262608, -0.002123597078025341, 0.000524226576089859, -0.006395814009010792, 0.006295723374933004, 0.004727630876004696, 0.00016671406046953052, -0.03320351615548134, -0.019457688555121422, 0.004724294878542423, -0.009642099030315876, 0.017962995916604996, 0.021152561530470848, 0.03323020786046982, 0.00019715839880518615, 0.0009383530123159289, 0.00803397037088871, -0.0038134667556732893, -0.00606217747554183, -0.01634819433093071, 0.010789808817207813, -0.02490263804793358, -0.011837427504360676, 0.0407036691904068, 0.009088261984288692, -0.019551105797290802, 0.0033296935725957155, 0.00802729744464159, 0.0413709431886673, -0.003516530152410269, 0.006515923421829939, -0.009034879505634308, -0.02073885314166546, -0.0072999694384634495, -0.0027408248279243708, 0.0016122990055009723, 0.007606915198266506, -0.03253624588251114, -0.02089899778366089, 0.004787685815244913, 0.011397027410566807, 0.004484076518565416, -0.005101304035633802, 0.019057324156165123, -0.034377917647361755, 0.03723384812474251, -0.008667879737913609, 0.05765241011977196, 0.014826811850070953, 0.002468910999596119, -0.02084561623632908, -0.0202183797955513, 0.01231786422431469, 0.013879284262657166, 0.03210918977856636, 0.02430209144949913, -0.027705185115337372, -0.01610797643661499, -0.012237791903316975, -0.01604124903678894, 0.00195844704285264, -0.0010509553831070662, -0.03331028297543526, -0.00521807698532939, -0.01004913542419672, 0.005508340895175934, -0.02799878641963005, 0.007553533185273409, 0.01214437372982502, 0.01673521287739277, 0.02452896535396576, -0.0021035789977759123, -0.008260843344032764, 0.01582772098481655, -0.015107066370546818, 0.04062359780073166, 0.003760084742680192, 0.011583863757550716, 0.004220503382384777, 0.011964209377765656, -0.009335152804851532, -0.0032963298726826906, -0.010442826896905899, 0.014813465997576714, 0.014319684356451035, 0.022193508222699165, -0.00520806759595871, -0.0018199877813458443, 0.03237609937787056, 0.013632392510771751, -0.0040336670354008675, -0.03768759220838547, 0.05271458625793457, -0.0006301561952568591, 0.011850773356854916, 0.007800424471497536, -0.008661206811666489, -0.02362147346138954, -0.0031411887612193823, 0.0006664391839876771, -0.015414012596011162, 0.01592114008963108, -0.008707916364073753, -0.0203518345952034, 0.034724898636341095, -0.012958446517586708, 0.03747406601905823, -0.006592659745365381, -0.005004549399018288, 0.015534121543169022, 0.019124051555991173, -0.00828086119145155, 0.0004987867432646453, -0.0071198055520653725, -0.0030177433509379625, 0.006355777848511934, -0.009154989384114742, 0.022006671875715256, -0.015414012596011162, -0.009255080483853817, -0.00417713075876236, 0.015187139622867107, 0.01665514148771763, -0.03621959313750267, -0.02057870663702488, 0.022607218474149704, -0.003656657412648201, 0.018456777557730675, -0.004707613028585911, -0.013705792836844921, -0.00992902647703886, -0.00796724297106266, -0.007933879271149635, -0.027358204126358032, 0.01569426618516445, -0.018737033009529114, 0.0008833030005916953, 0.0060488320887088776, -0.026797693222761154, 0.00021832347556483, -0.005568395368754864, 0.006015468388795853, -0.03170882537961006, -0.022380344569683075, 0.006752805318683386, -0.00984895322471857, 0.03742068260908127, 0.01181073673069477, -0.00404367595911026, -0.00195844704285264, 0.00587867759168148, -0.021139217540621758, 0.004424021579325199, 0.02885289490222931, 0.014252956956624985, -0.018616924062371254, -0.018670305609703064, -0.008507734164595604, -0.008667879737913609, -0.018096450716257095, -0.012424628250300884, 0.0037133756559342146, -0.004924476612359285, -0.0022136790212243795, 0.021179253235459328, -0.022553836926817894, -0.014052774757146835, 0.011650591157376766, 0.01439975667744875, 0.011316954158246517, -0.010449498891830444, 0.00034969288390129805, 0.016948740929365158, 0.006342432461678982, -0.0002721223863773048, 0.007333333138376474, -0.0316554419696331, 0.011116772890090942, 0.008934789337217808, -0.02084561623632908, 0.0009875644464045763, -0.03747406601905823, -0.0022370335645973682, 0.005968759302049875, 0.018283287063241005, -0.0017932968912646174, -0.025916893035173416, -0.034484680742025375, -0.009935698471963406, -0.010943281464278698, 0.00104178034234792, -0.0031161662191152573, 0.010336062870919704, 0.018790414556860924, -0.0033997572027146816, 0.0165617223829031, 0.02834576740860939, -0.00992235355079174, -0.004944494925439358, -0.014893539249897003, 0.00703973276540637, -0.03344373404979706, -0.013412192463874817, 0.023541400209069252, 0.02423536404967308, 0.00800727866590023, -0.02455565519630909, -0.030427660793066025, 0.017282377928495407, -0.03744737431406975, 0.012751592323184013, 0.003251289017498493, 0.021446162834763527, 0.008908097632229328, 0.029253259301185608, -0.003720048349350691, 0.015067029744386673, -0.009535335004329681, 0.004016985185444355, -0.021005762740969658, 0.01435972098261118, 0.01389262918382883, 0.002193660940974951, -0.011917500756680965, -0.013312101364135742, -0.06267030537128448, -0.002762511372566223, 0.03237609937787056, -0.0286660585552454, 0.005034576635807753, 0.04334606975317001, 0.006142250262200832, -0.005705186165869236, -0.0030060659628361464, -0.0027258112095296383, -0.004300576169043779, 0.009602062404155731, 0.03960933908820152, -0.05148680508136749, 0.004764331039041281, -0.0013445556396618485, 0.021045798435807228, 0.012571427971124649, 0.014746738597750664, 0.01201091893017292, 0.005658477079123259, 0.027545040473341942, 0.0038601758424192667, -0.005054594948887825, -0.017282377928495407, -0.005892022978514433, 0.02911980450153351, 0.017616014927625656, 0.011230208911001682, 0.02045859768986702, 0.009488625451922417, 0.001741583226248622, -0.0026991204358637333, 0.026330603286623955, -0.0237415824085474, 0.006946314591914415, 0.017442522570490837, -0.02383500151336193, -0.0029076433274894953, -0.042892325669527054, -0.0026674249675124884, 0.01453321147710085, -0.01646830327808857, 0.003206247929483652, -0.00783378817141056, -0.022220199927687645, 0.022660600021481514, 0.0038902030792087317, -0.03589930012822151, -0.022286927327513695, 0.01636154018342495, -0.030347587540745735, -0.012277827598154545, -0.012558083049952984, 0.021579617634415627, -0.003900212235748768, -0.0013845920329913497, 0.015053684823215008, -0.04387988895177841, -0.010516226291656494, 0.013759174384176731, -0.01636154018342495, -0.003659993875771761, -0.010849863290786743, 0.17594660818576813, -0.0044173491187393665, 0.01674855872988701, 0.015333939343690872, -0.006088868714869022, -0.015520775690674782, 0.014186229556798935, 0.0017232331447303295, -0.001150212250649929, 0.01653503067791462, 0.026864420622587204, -0.017442522570490837, -0.04492083564400673, 0.00593873206526041, 0.008441006764769554, -0.008314224891364574, -0.03928904980421066, -0.022380344569683075, -0.011630573309957981, 0.021939944475889206, 0.012925082817673683, -0.01648164913058281, -0.008814679458737373, 0.004607521928846836, 0.014186229556798935, 0.006959659978747368, -0.00783378817141056, 0.01568092219531536, 0.017922960221767426, 0.022820744663476944, -0.0054582953453063965, -0.01596117578446865, -0.002403851831331849, 0.018830452114343643, -0.015467394143342972, -0.006932969205081463, 0.03221595287322998, -0.037767667323350906, 0.000217906417674385, 0.019511070102453232, -0.012284500524401665, -0.004510767292231321, 0.0009667121339589357, -0.006872914731502533, -0.02762511372566223, -0.017015468329191208, -0.03130846098065376, 0.005268122535198927, -0.035018499940633774, 0.01597452163696289, -0.023661509156227112, -0.0034664846025407314, 0.011777373030781746, 0.019217470660805702, -0.0015497421845793724, -0.003136184299364686, 0.018016377463936806, -0.006349104922264814, 0.03248286247253418, -0.01042280811816454, -0.01654837653040886, 0.014439793303608894, -0.02877282351255417, 0.010669699870049953, -0.011984228156507015, 0.0017966332379728556, -0.02443554624915123, -0.021219288930296898, -0.002056869911029935, 0.011330300010740757, -0.008167424239218235, -0.006939642131328583, -0.015427357517182827, 0.009882316924631596, -0.010663026943802834, -0.009408553130924702, 0.00349317560903728, 0.01676190458238125, 0.012804973870515823, -0.011236881837248802, -0.013225356116890907, -0.003231270704418421, -0.011497118510305882, 0.03744737431406975, -0.010789808817207813, 0.00490112230181694, 0.021713072434067726, -0.0016264786245301366, 0.022660600021481514, -0.021953290328383446, -0.0003943167976103723, -0.004297239705920219, 0.01188413705676794, 0.005811950191855431, -0.0052747949957847595, 0.0023521382827311754, -0.026690930128097534, 0.011623900383710861, -0.019497724249958992, 0.03162875398993492, -0.030534423887729645, 0.037660904228687286, 0.011330300010740757, -0.0024205336812883615, -0.018563542515039444, -0.026891112327575684, 0.0018983924528583884, 0.015280557796359062, 0.012558083049952984, -0.02861267700791359, -0.009094934910535812, -0.02394176460802555, -0.015387321822345257, -0.002760843141004443, 0.022273581475019455, 0.001600621733814478, -0.02053867094218731, -0.023287836462259293, 0.02443554624915123, -0.02448892779648304, 0.008968153037130833, -0.04105065017938614, 0.0056918407790362835, 0.0014062783448025584, 0.003229602472856641, -0.034351225942373276, -0.02358143776655197, 0.006038823164999485, 0.011477099731564522, -0.03963603079319, 0.013665756210684776, 0.012638155370950699, 0.02072550728917122, -0.013999393209815025, 0.01585441268980503, 0.005658477079123259, -0.004827721975743771, -0.013625719584524632, -0.010015771724283695, 0.0019350924994796515, -0.01606794074177742, -0.009542007930576801, 0.017309067770838737, -0.007653624285012484, 0.019124051555991173, -0.009041552431881428, -0.004851076751947403, 0.015067029744386673, -0.012971792370080948, -0.022780708968639374, -0.008694570511579514, -0.030134059488773346, -0.0011919168755412102, -0.015227176249027252, 0.0038168029859662056, 0.012591446749866009, -0.022447071969509125, -0.04716287553310394, 0.00029380875639617443, 0.01566757634282112, -0.03587261214852333, -0.02426205575466156, 0.03587261214852333, -0.026237184181809425, -0.021286016330122948, -0.006796177942305803, -0.16793933510780334, 0.04561480134725571, 0.026117075234651566, -0.00042580373701639473, 0.007707006298005581, 0.013558992184698582, 0.011703972704708576, -0.004157112445682287, -0.03216256946325302, 0.004547467455267906, 0.029600242152810097, -0.026263875886797905, -0.015467394143342972, -0.002657415810972452, -0.006112223025411367, -0.01395935658365488, 0.002477251924574375, 0.013478919863700867, 0.013232029043138027, 0.019818015396595, -0.0018550197128206491, -0.012905064970254898, 0.011904154904186726, 0.0058453138917684555, -0.015387321822345257, 0.010909917764365673, -0.004153775982558727, 0.019818015396595, -0.00729329651221633, -0.0200849249958992, -0.010696390643715858, -0.018576888367533684, 0.031228387728333473, -0.0007965574623085558, -0.01568092219531536, -0.013365483842790127, -0.01620139554142952, -0.010816499590873718, -0.0004854412982240319, 0.015093721449375153, 0.01996481604874134, 0.017495904117822647, -0.012164391577243805, -0.017095541581511497, -0.0050212312489748, 0.03589930012822151, 0.011190172284841537, -0.011023354716598988, 0.01674855872988701, -0.023274490609765053, 0.002607370261102915, -0.025156201794743538, -0.008254170417785645, 0.002480588387697935, -0.006872914731502533, -0.009148316457867622, -0.007253260351717472, 0.0022553836461156607, 0.00703973276540637, -0.03216256946325302, -0.004667576402425766, -0.0014346374664455652, 0.010943281464278698, -0.018696997314691544, -0.022340308874845505, -0.03894206881523132, 0.014800121076405048, 0.03162875398993492, -0.012664846144616604, 0.008647861890494823, 0.0006493402761407197, -0.0010217621456831694, 0.011490445584058762, -0.04812374711036682, 0.013599028810858727, 0.0014488170854747295, -0.005254777148365974, 0.011377008631825447, 0.01439975667744875, -0.01426630187779665, -0.0016314830863848329, 0.04879102110862732, -0.004343948792666197, 0.0329899899661541, -0.012571427971124649, 0.014639975503087044, -0.03197573497891426, 0.017228996381163597, -0.003970276098698378, -0.008754624985158443, 0.005201395135372877, -0.02874613180756569, -0.004824385512620211, -0.029813768342137337, 0.011683954857289791, 0.02789202146232128, -0.007199878338724375, 0.001224446459673345, -0.0040336670354008675, 0.0034698210656642914, 0.021019108593463898, -0.008260843344032764, -0.05359538644552231, 0.021913254633545876, 0.01439975667744875, 0.02494267374277115, -0.02068547159433365, 0.013252046890556812, 0.01993812434375286, 0.013492265716195107, 0.003374734427779913, 0.003419775515794754, 0.02087230794131756, 0.03323020786046982, -0.006239004898816347, 0.026637548580765724, -0.034618135541677475, -0.018189869821071625, -0.003379739122465253, -0.017282377928495407, -0.006926296278834343, 0.025196237489581108, -0.015053684823215008, -0.0018383378628641367, -0.00029130649636499584, -0.014066120609641075, -0.09176342189311981, -0.00599545007571578, 0.01664179563522339, 0.022660600021481514, -0.003139520762488246, 0.0021302697714418173, 0.008561115711927414, 0.003629966638982296, -0.006746132858097553, 0.008254170417785645, -0.004013648722320795, -0.022527145221829414, -0.006422505248337984, -0.014519866555929184, 0.04008977860212326, -0.0028292385395616293, -0.0028726113960146904, -0.02439551055431366, -0.05258113145828247, -0.00028505080263130367, -0.02850591391324997, -0.007420078851282597, -0.010969972237944603, -0.008767970837652683, -0.011090081185102463, -0.023528054356575012, -0.02786533161997795, 0.012151045724749565, 0.03955595940351486, 0.011610554531216621, -0.02024507150053978, -0.015227176249027252, 0.012471336871385574, 0.0020034878980368376, -0.01568092219531536, -0.011637245304882526, -0.017629358917474747, -0.042118288576602936, 0.0285326037555933, -0.017736123874783516, -0.014706702902913094, 0.005761904641985893, 0.0032612979412078857, -0.02043190784752369, -0.0030244160443544388, -0.02911980450153351, 0.005201395135372877, 0.03784773871302605, -0.017909614369273186, -0.007927206344902515, 0.01245131902396679, 0.006155595649033785, 0.012698209844529629, -0.023234454914927483, 0.021486198529601097, -0.006589323282241821, -0.01564088463783264, 0.008260843344032764, -0.01633484847843647, 0.010989991016685963, -0.006792841944843531, 0.022313617169857025, -0.01989808864891529, 0.03624628484249115, 0.029279951006174088, -0.001911737839691341, -0.012538064271211624, 0.005434940569102764, 0.010396117344498634, -0.03613951802253723, 0.018977250903844833, 0.022633908316493034, -0.015440703369677067, -0.0005392401944845915, -0.006712769158184528, -0.003277979791164398, -0.021366089582443237, -0.021873217076063156, 0.0007702835719101131, -0.005671822931617498, -0.030721260234713554, -0.00840764306485653, 0.026730967685580254, -0.018483469262719154, -0.003696693805977702, 0.01632150448858738, 0.004424021579325199, -0.013812556862831116, 0.03533879294991493, -0.05236760526895523, 0.006372459698468447, 0.03557901084423065, 0.05140673369169235, -0.017682740464806557, -0.02016499824821949, 0.023528054356575012, -0.006906278431415558, -0.01012253575026989, -0.029466787353157997, 0.02016499824821949, -0.050365786999464035, -0.018376706168055534, -0.0706242024898529, 0.04884440079331398, 0.009528662078082561, -0.02358143776655197, 4.0766226447885856e-05, -0.00828086119145155, 0.010763118043541908, -0.008874733932316303, 0.004183803219348192, 0.009168334305286407, -0.018763724714517593, 0.027358204126358032, -0.013785865157842636, -0.0020435242913663387, -0.014453139156103134, -0.011303609237074852, 0.0048577492125332355, 0.01042948104441166, 0.021632999181747437, 0.01012253575026989, -0.018390050157904625, -0.02488929219543934, -0.009068243205547333, -0.011550500057637691, -0.04940491169691086, 0.022060053423047066, -0.038194719702005386, 0.00984895322471857, -0.01010251697152853, -0.01633484847843647, 0.006038823164999485, -0.00605884101241827, -0.010969972237944603, 0.050072185695171356, 0.010829845443367958, -0.03715377673506737, 0.0007694494561292231, 0.004157112445682287, 0.02057870663702488, -0.034191083163022995, 0.01024264469742775, -0.025249620899558067, 0.0012161055346950889, 0.00047584925778210163, 0.013659083284437656, 0.005121322348713875, -0.01644161343574524, 0.022433726117014885, 0.02807885967195034, 0.011236881837248802, 0.0029727022629231215, 0.017082195729017258, 0.010282681323587894, -0.02096572518348694, -0.0166951771825552, -0.010696390643715858, -0.0144664840772748, -0.014746738597750664, 0.0011268577072769403, -0.007319987751543522, 0.0289329681545496, 0.0007093948661349714, 0.011023354716598988, -0.004984531085938215, 0.021406125277280807, 0.026410676538944244, -0.015333939343690872, -0.01403942983597517, 0.01434637513011694, -0.0019717924296855927, 0.0040570213459432125, -8.643273758934811e-05, -0.007340006064623594, 0.003946921322494745, 0.0003453139215707779, -0.01693539507687092, 0.006399150472134352, 0.008307551965117455, -0.034991808235645294, 0.01581437699496746, 0.03224264457821846, 0.01565423049032688, -0.013445556163787842, 0.011830754578113556, 0.02874613180756569, -0.010809826664626598, -0.007446769624948502, 0.012111010029911995, 0.018750378862023354, -0.003953594248741865, 0.0011535485973581672, 0.050792839378118515, -0.009868971072137356, 0.017749467864632607, 0.007206551264971495, 0.0048343949019908905, -0.004414012655615807, -0.034484680742025375, -6.964664498809725e-05, 0.007620260585099459, -0.017482560127973557, -0.013532301411032677, 0.015427357517182827, -0.034164391458034515, -0.009114952757954597, 0.02051197923719883, -0.022340308874845505, -0.023234454914927483, -0.03605944663286209, 0.014986957423388958, 0.0031411887612193823, -0.01570761203765869, 0.018109796568751335, 0.029333332553505898, 0.01018259022384882, 0.02455565519630909, -0.017322413623332977, 0.0030127386562526226, -0.027331512421369553, 0.0756954774260521, -0.017202304676175117, 0.004774339962750673, -0.010929935611784458, 0.011857446283102036, 0.029466787353157997, -0.0052481042221188545, -0.003966939635574818, -0.0006105550564825535, 0.002679102122783661, -0.01564088463783264, -0.0020151652861386538, -0.04468061774969101, -0.017415832728147507, -0.018243251368403435, -0.018603578209877014, 0.010989991016685963, -0.0016156353522092104, 0.01608128473162651, 0.03603275492787361, 0.08882741630077362, 0.054102517664432526, -0.008841370232403278, 0.01193751860409975, -0.01415953878313303, 0.03290991857647896, 0.0010009098332375288, -0.010556262917816639, 0.018483469262719154, -0.03589930012822151, -0.030347587540745735, 0.005888686515390873, -0.012671519070863724, -0.025289656594395638, -0.0143330292776227, -0.009074916131794453, -0.005918713752180338, 0.033897481858730316, -0.029413405805826187, -0.009728844277560711, 0.005498331505805254, -0.01644161343574524, 0.018496815115213394, 0.031228387728333473, -0.018376706168055534, -0.011717318557202816, 0.0032329389359802008, -0.009034879505634308, -0.017549287527799606, -0.04404003545641899, -0.003519866382703185, 0.00788049679249525, -0.02871944196522236, -0.02047194354236126, 0.039235666394233704, 0.0009175007580779493, -0.008134061470627785, -0.006245677825063467, 0.018923869356513023, -0.003244616324082017, 0.008721261285245419, 0.034191083163022995, 0.001119350898079574, 0.007246587425470352, -0.017335759475827217, -0.002644070191308856, -0.026410676538944244, -0.013058537617325783, -0.013358810916543007], 'ai_metadata': {'tags': ['construction', 'document'], 'document_type': 'unknown', 'topics': ['ACME_Steel_Beams_Catalog.txt'], 'supplier_mentions': [], 'categories': ['general'], 'summary': '```json\n{\n  "tags": [\n    "AS/NZS 3679.1", \n    "Grade 300", \n    "Universal Beams", \n    "Corrosion Protection", \n    "Hot-dip galvanized", \n    "Fire Rating"\n  ],\n  "document_type": "specification",'}, 'tags': ['steel', 'beams', 'supplier', 'structural'], 'knowledge_bank_type': 'personal', 'upload_timestamp': '2025-08-12T07:38:05.841000', 'status': 'active', 'view_count': 0, 'reference_count': 5, 'storage_path': 'personal_knowledge_bank/demo_user_auto_token/f41f1e30-eb07-4e6e-89e5-276921ac131c/ACME_Steel_Beams_Catalog.txt', 'file_data': 'CiAgICAgICAgICAgIEFDTUUgQ29uc3RydWN0aW9uIE1hdGVyaWFscyAtIFN0ZWVsIEJlYW0gU3BlY2lmaWNhdGlvbnMKICAgICAgICAgICAgCiAgICAgICAgICAgIFByb2R1Y3Q6IFVuaXZlcnNhbCBCZWFtcyAoVUIpIC0gR3JhZGUgMzAwCiAgICAgICAgICAgIFN0YW5kYXJkcyBDb21wbGlhbmNlOiBBUy9OWlMgMzY3OS4xCiAgICAgICAgICAgIAogICAgICAgICAgICBBdmFpbGFibGUgU2l6ZXM6CiAgICAgICAgICAgIC0gMzEwVUI0MC40OiAzMTBtbSBkZWVwLCAxNjVtbSB3aWRlCiAgICAgICAgICAgIC0gMzYwVUI0NC43OiAzNjBtbSBkZWVwLCAxNzBtbSB3aWRlCiAgICAgICAgICAgIC0gNDEwVUI1My43OiA0MTBtbSBkZWVwLCAxNzhtbSB3aWRlCiAgICAgICAgICAgIAogICAgICAgICAgICBGaXJlIFJhdGluZzogVXAgdG8gNCBob3VycyB3aXRoIGFwcHJvcHJpYXRlIHByb3RlY3Rpb24KICAgICAgICAgICAgQ29ycm9zaW9uIFByb3RlY3Rpb246IEhvdC1kaXAgZ2FsdmFuaXplZCBhdmFpbGFibGUKICAgICAgICAgICAgCiAgICAgICAgICAgIENvbnRhY3Q6IHNhbGVzQGFjbWUtc3RlZWwuY29tLmF1CiAgICAgICAgICAgIEFCTjogMTIgMzQ1IDY3OCA5MDEKICAgICAgICAgICAg'}, 'similarity_score': 0.7699685640331535, 'source': 'Personal Knowledge Bank', 'privacy': 'Private to your account'}, {'type': 'personal_document', 'document': {'_id': '689afee8d2f76a65144ba744', 'document_id': 'af288c46-fdc3-47c4-bf23-ba634f3df438', 'user_id': 'demo_user_auto_token', 'filename': 'fire_safety_test.txt', 'original_size': 270, 'content_type': 'text/plain', 'file_hash': '5189fca3e817d140dd19e57d4e70a89171ab5e36b4f17e51f8b492849f6f6f7a', 'extracted_text': '\n        Fire Safety Requirements for High-Rise Buildings in Australia\n        \n        Key Standards:\n        - AS 1851: Maintenance of fire protection systems\n        - AS 2118: Automatic fire sprinkler systems\n        - NCC Volume One: Fire safety provisions\n        ', 'embedding': [-0.005112096667289734, 0.001992238452658057, -0.008514681831002235, -0.02964029833674431, 0.021526694297790527, 0.016687462106347084, 0.0029472634196281433, -0.012900236994028091, -0.013649791479110718, -0.01495165005326271, -0.01245313324034214, 0.002173052169382572, -0.005615087691694498, 0.018160272389650345, 0.011782479472458363, 0.00632847985252738, 0.026273876428604126, -0.01088169775903225, 0.004122552461922169, -0.010381994768977165, -0.015306702814996243, 0.02512981928884983, -0.009297112002968788, -0.0015336290234699845, 0.0016758143901824951, 0.007830877788364887, 0.0005313457804732025, -0.03837195783853531, 0.010875122621655464, -0.006657232064753771, 0.01952788047492504, -0.007653351407498121, 0.0036491495557129383, -0.013965393416583538, -0.010309669189155102, -0.00808072928339243, -0.027720386162400246, -0.016043107956647873, 0.025813622400164604, -0.00883028469979763, 0.021908046677708626, -0.003948314115405083, 0.010289943777024746, -0.004868820309638977, -0.00710762245580554, 0.015333002433180809, 0.02034318633377552, -0.0024146849755197763, -0.02777298539876938, 0.0075744506902992725, -0.01070417184382677, 1.942976814461872e-05, -0.030981607735157013, -0.024196162819862366, -0.011276200413703918, -0.007041872013360262, -0.02140834368765354, 0.012630660086870193, -0.0050233337096869946, -0.03700434789061546, -0.006121366284787655, 0.00850810669362545, -0.04620940983295441, 0.025879373773932457, 0.02155299484729767, -0.015017400495707989, -0.012735860422253609, 0.0007774989935569465, -0.03795115277171135, -0.02782558649778366, 0.04144907742738724, 0.026234425604343414, 0.009185336530208588, -0.012361083179712296, 0.016726912930607796, -0.0008424275438301265, 0.008587007410824299, 0.003938451409339905, -0.014820149168372154, -0.023183604702353477, 0.0008473588386550546, -0.01597735658288002, 0.004845807328820229, 0.025655822828412056, 0.013662941753864288, 0.025024617090821266, -0.0033466974273324013, 0.011440576985478401, 0.0263527762144804, -0.005536186974495649, 0.008961785584688187, 0.0062167043797671795, 0.01326843909919262, 0.009941467083990574, 0.0005235378630459309, 0.007120772730559111, 0.0020333323627710342, 0.01846272312104702, 0.0076599265448749065, -0.02572157233953476, 0.0033286160323768854, -0.017358116805553436, -0.022710202261805534, 0.0031527336686849594, 0.004214603453874588, -0.001990594668313861, 0.02864089235663414, 0.0043691168539226055, -0.005670975428074598, -0.011105249635875225, -0.016345560550689697, 0.02072453871369362, -0.004171865526586771, -0.03979216516017914, 0.03316452354192734, -0.029377296566963196, 0.009520663879811764, 0.004020639695227146, -0.010138718411326408, -0.017055664211511612, 0.006144378799945116, 0.01600365713238716, 0.01784466952085495, 0.021697646006941795, 0.007396924775093794, 0.0031494460999965668, -0.012492584064602852, -0.01783151924610138, -0.02036948688328266, -0.025563770905137062, 0.0014119907282292843, -0.01264380943030119, 0.020093334838747978, -0.00596685241907835, -0.021631894633173943, 0.01951473020017147, -0.008245104923844337, 0.013952243141829967, -0.04920763149857521, -0.02987699955701828, -0.0027401496190577745, 0.024577515199780464, -0.03258591890335083, 0.012223007157444954, 0.016095707193017006, -0.007383774500340223, 0.00029176758835092187, 0.002534679602831602, -0.0027598747983574867, -0.0029949326999485493, -0.011789053678512573, -0.009086711332201958, -0.01826547272503376, 0.00182786223012954, -0.009159036912024021, 0.01822602190077305, -0.019869783893227577, -0.002588923554867506, -0.011572077870368958, -0.03739885240793228, 0.013491990976035595, -0.005463861860334873, 0.01890982687473297, -0.003889138577505946, -0.0023916722275316715, -0.004490755032747984, -0.002626730129122734, -0.013051462359726429, -0.006897221319377422, 0.005398111417889595, 0.015306702814996243, 0.006976121570914984, -0.026392227038741112, 0.006463268306106329, 0.02674727886915207, 0.02658947929739952, 0.009974341839551926, 0.008310855366289616, 0.004766907077282667, -0.0031395836267620325, -0.004457879811525345, 0.017910420894622803, 0.03547893837094307, 0.028325289487838745, -0.03340122476220131, -0.009126161225140095, 0.019356930628418922, 0.029140595346689224, -0.004132415167987347, -0.010829097591340542, -0.005296198185533285, 0.01161810290068388, -0.0045860931277275085, -0.029140595346689224, -0.619842529296875, -0.021434644237160683, -0.0022733216173946857, -0.029508797451853752, -0.007817727513611317, 0.022499801591038704, 0.03440063074231148, 0.01309091318398714, -0.0008942059939727187, 0.005559199955314398, -0.004043652210384607, 0.023775359615683556, -0.009205061942338943, 0.0037938004825264215, -0.012867361307144165, -0.008705358020961285, -0.01766056939959526, -0.02181599661707878, 0.026234425604343414, 0.01574065536260605, -0.013051462359726429, 0.033111922442913055, -0.02653687819838524, -0.026457978412508965, 0.0008654401754029095, -0.005749876145273447, -0.009329987689852715, -0.036609847098588943, 0.002510023070499301, 0.016687462106347084, -0.03852975741028786, 0.015714354813098907, 0.026471126824617386, 0.009606139734387398, 0.034321729093790054, -0.025024617090821266, -0.019251728430390358, 0.02676042914390564, 0.04528890550136566, 0.02363070845603943, -0.010914573445916176, 0.00012728874571621418, 0.023617558181285858, 0.004283641465008259, 0.014491396956145763, 0.007048447150737047, 0.05233735218644142, -0.010809372179210186, 0.028956493362784386, -0.029429897665977478, 0.009836265817284584, 0.007390349637717009, -0.006246292032301426, -0.0030228765681385994, 0.013505140319466591, -0.015096301212906837, 0.027509985491633415, 0.015845855697989464, -0.014583447948098183, 0.004918132908642292, -0.015319853089749813, 0.0035242235753685236, -0.004086390137672424, -0.021894896402955055, -0.027089182287454605, 0.02135574258863926, 0.012538609094917774, 0.01743701659142971, 0.010368844494223595, -0.028325289487838745, -0.01152605190873146, 0.018396973609924316, -0.007436374668031931, -0.005184422247111797, 0.0063909427262842655, 0.01662171073257923, 0.01746331714093685, -0.00513182207942009, 0.009001235477626324, 0.012065205723047256, 0.0070550222881138325, 0.001173645374365151, -0.017581667751073837, -0.012841060757637024, 0.010769922286272049, -0.01760796830058098, -0.014491396956145763, -0.01389964297413826, 0.020027583464980125, 0.009836265817284584, 0.033296022564172745, 0.0018295060144737363, 0.0009821471758186817, -0.007982103154063225, -0.006035890430212021, 0.011341950856149197, -0.013925943523645401, -0.007936078123748302, 0.0009024247992783785, -0.010217618197202682, -0.008922334760427475, -0.0035570987965911627, -0.04789262264966965, -0.011171000078320503, 0.0032595780212432146, -0.01399169396609068, 0.005355373490601778, 0.011690428480505943, 0.037346251308918, -0.0028930194675922394, 0.012610934674739838, -0.01766056939959526, -0.02531391941010952, -0.011230175383388996, 0.011624678038060665, -0.03461103141307831, 0.015530253760516644, 0.007114197593182325, 0.01683211326599121, 0.015017400495707989, 0.009277387522161007, -0.010756772011518478, 0.04444729909300804, -0.018673125654459, 0.010454320348799229, 0.04087047278881073, 0.006466555874794722, -0.014557147398591042, 0.008823709562420845, -0.013544591143727303, -0.00027532997773960233, -0.004589380696415901, 0.03505813702940941, -0.004300078842788935, 0.016700612381100655, -0.013794442638754845, -0.015661755576729774, -0.013209263794124126, 0.02327565662562847, -0.026208125054836273, -0.029324697330594063, -0.01989608258008957, 0.011019773781299591, -0.017331816256046295, -0.038082655519247055, -0.004803069867193699, -0.01203890610486269, 0.023827960714697838, -0.023972610011696815, 0.018804626539349556, -0.029166895896196365, -0.012702985666692257, -0.02493256703019142, 0.016043107956647873, -0.021066442131996155, 0.00349792349152267, 0.016753211617469788, -0.009066985920071602, 0.004247478675097227, -0.005335648078471422, 0.011512902565300465, 0.004280353896319866, -0.04294818639755249, 0.0005872336332686245, 0.001990594668313861, 0.008153054863214493, 0.027089182287454605, 0.0035899740178138018, -0.002362084574997425, -0.04257998615503311, 0.0027779561933130026, -0.019646231085062027, 0.0024902978911995888, 0.018015621230006218, 0.003210265189409256, 0.011348525993525982, -0.016911013051867485, -0.003701749723404646, 0.0035044983960688114, -0.007738826796412468, 0.008199079893529415, 0.007094472646713257, -0.023170456290245056, 0.009047260507941246, 0.003109995974227786, 0.010973748750984669, 0.030350403860211372, -0.011190725490450859, -0.011499752290546894, 0.021289993077516556, -0.022131597623229027, 0.008231955580413342, 0.018002470955252647, 0.020408937707543373, -0.013860193081200123, 0.012959412299096584, 0.024143561720848083, -0.015306702814996243, -0.0018393686041235924, 0.018304923549294472, 0.014806998893618584, -0.03461103141307831, 0.03300672024488449, -0.00016273233632091433, 0.030666004866361618, 0.012157256714999676, 0.010303094051778316, -0.006469843443483114, 0.04094937443733215, -0.006644082255661488, 0.003981189336627722, -0.015477653592824936, -0.007850602269172668, -0.018094521015882492, 0.009113010950386524, 0.007955803535878658, -0.007068172562867403, 0.02491941675543785, -0.017778920009732246, 0.0009369438048452139, 0.007811152376234531, -0.005970139987766743, 0.02428821288049221, 0.016687462106347084, -0.023486057296395302, 0.005440848879516125, 0.03158651292324066, 0.024538064375519753, 0.001850874861702323, 0.009908591397106647, -0.04147537797689438, -0.011907405219972134, 0.016148308292031288, -0.0061739664524793625, 0.03074490651488304, 0.005177847109735012, 0.02866719290614128, -0.029771799221634865, -0.0033088908530771732, 0.01203890610486269, 0.04455249756574631, 0.011828504502773285, 0.015319853089749813, -0.00850810669362545, 0.028956493362784386, 0.00477019464597106, 0.022473501041531563, 0.029535098001360893, 0.007817727513611317, 0.017923571169376373, 0.016740063205361366, 0.002260171342641115, -0.005016758572310209, 0.02302580513060093, 0.015175201930105686, 0.00222565233707428, 0.014346745796501637, 0.010493770241737366, 0.02073768898844719, 0.01318953838199377, 0.008994660340249538, -0.01850217394530773, 0.030981607735157013, 0.0002428656880510971, 0.002728643361479044, 0.004076527431607246, -0.0010848823003470898, -0.011335375718772411, 0.01745016686618328, -0.032033614814281464, -0.022881153970956802, 0.0018574499990791082, 0.009862566366791725, -0.010191318579018116, 0.029824400320649147, 0.013104062527418137, 0.00021101781749166548, 0.029798099771142006, 0.003701749723404646, 0.011078949086368084, -0.01026364415884018, -0.01637185923755169, 0.01720031537115574, 0.01183507964015007, -0.00010663899593055248, -0.004168577957898378, -0.010105842724442482, -0.00023423595121130347, -0.022381450980901718, 0.04331639036536217, 0.0011358389165252447, 0.00024656415916979313, -0.014833299443125725, -0.002607004949823022, 0.014057444408535957, -0.003001507604494691, 0.017147714272141457, -0.03589973971247673, -0.010717322118580341, 0.003790512913838029, -0.0058287763968110085, -0.04279038682579994, 0.0015352728078141809, -0.005799188744276762, 0.03653094545006752, -0.0036951748188585043, 0.0005128534394316375, 0.004467742517590523, -0.00891575962305069, 0.009395738132297993, 0.0009763940470293164, -0.005365236196666956, 0.005121959373354912, 0.027246983721852303, 0.017923571169376373, -0.01658226177096367, -0.005299485754221678, -0.026431677863001823, 0.034979235380887985, -0.034137628972530365, 0.002580704865977168, 0.017897270619869232, -0.002069495152682066, 0.008277980610728264, 0.052784454077482224, 0.008462081663310528, 0.01933063007891178, 0.02761518582701683, -0.006857770960777998, -0.0257478728890419, -0.008797409012913704, -0.0165691114962101, 0.013459115289151669, 0.006200266536325216, -0.009658739902079105, 0.00943518802523613, -0.01721346564590931, 0.009251086972653866, 0.00871193315833807, 0.0011958361137658358, 0.008304281160235405, -0.022381450980901718, 0.0008321540080942214, -0.011499752290546894, -2.070111622742843e-05, 0.030613405629992485, 0.03032410331070423, 0.04394759610295296, 0.013505140319466591, -0.03092900663614273, 0.01788412034511566, -0.005220585037022829, 0.005638100206851959, -0.009987492114305496, -0.01026364415884018, 0.03755665197968483, 0.011131549254059792, 0.02840419113636017, 0.007883477956056595, 0.02535337023437023, 0.015635455027222633, 0.013518290594220161, 0.032375518232584, -0.0005588787607848644, 0.05286335572600365, -0.0024524915497750044, 0.019448980689048767, -0.02964029833674431, 0.033506423234939575, -0.0005255925934761763, -0.017397567629814148, 0.039923667907714844, -0.03211251646280289, 0.0007836630684323609, 0.026431677863001823, -0.015280402265489101, -0.010441170074045658, -0.014741248451173306, -0.003675449639558792, -0.013110637664794922, -0.004444730002433062, -0.012624084949493408, 0.010428019799292088, -0.04357939213514328, -0.012834486551582813, -0.01888352632522583, -0.004474317654967308, 0.005404686089605093, -0.01121044997125864, -0.009172186255455017, -0.029745498672127724, 0.0029357571620494127, -0.021723946556448936, 0.02200009673833847, 0.021487243473529816, -0.03158651292324066, -0.020264286547899246, 0.014912200160324574, 0.04739291965961456, 0.011124975048005581, 0.016976764425635338, -0.0026102925185114145, -0.017344966530799866, 0.00798867829144001, 0.008764534257352352, -0.03150761127471924, -0.023959461599588394, -0.01764741912484169, 0.004033789504319429, -0.001164604676887393, 0.0025116668548434973, -0.0074824001640081406, -0.019409529864788055, 0.03266482055187225, 0.01890982687473297, -0.016279809176921844, 0.018567925319075584, 0.007239123340696096, 0.023920010775327682, -0.0026283739134669304, -0.00040436521521769464, 0.022697051987051964, 0.0021829146426171064, -0.012393957935273647, -0.0055624875240027905, 0.0045532179065048695, -0.024406563490629196, -0.02572157233953476, 0.02679987996816635, -0.022065848112106323, 0.01864682510495186, 0.01823917217552662, -0.01948843151330948, -0.013031737878918648, -0.004786632023751736, -0.014583447948098183, 0.00710762245580554, 0.01683211326599121, -0.014504547230899334, 0.012564909644424915, -0.0014769192785024643, 0.0069629717618227005, 0.00024430398480035365, -0.01680581271648407, 0.010940873064100742, -0.02285485342144966, 0.018962427973747253, 0.012019180692732334, -0.034742534160614014, 0.007870327681303024, 0.0034321730490773916, -0.019343780353665352, -0.016674311831593513, 0.0005062784184701741, 0.008974934928119183, 0.013649791479110718, 0.030771207064390182, -0.03340122476220131, -0.03006110154092312, 0.005799188744276762, -0.021079590544104576, -0.009066985920071602, -0.014701798558235168, -0.019593631848692894, -0.021881746128201485, -0.00617067888379097, 0.013373639434576035, 0.017726318910717964, -0.023196754977107048, -0.016963614150881767, 0.004474317654967308, 0.018002470955252647, -0.0013881562044844031, 0.013432814739644527, -0.007936078123748302, -0.008126754313707352, -0.02990330010652542, -0.008560707792639732, -0.01933063007891178, -0.020895490422844887, 0.01463604811578989, -0.02782558649778366, 0.020185384899377823, 0.01141427643597126, 0.020014435052871704, -0.006394230294972658, 0.011841654777526855, 0.013235563412308693, 0.013156663626432419, 0.0069629717618227005, -0.02591882459819317, -0.0005592897068709135, -0.03529483824968338, 0.018765175715088844, 0.03813525661826134, 0.012722710147500038, -0.010250493884086609, -0.01781836897134781, 0.022578701376914978, 0.002018538536503911, -0.006502718664705753, 0.004063377156853676, -0.01890982687473297, -0.019462130963802338, -0.006446830928325653, 0.013860193081200123, 0.02034318633377552, 0.01462289784103632, -0.025248169898986816, -0.004835945088416338, 0.029114294797182083, -0.015109451487660408, -0.010342543944716454, -0.0047734822146594524, -0.0013182963011786342, -0.026720980182290077, 0.015859005972743034, -0.0042343284003436565, 0.03942396491765976, -0.01764741912484169, 0.0015903387684375048, -0.023288806900382042, -0.0016536236507818103, 0.016463911160826683, 0.011407701298594475, 0.011867954395711422, 0.02034318633377552, -0.00965216476470232, -0.004651843570172787, 0.007462675217539072, -0.0034255979117006063, -0.0010133787291124463, 0.016437610611319542, -0.016976764425635338, 0.007607325911521912, -0.032059915363788605, -0.0042343284003436565, -0.01067787129431963, 0.028693491593003273, -0.0010405007051303983, 0.013228989206254482, 0.047813721001148224, -0.01788412034511566, 0.01910707727074623, 0.016253508627414703, -0.005667687859386206, 0.020027583464980125, 0.016963614150881767, 0.007219398394227028, 0.011243325658142567, -0.007995253428816795, -0.017555367201566696, 0.004339529201388359, -0.002975207520648837, -0.0009689971338957548, 0.020895490422844887, 0.007488975301384926, -0.025997724384069443, -0.010165018029510975, -0.0012582991039380431, 0.0301137026399374, -0.007212823256850243, -0.039082061499357224, 0.035584140568971634, 0.025668973103165627, 0.015425053425133228, -0.0054013985209167, 0.010165018029510975, -0.014991100877523422, -0.00839633122086525, 0.012019180692732334, 0.005138396751135588, 0.0006936671561561525, -0.013768142089247704, -0.020290585234761238, 0.016306109726428986, -0.02013278566300869, 0.025458570569753647, 0.026471126824617386, -0.0016897863242775202, 0.017305515706539154, 0.007212823256850243, 0.013005437329411507, -0.00628574239090085, 0.007732251659035683, 0.025050917640328407, 0.003448610659688711, -0.016279809176921844, 0.015714354813098907, 0.0013634997885674238, -0.020619338378310204, -0.009468063712120056, 0.017792070284485817, 0.0259714238345623, -0.029850700870156288, -0.035189636051654816, 0.02493256703019142, -0.006075340788811445, 0.006413955707103014, 0.000890918483491987, -0.01245313324034214, 0.004559793043881655, -0.003991051577031612, -0.017081964761018753, -0.013978543691337109, 0.006864346098154783, -0.02819378860294819, -0.014202095568180084, -0.0002897128870245069, -0.023183604702353477, 0.02511666901409626, 0.007581025827676058, -0.006877496372908354, -0.02369645982980728, -0.029719199985265732, 0.006150953937321901, -0.041817281395196915, -0.0014078812673687935, -0.007028722204267979, 0.01742386631667614, 0.007344324141740799, 0.037241049110889435, -0.031192008405923843, -0.0011251544347032905, -0.020080184563994408, 0.02323620580136776, -0.011295925825834274, 0.008573857136070728, -0.009579839184880257, -0.0048984079621732235, 0.029535098001360893, 0.00731144892051816, -0.026024024933576584, -0.02035633660852909, 0.004865532740950584, 0.016897862777113914, -0.009382587857544422, 0.008692208677530289, 0.022263098508119583, 0.008225380443036556, -0.006344917695969343, -0.02491941675543785, 0.0006838045665062964, 0.045367803424596786, 0.005286335479468107, 0.02135574258863926, 0.04836602509021759, -0.027352184057235718, 0.02512981928884983, -0.0057367258705198765, -0.004714306443929672, -0.02098754048347473, -0.03792485594749451, -0.006683532148599625, 0.010861973278224468, -0.007291723974049091, -0.03795115277171135, -0.03429542854428291, -0.020027583464980125, 0.011151274666190147, 0.0068380460143089294, 0.027115482836961746, 0.008120179176330566, -0.00932341255247593, 0.02222364954650402, 0.027878187596797943, 0.005963564850389957, 0.004743894096463919, -0.028535692021250725, 0.004467742517590523, -0.002631661482155323, 0.00934971310198307, -0.037267349660396576, -0.008126754313707352, 0.013662941753864288, 0.03671504557132721, 0.007719101849943399, -0.015293552540242672, 0.006160816177725792, 0.019541030749678612, -0.05928059667348862, 0.003925301134586334, -0.0486290268599987, 0.019251728430390358, 0.0051153842359781265, 0.03592604026198387, 0.011756178922951221, 0.0027171368710696697, 0.0062167043797671795, -0.0066177817061543465, -0.010309669189155102, -0.00394502654671669, 0.014478246681392193, -0.010526645928621292, 0.00881713442504406, -0.03458473086357117, -0.048471223562955856, -0.006811745930463076, 0.023749059066176414, -0.00018461490981280804, -0.010105842724442482, 0.009277387522161007, -0.011440576985478401, 0.00471101887524128, -0.008744808845221996, 0.00456636818125844, 0.0049904584884643555, 0.0053849611431360245, -0.01007296796888113, -0.0486290268599987, -0.007949228398501873, 0.017134565860033035, 0.01368924230337143, 0.020211685448884964, -0.0167926624417305, 0.021447794511914253, 0.015425053425133228, 0.0006123009952716529, -0.0012813117355108261, -0.0027401496190577745, 0.004267203621566296, -0.005490161944180727, 0.02098754048347473, 0.001480206847190857, 0.01336706429719925, 0.008573857136070728, 0.0011350170243531466, 0.013123787939548492, -0.01868627592921257, 0.014254695735871792, -0.028798693791031837, -0.010605545714497566, 0.012157256714999676, -0.004125840030610561, -0.00012276839697733521, -0.0005025799619033933, -0.007304873783141375, 0.011046074330806732, -0.0082056550309062, -0.009592989459633827, -0.03169171139597893, -0.005118671804666519, 0.030166301876306534, -0.011453727260231972, -0.00596685241907835, -0.014096894301474094, -0.013965393416583538, -0.021723946556448936, 0.011736453510820866, -0.01184822991490364, -0.0005942196003161371, -0.015517104417085648, 0.023315105587244034, 0.017397567629814148, -0.01721346564590931, -0.006499431096017361, -0.0021829146426171064, 0.018133971840143204, -0.012334782630205154, 0.005365236196666956, 0.17968280613422394, 0.012058630585670471, 0.02030373550951481, 0.03069230541586876, -0.0344795323908329, 0.015425053425133228, 0.01338021457195282, 0.012617509812116623, -0.01908077858388424, 0.0074495249427855015, -0.02487996779382229, 0.005569062195718288, -0.022868003696203232, 0.01683211326599121, 0.007278573699295521, -0.004247478675097227, -0.04631461203098297, -0.013419665396213531, -0.02674727886915207, 0.02118479274213314, 0.00018430670024827123, -0.011348525993525982, 0.011493177153170109, -0.011775904335081577, 0.011749603785574436, 0.0025494734290987253, 0.022920602932572365, 0.017963020130991936, 0.030455604195594788, 0.012209856882691383, -0.004388841800391674, -0.014806998893618584, -0.007738826796412468, 0.00746924988925457, -0.0158064067363739, -0.005500024184584618, 0.01908077858388424, -0.01968568190932274, 0.016937313601374626, -0.016858413815498352, -0.003882563440129161, -0.017147714272141457, 0.015885306522250175, -0.02493256703019142, 0.0038727009668946266, -0.0025823486503213644, -0.026392227038741112, 0.016661161556839943, -0.03566303849220276, 0.009882290847599506, -0.05459916591644287, -0.004885257687419653, 0.015096301212906837, 0.013459115289151669, 0.01638500951230526, 0.000466417201096192, 0.021092740818858147, 0.0005790148279629648, -0.006877496372908354, 0.007035297341644764, -0.007535000331699848, 0.023643858730793, -0.03355902433395386, 0.018738875165581703, -0.014044294133782387, 0.0009542032494209707, -0.0328226201236248, -0.0019084064988419414, -0.016503360122442245, 0.00648628082126379, -0.01472809910774231, -0.00023813988082110882, -0.03897686302661896, 0.011769329197704792, -0.0165691114962101, -0.017160864546895027, 0.011986305005848408, -0.0002035181678365916, -0.008172780275344849, 0.026221275329589844, -0.01462289784103632, -0.008850009180605412, 0.009099860675632954, 0.024432864040136337, 0.002621798776090145, -0.011999455280601978, 0.03261221945285797, -0.018791476264595985, -0.027851887047290802, -0.0033729977440088987, -0.005894526839256287, -0.009645589627325535, -0.023801660165190697, 0.00871193315833807, 0.0026924805715680122, -0.017476467415690422, 0.009283962659537792, 0.0027401496190577745, -0.016082558780908585, 0.001944569288752973, -0.022657601162791252, 0.05828119069337845, 0.01865997537970543, -0.008771108463406563, -0.02428821288049221, -0.020290585234761238, -0.005240309983491898, 0.031034208834171295, 0.028509391471743584, -0.019974984228610992, -0.013873343355953693, -0.026457978412508965, -0.01702936366200447, -0.01400484424084425, -0.008324005641043186, 0.00290452572517097, -0.009106435813009739, -0.022315699607133865, 0.007456100080162287, -0.0448681004345417, -0.01990923285484314, -0.02096123993396759, 0.01620090939104557, 0.016766361892223358, -0.018922977149486542, -0.012676685117185116, -0.018396973609924316, -0.01202575583010912, -0.00019663490820676088, -0.049891434609889984, 0.02570842206478119, -0.004444730002433062, 0.00606876565143466, -0.0033154659904539585, -0.001972513273358345, -0.016516510397195816, 0.00694982148706913, -0.029850700870156288, 0.021316293627023697, -0.0014547285391017795, -0.009849416092038155, 0.0027072743978351355, 0.01741071604192257, 0.0005925758741796017, 0.01574065536260605, 0.008679058402776718, 0.01286078616976738, -0.002166477032005787, -0.007784852292388678, 0.0015607511159032583, -0.021421493962407112, -0.005542762111872435, -0.003708324860781431, -0.03716214746236801, 0.027720386162400246, -0.01826547272503376, 0.015517104417085648, -0.04707731679081917, 0.009185336530208588, 0.024972017854452133, -0.038503456860780716, 0.023380856961011887, 0.018199721351265907, -0.019028177484869957, -0.014793849550187588, 0.009205061942338943, -0.16495470702648163, 0.015438203699886799, 0.0539153628051281, -0.02490626648068428, 0.018594224005937576, -0.01890982687473297, -0.0002802612434606999, 0.010651571676135063, -0.017700018361210823, -0.00883028469979763, 0.03150761127471924, -0.03547893837094307, 0.0029850699938833714, -0.009803391061723232, -0.014346745796501637, -0.010316244326531887, 0.0034190230071544647, 0.013531440868973732, 0.006716407369822264, 0.012696410529315472, 0.006916946265846491, -0.01421524491161108, -0.0047636195085942745, -0.014767549000680447, -0.010697596706449986, -0.024367112666368484, -0.034742534160614014, 0.002927538473159075, 0.0002860144304577261, 0.00452034268528223, 0.00440856721252203, 0.009994067251682281, 0.044762901961803436, -0.013952243141829967, -0.016253508627414703, -0.006982696708291769, -0.003016301430761814, -0.013104062527418137, -0.018094521015882492, 0.039765868335962296, 0.036031242460012436, 0.02114534191787243, 0.02345975674688816, -0.019199129194021225, -0.005960277281701565, 0.014596598222851753, 0.023985760286450386, -0.013768142089247704, 0.015582854859530926, -0.02055358700454235, 0.0031790337525308132, -0.030587105080485344, -0.002110589062795043, 0.004569655749946833, 0.01122360024601221, -0.018817776814103127, -0.017515918239951134, 0.009494363330304623, 0.01783151924610138, 0.000872015196364373, 0.03221771493554115, -0.01037541963160038, -0.001392265548929572, -0.013662941753864288, -0.002309484174475074, -0.038713861256837845, 0.0030656142625957727, 0.002863431815057993, -0.029719199985265732, 0.006233141757547855, 0.005013471003621817, -0.037661854177713394, 0.02056673727929592, -0.04689321294426918, 0.0020349761471152306, 4.846526644541882e-05, -0.02306525409221649, -0.0015812980709597468, 0.014977950602769852, 0.011585228145122528, -0.004178440663963556, 0.045551907271146774, 0.0037280500400811434, -0.02098754048347473, 0.0165691114962101, 0.006177254021167755, -0.009494363330304623, -0.00017547149036545306, -0.01183507964015007, 0.013505140319466591, 0.03298041969537735, -0.029508797451853752, -0.016871564090251923, -0.019988134503364563, 0.0034781983122229576, 0.023078404366970062, -0.005246885120868683, 0.004734031856060028, 0.018318073824048042, -0.010769922286272049, 0.022486651316285133, -0.007738826796412468, -0.054073162376880646, -0.011966580525040627, 0.01388649269938469, 0.010520070791244507, -0.03408502787351608, 0.009034110233187675, 0.011789053678512573, -0.011789053678512573, -0.004875394981354475, 0.023578107357025146, 0.04376349225640297, 0.015911607071757317, -0.008034704253077507, 0.010789647698402405, -0.02302580513060093, -0.028167488053441048, -0.015148901380598545, -0.0003760103427339345, 0.007535000331699848, 0.006982696708291769, -0.0055953627452254295, -0.009553538635373116, 0.012170406989753246, -0.017331816256046295, -0.06932726502418518, -0.03958176448941231, 0.03442693129181862, 0.023315105587244034, 0.0038595509249716997, -0.009928316809237003, -0.010750196874141693, 0.018304923549294472, -0.00264481152407825, -0.0012287113349884748, 0.018147122114896774, -0.020198535174131393, 0.015701204538345337, -0.013084338046610355, 0.029535098001360893, 0.006552031263709068, 0.0028979505877941847, -0.024012060835957527, 0.0041915904730558395, 0.0034321730490773916, 0.010638421401381493, -0.008014978840947151, -0.005539474543184042, -0.007646776270121336, -0.04415799677371979, 0.02240774966776371, -0.025379670783877373, 0.014754398725926876, 0.005329073406755924, 0.0017292365664616227, -0.019409529864788055, 0.006923521403223276, -0.01545135397464037, -0.00881713442504406, -0.02322305552661419, 0.0011900829849764705, -0.014031143859028816, -0.005960277281701565, 0.027457384392619133, -0.020803440362215042, 0.0047307442873716354, 0.02182914689183235, 0.028746092692017555, -0.01359719131141901, 0.0031297209206968546, -0.01599050685763359, -0.007798002101480961, -0.008751383982598782, -0.009757365100085735, -0.027115482836961746, 0.007811152376234531, -0.020001284778118134, 0.013386789709329605, -0.013847042806446552, -0.0029949326999485493, -0.019383229315280914, 0.0017012926982715726, 0.008350306190550327, -0.012301907874643803, 0.008856584317982197, 0.006811745930463076, 0.009027536027133465, 0.0038858510088175535, 0.04557820409536362, 0.037872254848480225, 0.013965393416583538, -0.012439983896911144, -0.023959461599588394, 0.023604407906532288, -0.032244015485048294, -0.007922927848994732, 0.01788412034511566, -0.029009094461798668, -0.0010931011056527495, -0.019054478034377098, -0.0007692801882512867, -0.011374826543033123, -0.029377296566963196, -0.019580481573939323, -0.019212279468774796, -0.038266755640506744, -0.013741842471063137, 0.026234425604343414, -0.011289350688457489, 0.008757959119975567, 0.026602627709507942, 0.02119794301688671, -0.02217104844748974, 0.019185978919267654, -0.008442356251180172, -0.00022683902352582663, 0.0011465232819318771, 0.030823806300759315, 0.012893661856651306, 0.013531440868973732, 0.007679651491343975, -0.01741071604192257, -0.005105521529912949, -0.0398973673582077, 0.017384417355060577, -0.030955307185649872, -0.0006295604980550706, -0.08058374375104904, 0.023551808670163155, -0.00316423992626369, 0.0060819159261882305, 0.006275879684835672, -0.02653687819838524, 0.009362862445414066, 0.007068172562867403, -0.0063514928333461285, 0.026694679632782936, -0.018528474494814873, 0.022065848112106323, -0.0019051190465688705, -0.013794442638754845, -0.016345560550689697, 0.011335375718772411, 0.001504041370935738, 0.028772393241524696, -0.008271405473351479, 0.0034650482703000307, -0.026431677863001823, -0.002751655876636505, 0.0022108585108071566, 0.002510023070499301, -0.007022147066891193, 0.015083150938153267, -0.002695768140256405, 0.0021599018946290016, -0.003777362871915102, 0.001151454634964466, 0.02180284634232521, -0.008468656800687313, -0.0014456878416240215, 0.011440576985478401, -0.003708324860781431, -0.03916096314787865, -0.027536284178495407, 0.025800473988056183, 0.017160864546895027, -0.012091506272554398, -0.012183556333184242, -0.01972513273358345, -0.02779928594827652, -0.011184150353074074, 0.021947497501969337, -0.009553538635373116, -0.02595827355980873, 0.03274371847510338, 0.027010280638933182, -1.4935109902580734e-05, 0.028772393241524696, 0.012223007157444954, -0.005453999154269695, -0.014872749336063862, -0.010605545714497566, -0.0076599265448749065, -0.00316423992626369, -0.03048190474510193, 0.0010914573213085532, -0.04557820409536362, 0.033743128180503845, -0.004635406192392111, 0.03029780276119709, 0.007535000331699848, 0.031218308955430984, 0.0011818641796708107, -0.022868003696203232, 0.02368330955505371, 0.008547557517886162, -0.0004413498390931636, -0.02637907676398754, -0.03608384355902672, -0.005486874375492334, 0.037845954298973083, -0.0030376703944057226, 0.011105249635875225, 0.0027598747983574867, 0.031218308955430984, -0.02117164246737957, 0.01433359645307064, 0.035163335502147675, 0.0006377793033607304, -0.02031688578426838, 0.030166301876306534, 0.017358116805553436, -0.02264445275068283, -0.025576921179890633, 0.009514088742434978, 0.003964751493185759, 0.014596598222851753, -0.02030373550951481, 0.029719199985265732, -0.0021418207325041294, 0.0095601137727499, 0.028325289487838745, 0.02716808207333088, 0.007620476186275482, -0.023170456290245056, -0.001341309049166739, -0.011960005387663841, 0.005128534510731697, -0.01746331714093685, -0.015819557011127472, -0.016542810946702957, -0.02118479274213314, 0.010395145043730736, -0.013833892531692982, 0.006325192283838987, -0.03111310862004757, 0.0028141189832240343, 0.028509391471743584, 0.0038727009668946266, 0.03008740209043026, 0.007692801766097546, -0.002263458911329508, -0.017305515706539154, -0.018817776814103127, 0.0058222017250955105, -0.023183604702353477, 0.03150761127471924, -0.009283962659537792, -0.004319803789258003, 0.011420851573348045, 0.004954295698553324, 0.016674311831593513, 0.012689835391938686, 0.006877496372908354, -0.013143513351678848, -0.007535000331699848, -0.042027682065963745, 0.01805507205426693, -0.006930096540600061, -0.02140834368765354, -0.031034208834171295, -0.019448980689048767, -0.026024024933576584, -0.017765769734978676, 0.019633080810308456, 0.00270069926045835, 0.08021553605794907, 0.03987106680870056, -0.03111310862004757, 0.009389162994921207, -0.004477605223655701, 0.010848823003470898, 0.0009468063362874091, -0.011900830082595348, -0.009237936697900295, -0.02175024524331093, 0.017910420894622803, 0.012499159201979637, -0.013518290594220161, -0.03182321414351463, -0.007587600965052843, -0.021842297166585922, -0.020080184563994408, 0.011828504502773285, 0.0119337048381567, -0.0030130138620734215, 0.01718716509640217, 0.0019232004415243864, 0.02903539501130581, 0.0076270513236522675, -0.019856633618474007, -0.008554132655262947, 0.04313229024410248, 0.007778277155011892, -0.02465641498565674, -0.007922927848994732, -0.015083150938153267, 0.02347290702164173, -0.03232291713356972, -0.022894304245710373, 0.023643858730793, 0.015937907621264458, 0.015898456797003746, 0.0072719985619187355, 0.021960647776722908, -0.01746331714093685, 0.014267846010625362, 0.026655228808522224, -0.0024492039810866117, -0.028903894126415253, -0.04150167852640152, 0.012683260254561901, -0.04342159256339073, -0.009685039520263672, -0.016937313601374626], 'ai_metadata': {'tags': ['construction', 'document'], 'document_type': 'unknown', 'topics': ['fire_safety_test.txt'], 'supplier_mentions': [], 'categories': ['general'], 'summary': '```json\n{\n  "tags": [\n    "AS 1851",\n    "AS 2118",\n    "NCC Volume One"\n  ],\n  "document_type": "specification",\n  "topics": [\n    "Fire safety",\n    "High-rise buildings",\n    "Fire protection syste'}, 'tags': ['["fire safety"', ' "test"]'], 'knowledge_bank_type': 'personal', 'upload_timestamp': '2025-08-12T08:44:24.276000', 'status': 'active', 'view_count': 0, 'reference_count': 13, 'storage_path': 'personal_knowledge_bank/demo_user_auto_token/af288c46-fdc3-47c4-bf23-ba634f3df438/fire_safety_test.txt', 'file_data': 'CiAgICAgICAgRmlyZSBTYWZldHkgUmVxdWlyZW1lbnRzIGZvciBIaWdoLVJpc2UgQnVpbGRpbmdzIGluIEF1c3RyYWxpYQogICAgICAgIAogICAgICAgIEtleSBTdGFuZGFyZHM6CiAgICAgICAgLSBBUyAxODUxOiBNYWludGVuYW5jZSBvZiBmaXJlIHByb3RlY3Rpb24gc3lzdGVtcwogICAgICAgIC0gQVMgMjExODogQXV0b21hdGljIGZpcmUgc3ByaW5rbGVyIHN5c3RlbXMKICAgICAgICAtIE5DQyBWb2x1bWUgT25lOiBGaXJlIHNhZmV0eSBwcm92aXNpb25zCiAgICAgICAg'}, 'similarity_score': 0.7693872030337647, 'source': 'Personal Knowledge Bank', 'privacy': 'Private to your account'}], 'mentor_note_results': [{'type': 'mentor_note', 'note': {'_id': '689aef60aa7af9acc74f4a43', 'note_id': 'b621be8a-388e-4fbb-9a4f-941306469aa7', 'user_id': 'demo_user_auto_token', 'user_email': 'demo@onesource.ai', 'title': 'Fire Rating Requirements for Steel Structures', 'content': 'When designing steel structures in commercial buildings, fire rating requirements must be considered early in the design process. AS 1530.4 provides the testing methodology for fire resistance, while the BCA specifies minimum requirements based on building classification and height.', 'tags': ['fire-rating', 'steel', 'BCA', 'AS1530', 'construction', 'document'], 'category': 'structural-design', 'attachment_url': None, 'embedding': [-0.002717070048674941, -0.0049985055811703205, -0.03157222643494606, -0.04241469129920006, 0.005966582801192999, -0.015373066999018192, -0.017644820734858513, -0.018406376242637634, 0.013759604655206203, 0.0060569364577531815, -0.0008551349164918065, -0.009106379933655262, 0.006479663774371147, 0.021852729842066765, -0.013733789324760437, 0.0008978916448540986, 0.015695760026574135, 0.02089756168425083, 0.002794516272842884, -0.003914258908480406, -0.010771472938358784, 0.012184865772724152, -0.017464114353060722, 0.003598020412027836, -0.008919218555092812, 0.006544202100485563, 0.013991943560540676, -0.031055917963385582, 0.0057406979613006115, 0.007667171768844128, 0.026744747534394264, -0.020949192345142365, -0.009842118248343468, 0.005221163388341665, -0.0030429894104599953, 0.0003924746415577829, -0.008170572109520435, 0.0016731602372601628, 0.007563910447061062, -0.014469527639448643, -0.0013690225314348936, -0.021362237632274628, 0.004795209504663944, 0.006586152128875256, 0.00817702617496252, -0.008415818214416504, 0.025815393775701523, -0.0025395893026143312, -0.03064287267625332, -0.013604712672531605, 0.02101372927427292, -0.0071379560977220535, -0.017683545127511024, -0.014521158300340176, -0.0018054640386253595, 0.0005751992575824261, -0.017502836883068085, 0.0059698098339140415, 0.0221237912774086, -0.03526382893323898, -0.011126434430480003, 0.005050136242061853, -0.02573794685304165, 0.0024750507436692715, -0.008248018100857735, -0.02718360908329487, 0.022601377218961716, 0.010603672824800014, -0.016728375107049942, 0.014404989778995514, 0.01905176043510437, 0.030204009264707565, 0.019142113626003265, 0.024382639676332474, 0.036735303699970245, -0.004601594060659409, 0.022227054461836815, -0.028371118009090424, 0.010590764693915844, -0.021852729842066765, -0.0031172088347375393, -0.012107419781386852, -0.002968770219013095, 0.026254255324602127, -0.007576818112283945, 0.014766405336558819, -0.0013641822151839733, -0.001852254499681294, -0.007873695343732834, 0.007409017998725176, -0.01848382130265236, 0.008635248988866806, 0.011274873279035091, 0.010145450010895729, -0.02162039279937744, -0.019671330228447914, 0.00862879492342472, 0.005311517044901848, 0.014379174448549747, -0.0002151955122826621, 0.00398847833275795, 0.0018554814159870148, -0.020290900021791458, 0.002965543419122696, 0.0026783470530062914, -0.01596682146191597, 0.003936847671866417, -0.008138302713632584, -0.0074477409943938255, -0.02973933331668377, -0.032733917236328125, 0.014133927412331104, -0.003481851192191243, -0.008906310424208641, 0.009280634112656116, 0.0221237912774086, 0.01188798900693655, -0.002328225877135992, -0.0010769859654828906, -0.008228656835854053, 0.0020975007209926844, -0.005224390421062708, 0.020949192345142365, 0.010268072597682476, 0.026796378195285797, -0.004327305126935244, -0.024537531659007072, -0.012952873483300209, -0.007415471598505974, -0.01995529979467392, 0.008867587894201279, 0.00908701866865158, 0.012559188529849052, -0.008435179479420185, -0.009525880217552185, 0.022575560957193375, -0.008002771995961666, 0.04022038355469704, -0.042905185371637344, -0.031081734225153923, 0.0020248948130756617, 0.002412125701084733, -0.024227745831012726, -0.016082990914583206, -0.01105544250458479, -0.016792913898825645, 0.018354743719100952, 0.018109498545527458, -0.017502836883068085, -0.017309220507740974, -0.03012656420469284, 0.008525533601641655, 0.007576818112283945, 0.008841772563755512, -0.014753497205674648, 0.022549746558070183, -0.018070776015520096, 0.01871616020798683, -0.01298514287918806, -0.03593502566218376, 0.04388616979122162, 0.0067571792751550674, 0.006034348160028458, 0.006257005967199802, 0.002510546939447522, 0.006860440596938133, 0.0077575258910655975, -0.00806731078773737, 0.0023814700543880463, -0.009958287701010704, 0.01025516539812088, 0.03082357905805111, -0.02777736261487007, 0.011778273619711399, 0.01323038898408413, 0.02119443751871586, 0.022188330069184303, 0.016638021916151047, 0.013436912558972836, -0.00558257894590497, -0.005911725107580423, -0.005666479002684355, 0.03885216638445854, 0.029610255733132362, -0.03226924315094948, 0.041459523141384125, 0.02231740765273571, 0.004240178503096104, 0.022898253053426743, -0.03121080994606018, 0.008473902940750122, 0.005695521365851164, -0.012630181387066841, -0.005050136242061853, -0.6476565599441528, -0.030565425753593445, 0.0026622123550623655, -0.04096902906894684, 0.0006110987742431462, 0.003672239603474736, 0.031649671494960785, -0.010474596172571182, -0.005592259578406811, -0.0016925217350944877, 0.022988608106970787, 0.01025516539812088, 0.0005683420458808541, -0.01252046599984169, -0.016108805313706398, -0.0164831280708313, 0.014663143083453178, -0.005847186781466007, 0.012023519724607468, 0.013017412275075912, -0.01187508087605238, 0.024434270337224007, -0.038542382419109344, -0.027674101293087006, 0.016560574993491173, -0.01224295049905777, 0.0017812621081247926, -0.026744747534394264, 0.023350022733211517, -0.012578550726175308, -0.010068003088235855, 0.018909774720668793, 0.02577666938304901, 0.026241347193717957, 0.04099484533071518, -0.00014470737369265407, -0.0023734027054160833, 0.021801099181175232, 0.04899761825799942, 0.011578204110264778, -0.008854679763317108, 0.007325117941945791, 0.040349461138248444, 0.02101372927427292, -0.006327998358756304, 0.02646077796816826, 0.032036904245615005, -0.0018877505790442228, 0.020174730569124222, -0.028242040425539017, -0.009293541312217712, 0.01042296551167965, -0.014701866544783115, 0.008764325641095638, 0.026396239176392555, -0.007260579150170088, 0.02469242364168167, 0.009048295207321644, -0.03175293281674385, 0.0014246869832277298, 0.02142677642405033, -0.009448434226214886, 0.015889374539256096, -0.0370192751288414, -0.02324676141142845, -0.004901697859168053, -0.015347251668572426, 0.00862879492342472, 0.007383202668279409, 0.011158703826367855, -0.0034108588006347418, 0.02500220760703087, 0.0068668946623802185, 0.0021313834004104137, 0.008028587326407433, 0.017722267657518387, 0.015011651441454887, -0.0012157437158748507, 0.01459860522300005, 0.01261727325618267, 0.012197772972285748, 0.007150863762944937, -0.017335036769509315, -0.009035388007760048, -0.014456620439887047, -0.0159539133310318, -0.010829557664692402, -0.02101372927427292, 0.02844856306910515, 0.009364534169435501, 0.01938736066222191, -0.02049742266535759, -0.0024960257578641176, -0.03195945546030998, -0.008828864432871342, 0.011068349704146385, 0.012546281330287457, -0.022743361070752144, 0.010745657607913017, -0.00031018807203508914, -0.028629271313548088, -0.01706397533416748, -0.016547666862607002, -0.0013778966385871172, 0.01250755786895752, -0.010913457721471786, 0.007518733385950327, -0.002754179760813713, 0.023066053166985512, -0.010448780842125416, 0.0022653008345514536, -0.0068088099360466, -0.03337930515408516, -0.02265300787985325, -0.0018006237223744392, -0.023362930864095688, 0.024602070450782776, 0.013578897342085838, -0.0002579522551968694, 0.009648502804338932, 0.0010374560952186584, 0.014237189665436745, 0.021672023460268974, -0.028577640652656555, -0.023466192185878754, 0.04920414090156555, -0.008099579252302647, 0.005356694106012583, 0.007880148477852345, 0.0003596003516577184, 0.008751418441534042, 0.007815610617399216, 0.018032051622867584, -0.009848572313785553, -0.004307943861931562, 0.005450274795293808, -0.0013762831222265959, -0.02759665623307228, 0.022962791845202446, -0.021155714988708496, -0.023440377786755562, -0.0068668946623802185, 0.0019232467748224735, 0.000528812175616622, -0.03374071791768074, 0.003375362604856491, -0.044686444103717804, 0.021994715556502342, 0.0003111964906565845, 0.01960679143667221, -0.032759733498096466, -0.0010656917002052069, 0.0021071815863251686, 0.003131730016320944, -0.0034624896943569183, -0.007796248886734247, 0.023504914715886116, -0.02016182243824005, 0.01958097517490387, -0.007621994707733393, -0.017489928752183914, -0.002395991235971451, -0.020987914875149727, 0.003323731943964958, 0.002960702870041132, -0.004349893890321255, 0.019684236496686935, 0.008506172336637974, -0.016586389392614365, -0.024550439789891243, -0.0007341252639889717, -0.012720535509288311, 0.0036528781056404114, 0.015166543424129486, -0.0018700025975704193, 0.013030319474637508, -0.012068696320056915, -0.008293194696307182, -0.0025766990147531033, -0.007170225493609905, 0.0023653353564441204, 0.015295620076358318, -0.00898375641554594, 0.022446485236287117, 0.004963009152561426, 0.04713890701532364, -0.0004247438919264823, -0.0009882454760372639, -0.017502836883068085, 0.011726642027497292, -0.019297005608677864, 0.01738666743040085, 0.015463420189917088, 0.012133235111832619, 0.007402563933283091, -0.00346894352696836, -0.006573244463652372, -0.010293887928128242, -0.014934205450117588, -0.004201455041766167, 0.0004219203256070614, -0.00572133669629693, 0.02790644019842148, -0.014301727525889874, 0.022020529955625534, -0.004979143850505352, 0.017709359526634216, -0.011132888495922089, 0.04463481530547142, 0.01576029695570469, 0.00042877753730863333, -0.013217481784522533, -0.010829557664692402, -0.01578611321747303, -0.014908389188349247, 0.011436219327151775, 0.005208255723118782, 0.0291972104460001, -0.008235110901296139, -0.030978472903370857, 0.028216224163770676, 0.015179451555013657, 0.02718360908329487, 0.016547666862607002, -0.0068088099360466, -0.00431439746171236, 0.0264865942299366, 0.014146835543215275, 0.008299648761749268, -0.004804890137165785, -0.002023281529545784, 0.00834482628852129, 0.013901589438319206, -0.0023249988444149494, 0.03967826068401337, 0.030049117282032967, 0.03559942916035652, -0.018832329660654068, 0.011971889063715935, 0.007544548716396093, 0.02775154821574688, 0.009525880217552185, 0.01870325207710266, -0.008596525527536869, 0.04076250642538071, 0.03206271678209305, 0.026718931272625923, 0.03250157833099365, -0.0017715813592076302, 0.0031381838489323854, 0.003530255053192377, -0.004485424607992172, -0.021994715556502342, 0.004317624494433403, 0.026589855551719666, 0.01278507336974144, 0.02684800885617733, 0.022988608106970787, 0.00616665231063962, -0.0006554689607582986, 0.0008039074600674212, 0.0022669141180813313, 0.03539290279150009, -0.008990210480988026, 0.0272352397441864, 0.0038368129171431065, -0.034592628479003906, 0.001482771709561348, 0.012184865772724152, -0.01224295049905777, -0.011113527230918407, 0.0033398664090782404, 0.00744128692895174, -0.0036141551099717617, 0.0030897799879312515, 0.013849958777427673, -0.00026622123550623655, 0.0323466882109642, 0.016909083351492882, 0.002862281631678343, 0.013146488927304745, -0.01297223474830389, 0.013191665522754192, 0.01523108221590519, 0.0017731948755681515, -0.014947112649679184, 0.0018732295138761401, 0.008215748704969883, -0.020368345081806183, 0.03252739459276199, 0.012636635452508926, -0.009693680331110954, -0.012681812047958374, 0.009738856926560402, -0.0047984360717237, 0.014546974562108517, 0.0028735760133713484, -0.054883524775505066, -0.015476328320801258, -0.005398644134402275, 0.007105687167495489, -0.006795902270823717, 0.012856066226959229, -0.01650894433259964, 0.035831764340400696, 0.006163425277918577, 0.012275219894945621, 0.011268419213593006, 0.011604019440710545, -0.0018635486485436559, 0.01597972773015499, 0.010571403428912163, -0.0017780351918190718, 0.01649603620171547, 0.035470351576805115, -0.010713388212025166, 0.004611274693161249, -0.018380559980869293, 0.03758721426129341, -0.006508706137537956, 0.0008486810838803649, 0.013578897342085838, -0.013256204314529896, 0.009829211048781872, 0.0628862977027893, 0.004324078559875488, 0.010003465227782726, 0.006853986997157335, 0.0062925019301474094, -0.011023173108696938, -0.044738076627254486, -0.006337678991258144, 0.018199851736426353, 0.0006574857980012894, -0.018806513398885727, -0.004559644032269716, 0.008196387439966202, 0.01847091317176819, 0.01196543499827385, 0.027390131726861, 0.008299648761749268, -0.030875209718942642, -0.0005764093366451561, -0.008138302713632584, -0.03175293281674385, 0.004750032443553209, 0.04858456924557686, 0.01902594417333603, 0.005766513291746378, -0.014314635656774044, 0.00023354863515123725, 0.010668211616575718, 0.004440247546881437, -0.022033438086509705, 0.010816649533808231, 0.019490621984004974, -0.0016715467208996415, 0.02524745464324951, 0.010280980728566647, 0.010694026947021484, 0.013165850192308426, -0.015127820894122124, -0.0001624554570298642, -0.007467102725058794, 0.03247576579451561, -0.008938579820096493, 0.006415125448256731, 0.011739550158381462, 0.01597972773015499, -0.014521158300340176, 0.006234417669475079, 0.020975006744265556, -0.009990557096898556, 0.0244600847363472, 0.020226361230015755, 0.007086325436830521, -0.013475635088980198, -0.0056600249372422695, 0.007092779502272606, -0.023504914715886116, -0.0005860900855623186, -0.00372064346447587, 0.010487503372132778, -0.021697837859392166, -0.027828993275761604, -0.019116299226880074, 0.0042175897397100925, 0.005931086838245392, -0.04078832268714905, -0.017735175788402557, -0.007654264103621244, 0.007563910447061062, -0.02470533177256584, -0.012313942424952984, 0.013462727889418602, -0.022820807993412018, -0.012888334691524506, 0.02613808587193489, 0.02251102216541767, -0.019684236496686935, 0.010235803201794624, -0.009112833999097347, -0.004701628349721432, 0.010752111673355103, -0.008835318498313427, -0.012739896774291992, -0.02070394530892372, -0.0383874885737896, -0.004833932500332594, 0.04429921507835388, -0.01813531294465065, -0.010919911786913872, 0.004966236185282469, 0.015566682443022728, -0.018909774720668793, 0.0028413066174834967, 0.007086325436830521, -0.004614501725882292, 0.043937798589468, 0.0060504828579723835, -0.013720881193876266, 0.014818035997450352, 0.005914952140301466, -0.02829367108643055, -0.002213669940829277, -0.0002450445608701557, -0.002721910597756505, -0.023453284054994583, 0.006040802225470543, -0.00953233428299427, -0.0015973274130374193, 0.0021313834004104137, -0.00431439746171236, 0.0036238357424736023, 0.0079769566655159, -0.022188330069184303, 0.011378134600818157, 0.0052695670165121555, -0.01794169843196869, 0.04610629379749298, -0.0012221975484862924, 0.011087710969150066, 0.016650928184390068, -0.008919218555092812, 0.019503530114889145, -0.0413820743560791, 0.030901025980710983, 0.039291027933359146, -0.016212066635489464, 0.009435526095330715, -0.0020894333720207214, -0.019800405949354172, -0.014275912195444107, -0.016741283237934113, -0.007208948489278555, 0.029506994411349297, 0.016934897750616074, -0.03216598182916641, -0.033456750214099884, -0.022033438086509705, -0.010326157324016094, -0.002250779652968049, -0.025518516078591347, 0.021542945876717567, -0.02519582398235798, 0.03180456534028053, -0.007325117941945791, 0.011933165602385998, 0.004750032443553209, -0.02886161021888256, -0.021672023460268974, 0.022975699976086617, -0.012636635452508926, 0.026589855551719666, -0.027261056005954742, 0.022278685122728348, -0.008448087610304356, 0.019658422097563744, -0.012275219894945621, -0.03028145618736744, 0.014663143083453178, -0.03069450333714485, 0.03606410324573517, 0.021091176196932793, 0.01798042096197605, -0.0016336303669959307, 0.020252175629138947, 0.0026799605693668127, -0.0010535907931625843, 0.012307488359510899, -0.016108805313706398, -0.006069844122976065, -0.020639406517148018, -0.004995278548449278, 0.025686316192150116, 0.005737471394240856, -0.01739957556128502, -0.010293887928128242, 0.02646077796816826, 0.02141386829316616, -0.006418352015316486, -0.006092432886362076, -0.04140789061784744, -0.010235803201794624, -0.0020700718741863966, 0.016728375107049942, -0.00040518067544326186, 0.002160425763577223, -0.03103010356426239, -0.0020006929989904165, 0.019271191209554672, -0.016767097637057304, -0.00013270725321490318, 0.0001375476422253996, 0.024266470223665237, -0.0185096375644207, 0.0029445684049278498, -0.017089789733290672, 0.05111447721719742, 0.0033850434701889753, -0.012843158096075058, -0.0329662561416626, -0.023556547239422798, -0.005340559408068657, 0.0064022173173725605, 0.019516438245773315, 0.013591804541647434, -0.02811296284198761, -0.012733442708849907, 0.008925672620534897, -0.008919218555092812, -0.006450621411204338, 0.009971195831894875, -0.0006227963604032993, -0.011810542084276676, -0.02285953052341938, 0.0074929180555045605, -0.00540509819984436, 0.002153971930965781, 0.016754189506173134, 0.005534174852073193, 0.04608047753572464, -0.016470221802592278, 0.006024667527526617, 0.024343915283679962, -0.030901025980710983, 0.02757083997130394, -0.0035915665794163942, 0.01105544250458479, -0.015282712876796722, 0.01705106720328331, -0.02162039279937744, 1.1502220331749413e-06, 0.002850987482815981, -0.007273487281054258, 0.0239308699965477, 0.018793607130646706, -0.0023782430216670036, 0.006318317726254463, 0.005092086270451546, 0.04300844669342041, 0.010829557664692402, -0.020755575969815254, 0.03126244246959686, 0.00962914153933525, 0.005488997790962458, -0.011958980932831764, 0.015540867112576962, -0.032036904245615005, -0.003026854945346713, 0.0018345064017921686, -0.030152378603816032, 0.006179559975862503, -0.008293194696307182, -0.008319010958075523, 0.035831764340400696, -0.01563122123479843, 0.01450825110077858, 0.018419282510876656, -0.008712694980204105, 0.039471738040447235, -0.011533026583492756, 0.008506172336637974, -0.0026702797040343285, 0.02886161021888256, 0.03175293281674385, 0.012559188529849052, -0.028887424618005753, -0.0009430685895495117, 0.0133207431063056, -0.016070082783699036, -0.00449187820777297, 0.0020684583578258753, 0.0272352397441864, -0.008744964376091957, -0.022898253053426743, -0.004459609277546406, 0.011261965148150921, 0.0212202537804842, 0.016082990914583206, -0.011629834771156311, 0.002237871987745166, -0.012075150385499, -0.025105470791459084, -0.012720535509288311, -0.00607629818841815, -0.0159539133310318, -0.009461341425776482, 0.0037916358560323715, -0.008035041391849518, 0.014960020780563354, -0.01450825110077858, 0.0027315912302583456, -0.020407067611813545, -0.010119633749127388, 0.0040272013284265995, -0.03681275248527527, 0.00970658753067255, 0.01206224225461483, 0.00028114576707594097, 0.008970849215984344, 0.019284099340438843, -0.051062848418951035, 0.0047693937085568905, -0.0039820242673158646, 0.022601377218961716, -0.02267882227897644, 0.013269112445414066, -0.00693788705393672, -0.012204227037727833, 0.023066053166985512, -0.012630181387066841, -0.021517129614949226, -0.04334404692053795, 0.0016320168506354094, 0.008751418441534042, -0.017644820734858513, -0.009571056813001633, 0.000135127454996109, -0.0014876120258122683, 0.011920257471501827, -0.014275912195444107, -0.01087473426014185, 0.013398189097642899, 0.007551002316176891, 0.0035528435837477446, 0.04602884501218796, -0.025286177173256874, 0.011558841913938522, 0.0030768720898777246, 0.007131502497941256, -0.02759665623307228, -0.007034694775938988, 7.95638479758054e-05, 0.005876228678971529, -0.01816112920641899, -0.020613592118024826, -0.0221237912774086, -0.018186945468187332, 0.0043369862250983715, -0.003798089688643813, 0.014947112649679184, 0.0013722494477406144, -0.016431497409939766, -0.0064409407787024975, -0.020936284214258194, -0.0020587777253240347, 0.02757083997130394, -0.032553210854530334, -0.014663143083453178, 0.0018167583039030433, -0.01685745269060135, -0.05292155593633652, -0.024189023301005363, 0.019994022324681282, 0.040891584008932114, 0.00817702617496252, -0.013565989211201668, 0.007105687167495489, 0.008925672620534897, -0.061027590185403824, 0.009035388007760048, -0.021181529387831688, 0.007680079434067011, 0.018638713285326958, 0.015734482556581497, -0.01668965257704258, 0.04195001348853111, -0.007615541107952595, -0.0033689087722450495, -0.005124355666339397, 0.004240178503096104, -0.01059721875935793, -0.0070217871107161045, 0.03771628811955452, -0.0069120717234909534, -0.03541871905326843, -0.02213669940829277, 0.03629644215106964, -0.012184865772724152, -0.013359465636312962, -0.0010068003321066499, -0.010668211616575718, 0.014133927412331104, 0.020949192345142365, -0.0011810542782768607, 0.01278507336974144, 0.008047948591411114, 0.0022733681835234165, -0.03211434930562973, 0.0005828631692565978, 0.014146835543215275, 0.0132432971149683, 0.013282019644975662, -0.011758911423385143, 0.0055793519131839275, -0.0006764439749531448, -0.0052405246533453465, 0.018625807017087936, -0.009383895434439182, -0.0060504828579723835, -0.023285483941435814, -0.0058504133485257626, 0.007989863865077496, 0.009409710764884949, 0.016560574993491173, -0.0020168276969343424, 0.007312210276722908, 0.0008486810838803649, 0.007331571541726589, -0.015540867112576962, -0.0005429299781098962, -0.0037012819666415453, -0.015734482556581497, -0.0054922248236835, -0.02449880912899971, 0.0041369167156517506, 0.03539290279150009, -0.0043369862250983715, -0.014288820326328278, -0.02451171539723873, -0.0188839603215456, 0.022627191618084908, 0.006318317726254463, 0.014856758527457714, -0.0011624994222074747, -0.000587703543715179, -0.030023302882909775, -0.0022927296813577414, -0.011481395922601223, -0.0029913587495684624, 0.002823558636009693, -0.01179763488471508, 0.01286251936107874, -0.02466660924255848, 0.014288820326328278, 0.002859054831787944, 0.015915190801024437, -0.014237189665436745, 0.006279594264924526, 0.17595772445201874, 0.008338372223079205, -0.0012455927208065987, 0.029145579785108566, -0.025286177173256874, -0.014856758527457714, -0.0094419801607728, 0.020200544968247414, -0.001338366768322885, 0.033637456595897675, -0.0017619006102904677, -0.01649603620171547, -0.023879239335656166, 0.011978342197835445, -0.007699441164731979, 0.013398189097642899, -0.03485077992081642, 0.007189587224274874, -0.03118499554693699, 0.036528781056404114, 0.032372504472732544, -0.01395322009921074, -0.0020087603479623795, -0.004094966687262058, 0.02992004156112671, 0.014172650873661041, 0.02267882227897644, 0.020549053326249123, 0.026021916419267654, 0.014043574221432209, 0.0034044049680233, -0.019645513966679573, 0.0055793519131839275, -0.013927404768764973, -0.036193180829286575, -0.005614847876131535, 0.01596682146191597, -0.02140096016228199, 0.00020793492149095982, 0.007654264103621244, -0.004295036196708679, -0.009919565171003342, -0.006034348160028458, -0.015037466771900654, -0.012210681103169918, -0.01459860522300005, -0.04158859699964523, 0.010448780842125416, -0.02287243865430355, -0.0014311408158391714, -0.03887798264622688, -0.006841079331934452, 0.007854333147406578, 0.010700480081140995, 0.026718931272625923, 0.005050136242061853, 0.006553883198648691, -0.015566682443022728, 0.0031833606772124767, -0.003827132051810622, -0.007409017998725176, 0.004382162820547819, -0.040917396545410156, 0.01995529979467392, -0.0217494685202837, -0.009732402861118317, -0.017890067771077156, 0.018806513398885727, -0.003297916380688548, 0.012546281330287457, -0.028603455051779747, -0.002389537403360009, -0.02718360908329487, -0.0038529473822563887, -0.010487503372132778, -0.003717416664585471, 0.025079654529690742, 0.0008656224235892296, 0.014043574221432209, 0.01817403733730316, -0.03084939531981945, -0.014043574221432209, -0.0057052019983530045, 0.03299207240343094, -0.003940074238926172, -0.007834971882402897, 0.024924762547016144, -0.0028929375112056732, -0.010293887928128242, -0.015489236451685429, 0.003293076064437628, 0.0018167583039030433, -0.010468142107129097, 0.001151205156929791, -0.003865855047479272, -0.007544548716396093, -0.010048641823232174, 0.024189023301005363, -0.0005017867079004645, 0.01597972773015499, -0.03306951746344566, 0.0653129443526268, 0.025686316192150116, -0.02067813090980053, -0.010629488155245781, 0.0008841772214509547, -0.016754189506173134, 0.01959388330578804, 0.009306449443101883, -0.00047798812738619745, -0.021452592685818672, -0.019994022324681282, -0.017335036769509315, -0.027312686666846275, -0.0018183718202635646, -0.01150721125304699, -0.010500411503016949, -0.03325022757053375, 0.014456620439887047, -0.046906568109989166, -0.02394377812743187, -0.00862234178930521, 0.015437604859471321, 0.011274873279035091, -0.017554467543959618, -0.01287542749196291, -0.0190388523042202, 0.005614847876131535, 0.02394377812743187, -0.046338632702827454, -0.0007179906242527068, -0.00853198766708374, -0.022175421938300133, -0.011178065091371536, -0.00997764989733696, 0.013759604655206203, 0.010932818986475468, -0.029636071994900703, -0.005011413246393204, 0.004046563059091568, 0.01016481127589941, -0.03066868707537651, 0.014521158300340176, 0.008596525527536869, 0.0031220491509884596, 0.006066617555916309, -0.00851907953619957, 0.0012754417257383466, -0.005237298086285591, 0.004775847773998976, -0.011081257835030556, -0.025841208174824715, 0.00044047515257261693, -0.01798042096197605, -0.004146597348153591, -0.024963485077023506, 0.004030428361147642, -0.046906568109989166, 0.008945033885538578, -0.0025234546046704054, -0.024214839562773705, 0.014637327753007412, 0.021801099181175232, -0.006444167345762253, 0.0010987676214426756, 0.005472863558679819, -0.16088153421878815, 0.03066868707537651, 0.03554779663681984, 0.00046185351675376296, 0.03892961144447327, 0.008151210844516754, -0.0017941698897629976, 0.008325464092195034, -0.023117683827877045, 0.021542945876717567, 0.01763191446661949, -0.02519582398235798, -0.009112833999097347, 0.0030446029268205166, -0.015243989415466785, -0.005543855484575033, -0.0018958179280161858, 0.017477020621299744, 0.021323515102267265, 0.012004157528281212, 0.003846493549644947, -0.010377787984907627, -0.0025202278047800064, -0.024731146171689034, -0.010855372995138168, -0.005259886384010315, -0.030255641788244247, -0.00011062299745390192, -0.004472516942769289, -0.011326503939926624, -0.022059254348278046, 0.002103954553604126, 0.023143500089645386, -0.01268826611340046, -0.0037400051951408386, -0.023853423073887825, -0.020613592118024826, -0.014650235883891582, -0.03841330483555794, 0.03831004351377487, 0.012488196603953838, 0.007376748602837324, -0.022020529955625534, -0.007634902372956276, -0.0007853526622056961, 0.019464805722236633, 0.0329662561416626, 0.0006647463887929916, 0.006192467641085386, -0.023879239335656166, -0.009945380501449108, -0.02214960753917694, -0.002066844841465354, 0.004585459362715483, -0.010500411503016949, -0.01370797399431467, -0.032217610627412796, 0.03175293281674385, 0.0057052019983530045, -0.009106379933655262, -0.0012568869860842824, -0.007822063751518726, 0.031494781374931335, -0.0039529819041490555, -0.007331571541726589, -0.020962098613381386, 0.003559297416359186, 0.014301727525889874, -0.009132195264101028, -0.017089789733290672, 0.01396612823009491, -0.023311300203204155, 0.0073380256071686745, -0.03696764260530472, 0.005069497972726822, 0.01450825110077858, -0.0026331702247262, 0.011997704394161701, 0.022381946444511414, -0.015811927616596222, 0.008396456949412823, 0.03991059958934784, -0.01961969956755638, -0.006586152128875256, -0.007467102725058794, 0.02741594798862934, 0.017657728865742683, 0.01278507336974144, -0.03260484337806702, 0.008932125754654408, 0.02541525475680828, -0.02470533177256584, -0.02322094701230526, -0.0106101268902421, 0.004253086168318987, 0.024408454075455666, 0.007170225493609905, -0.01599263586103916, -0.00408851308748126, 0.004466062877327204, 0.012068696320056915, -0.016599297523498535, -0.04631281644105911, 0.008228656835854053, 0.013901589438319206, 0.02597028575837612, -0.02160748466849327, 0.0068733482621610165, 0.029248841106891632, -0.00017445559205953032, 0.01287542749196291, 0.005340559408068657, 0.02431810088455677, 0.01666383631527424, 0.010364880785346031, 0.001399678410962224, -0.005321198143064976, -0.013211027719080448, -0.021517129614949226, -0.007744618225842714, 0.016199158504605293, 0.013565989211201668, -0.004449928645044565, 0.00444347457960248, -0.005921405740082264, -0.006853986997157335, -0.10197080671787262, -0.031494781374931335, 0.016057174652814865, 0.023156408220529556, 0.01777389831840992, -0.019077574834227562, -0.012204227037727833, 0.030204009264707565, -0.0032398318871855736, 0.00853198766708374, 0.004240178503096104, -0.025699224323034286, 0.005902044475078583, -0.007557456381618977, 0.02757083997130394, -0.006918525323271751, 0.013411097228527069, 0.0017538332613185048, -0.007538094650954008, 0.012823796831071377, -0.000523165101185441, -0.03536709025502205, -0.013733789324760437, -0.006647463887929916, -0.009325810708105564, -0.0034140858333557844, -0.0237759780138731, -0.0006554689607582986, 0.007486463990062475, 0.003407632000744343, -0.017993329092860222, -0.00026460777735337615, 0.0159539133310318, 0.018367651849985123, -0.014353359118103981, -0.02087174542248249, -0.011216788552701473, -0.037277426570653915, 0.02305314689874649, -0.003749685827642679, -0.007576818112283945, 0.005711655598133802, 0.012029972858726978, -0.010319703258574009, 0.01523108221590519, -0.018548360094428062, -0.018393468111753464, 0.018651621416211128, 0.007066963706165552, -0.027338501065969467, -0.0009204801172018051, -0.020833022892475128, 0.008170572109520435, -0.02684800885617733, 0.012120326980948448, -0.023362930864095688, 0.007776887156069279, 0.02523454651236534, -0.010416511446237564, -0.0018103044712916017, 0.022575560957193375, 0.01561831310391426, 0.00833191815763712, 0.013475635088980198, 0.018625807017087936, -0.007951141335070133, -0.011462034657597542, -0.0002769104321487248, 0.019116299226880074, -0.04938484728336334, 0.011042534373700619, 0.00030191909172572196, -0.023685622960329056, -0.009932472370564938, -0.024356823414564133, -0.008738510310649872, -0.03516056388616562, -0.020626498386263847, -0.023143500089645386, -0.013514358550310135, -0.0023379065096378326, -0.01515363622456789, 0.02976514771580696, -0.01315294299274683, 0.027261056005954742, 0.023182222619652748, -0.01386286597698927, -0.015192358754575253, 0.03485077992081642, -0.043834537267684937, 0.0033172781113535166, 0.020729761570692062, 0.02413739264011383, 0.00799631793051958, -0.022562654688954353, 0.021142806857824326, 0.0023653353564441204, -0.018780698999762535, -0.034566812217235565, 0.020962098613381386, -0.039110321551561356, -0.0019506756216287613, -0.055090051144361496, 0.016108805313706398, 0.014676051214337349, -0.02267882227897644, 0.002917139558121562, 0.009764672257006168, 0.013333650305867195, -0.006834625266492367, 0.01142976526170969, 0.008041495457291603, -0.02396959252655506, 0.016082990914583206, -0.003678693436086178, -0.0164831280708313, -0.012623727321624756, 0.009190279990434647, 0.006641009822487831, -0.0070217871107161045, 0.010739203542470932, -0.008215748704969883, -0.028887424618005753, -0.0025395893026143312, 0.002136223716661334, -0.004504786338657141, -0.02958444133400917, 0.01795460656285286, -0.029119763523340225, 0.011752457357943058, -0.028422748669981956, -0.009138649329543114, 0.01831602118909359, -0.008202841505408287, -0.01443080510944128, 0.007208948489278555, -0.02826785482466221, -0.04262121394276619, -0.017335036769509315, 0.030074933543801308, 0.028526009991765022, -0.02937791682779789, 0.011294234544038773, -0.028009701520204544, 0.004366028588265181, -0.03136570379137993, 0.004604820627719164, -0.005931086838245392, -0.02575085498392582, 0.0018877505790442228, 0.01432754285633564, 0.006718456279486418, 0.00566970556974411, 0.018212759867310524, 0.001916792942211032, -0.004346666857600212, -0.012281673029065132, -0.00816411804407835, -0.015269804745912552, -0.012752803973853588, -0.0016481515485793352, -0.038903798907995224, 0.0421307235956192, 0.007299302611500025, 0.022536838427186012, -0.004862974863499403, 0.020097283646464348, 0.006363494321703911, -0.014133927412331104, 0.014960020780563354, 0.00516630569472909, -0.015837743878364563, 4.429457476362586e-05, 0.013294927775859833, 0.004246632102876902, 0.015308528207242489, -0.020213453099131584, -0.0014440485974773765, -0.006576471496373415, 0.014237189665436745, -0.012978688813745975, 0.025789577513933182, 0.029248841106891632, -0.011649196036159992, -0.02249811589717865, 0.03332767263054848, 0.02757083997130394, 0.00880950316786766, -0.007796248886734247, 0.011681465432047844, 0.0006248131976462901, -0.011378134600818157, -0.0043369862250983715, 0.014908389188349247, 0.001965196803212166, 0.0157990213483572, 0.030617056414484978, 0.012042880989611149, -0.018212759867310524, -0.012494650669395924, 0.01441789697855711, 0.01370797399431467, -0.007912417873740196, -0.002799356821924448, -0.009848572313785553, -0.011642741970717907, -0.036580413579940796, 0.009893749840557575, -0.005408324766904116, -0.01259791199117899, -0.03614155203104019, 0.02358236163854599, -0.005763286724686623, 0.011952526867389679, 0.012204227037727833, -0.002023281529545784, 0.004520920570939779, 0.007725256495177746, -0.008415818214416504, 0.012836704030632973, -0.007260579150170088, 0.016366958618164062, -0.010138995945453644, 0.00038642415893264115, -0.003163999179378152, 0.007983410730957985, 0.006415125448256731, 0.030617056414484978, -0.007744618225842714, -0.013346558436751366, -0.0032672607339918613, -0.029610255733132362, 0.025350715965032578, 0.0032882357481867075, -0.019103391095995903, -0.003488305024802685, -0.00851907953619957, -0.0037432319950312376, -0.010022826492786407, 0.0009269339498132467, -0.008925672620534897, 0.05498678609728813, 0.049100879579782486, 0.002655758522450924, -0.011107073165476322, -0.004185320809483528, 0.01631532795727253, 0.003865855047479272, -0.008951487950980663, 0.024447176605463028, -0.031081734225153923, 0.02631879411637783, 0.006434486713260412, -0.013043227605521679, -0.030178194865584373, -0.02177528478205204, -0.005224390421062708, -0.006218282971531153, 0.0239308699965477, 0.008822410367429256, 0.005082405637949705, 0.006860440596938133, -0.022085068747401237, 0.044531553983688354, 0.024589162319898605, -0.022601377218961716, -0.019013037905097008, 0.005595486611127853, 0.0019426083890721202, -0.007383202668279409, -0.022356130182743073, -0.011016719043254852, 0.0032269242219626904, -0.0083512794226408, 0.00031402005697600543, 0.035289641469717026, 0.006628102157264948, -0.0301007479429245, -0.02012309990823269, 0.01687035895884037, 0.017709359526634216, 0.01671546697616577, 0.0030252414289861917, -0.022097976878285408, -0.026770563796162605, -0.033482566475868225, 0.02899068593978882, -0.01760609820485115, -0.02105245366692543, -0.018406376242637634], 'ai_metadata': {'tags': ['construction', 'document'], 'document_type': 'unknown', 'topics': ['Fire Rating Requirements for Steel Structures'], 'supplier_mentions': [], 'categories': ['general'], 'summary': '```json\n{\n  "tags": [\n    "AS 1530.4",\n    "BCA",\n    "fire resistance",\n    "building classification",\n    "fire rating requirements"\n  ],\n  "document_type": "specification",\n  "topics": [\n    "fire '}, 'created_timestamp': '2025-08-12T07:38:08.715000', 'status': 'active', 'reference_count': 0, 'helpful_votes': 0, 'view_count': 0}, 'similarity_score': 0.8182387359552985}, {'type': 'mentor_note', 'note': {'_id': '689807a45e9515643b4eebf9', 'note_id': '5de67725-a69d-46ec-a529-a66bce3a2cea', 'user_id': 'dev_user_123', 'user_email': 'dev@example.com', 'title': 'Fire Rating Requirements for Steel Structures', 'content': 'When designing steel structures in commercial buildings, fire rating requirements must be considered early in the design process. AS 1530.4 provides the testing methodology for fire resistance, while the BCA specifies minimum requirements based on building classification and height.', 'tags': ['fire-rating', 'steel', 'BCA', 'AS1530', 'construction', 'document'], 'category': 'structural-design', 'attachment_url': None, 'embedding': [-0.0028076001908630133, -0.004995591938495636, -0.0315483883023262, -0.0424431674182415, 0.006034726742655039, -0.015386939980089664, -0.017710471525788307, -0.0184333473443985, 0.01369592547416687, 0.006031499709933996, -0.0008358258055523038, -0.00908113457262516, 0.0065026599913835526, 0.02186700887978077, -0.013812101446092129, 0.0009350599138997495, 0.01573546975851059, 0.02088596299290657, 0.0028608476277440786, -0.003917731810361147, -0.01075924001634121, 0.012127541936933994, -0.017374848946928978, 0.0036401988472789526, -0.008945594541728497, 0.0065575214102864265, 0.013992820866405964, -0.03113531693816185, 0.005686196964234114, 0.007674106862396002, 0.02669479139149189, -0.020950505509972572, -0.009920187294483185, 0.005237626377493143, -0.0030512481462210417, 0.0003156533057335764, -0.008145267143845558, 0.001739421277306974, 0.007493387907743454, -0.014522070065140724, -0.001326348981820047, -0.021324852481484413, 0.00478582875803113, 0.006560748443007469, 0.008145267143845558, -0.008442163467407227, 0.025791196152567863, -0.0025607249699532986, -0.030670611187815666, -0.013592656701803207, 0.021027956157922745, -0.007196492049843073, -0.017697561532258987, -0.014496252872049809, -0.0018136451253667474, 0.0006196083268150687, -0.01749102585017681, 0.006008909549564123, 0.022112270817160606, -0.03526603803038597, -0.01114649511873722, 0.005082724150270224, -0.025817012414336205, 0.0025784741155803204, -0.00821626465767622, -0.027236947789788246, 0.02256406843662262, 0.010597883723676205, -0.01678105816245079, 0.014444618485867977, 0.019040046259760857, 0.030257537961006165, 0.01914331503212452, 0.02434544265270233, 0.036763425916433334, -0.004585746675729752, 0.02228008210659027, -0.02839871309697628, 0.01059142965823412, -0.02190573513507843, -0.0030899737030267715, -0.012101724743843079, -0.0029786378145217896, 0.02628171816468239, -0.0075837476179003716, 0.0147286057472229, -0.0013812101678922772, -0.0018362350529059768, -0.007900006137788296, 0.007403028197586536, -0.018562432378530502, 0.008622881956398487, 0.01130139734596014, 0.010087997652590275, -0.02162174880504608, -0.019608020782470703, 0.008648699149489403, 0.005321531556546688, 0.014328441582620144, -0.00024263958039227873, 0.004008091054856777, 0.0018281672382727265, -0.02024053782224655, 0.002981864847242832, 0.0027123999316245317, -0.015929097309708595, 0.003940321505069733, -0.008125904947519302, -0.007461116649210453, -0.02974119782447815, -0.032710153609514236, 0.014096088707447052, -0.003517567878589034, -0.00904886331409216, 0.00926185306161642, 0.022163905203342438, 0.011921005323529243, -0.002400982193648815, -0.001060111098922789, -0.00822917278856039, 0.0020637474954128265, -0.0052021280862390995, 0.02089887112379074, 0.01028162520378828, 0.026849692687392235, -0.004395346622914076, -0.024526162073016167, -0.012921415269374847, -0.007435299456119537, -0.019969459623098373, 0.00889396108686924, 0.009068225510418415, 0.012598701752722263, -0.008409892208874226, -0.009545840322971344, 0.02262861095368862, -0.007983910851180553, 0.040222905576229095, -0.04280460625886917, -0.031057866290211678, 0.0019653202034533024, 0.0023638701532036066, -0.024203449487686157, -0.01610981673002243, -0.011036773212254047, -0.016832692548632622, 0.018407529219985008, 0.01812354288995266, -0.01747811771929264, -0.017258672043681145, -0.030205905437469482, 0.00853252224624157, 0.007628927007317543, 0.008829418569803238, -0.014741513878107071, 0.022499525919556618, -0.018059000372886658, 0.018652791157364845, -0.012940777465701103, -0.03593728318810463, 0.04391473904252052, 0.0067059691064059734, 0.006063770968466997, 0.006163811776787043, 0.002368710935115814, 0.006951230578124523, 0.0076999240554869175, -0.008171084336936474, 0.002418731339275837, -0.009952458553016186, 0.010307442396879196, 0.03082551248371601, -0.02777910605072975, 0.011753194965422153, 0.013173130340874195, 0.02122158370912075, 0.02222844772040844, 0.016639064997434616, 0.013463571667671204, -0.005621654447168112, -0.005886279046535492, -0.005637790076434612, 0.038880422711372375, 0.029586296528577805, -0.032348718494176865, 0.04143630713224411, 0.02228008210659027, 0.00419849157333374, 0.02287387289106846, -0.031238585710525513, 0.008429254405200481, 0.005653925705701113, -0.01265679020434618, -0.005098859779536724, -0.6476972103118896, -0.030541526153683662, 0.0026333353016525507, -0.0410490483045578, 0.0006280795205384493, 0.0036047003231942654, 0.031625840812921524, -0.01044943556189537, -0.0055926102213561535, -0.0016684244619682431, 0.023054592311382294, 0.010242899879813194, 0.0005679742898792028, -0.012463162653148174, -0.0161227248609066, -0.016497071832418442, 0.014651155099272728, -0.005860461853444576, 0.012056545354425907, 0.013056954368948936, -0.011862916871905327, 0.024461619555950165, -0.038518983870744705, -0.027624202892184258, 0.016574522480368614, -0.012256626971065998, 0.001765238237567246, -0.026798058301210403, 0.0233127623796463, -0.012463162653148174, -0.010068634524941444, 0.018898053094744682, 0.025752469897270203, 0.026191359385848045, 0.04099741578102112, -0.00023880736262071878, -0.002307395450770855, 0.021828284487128258, 0.049078140407800674, 0.011540204286575317, -0.008881052024662495, 0.00736430287361145, 0.04032617434859276, 0.021053774282336235, -0.006221900228410959, 0.026410803198814392, 0.032013095915317535, -0.0018943232716992497, 0.02020181156694889, -0.028192177414894104, -0.009281216189265251, 0.01044943556189537, -0.0147286057472229, 0.008784238249063492, 0.02637207880616188, -0.007215855177491903, 0.02468106336891651, 0.009126313962042332, -0.03172910958528519, 0.0014296170556917787, 0.021363578736782074, -0.00941675528883934, 0.015864554792642593, -0.036995779722929, -0.02327403612434864, -0.00487941550090909, -0.015412756241858006, 0.00853897724300623, 0.007435299456119537, 0.011191675439476967, -0.003398164175450802, 0.02497795969247818, 0.006835054140537977, 0.0021363578271120787, 0.008035545237362385, 0.017710471525788307, 0.014973867684602737, -0.001212592818774283, 0.014599520713090897, 0.012611610814929008, 0.012159813195466995, 0.00717712938785553, -0.01742648333311081, -0.009113405831158161, -0.014457526616752148, -0.01603236421942711, -0.010830236598849297, -0.021002139896154404, 0.02845034748315811, 0.00939739216119051, 0.0194789357483387, -0.02055034227669239, -0.0024994094856083393, -0.03190982714295387, -0.008803601376712322, 0.011030318215489388, 0.01264388207346201, -0.022693153470754623, 0.010726968757808208, -0.00033078048727475107, -0.028631066903471947, -0.01712958700954914, -0.016561614349484444, -0.0013384507037699223, 0.012521251104772091, -0.010914142243564129, 0.00753211323171854, -0.0027430576737970114, 0.023015866056084633, -0.010397802107036114, 0.0023106227163225412, -0.006764057092368603, -0.03345884755253792, -0.02256406843662262, -0.0017620110884308815, -0.023390213027596474, 0.02459070459008217, 0.013657200150191784, -0.00019282080756966025, 0.009694288484752178, 0.0010141244856640697, 0.014250990934669971, 0.021686291322112083, -0.028527798131108284, -0.023506389930844307, 0.04918140918016434, -0.008048453368246555, 0.0053731659427285194, 0.007900006137788296, 0.00035740426392294466, 0.00870678760111332, 0.0077321953140199184, 0.018007365986704826, -0.009836281649768353, -0.004285624250769615, 0.0053699384443461895, -0.0014191289665177464, -0.027520935982465744, 0.02296423353254795, -0.02120867557823658, -0.023390213027596474, -0.006828600075095892, 0.0019572521559894085, 0.0005417538923211396, -0.0336395688354969, 0.00337234721519053, -0.04458598047494888, 0.021996093913912773, 0.00039310436113737524, 0.019646747037768364, -0.03276178985834122, -0.0011770944111049175, 0.0020621339790523052, 0.0030754515901207924, -0.003478842554613948, -0.007803191896528006, 0.023416031152009964, -0.02022762969136238, 0.019659655168652534, -0.007628927007317543, -0.017581386491656303, -0.0023590296041220427, -0.021079590544104576, 0.0033239403273910284, 0.00294798007234931, -0.004340485204011202, 0.019750013947486877, 0.008590610697865486, -0.016613246873021126, -0.024539070203900337, -0.0007966968696564436, -0.012689061462879181, 0.0036853784695267677, 0.015128768980503082, -0.0018071908270940185, 0.01301822904497385, -0.012088816612958908, -0.008242080919444561, -0.0026720608584582806, -0.007164220791310072, 0.0023913008626550436, 0.015270763076841831, -0.008939140476286411, 0.022486617788672447, 0.004950412083417177, 0.04716768115758896, -0.00037938906461931765, -0.0009947618236765265, -0.017542660236358643, 0.011785466223955154, -0.019298216328024864, 0.017336124554276466, 0.015503115952014923, 0.012069453485310078, 0.007332031615078449, -0.0034627069253474474, -0.006609155330806971, -0.010320350527763367, -0.014973867684602737, -0.004217854235321283, 0.0003499415470287204, -0.005857234820723534, 0.027908191084861755, -0.014315533451735973, 0.022021912038326263, -0.005037544760853052, 0.017710471525788307, -0.011230400763452053, 0.044689249247312546, 0.01576128602027893, 0.00042598071740940213, -0.013244127854704857, -0.01081087440252304, -0.0157741941511631, -0.014870598912239075, 0.011411119252443314, 0.005173083860427141, 0.029173225164413452, -0.008267898112535477, -0.030928781256079674, 0.028140543028712273, 0.015193311497569084, 0.027211131528019905, 0.016509979963302612, -0.006789874285459518, -0.0042598070576786995, 0.026488255709409714, 0.014147723093628883, 0.008300169371068478, -0.004808418452739716, -0.002000818494707346, 0.008300169371068478, 0.013889553025364876, -0.002346121007576585, 0.03968074917793274, 0.03005100227892399, 0.03562747687101364, -0.01879478432238102, 0.01195973064750433, 0.007525659166276455, 0.02772747166454792, 0.009520023129880428, 0.018730241805315018, -0.008648699149489403, 0.04066179320216179, 0.0321163646876812, 0.026798058301210403, 0.03252943605184555, -0.00175232975743711, 0.0031109501142054796, 0.0035014322493225336, -0.004492160398513079, -0.02193155139684677, 0.004304986912757158, 0.026539888232946396, 0.012785875238478184, 0.026798058301210403, 0.023028776049613953, 0.006125086452811956, -0.0006551066762767732, 0.0008342122309841216, 0.0023122362326830626, 0.035420943051576614, -0.009029500186443329, 0.027262765914201736, 0.0038080094382166862, -0.03456898033618927, 0.0014320374466478825, 0.012172721326351166, -0.012269535101950169, -0.01111422386020422, 0.003340075956657529, 0.007467570714652538, -0.003656334476545453, 0.003106109332293272, 0.013889553025364876, -0.0002511107886675745, 0.032322898507118225, 0.016845600679516792, 0.0028205085545778275, 0.013076316565275192, -0.013005319982767105, 0.01319894753396511, 0.015244945883750916, 0.0017894416814669967, -0.01489641610532999, 0.0018927097553387284, 0.00821626465767622, -0.020356714725494385, 0.03255525231361389, 0.012669699266552925, -0.00960392877459526, -0.012553522363305092, 0.009752376936376095, -0.00478582875803113, 0.014522070065140724, 0.0028818240389227867, -0.05483533442020416, -0.015477298758924007, -0.005324759054929018, 0.007138404063880444, -0.006764057092368603, 0.012766513042151928, -0.016509979963302612, 0.03585983067750931, 0.006231581326574087, 0.012295352295041084, 0.01126912608742714, 0.011533750221133232, -0.0018604384968057275, 0.015993639826774597, 0.010552704334259033, -0.0017749195685610175, 0.01643252931535244, 0.03552420809864998, -0.010707605630159378, 0.004605109803378582, -0.018304262310266495, 0.037512119859457016, -0.006628517992794514, 0.0008576089167036116, 0.013553931377828121, -0.013295761309564114, 0.009868552908301353, 0.06289024651050568, 0.004340485204011202, 0.010042818263173103, 0.006815691478550434, 0.006338076665997505, -0.010991592891514301, -0.044663432985544205, -0.0062799882143735886, 0.018252627924084663, 0.0006280795205384493, -0.01878187619149685, -0.00452120415866375, 0.008171084336936474, 0.01848498173058033, 0.011927459388971329, 0.02736603282392025, 0.008293715305626392, -0.030902964994311333, -0.0006010523065924644, -0.008119450882077217, -0.03175492584705353, 0.004779374692589045, 0.04856180027127266, 0.018975503742694855, 0.005753966514021158, -0.014302625320851803, 0.0001857614697655663, 0.010720514692366123, 0.004434071946889162, -0.022034820169210434, 0.010817328467965126, 0.01946602761745453, -0.0016458345344290137, 0.025197403505444527, 0.010326804593205452, 0.010739876888692379, 0.013147314079105854, -0.015141678042709827, -0.0001688190532149747, -0.007409482728689909, 0.03240035101771355, -0.008952049538493156, 0.006350985262542963, 0.011727377772331238, 0.016019456088542938, -0.014586612582206726, 0.006183174438774586, 0.020976323634386063, -0.010029909200966358, 0.024435803294181824, 0.02017599530518055, 0.007041590288281441, -0.013502297922968864, -0.00563456304371357, 0.007015773095190525, -0.023506389930844307, -0.0005542589933611453, -0.003720876993611455, 0.010520433075726032, -0.021634656935930252, -0.027804922312498093, -0.01911749877035618, 0.004250125493854284, 0.005947594065219164, -0.04079087823629379, -0.017723379656672478, -0.007641835603863001, 0.007551476359367371, -0.02469397336244583, -0.012282444164156914, 0.013515206053853035, -0.022848056629300117, -0.012902052141726017, 0.026165543124079704, 0.022512435913085938, -0.019659655168652534, 0.01024935394525528, -0.00908113457262516, -0.0046728793531656265, 0.010739876888692379, -0.008835872635245323, -0.012714878655970097, -0.020640701055526733, -0.0383898988366127, -0.004837462678551674, 0.044301994144916534, -0.01816226914525032, -0.010920596309006214, 0.004960093647241592, 0.015567658469080925, -0.01883351057767868, 0.002839871449396014, 0.00709967827424407, -0.0046212454326450825, 0.04391473904252052, 0.006076679565012455, -0.01369592547416687, 0.014844782650470734, 0.005966957192867994, -0.028243811801075935, -0.0022267173044383526, -0.00019715726375579834, -0.0027511254884302616, -0.023441847413778305, 0.005960502661764622, -0.009487751871347427, -0.0016256649978458881, 0.002112154383212328, -0.004330803640186787, 0.003595018992200494, 0.007951639592647552, -0.022163905203342438, 0.011443390510976315, 0.005208582151681185, -0.017904099076986313, 0.046083368360996246, -0.0012198538752272725, 0.011056135408580303, 0.01671651564538479, -0.00890686921775341, 0.0195434782654047, -0.04133303835988045, 0.03082551248371601, 0.03929349407553673, -0.016213083639740944, 0.009410301223397255, -0.002094405237585306, -0.01985328271985054, -0.014238082803785801, -0.01674233190715313, -0.007157766725867987, 0.029534662142395973, 0.016910143196582794, -0.0321163646876812, -0.03348466381430626, -0.022060636430978775, -0.01028162520378828, -0.002236398635432124, -0.025494299829006195, 0.02151848003268242, -0.02526194602251053, 0.03172910958528519, -0.007235217839479446, 0.011837100610136986, 0.004747102968394756, -0.028889236971735954, -0.021647565066814423, 0.023002957925200462, -0.012689061462879181, 0.026565706357359886, -0.027262765914201736, 0.0222671739757061, -0.008429254405200481, 0.019659655168652534, -0.012243717908859253, -0.030257537961006165, 0.014612428843975067, -0.03074806183576584, 0.036040548235177994, 0.021105408668518066, 0.017917007207870483, -0.0015942004974931479, 0.02024053782224655, 0.0026720608584582806, -0.0010084770619869232, 0.012314715422689915, -0.016148541122674942, -0.006047635339200497, -0.020589066669344902, -0.00487941550090909, 0.0256879273802042, 0.005773329641669989, -0.01746520958840847, -0.010300988331437111, 0.026462437584996223, 0.021428121253848076, -0.006460707634687424, -0.0060928151942789555, -0.04135885462164879, -0.010165448300540447, -0.002058906713500619, 0.01674233190715313, -0.0003983484348282218, 0.002173469867557287, -0.031032050028443336, -0.0020508388988673687, 0.019285308197140694, -0.016845600679516792, -0.00020774627046193928, 0.00014229610678739846, 0.02428090013563633, -0.01851079799234867, 0.0029495935887098312, -0.0171037707477808, 0.051169317215681076, 0.0032836012542247772, -0.012914960272610188, -0.032968323677778244, -0.02363547496497631, -0.00529571482911706, 0.006383256521075964, 0.01953057013452053, 0.013592656701803207, -0.02808891050517559, -0.012747149914503098, 0.008932686410844326, -0.008958503603935242, -0.006470388732850552, 0.009952458553016186, -0.0006321134278550744, -0.011830645613372326, -0.02287387289106846, 0.007512750569730997, -0.005379620008170605, 0.002205741126090288, 0.01671651564538479, 0.005553884897381067, 0.04610918462276459, -0.01643252931535244, 0.006125086452811956, 0.024397077038884163, -0.030928781256079674, 0.027598386630415916, -0.0036369715817272663, 0.011081952601671219, -0.015296580269932747, 0.01707795448601246, -0.021608838811516762, -2.1152805857127532e-05, 0.002836644183844328, -0.0072868517599999905, 0.02398400567471981, 0.01882060244679451, -0.0023977551609277725, 0.006347757764160633, 0.005056907422840595, 0.0430111438035965, 0.010875416919589043, -0.020769786089658737, 0.031316034495830536, 0.009565203450620174, 0.00555711193010211, -0.011992002837359905, 0.015464390628039837, -0.032038912177085876, -0.0030044547747820616, 0.001857211347669363, -0.03012845292687416, 0.006160584744066, -0.008293715305626392, -0.008338894695043564, 0.035808198153972626, -0.015606383793056011, 0.014457526616752148, 0.0184978898614645, -0.008700333535671234, 0.03934512659907341, -0.011527296155691147, 0.008526068180799484, -0.00264785741455853, 0.028811786323785782, 0.03172910958528519, 0.012540614232420921, -0.028837602585554123, -0.0009390938212163746, 0.013282853178679943, -0.0161227248609066, -0.0045341127552092075, 0.0020508388988673687, 0.027236947789788246, -0.008751966990530491, -0.022848056629300117, -0.004434071946889162, 0.011256217956542969, 0.021273218095302582, 0.01613563299179077, -0.011598292738199234, 0.002205741126090288, -0.012101724743843079, -0.025068318471312523, -0.012701970525085926, -0.006025045178830624, -0.015980731695890427, -0.009494205936789513, 0.003778965212404728, -0.007990365847945213, 0.01489641610532999, -0.014444618485867977, 0.002705945633351803, -0.020395439118146896, -0.010042818263173103, 0.004066179506480694, -0.036815058439970016, 0.009720105677843094, 0.01213399600237608, 0.0002805583062581718, 0.008900415152311325, 0.019259491935372353, -0.05101441591978073, 0.004782601725310087, -0.00403068121522665, 0.02264152094721794, -0.02260279469192028, 0.013173130340874195, -0.006951230578124523, -0.012204992584884167, 0.023054592311382294, -0.012618064880371094, -0.021479753777384758, -0.04337258264422417, 0.0017152178334072232, 0.00872615072876215, -0.017568476498126984, -0.009565203450620174, 0.00020139287516940385, -0.001486898516304791, 0.011940368451178074, -0.014328441582620144, -0.010849599726498127, 0.013411938212811947, 0.007525659166276455, 0.0035788833629339933, 0.046005915850400925, -0.02531358040869236, 0.011540204286575317, 0.0030754515901207924, 0.007048044353723526, -0.027598386630415916, -0.006996410433202982, 3.756576916202903e-05, 0.005786237772554159, -0.018213901668787003, -0.020589066669344902, -0.022021912038326263, -0.018149359151721, 0.0043114409781992435, -0.0037886465433984995, 0.014935141429305077, 0.001353779574856162, -0.01639380306005478, -0.006409073248505592, -0.020937597379088402, -0.002054066164419055, 0.027572570368647575, -0.03263270482420921, -0.014689880423247814, 0.0017716925358399749, -0.01680687442421913, -0.05297651141881943, -0.024164723232388496, 0.019982367753982544, 0.040868330746889114, 0.00821626465767622, -0.013579748570919037, 0.0071190414018929005, 0.008939140476286411, -0.061031416058540344, 0.009035954251885414, -0.02116995118558407, 0.007770920637995005, 0.018639883026480675, 0.01576128602027893, -0.016703607514500618, 0.04200427979230881, -0.007603110279887915, -0.0033820285461843014, -0.0051504941657185555, 0.0042081731371581554, -0.010630154982209206, -0.006989956367760897, 0.03766702115535736, -0.00693186791613698, -0.035472575575113297, -0.022112270817160606, 0.03632453829050064, -0.012198538519442081, -0.013424846343696117, -0.0009463548776693642, -0.01077214814722538, 0.014108997769653797, 0.020989231765270233, -0.0012109793024137616, 0.012760058045387268, 0.008067816495895386, 0.002238012384623289, -0.03214218094944954, 0.0006522829644382, 0.014134814031422138, 0.013257035985589027, 0.013295761309564114, -0.011798374354839325, 0.005511932075023651, -0.000657527067232877, -0.005247307941317558, 0.018614066764712334, -0.00943611841648817, -0.006099269259721041, -0.02327403612434864, -0.005834644660353661, 0.0080290911719203, 0.009442572481930256, 0.016587430611252785, -0.002007272792980075, 0.007344940211623907, 0.0007809646194800735, 0.0073384856805205345, -0.01559347566217184, -0.0005082724383100867, -0.0037434669211506844, -0.01573546975851059, -0.005482887849211693, -0.024461619555950165, 0.004172674845904112, 0.035446759313344955, -0.004301759880036116, -0.014328441582620144, -0.024461619555950165, -0.018936779350042343, 0.022654429078102112, 0.0063445307314395905, 0.01488350797444582, -0.0011916165240108967, -0.0006091201212257147, -0.03007682040333748, -0.002300941152498126, -0.011462753638625145, -0.0030044547747820616, 0.002878597006201744, -0.011882279999554157, 0.012895598076283932, -0.02468106336891651, 0.014225173741579056, 0.002831803634762764, 0.015890371054410934, -0.01418644841760397, 0.006299350876361132, 0.17586548626422882, 0.008435708470642567, -0.0012246945407241583, 0.02912159077823162, -0.02533939853310585, -0.014831873588263988, -0.009339304640889168, 0.02021472156047821, -0.0013061794452369213, 0.033717017620801926, -0.0017991230124607682, -0.01644543744623661, -0.02391946129500866, 0.011992002837359905, -0.007803191896528006, 0.013399029150605202, -0.034801334142684937, 0.0072029465809464455, -0.03113531693816185, 0.03650525584816933, 0.032348718494176865, -0.01387664396315813, -0.0020685880444943905, -0.00410490483045578, 0.029973551630973816, 0.014134814031422138, 0.022680245339870453, 0.020589066669344902, 0.02598482370376587, 0.014070271514356136, 0.0033207132946699858, -0.019595112651586533, 0.005566793493926525, -0.013954095542430878, -0.03622126951813698, -0.005618427414447069, 0.015954913571476936, -0.021453937515616417, 0.00020552762725856155, 0.007654744200408459, -0.004243671428412199, -0.009984729811549187, -0.006054089404642582, -0.015102952718734741, -0.012204992584884167, -0.014651155099272728, -0.041591208428144455, 0.010494615882635117, -0.02288678102195263, -0.0014409120194613934, -0.03890623897314072, -0.006828600075095892, 0.007809646427631378, 0.010707605630159378, 0.02672060765326023, 0.005002046003937721, 0.006609155330806971, -0.015567658469080925, 0.0032142181880772114, -0.0039209588430821896, -0.007396574132144451, 0.0043759834952652454, -0.040919963270425797, 0.019982367753982544, -0.021815376356244087, -0.009713650681078434, -0.017917007207870483, 0.01884641870856285, -0.003375574480742216, 0.012579339556396008, -0.028605250641703606, -0.0024058229755610228, -0.027211131528019905, -0.003930640406906605, -0.010488161817193031, -0.00376605661585927, 0.025094136595726013, 0.0009052089881151915, 0.014057363383471966, 0.01818808540701866, -0.030877146869897842, -0.013967003673315048, -0.005670061334967613, 0.033045776188373566, -0.003946776036173105, -0.007816100493073463, 0.024900509044528008, -0.0028995731845498085, -0.010255808010697365, -0.015438573434948921, 0.003296509850770235, 0.0017733060522004962, -0.010430073365569115, 0.0011553113581612706, -0.0038531890604645014, -0.00760956434533, -0.009997637942433357, 0.0242292657494545, -0.0004626892623491585, 0.015903279185295105, -0.03309740871191025, 0.06521377712488174, 0.0256879273802042, -0.020731061697006226, -0.010643063113093376, 0.0009003683226183057, -0.01679396629333496, 0.019659655168652534, 0.009339304640889168, -0.00048043846618384123, -0.021453937515616417, -0.020034002140164375, -0.017349032685160637, -0.02734021656215191, -0.0017926688306033611, -0.011527296155691147, -0.01044943556189537, -0.03322649374604225, 0.014470435678958893, -0.04685787856578827, -0.02394527941942215, -0.008687424473464489, 0.015451482497155666, 0.011307851411402225, -0.017620110884308815, -0.012908506207168102, -0.019091680645942688, 0.005566793493926525, 0.02390655316412449, -0.046393170952796936, -0.0006659982609562576, -0.008558339439332485, -0.02217681333422661, -0.011191675439476967, -0.010004092007875443, 0.013760467991232872, 0.010862507857382298, -0.029612112790346146, -0.004982683341950178, 0.004001636989414692, 0.010158994235098362, -0.030670611187815666, 0.014534978196024895, 0.008609973825514317, 0.0030899737030267715, 0.0060379537753760815, -0.008506705984473228, 0.0012561590410768986, -0.005256989039480686, 0.004750330466777086, -0.011140041053295135, -0.025855738669633865, 0.00041992985643446445, -0.017904099076986313, -0.004211400169879198, -0.02496505156159401, 0.004098450765013695, -0.04690951108932495, 0.008952049538493156, -0.002486501121893525, -0.024177633225917816, 0.014676971361041069, 0.021725015714764595, -0.0065575214102864265, 0.0011303010396659374, 0.005466752219945192, -0.16089162230491638, 0.030618976801633835, 0.03557584434747696, 0.0004929435672238469, 0.03890623897314072, 0.008112995885312557, -0.0017749195685610175, 0.008325986564159393, -0.023093318566679955, 0.02155720628798008, 0.017658837139606476, -0.025236129760742188, -0.0090746795758605, 0.0030431803315877914, -0.01521912869066, -0.0055603389628231525, -0.0018362350529059768, 0.017555568367242813, 0.021299036219716072, 0.012011365033686161, 0.0038596433587372303, -0.0104365274310112, -0.0025203858967870474, -0.024745605885982513, -0.010830236598849297, -0.005231172312051058, -0.030231721699237823, -0.00015984360652510077, -0.004511523060500622, -0.011372393928468227, -0.022034820169210434, 0.0020459983497858047, 0.023119134828448296, -0.012689061462879181, -0.0037434669211506844, -0.023777468129992485, -0.020627792924642563, -0.014625337906181812, -0.038467347621917725, 0.03831244632601738, 0.012527705170214176, 0.007344940211623907, -0.021983185783028603, -0.007603110279887915, -0.0007345746853388846, 0.019401485100388527, 0.032968323677778244, 0.0007309441571123898, 0.006247716955840588, -0.023880736902356148, -0.00990727823227644, -0.022150997072458267, -0.0020879509393125772, 0.004553475417196751, -0.010513978078961372, -0.01370883360505104, -0.03221963346004486, 0.03172910958528519, 0.005692651495337486, -0.0090424083173275, -0.001212592818774283, -0.007777375169098377, 0.03152257204055786, -0.0039855013601481915, -0.007319123018532991, -0.020950505509972572, 0.0036111546214669943, 0.014341350644826889, -0.009132768027484417, -0.01707795448601246, 0.013954095542430878, -0.023338578641414642, 0.0073707569390535355, -0.03702159598469734, 0.0050956327468156815, 0.014483343809843063, -0.0026446301490068436, 0.011992002837359905, 0.022409167140722275, -0.01578710414469242, 0.008429254405200481, 0.039887282997369766, -0.019620928913354874, -0.006609155330806971, -0.007461116649210453, 0.027469301596283913, 0.017620110884308815, 0.012818146497011185, -0.032658521085977554, 0.008945594541728497, 0.02533939853310585, -0.02466815523803234, -0.02326112799346447, -0.010610791854560375, 0.004250125493854284, 0.024409985169768333, 0.007228763308376074, -0.015967821702361107, -0.004062952473759651, 0.00454056728631258, 0.012056545354425907, -0.016535796225070953, -0.046393170952796936, 0.008235626854002476, 0.013915370218455791, 0.025933189317584038, -0.02159593068063259, 0.006867325399070978, 0.029250675812363625, -0.00013090032734908164, 0.012850417755544186, 0.005298941861838102, 0.024358350783586502, 0.016651973128318787, 0.010294533334672451, 0.001409447519108653, -0.005224717780947685, -0.013115042820572853, -0.02155720628798008, -0.007816100493073463, 0.016277626156806946, 0.013528114184737206, -0.004379210993647575, 0.004385665059089661, -0.005918550305068493, -0.006899596657603979, -0.10197719931602478, -0.0315483883023262, 0.01607109047472477, 0.023170769214630127, 0.01782664656639099, -0.019052956253290176, -0.01216626726090908, 0.03012845292687416, -0.003223899519070983, 0.008577702566981316, 0.004201718606054783, -0.02571374550461769, 0.00589596014469862, -0.0075837476179003716, 0.027546752244234085, -0.006957685109227896, 0.013411938212811947, 0.0017862145323306322, -0.007525659166276455, 0.01286332681775093, -0.000522794493008405, -0.035420943051576614, -0.013747558929026127, -0.006712423171848059, -0.009352212771773338, -0.003446571296080947, -0.023764559999108315, -0.0006692253518849611, 0.007525659166276455, 0.0034046184737235308, -0.017929915338754654, -0.0002466735022608191, 0.015916189178824425, 0.018355896696448326, -0.014341350644826889, -0.02088596299290657, -0.011172312311828136, -0.03733139857649803, 0.023119134828448296, -0.003785419510677457, -0.00760956434533, 0.005741058383136988, 0.012050090357661247, -0.010346167720854282, 0.01521912869066, -0.0184978898614645, -0.018381712958216667, 0.018652791157364845, 0.007041590288281441, -0.027288582175970078, -0.0009826601017266512, -0.02083432860672474, 0.008164630271494389, -0.026823876425623894, 0.012217901647090912, -0.023351488634943962, 0.007758012507110834, 0.025171587243676186, -0.010397802107036114, -0.0017668517539277673, 0.02256406843662262, 0.015606383793056011, 0.008371165953576565, 0.013476480729877949, 0.018601156771183014, -0.007906460203230381, -0.01146920770406723, -0.00029951767646707594, 0.01914331503212452, -0.04938794672489166, 0.011075498536229134, 0.0003348143945913762, -0.02362256683409214, -0.009900824166834354, -0.024384168907999992, -0.008816509507596493, -0.035085320472717285, -0.020666519179940224, -0.023144951090216637, -0.013528114184737206, -0.002292873337864876, -0.015090043656527996, 0.02976701594889164, -0.01316667627543211, 0.027288582175970078, 0.023196585476398468, -0.013799193315207958, -0.015180403366684914, 0.03493041917681694, -0.04388892278075218, 0.003288442036136985, 0.020808512344956398, 0.024164723232388496, 0.008054908365011215, -0.02253825217485428, 0.021118316799402237, 0.0023880735971033573, -0.01883351057767868, -0.03451734408736229, 0.020950505509972572, -0.03906114026904106, -0.0019056182354688644, -0.05509350448846817, 0.01610981673002243, 0.014664063230156898, -0.022667337208986282, 0.002896346151828766, 0.00973946787416935, 0.013295761309564114, -0.006847962737083435, 0.011424028314650059, 0.008087179623544216, -0.02397109568119049, 0.016161449253559113, -0.003720876993611455, -0.016484161838889122, -0.01265679020434618, 0.00921667367219925, 0.006609155330806971, -0.007041590288281441, 0.01077214814722538, -0.008190447464585304, -0.028915053233504295, -0.002544589340686798, 0.0021557204890996218, -0.004469570238143206, -0.029560480266809464, 0.017904099076986313, -0.02912159077823162, 0.011766103096306324, -0.02845034748315811, -0.009152131155133247, 0.018342986702919006, -0.008254989981651306, -0.014418801292777061, 0.007196492049843073, -0.028192177414894104, -0.042598072439432144, -0.017400667071342468, 0.03005100227892399, 0.028605250641703606, -0.029328126460313797, 0.01130139734596014, -0.027985641732811928, 0.004337258171290159, -0.031341854482889175, 0.004579292610287666, -0.006034726742655039, -0.025739561766386032, 0.0019459573086351156, 0.01435425877571106, 0.0067576030269265175, 0.005628108978271484, 0.018200993537902832, 0.0019588659051805735, -0.0043985736556351185, -0.01230180636048317, -0.008190447464585304, -0.01520622055977583, -0.012760058045387268, -0.001699082087725401, -0.038880422711372375, 0.04210754856467247, 0.007312668953090906, 0.022473709657788277, -0.004827781580388546, 0.020085636526346207, 0.006357439327985048, -0.014134814031422138, 0.014973867684602737, 0.005098859779536724, -0.01580001227557659, 2.0686386051238514e-05, 0.013257035985589027, 0.004201718606054783, 0.015361122786998749, -0.02017599530518055, -0.0015094884438440204, -0.006509114522486925, 0.014212265610694885, -0.012992411851882935, 0.025752469897270203, 0.029147407039999962, -0.011617655865848064, -0.022460801526904106, 0.033355578780174255, 0.027572570368647575, 0.008751966990530491, -0.007809646427631378, 0.011682198382914066, 0.000583706540055573, -0.011430482380092144, -0.00435339380055666, 0.014909325167536736, 0.001954025123268366, 0.01578710414469242, 0.030670611187815666, 0.012127541936933994, -0.018200993537902832, -0.01250188797712326, 0.01435425877571106, 0.013644291087985039, -0.007925823330879211, -0.0028221223037689924, -0.009875006973743439, -0.011585384607315063, -0.03663434088230133, 0.009868552908301353, -0.0053699384443461895, -0.012566430494189262, -0.036143817007541656, 0.02355802431702614, -0.005724922753870487, 0.011921005323529243, 0.012217901647090912, -0.0020104998257011175, 0.004592201206833124, 0.007706378120929003, -0.008448617532849312, 0.012785875238478184, -0.007196492049843073, 0.01639380306005478, -0.010158994235098362, 0.000359824625775218, -0.0031625840347260237, 0.00804199930280447, 0.006447799038141966, 0.030618976801633835, -0.00779673783108592, -0.013360303826630116, -0.0032222860027104616, -0.029534662142395973, 0.025378122925758362, 0.0033174860291182995, -0.01910458877682686, -0.003459479659795761, -0.008500250987708569, -0.0037821922451257706, -0.010010547004640102, 0.0009439345449209213, -0.008945594541728497, 0.05499023571610451, 0.049103956669569016, 0.002628494519740343, -0.01109486073255539, -0.004133949056267738, 0.016303444281220436, 0.0038564163260161877, -0.008900415152311325, 0.024487435817718506, -0.03113531693816185, 0.02633335255086422, 0.006470388732850552, -0.013044045306742191, -0.030231721699237823, -0.021815376356244087, -0.0052537620067596436, -0.00625417148694396, 0.02390655316412449, 0.008835872635245323, 0.005050452891737223, 0.00693186791613698, -0.021996093913912773, 0.044611796736717224, 0.02461652085185051, -0.02257697843015194, -0.018988411873579025, 0.005602291785180569, 0.001979842083528638, -0.0073707569390535355, -0.022331716492772102, -0.011023864150047302, 0.0031754926312714815, -0.008390529081225395, 0.00028519731131382287, 0.03529185801744461, 0.0066220639273524284, -0.029973551630973816, -0.02015017904341221, 0.016884326934814453, 0.017697561532258987, 0.016703607514500618, 0.002962502185255289, -0.022099362686276436, -0.02674642577767372, -0.03356211632490158, 0.028915053233504295, -0.017581386491656303, -0.021015048027038574, -0.018394621089100838], 'ai_metadata': {'tags': ['construction', 'document'], 'document_type': 'unknown', 'topics': ['Fire Rating Requirements for Steel Structures'], 'supplier_mentions': [], 'categories': ['general'], 'summary': '```json\n{\n  "tags": [\n    "AS 1530.4",\n    "BCA",\n    "fire resistance",\n    "building classification",\n    "fire rating",\n    "steel structures"\n  ],\n  "document_type": "specification",\n  "topics": ['}, 'created_timestamp': '2025-08-10T02:44:52.733000', 'status': 'active', 'reference_count': 0, 'helpful_votes': 0, 'view_count': 0}, 'similarity_score': 0.8182345457263266}, {'type': 'mentor_note', 'note': {'_id': '6899500fed43436dd22d0e46', 'note_id': '0a949bfc-9d1b-4eeb-9ed3-bcbb2c1964f7', 'user_id': 'dev_user_123', 'user_email': 'dev@example.com', 'title': 'Fire Rating Requirements for Steel Structures', 'content': 'When designing steel structures in commercial buildings, fire rating requirements must be considered early in the design process. AS 1530.4 provides the testing methodology for fire resistance, while the BCA specifies minimum requirements based on building classification and height.', 'tags': ['fire-rating', 'steel', 'BCA', 'AS1530', 'construction', 'document'], 'category': 'structural-design', 'attachment_url': None, 'embedding': [-0.0028076001908630133, -0.004995591938495636, -0.0315483883023262, -0.0424431674182415, 0.006034726742655039, -0.015386939980089664, -0.017710471525788307, -0.0184333473443985, 0.01369592547416687, 0.006031499709933996, -0.0008358258055523038, -0.00908113457262516, 0.0065026599913835526, 0.02186700887978077, -0.013812101446092129, 0.0009350599138997495, 0.01573546975851059, 0.02088596299290657, 0.0028608476277440786, -0.003917731810361147, -0.01075924001634121, 0.012127541936933994, -0.017374848946928978, 0.0036401988472789526, -0.008945594541728497, 0.0065575214102864265, 0.013992820866405964, -0.03113531693816185, 0.005686196964234114, 0.007674106862396002, 0.02669479139149189, -0.020950505509972572, -0.009920187294483185, 0.005237626377493143, -0.0030512481462210417, 0.0003156533057335764, -0.008145267143845558, 0.001739421277306974, 0.007493387907743454, -0.014522070065140724, -0.001326348981820047, -0.021324852481484413, 0.00478582875803113, 0.006560748443007469, 0.008145267143845558, -0.008442163467407227, 0.025791196152567863, -0.0025607249699532986, -0.030670611187815666, -0.013592656701803207, 0.021027956157922745, -0.007196492049843073, -0.017697561532258987, -0.014496252872049809, -0.0018136451253667474, 0.0006196083268150687, -0.01749102585017681, 0.006008909549564123, 0.022112270817160606, -0.03526603803038597, -0.01114649511873722, 0.005082724150270224, -0.025817012414336205, 0.0025784741155803204, -0.00821626465767622, -0.027236947789788246, 0.02256406843662262, 0.010597883723676205, -0.01678105816245079, 0.014444618485867977, 0.019040046259760857, 0.030257537961006165, 0.01914331503212452, 0.02434544265270233, 0.036763425916433334, -0.004585746675729752, 0.02228008210659027, -0.02839871309697628, 0.01059142965823412, -0.02190573513507843, -0.0030899737030267715, -0.012101724743843079, -0.0029786378145217896, 0.02628171816468239, -0.0075837476179003716, 0.0147286057472229, -0.0013812101678922772, -0.0018362350529059768, -0.007900006137788296, 0.007403028197586536, -0.018562432378530502, 0.008622881956398487, 0.01130139734596014, 0.010087997652590275, -0.02162174880504608, -0.019608020782470703, 0.008648699149489403, 0.005321531556546688, 0.014328441582620144, -0.00024263958039227873, 0.004008091054856777, 0.0018281672382727265, -0.02024053782224655, 0.002981864847242832, 0.0027123999316245317, -0.015929097309708595, 0.003940321505069733, -0.008125904947519302, -0.007461116649210453, -0.02974119782447815, -0.032710153609514236, 0.014096088707447052, -0.003517567878589034, -0.00904886331409216, 0.00926185306161642, 0.022163905203342438, 0.011921005323529243, -0.002400982193648815, -0.001060111098922789, -0.00822917278856039, 0.0020637474954128265, -0.0052021280862390995, 0.02089887112379074, 0.01028162520378828, 0.026849692687392235, -0.004395346622914076, -0.024526162073016167, -0.012921415269374847, -0.007435299456119537, -0.019969459623098373, 0.00889396108686924, 0.009068225510418415, 0.012598701752722263, -0.008409892208874226, -0.009545840322971344, 0.02262861095368862, -0.007983910851180553, 0.040222905576229095, -0.04280460625886917, -0.031057866290211678, 0.0019653202034533024, 0.0023638701532036066, -0.024203449487686157, -0.01610981673002243, -0.011036773212254047, -0.016832692548632622, 0.018407529219985008, 0.01812354288995266, -0.01747811771929264, -0.017258672043681145, -0.030205905437469482, 0.00853252224624157, 0.007628927007317543, 0.008829418569803238, -0.014741513878107071, 0.022499525919556618, -0.018059000372886658, 0.018652791157364845, -0.012940777465701103, -0.03593728318810463, 0.04391473904252052, 0.0067059691064059734, 0.006063770968466997, 0.006163811776787043, 0.002368710935115814, 0.006951230578124523, 0.0076999240554869175, -0.008171084336936474, 0.002418731339275837, -0.009952458553016186, 0.010307442396879196, 0.03082551248371601, -0.02777910605072975, 0.011753194965422153, 0.013173130340874195, 0.02122158370912075, 0.02222844772040844, 0.016639064997434616, 0.013463571667671204, -0.005621654447168112, -0.005886279046535492, -0.005637790076434612, 0.038880422711372375, 0.029586296528577805, -0.032348718494176865, 0.04143630713224411, 0.02228008210659027, 0.00419849157333374, 0.02287387289106846, -0.031238585710525513, 0.008429254405200481, 0.005653925705701113, -0.01265679020434618, -0.005098859779536724, -0.6476972103118896, -0.030541526153683662, 0.0026333353016525507, -0.0410490483045578, 0.0006280795205384493, 0.0036047003231942654, 0.031625840812921524, -0.01044943556189537, -0.0055926102213561535, -0.0016684244619682431, 0.023054592311382294, 0.010242899879813194, 0.0005679742898792028, -0.012463162653148174, -0.0161227248609066, -0.016497071832418442, 0.014651155099272728, -0.005860461853444576, 0.012056545354425907, 0.013056954368948936, -0.011862916871905327, 0.024461619555950165, -0.038518983870744705, -0.027624202892184258, 0.016574522480368614, -0.012256626971065998, 0.001765238237567246, -0.026798058301210403, 0.0233127623796463, -0.012463162653148174, -0.010068634524941444, 0.018898053094744682, 0.025752469897270203, 0.026191359385848045, 0.04099741578102112, -0.00023880736262071878, -0.002307395450770855, 0.021828284487128258, 0.049078140407800674, 0.011540204286575317, -0.008881052024662495, 0.00736430287361145, 0.04032617434859276, 0.021053774282336235, -0.006221900228410959, 0.026410803198814392, 0.032013095915317535, -0.0018943232716992497, 0.02020181156694889, -0.028192177414894104, -0.009281216189265251, 0.01044943556189537, -0.0147286057472229, 0.008784238249063492, 0.02637207880616188, -0.007215855177491903, 0.02468106336891651, 0.009126313962042332, -0.03172910958528519, 0.0014296170556917787, 0.021363578736782074, -0.00941675528883934, 0.015864554792642593, -0.036995779722929, -0.02327403612434864, -0.00487941550090909, -0.015412756241858006, 0.00853897724300623, 0.007435299456119537, 0.011191675439476967, -0.003398164175450802, 0.02497795969247818, 0.006835054140537977, 0.0021363578271120787, 0.008035545237362385, 0.017710471525788307, 0.014973867684602737, -0.001212592818774283, 0.014599520713090897, 0.012611610814929008, 0.012159813195466995, 0.00717712938785553, -0.01742648333311081, -0.009113405831158161, -0.014457526616752148, -0.01603236421942711, -0.010830236598849297, -0.021002139896154404, 0.02845034748315811, 0.00939739216119051, 0.0194789357483387, -0.02055034227669239, -0.0024994094856083393, -0.03190982714295387, -0.008803601376712322, 0.011030318215489388, 0.01264388207346201, -0.022693153470754623, 0.010726968757808208, -0.00033078048727475107, -0.028631066903471947, -0.01712958700954914, -0.016561614349484444, -0.0013384507037699223, 0.012521251104772091, -0.010914142243564129, 0.00753211323171854, -0.0027430576737970114, 0.023015866056084633, -0.010397802107036114, 0.0023106227163225412, -0.006764057092368603, -0.03345884755253792, -0.02256406843662262, -0.0017620110884308815, -0.023390213027596474, 0.02459070459008217, 0.013657200150191784, -0.00019282080756966025, 0.009694288484752178, 0.0010141244856640697, 0.014250990934669971, 0.021686291322112083, -0.028527798131108284, -0.023506389930844307, 0.04918140918016434, -0.008048453368246555, 0.0053731659427285194, 0.007900006137788296, 0.00035740426392294466, 0.00870678760111332, 0.0077321953140199184, 0.018007365986704826, -0.009836281649768353, -0.004285624250769615, 0.0053699384443461895, -0.0014191289665177464, -0.027520935982465744, 0.02296423353254795, -0.02120867557823658, -0.023390213027596474, -0.006828600075095892, 0.0019572521559894085, 0.0005417538923211396, -0.0336395688354969, 0.00337234721519053, -0.04458598047494888, 0.021996093913912773, 0.00039310436113737524, 0.019646747037768364, -0.03276178985834122, -0.0011770944111049175, 0.0020621339790523052, 0.0030754515901207924, -0.003478842554613948, -0.007803191896528006, 0.023416031152009964, -0.02022762969136238, 0.019659655168652534, -0.007628927007317543, -0.017581386491656303, -0.0023590296041220427, -0.021079590544104576, 0.0033239403273910284, 0.00294798007234931, -0.004340485204011202, 0.019750013947486877, 0.008590610697865486, -0.016613246873021126, -0.024539070203900337, -0.0007966968696564436, -0.012689061462879181, 0.0036853784695267677, 0.015128768980503082, -0.0018071908270940185, 0.01301822904497385, -0.012088816612958908, -0.008242080919444561, -0.0026720608584582806, -0.007164220791310072, 0.0023913008626550436, 0.015270763076841831, -0.008939140476286411, 0.022486617788672447, 0.004950412083417177, 0.04716768115758896, -0.00037938906461931765, -0.0009947618236765265, -0.017542660236358643, 0.011785466223955154, -0.019298216328024864, 0.017336124554276466, 0.015503115952014923, 0.012069453485310078, 0.007332031615078449, -0.0034627069253474474, -0.006609155330806971, -0.010320350527763367, -0.014973867684602737, -0.004217854235321283, 0.0003499415470287204, -0.005857234820723534, 0.027908191084861755, -0.014315533451735973, 0.022021912038326263, -0.005037544760853052, 0.017710471525788307, -0.011230400763452053, 0.044689249247312546, 0.01576128602027893, 0.00042598071740940213, -0.013244127854704857, -0.01081087440252304, -0.0157741941511631, -0.014870598912239075, 0.011411119252443314, 0.005173083860427141, 0.029173225164413452, -0.008267898112535477, -0.030928781256079674, 0.028140543028712273, 0.015193311497569084, 0.027211131528019905, 0.016509979963302612, -0.006789874285459518, -0.0042598070576786995, 0.026488255709409714, 0.014147723093628883, 0.008300169371068478, -0.004808418452739716, -0.002000818494707346, 0.008300169371068478, 0.013889553025364876, -0.002346121007576585, 0.03968074917793274, 0.03005100227892399, 0.03562747687101364, -0.01879478432238102, 0.01195973064750433, 0.007525659166276455, 0.02772747166454792, 0.009520023129880428, 0.018730241805315018, -0.008648699149489403, 0.04066179320216179, 0.0321163646876812, 0.026798058301210403, 0.03252943605184555, -0.00175232975743711, 0.0031109501142054796, 0.0035014322493225336, -0.004492160398513079, -0.02193155139684677, 0.004304986912757158, 0.026539888232946396, 0.012785875238478184, 0.026798058301210403, 0.023028776049613953, 0.006125086452811956, -0.0006551066762767732, 0.0008342122309841216, 0.0023122362326830626, 0.035420943051576614, -0.009029500186443329, 0.027262765914201736, 0.0038080094382166862, -0.03456898033618927, 0.0014320374466478825, 0.012172721326351166, -0.012269535101950169, -0.01111422386020422, 0.003340075956657529, 0.007467570714652538, -0.003656334476545453, 0.003106109332293272, 0.013889553025364876, -0.0002511107886675745, 0.032322898507118225, 0.016845600679516792, 0.0028205085545778275, 0.013076316565275192, -0.013005319982767105, 0.01319894753396511, 0.015244945883750916, 0.0017894416814669967, -0.01489641610532999, 0.0018927097553387284, 0.00821626465767622, -0.020356714725494385, 0.03255525231361389, 0.012669699266552925, -0.00960392877459526, -0.012553522363305092, 0.009752376936376095, -0.00478582875803113, 0.014522070065140724, 0.0028818240389227867, -0.05483533442020416, -0.015477298758924007, -0.005324759054929018, 0.007138404063880444, -0.006764057092368603, 0.012766513042151928, -0.016509979963302612, 0.03585983067750931, 0.006231581326574087, 0.012295352295041084, 0.01126912608742714, 0.011533750221133232, -0.0018604384968057275, 0.015993639826774597, 0.010552704334259033, -0.0017749195685610175, 0.01643252931535244, 0.03552420809864998, -0.010707605630159378, 0.004605109803378582, -0.018304262310266495, 0.037512119859457016, -0.006628517992794514, 0.0008576089167036116, 0.013553931377828121, -0.013295761309564114, 0.009868552908301353, 0.06289024651050568, 0.004340485204011202, 0.010042818263173103, 0.006815691478550434, 0.006338076665997505, -0.010991592891514301, -0.044663432985544205, -0.0062799882143735886, 0.018252627924084663, 0.0006280795205384493, -0.01878187619149685, -0.00452120415866375, 0.008171084336936474, 0.01848498173058033, 0.011927459388971329, 0.02736603282392025, 0.008293715305626392, -0.030902964994311333, -0.0006010523065924644, -0.008119450882077217, -0.03175492584705353, 0.004779374692589045, 0.04856180027127266, 0.018975503742694855, 0.005753966514021158, -0.014302625320851803, 0.0001857614697655663, 0.010720514692366123, 0.004434071946889162, -0.022034820169210434, 0.010817328467965126, 0.01946602761745453, -0.0016458345344290137, 0.025197403505444527, 0.010326804593205452, 0.010739876888692379, 0.013147314079105854, -0.015141678042709827, -0.0001688190532149747, -0.007409482728689909, 0.03240035101771355, -0.008952049538493156, 0.006350985262542963, 0.011727377772331238, 0.016019456088542938, -0.014586612582206726, 0.006183174438774586, 0.020976323634386063, -0.010029909200966358, 0.024435803294181824, 0.02017599530518055, 0.007041590288281441, -0.013502297922968864, -0.00563456304371357, 0.007015773095190525, -0.023506389930844307, -0.0005542589933611453, -0.003720876993611455, 0.010520433075726032, -0.021634656935930252, -0.027804922312498093, -0.01911749877035618, 0.004250125493854284, 0.005947594065219164, -0.04079087823629379, -0.017723379656672478, -0.007641835603863001, 0.007551476359367371, -0.02469397336244583, -0.012282444164156914, 0.013515206053853035, -0.022848056629300117, -0.012902052141726017, 0.026165543124079704, 0.022512435913085938, -0.019659655168652534, 0.01024935394525528, -0.00908113457262516, -0.0046728793531656265, 0.010739876888692379, -0.008835872635245323, -0.012714878655970097, -0.020640701055526733, -0.0383898988366127, -0.004837462678551674, 0.044301994144916534, -0.01816226914525032, -0.010920596309006214, 0.004960093647241592, 0.015567658469080925, -0.01883351057767868, 0.002839871449396014, 0.00709967827424407, -0.0046212454326450825, 0.04391473904252052, 0.006076679565012455, -0.01369592547416687, 0.014844782650470734, 0.005966957192867994, -0.028243811801075935, -0.0022267173044383526, -0.00019715726375579834, -0.0027511254884302616, -0.023441847413778305, 0.005960502661764622, -0.009487751871347427, -0.0016256649978458881, 0.002112154383212328, -0.004330803640186787, 0.003595018992200494, 0.007951639592647552, -0.022163905203342438, 0.011443390510976315, 0.005208582151681185, -0.017904099076986313, 0.046083368360996246, -0.0012198538752272725, 0.011056135408580303, 0.01671651564538479, -0.00890686921775341, 0.0195434782654047, -0.04133303835988045, 0.03082551248371601, 0.03929349407553673, -0.016213083639740944, 0.009410301223397255, -0.002094405237585306, -0.01985328271985054, -0.014238082803785801, -0.01674233190715313, -0.007157766725867987, 0.029534662142395973, 0.016910143196582794, -0.0321163646876812, -0.03348466381430626, -0.022060636430978775, -0.01028162520378828, -0.002236398635432124, -0.025494299829006195, 0.02151848003268242, -0.02526194602251053, 0.03172910958528519, -0.007235217839479446, 0.011837100610136986, 0.004747102968394756, -0.028889236971735954, -0.021647565066814423, 0.023002957925200462, -0.012689061462879181, 0.026565706357359886, -0.027262765914201736, 0.0222671739757061, -0.008429254405200481, 0.019659655168652534, -0.012243717908859253, -0.030257537961006165, 0.014612428843975067, -0.03074806183576584, 0.036040548235177994, 0.021105408668518066, 0.017917007207870483, -0.0015942004974931479, 0.02024053782224655, 0.0026720608584582806, -0.0010084770619869232, 0.012314715422689915, -0.016148541122674942, -0.006047635339200497, -0.020589066669344902, -0.00487941550090909, 0.0256879273802042, 0.005773329641669989, -0.01746520958840847, -0.010300988331437111, 0.026462437584996223, 0.021428121253848076, -0.006460707634687424, -0.0060928151942789555, -0.04135885462164879, -0.010165448300540447, -0.002058906713500619, 0.01674233190715313, -0.0003983484348282218, 0.002173469867557287, -0.031032050028443336, -0.0020508388988673687, 0.019285308197140694, -0.016845600679516792, -0.00020774627046193928, 0.00014229610678739846, 0.02428090013563633, -0.01851079799234867, 0.0029495935887098312, -0.0171037707477808, 0.051169317215681076, 0.0032836012542247772, -0.012914960272610188, -0.032968323677778244, -0.02363547496497631, -0.00529571482911706, 0.006383256521075964, 0.01953057013452053, 0.013592656701803207, -0.02808891050517559, -0.012747149914503098, 0.008932686410844326, -0.008958503603935242, -0.006470388732850552, 0.009952458553016186, -0.0006321134278550744, -0.011830645613372326, -0.02287387289106846, 0.007512750569730997, -0.005379620008170605, 0.002205741126090288, 0.01671651564538479, 0.005553884897381067, 0.04610918462276459, -0.01643252931535244, 0.006125086452811956, 0.024397077038884163, -0.030928781256079674, 0.027598386630415916, -0.0036369715817272663, 0.011081952601671219, -0.015296580269932747, 0.01707795448601246, -0.021608838811516762, -2.1152805857127532e-05, 0.002836644183844328, -0.0072868517599999905, 0.02398400567471981, 0.01882060244679451, -0.0023977551609277725, 0.006347757764160633, 0.005056907422840595, 0.0430111438035965, 0.010875416919589043, -0.020769786089658737, 0.031316034495830536, 0.009565203450620174, 0.00555711193010211, -0.011992002837359905, 0.015464390628039837, -0.032038912177085876, -0.0030044547747820616, 0.001857211347669363, -0.03012845292687416, 0.006160584744066, -0.008293715305626392, -0.008338894695043564, 0.035808198153972626, -0.015606383793056011, 0.014457526616752148, 0.0184978898614645, -0.008700333535671234, 0.03934512659907341, -0.011527296155691147, 0.008526068180799484, -0.00264785741455853, 0.028811786323785782, 0.03172910958528519, 0.012540614232420921, -0.028837602585554123, -0.0009390938212163746, 0.013282853178679943, -0.0161227248609066, -0.0045341127552092075, 0.0020508388988673687, 0.027236947789788246, -0.008751966990530491, -0.022848056629300117, -0.004434071946889162, 0.011256217956542969, 0.021273218095302582, 0.01613563299179077, -0.011598292738199234, 0.002205741126090288, -0.012101724743843079, -0.025068318471312523, -0.012701970525085926, -0.006025045178830624, -0.015980731695890427, -0.009494205936789513, 0.003778965212404728, -0.007990365847945213, 0.01489641610532999, -0.014444618485867977, 0.002705945633351803, -0.020395439118146896, -0.010042818263173103, 0.004066179506480694, -0.036815058439970016, 0.009720105677843094, 0.01213399600237608, 0.0002805583062581718, 0.008900415152311325, 0.019259491935372353, -0.05101441591978073, 0.004782601725310087, -0.00403068121522665, 0.02264152094721794, -0.02260279469192028, 0.013173130340874195, -0.006951230578124523, -0.012204992584884167, 0.023054592311382294, -0.012618064880371094, -0.021479753777384758, -0.04337258264422417, 0.0017152178334072232, 0.00872615072876215, -0.017568476498126984, -0.009565203450620174, 0.00020139287516940385, -0.001486898516304791, 0.011940368451178074, -0.014328441582620144, -0.010849599726498127, 0.013411938212811947, 0.007525659166276455, 0.0035788833629339933, 0.046005915850400925, -0.02531358040869236, 0.011540204286575317, 0.0030754515901207924, 0.007048044353723526, -0.027598386630415916, -0.006996410433202982, 3.756576916202903e-05, 0.005786237772554159, -0.018213901668787003, -0.020589066669344902, -0.022021912038326263, -0.018149359151721, 0.0043114409781992435, -0.0037886465433984995, 0.014935141429305077, 0.001353779574856162, -0.01639380306005478, -0.006409073248505592, -0.020937597379088402, -0.002054066164419055, 0.027572570368647575, -0.03263270482420921, -0.014689880423247814, 0.0017716925358399749, -0.01680687442421913, -0.05297651141881943, -0.024164723232388496, 0.019982367753982544, 0.040868330746889114, 0.00821626465767622, -0.013579748570919037, 0.0071190414018929005, 0.008939140476286411, -0.061031416058540344, 0.009035954251885414, -0.02116995118558407, 0.007770920637995005, 0.018639883026480675, 0.01576128602027893, -0.016703607514500618, 0.04200427979230881, -0.007603110279887915, -0.0033820285461843014, -0.0051504941657185555, 0.0042081731371581554, -0.010630154982209206, -0.006989956367760897, 0.03766702115535736, -0.00693186791613698, -0.035472575575113297, -0.022112270817160606, 0.03632453829050064, -0.012198538519442081, -0.013424846343696117, -0.0009463548776693642, -0.01077214814722538, 0.014108997769653797, 0.020989231765270233, -0.0012109793024137616, 0.012760058045387268, 0.008067816495895386, 0.002238012384623289, -0.03214218094944954, 0.0006522829644382, 0.014134814031422138, 0.013257035985589027, 0.013295761309564114, -0.011798374354839325, 0.005511932075023651, -0.000657527067232877, -0.005247307941317558, 0.018614066764712334, -0.00943611841648817, -0.006099269259721041, -0.02327403612434864, -0.005834644660353661, 0.0080290911719203, 0.009442572481930256, 0.016587430611252785, -0.002007272792980075, 0.007344940211623907, 0.0007809646194800735, 0.0073384856805205345, -0.01559347566217184, -0.0005082724383100867, -0.0037434669211506844, -0.01573546975851059, -0.005482887849211693, -0.024461619555950165, 0.004172674845904112, 0.035446759313344955, -0.004301759880036116, -0.014328441582620144, -0.024461619555950165, -0.018936779350042343, 0.022654429078102112, 0.0063445307314395905, 0.01488350797444582, -0.0011916165240108967, -0.0006091201212257147, -0.03007682040333748, -0.002300941152498126, -0.011462753638625145, -0.0030044547747820616, 0.002878597006201744, -0.011882279999554157, 0.012895598076283932, -0.02468106336891651, 0.014225173741579056, 0.002831803634762764, 0.015890371054410934, -0.01418644841760397, 0.006299350876361132, 0.17586548626422882, 0.008435708470642567, -0.0012246945407241583, 0.02912159077823162, -0.02533939853310585, -0.014831873588263988, -0.009339304640889168, 0.02021472156047821, -0.0013061794452369213, 0.033717017620801926, -0.0017991230124607682, -0.01644543744623661, -0.02391946129500866, 0.011992002837359905, -0.007803191896528006, 0.013399029150605202, -0.034801334142684937, 0.0072029465809464455, -0.03113531693816185, 0.03650525584816933, 0.032348718494176865, -0.01387664396315813, -0.0020685880444943905, -0.00410490483045578, 0.029973551630973816, 0.014134814031422138, 0.022680245339870453, 0.020589066669344902, 0.02598482370376587, 0.014070271514356136, 0.0033207132946699858, -0.019595112651586533, 0.005566793493926525, -0.013954095542430878, -0.03622126951813698, -0.005618427414447069, 0.015954913571476936, -0.021453937515616417, 0.00020552762725856155, 0.007654744200408459, -0.004243671428412199, -0.009984729811549187, -0.006054089404642582, -0.015102952718734741, -0.012204992584884167, -0.014651155099272728, -0.041591208428144455, 0.010494615882635117, -0.02288678102195263, -0.0014409120194613934, -0.03890623897314072, -0.006828600075095892, 0.007809646427631378, 0.010707605630159378, 0.02672060765326023, 0.005002046003937721, 0.006609155330806971, -0.015567658469080925, 0.0032142181880772114, -0.0039209588430821896, -0.007396574132144451, 0.0043759834952652454, -0.040919963270425797, 0.019982367753982544, -0.021815376356244087, -0.009713650681078434, -0.017917007207870483, 0.01884641870856285, -0.003375574480742216, 0.012579339556396008, -0.028605250641703606, -0.0024058229755610228, -0.027211131528019905, -0.003930640406906605, -0.010488161817193031, -0.00376605661585927, 0.025094136595726013, 0.0009052089881151915, 0.014057363383471966, 0.01818808540701866, -0.030877146869897842, -0.013967003673315048, -0.005670061334967613, 0.033045776188373566, -0.003946776036173105, -0.007816100493073463, 0.024900509044528008, -0.0028995731845498085, -0.010255808010697365, -0.015438573434948921, 0.003296509850770235, 0.0017733060522004962, -0.010430073365569115, 0.0011553113581612706, -0.0038531890604645014, -0.00760956434533, -0.009997637942433357, 0.0242292657494545, -0.0004626892623491585, 0.015903279185295105, -0.03309740871191025, 0.06521377712488174, 0.0256879273802042, -0.020731061697006226, -0.010643063113093376, 0.0009003683226183057, -0.01679396629333496, 0.019659655168652534, 0.009339304640889168, -0.00048043846618384123, -0.021453937515616417, -0.020034002140164375, -0.017349032685160637, -0.02734021656215191, -0.0017926688306033611, -0.011527296155691147, -0.01044943556189537, -0.03322649374604225, 0.014470435678958893, -0.04685787856578827, -0.02394527941942215, -0.008687424473464489, 0.015451482497155666, 0.011307851411402225, -0.017620110884308815, -0.012908506207168102, -0.019091680645942688, 0.005566793493926525, 0.02390655316412449, -0.046393170952796936, -0.0006659982609562576, -0.008558339439332485, -0.02217681333422661, -0.011191675439476967, -0.010004092007875443, 0.013760467991232872, 0.010862507857382298, -0.029612112790346146, -0.004982683341950178, 0.004001636989414692, 0.010158994235098362, -0.030670611187815666, 0.014534978196024895, 0.008609973825514317, 0.0030899737030267715, 0.0060379537753760815, -0.008506705984473228, 0.0012561590410768986, -0.005256989039480686, 0.004750330466777086, -0.011140041053295135, -0.025855738669633865, 0.00041992985643446445, -0.017904099076986313, -0.004211400169879198, -0.02496505156159401, 0.004098450765013695, -0.04690951108932495, 0.008952049538493156, -0.002486501121893525, -0.024177633225917816, 0.014676971361041069, 0.021725015714764595, -0.0065575214102864265, 0.0011303010396659374, 0.005466752219945192, -0.16089162230491638, 0.030618976801633835, 0.03557584434747696, 0.0004929435672238469, 0.03890623897314072, 0.008112995885312557, -0.0017749195685610175, 0.008325986564159393, -0.023093318566679955, 0.02155720628798008, 0.017658837139606476, -0.025236129760742188, -0.0090746795758605, 0.0030431803315877914, -0.01521912869066, -0.0055603389628231525, -0.0018362350529059768, 0.017555568367242813, 0.021299036219716072, 0.012011365033686161, 0.0038596433587372303, -0.0104365274310112, -0.0025203858967870474, -0.024745605885982513, -0.010830236598849297, -0.005231172312051058, -0.030231721699237823, -0.00015984360652510077, -0.004511523060500622, -0.011372393928468227, -0.022034820169210434, 0.0020459983497858047, 0.023119134828448296, -0.012689061462879181, -0.0037434669211506844, -0.023777468129992485, -0.020627792924642563, -0.014625337906181812, -0.038467347621917725, 0.03831244632601738, 0.012527705170214176, 0.007344940211623907, -0.021983185783028603, -0.007603110279887915, -0.0007345746853388846, 0.019401485100388527, 0.032968323677778244, 0.0007309441571123898, 0.006247716955840588, -0.023880736902356148, -0.00990727823227644, -0.022150997072458267, -0.0020879509393125772, 0.004553475417196751, -0.010513978078961372, -0.01370883360505104, -0.03221963346004486, 0.03172910958528519, 0.005692651495337486, -0.0090424083173275, -0.001212592818774283, -0.007777375169098377, 0.03152257204055786, -0.0039855013601481915, -0.007319123018532991, -0.020950505509972572, 0.0036111546214669943, 0.014341350644826889, -0.009132768027484417, -0.01707795448601246, 0.013954095542430878, -0.023338578641414642, 0.0073707569390535355, -0.03702159598469734, 0.0050956327468156815, 0.014483343809843063, -0.0026446301490068436, 0.011992002837359905, 0.022409167140722275, -0.01578710414469242, 0.008429254405200481, 0.039887282997369766, -0.019620928913354874, -0.006609155330806971, -0.007461116649210453, 0.027469301596283913, 0.017620110884308815, 0.012818146497011185, -0.032658521085977554, 0.008945594541728497, 0.02533939853310585, -0.02466815523803234, -0.02326112799346447, -0.010610791854560375, 0.004250125493854284, 0.024409985169768333, 0.007228763308376074, -0.015967821702361107, -0.004062952473759651, 0.00454056728631258, 0.012056545354425907, -0.016535796225070953, -0.046393170952796936, 0.008235626854002476, 0.013915370218455791, 0.025933189317584038, -0.02159593068063259, 0.006867325399070978, 0.029250675812363625, -0.00013090032734908164, 0.012850417755544186, 0.005298941861838102, 0.024358350783586502, 0.016651973128318787, 0.010294533334672451, 0.001409447519108653, -0.005224717780947685, -0.013115042820572853, -0.02155720628798008, -0.007816100493073463, 0.016277626156806946, 0.013528114184737206, -0.004379210993647575, 0.004385665059089661, -0.005918550305068493, -0.006899596657603979, -0.10197719931602478, -0.0315483883023262, 0.01607109047472477, 0.023170769214630127, 0.01782664656639099, -0.019052956253290176, -0.01216626726090908, 0.03012845292687416, -0.003223899519070983, 0.008577702566981316, 0.004201718606054783, -0.02571374550461769, 0.00589596014469862, -0.0075837476179003716, 0.027546752244234085, -0.006957685109227896, 0.013411938212811947, 0.0017862145323306322, -0.007525659166276455, 0.01286332681775093, -0.000522794493008405, -0.035420943051576614, -0.013747558929026127, -0.006712423171848059, -0.009352212771773338, -0.003446571296080947, -0.023764559999108315, -0.0006692253518849611, 0.007525659166276455, 0.0034046184737235308, -0.017929915338754654, -0.0002466735022608191, 0.015916189178824425, 0.018355896696448326, -0.014341350644826889, -0.02088596299290657, -0.011172312311828136, -0.03733139857649803, 0.023119134828448296, -0.003785419510677457, -0.00760956434533, 0.005741058383136988, 0.012050090357661247, -0.010346167720854282, 0.01521912869066, -0.0184978898614645, -0.018381712958216667, 0.018652791157364845, 0.007041590288281441, -0.027288582175970078, -0.0009826601017266512, -0.02083432860672474, 0.008164630271494389, -0.026823876425623894, 0.012217901647090912, -0.023351488634943962, 0.007758012507110834, 0.025171587243676186, -0.010397802107036114, -0.0017668517539277673, 0.02256406843662262, 0.015606383793056011, 0.008371165953576565, 0.013476480729877949, 0.018601156771183014, -0.007906460203230381, -0.01146920770406723, -0.00029951767646707594, 0.01914331503212452, -0.04938794672489166, 0.011075498536229134, 0.0003348143945913762, -0.02362256683409214, -0.009900824166834354, -0.024384168907999992, -0.008816509507596493, -0.035085320472717285, -0.020666519179940224, -0.023144951090216637, -0.013528114184737206, -0.002292873337864876, -0.015090043656527996, 0.02976701594889164, -0.01316667627543211, 0.027288582175970078, 0.023196585476398468, -0.013799193315207958, -0.015180403366684914, 0.03493041917681694, -0.04388892278075218, 0.003288442036136985, 0.020808512344956398, 0.024164723232388496, 0.008054908365011215, -0.02253825217485428, 0.021118316799402237, 0.0023880735971033573, -0.01883351057767868, -0.03451734408736229, 0.020950505509972572, -0.03906114026904106, -0.0019056182354688644, -0.05509350448846817, 0.01610981673002243, 0.014664063230156898, -0.022667337208986282, 0.002896346151828766, 0.00973946787416935, 0.013295761309564114, -0.006847962737083435, 0.011424028314650059, 0.008087179623544216, -0.02397109568119049, 0.016161449253559113, -0.003720876993611455, -0.016484161838889122, -0.01265679020434618, 0.00921667367219925, 0.006609155330806971, -0.007041590288281441, 0.01077214814722538, -0.008190447464585304, -0.028915053233504295, -0.002544589340686798, 0.0021557204890996218, -0.004469570238143206, -0.029560480266809464, 0.017904099076986313, -0.02912159077823162, 0.011766103096306324, -0.02845034748315811, -0.009152131155133247, 0.018342986702919006, -0.008254989981651306, -0.014418801292777061, 0.007196492049843073, -0.028192177414894104, -0.042598072439432144, -0.017400667071342468, 0.03005100227892399, 0.028605250641703606, -0.029328126460313797, 0.01130139734596014, -0.027985641732811928, 0.004337258171290159, -0.031341854482889175, 0.004579292610287666, -0.006034726742655039, -0.025739561766386032, 0.0019459573086351156, 0.01435425877571106, 0.0067576030269265175, 0.005628108978271484, 0.018200993537902832, 0.0019588659051805735, -0.0043985736556351185, -0.01230180636048317, -0.008190447464585304, -0.01520622055977583, -0.012760058045387268, -0.001699082087725401, -0.038880422711372375, 0.04210754856467247, 0.007312668953090906, 0.022473709657788277, -0.004827781580388546, 0.020085636526346207, 0.006357439327985048, -0.014134814031422138, 0.014973867684602737, 0.005098859779536724, -0.01580001227557659, 2.0686386051238514e-05, 0.013257035985589027, 0.004201718606054783, 0.015361122786998749, -0.02017599530518055, -0.0015094884438440204, -0.006509114522486925, 0.014212265610694885, -0.012992411851882935, 0.025752469897270203, 0.029147407039999962, -0.011617655865848064, -0.022460801526904106, 0.033355578780174255, 0.027572570368647575, 0.008751966990530491, -0.007809646427631378, 0.011682198382914066, 0.000583706540055573, -0.011430482380092144, -0.00435339380055666, 0.014909325167536736, 0.001954025123268366, 0.01578710414469242, 0.030670611187815666, 0.012127541936933994, -0.018200993537902832, -0.01250188797712326, 0.01435425877571106, 0.013644291087985039, -0.007925823330879211, -0.0028221223037689924, -0.009875006973743439, -0.011585384607315063, -0.03663434088230133, 0.009868552908301353, -0.0053699384443461895, -0.012566430494189262, -0.036143817007541656, 0.02355802431702614, -0.005724922753870487, 0.011921005323529243, 0.012217901647090912, -0.0020104998257011175, 0.004592201206833124, 0.007706378120929003, -0.008448617532849312, 0.012785875238478184, -0.007196492049843073, 0.01639380306005478, -0.010158994235098362, 0.000359824625775218, -0.0031625840347260237, 0.00804199930280447, 0.006447799038141966, 0.030618976801633835, -0.00779673783108592, -0.013360303826630116, -0.0032222860027104616, -0.029534662142395973, 0.025378122925758362, 0.0033174860291182995, -0.01910458877682686, -0.003459479659795761, -0.008500250987708569, -0.0037821922451257706, -0.010010547004640102, 0.0009439345449209213, -0.008945594541728497, 0.05499023571610451, 0.049103956669569016, 0.002628494519740343, -0.01109486073255539, -0.004133949056267738, 0.016303444281220436, 0.0038564163260161877, -0.008900415152311325, 0.024487435817718506, -0.03113531693816185, 0.02633335255086422, 0.006470388732850552, -0.013044045306742191, -0.030231721699237823, -0.021815376356244087, -0.0052537620067596436, -0.00625417148694396, 0.02390655316412449, 0.008835872635245323, 0.005050452891737223, 0.00693186791613698, -0.021996093913912773, 0.044611796736717224, 0.02461652085185051, -0.02257697843015194, -0.018988411873579025, 0.005602291785180569, 0.001979842083528638, -0.0073707569390535355, -0.022331716492772102, -0.011023864150047302, 0.0031754926312714815, -0.008390529081225395, 0.00028519731131382287, 0.03529185801744461, 0.0066220639273524284, -0.029973551630973816, -0.02015017904341221, 0.016884326934814453, 0.017697561532258987, 0.016703607514500618, 0.002962502185255289, -0.022099362686276436, -0.02674642577767372, -0.03356211632490158, 0.028915053233504295, -0.017581386491656303, -0.021015048027038574, -0.018394621089100838], 'ai_metadata': {'tags': ['construction', 'document'], 'document_type': 'unknown', 'topics': ['Fire Rating Requirements for Steel Structures'], 'supplier_mentions': [], 'categories': ['general'], 'summary': '```json\n{\n  "tags": [\n    "AS 1530.4",\n    "BCA",\n    "fire resistance",\n    "building codes",\n    "testing methodology",\n    "fire rating requirements"\n  ],\n  "document_type": "specification",\n  "top'}, 'created_timestamp': '2025-08-11T02:06:07.760000', 'status': 'active', 'reference_count': 0, 'helpful_votes': 0, 'view_count': 0}, 'similarity_score': 0.8182345457263266}, {'type': 'mentor_note', 'note': {'_id': '689ae390b2699d3d9bc7e212', 'note_id': 'a1e759c8-e985-4d08-bbc6-6b97ce3b3a0c', 'user_id': 'dev_user_123', 'user_email': 'dev@example.com', 'title': 'Fire Rating Requirements for Steel Structures', 'content': 'When designing steel structures in commercial buildings, fire rating requirements must be considered early in the design process. AS 1530.4 provides the testing methodology for fire resistance, while the BCA specifies minimum requirements based on building classification and height.', 'tags': ['fire-rating', 'steel', 'BCA', 'AS1530', 'construction', 'document'], 'category': 'structural-design', 'attachment_url': None, 'embedding': [-0.0028076001908630133, -0.004995591938495636, -0.0315483883023262, -0.0424431674182415, 0.006034726742655039, -0.015386939980089664, -0.017710471525788307, -0.0184333473443985, 0.01369592547416687, 0.006031499709933996, -0.0008358258055523038, -0.00908113457262516, 0.0065026599913835526, 0.02186700887978077, -0.013812101446092129, 0.0009350599138997495, 0.01573546975851059, 0.02088596299290657, 0.0028608476277440786, -0.003917731810361147, -0.01075924001634121, 0.012127541936933994, -0.017374848946928978, 0.0036401988472789526, -0.008945594541728497, 0.0065575214102864265, 0.013992820866405964, -0.03113531693816185, 0.005686196964234114, 0.007674106862396002, 0.02669479139149189, -0.020950505509972572, -0.009920187294483185, 0.005237626377493143, -0.0030512481462210417, 0.0003156533057335764, -0.008145267143845558, 0.001739421277306974, 0.007493387907743454, -0.014522070065140724, -0.001326348981820047, -0.021324852481484413, 0.00478582875803113, 0.006560748443007469, 0.008145267143845558, -0.008442163467407227, 0.025791196152567863, -0.0025607249699532986, -0.030670611187815666, -0.013592656701803207, 0.021027956157922745, -0.007196492049843073, -0.017697561532258987, -0.014496252872049809, -0.0018136451253667474, 0.0006196083268150687, -0.01749102585017681, 0.006008909549564123, 0.022112270817160606, -0.03526603803038597, -0.01114649511873722, 0.005082724150270224, -0.025817012414336205, 0.0025784741155803204, -0.00821626465767622, -0.027236947789788246, 0.02256406843662262, 0.010597883723676205, -0.01678105816245079, 0.014444618485867977, 0.019040046259760857, 0.030257537961006165, 0.01914331503212452, 0.02434544265270233, 0.036763425916433334, -0.004585746675729752, 0.02228008210659027, -0.02839871309697628, 0.01059142965823412, -0.02190573513507843, -0.0030899737030267715, -0.012101724743843079, -0.0029786378145217896, 0.02628171816468239, -0.0075837476179003716, 0.0147286057472229, -0.0013812101678922772, -0.0018362350529059768, -0.007900006137788296, 0.007403028197586536, -0.018562432378530502, 0.008622881956398487, 0.01130139734596014, 0.010087997652590275, -0.02162174880504608, -0.019608020782470703, 0.008648699149489403, 0.005321531556546688, 0.014328441582620144, -0.00024263958039227873, 0.004008091054856777, 0.0018281672382727265, -0.02024053782224655, 0.002981864847242832, 0.0027123999316245317, -0.015929097309708595, 0.003940321505069733, -0.008125904947519302, -0.007461116649210453, -0.02974119782447815, -0.032710153609514236, 0.014096088707447052, -0.003517567878589034, -0.00904886331409216, 0.00926185306161642, 0.022163905203342438, 0.011921005323529243, -0.002400982193648815, -0.001060111098922789, -0.00822917278856039, 0.0020637474954128265, -0.0052021280862390995, 0.02089887112379074, 0.01028162520378828, 0.026849692687392235, -0.004395346622914076, -0.024526162073016167, -0.012921415269374847, -0.007435299456119537, -0.019969459623098373, 0.00889396108686924, 0.009068225510418415, 0.012598701752722263, -0.008409892208874226, -0.009545840322971344, 0.02262861095368862, -0.007983910851180553, 0.040222905576229095, -0.04280460625886917, -0.031057866290211678, 0.0019653202034533024, 0.0023638701532036066, -0.024203449487686157, -0.01610981673002243, -0.011036773212254047, -0.016832692548632622, 0.018407529219985008, 0.01812354288995266, -0.01747811771929264, -0.017258672043681145, -0.030205905437469482, 0.00853252224624157, 0.007628927007317543, 0.008829418569803238, -0.014741513878107071, 0.022499525919556618, -0.018059000372886658, 0.018652791157364845, -0.012940777465701103, -0.03593728318810463, 0.04391473904252052, 0.0067059691064059734, 0.006063770968466997, 0.006163811776787043, 0.002368710935115814, 0.006951230578124523, 0.0076999240554869175, -0.008171084336936474, 0.002418731339275837, -0.009952458553016186, 0.010307442396879196, 0.03082551248371601, -0.02777910605072975, 0.011753194965422153, 0.013173130340874195, 0.02122158370912075, 0.02222844772040844, 0.016639064997434616, 0.013463571667671204, -0.005621654447168112, -0.005886279046535492, -0.005637790076434612, 0.038880422711372375, 0.029586296528577805, -0.032348718494176865, 0.04143630713224411, 0.02228008210659027, 0.00419849157333374, 0.02287387289106846, -0.031238585710525513, 0.008429254405200481, 0.005653925705701113, -0.01265679020434618, -0.005098859779536724, -0.6476972103118896, -0.030541526153683662, 0.0026333353016525507, -0.0410490483045578, 0.0006280795205384493, 0.0036047003231942654, 0.031625840812921524, -0.01044943556189537, -0.0055926102213561535, -0.0016684244619682431, 0.023054592311382294, 0.010242899879813194, 0.0005679742898792028, -0.012463162653148174, -0.0161227248609066, -0.016497071832418442, 0.014651155099272728, -0.005860461853444576, 0.012056545354425907, 0.013056954368948936, -0.011862916871905327, 0.024461619555950165, -0.038518983870744705, -0.027624202892184258, 0.016574522480368614, -0.012256626971065998, 0.001765238237567246, -0.026798058301210403, 0.0233127623796463, -0.012463162653148174, -0.010068634524941444, 0.018898053094744682, 0.025752469897270203, 0.026191359385848045, 0.04099741578102112, -0.00023880736262071878, -0.002307395450770855, 0.021828284487128258, 0.049078140407800674, 0.011540204286575317, -0.008881052024662495, 0.00736430287361145, 0.04032617434859276, 0.021053774282336235, -0.006221900228410959, 0.026410803198814392, 0.032013095915317535, -0.0018943232716992497, 0.02020181156694889, -0.028192177414894104, -0.009281216189265251, 0.01044943556189537, -0.0147286057472229, 0.008784238249063492, 0.02637207880616188, -0.007215855177491903, 0.02468106336891651, 0.009126313962042332, -0.03172910958528519, 0.0014296170556917787, 0.021363578736782074, -0.00941675528883934, 0.015864554792642593, -0.036995779722929, -0.02327403612434864, -0.00487941550090909, -0.015412756241858006, 0.00853897724300623, 0.007435299456119537, 0.011191675439476967, -0.003398164175450802, 0.02497795969247818, 0.006835054140537977, 0.0021363578271120787, 0.008035545237362385, 0.017710471525788307, 0.014973867684602737, -0.001212592818774283, 0.014599520713090897, 0.012611610814929008, 0.012159813195466995, 0.00717712938785553, -0.01742648333311081, -0.009113405831158161, -0.014457526616752148, -0.01603236421942711, -0.010830236598849297, -0.021002139896154404, 0.02845034748315811, 0.00939739216119051, 0.0194789357483387, -0.02055034227669239, -0.0024994094856083393, -0.03190982714295387, -0.008803601376712322, 0.011030318215489388, 0.01264388207346201, -0.022693153470754623, 0.010726968757808208, -0.00033078048727475107, -0.028631066903471947, -0.01712958700954914, -0.016561614349484444, -0.0013384507037699223, 0.012521251104772091, -0.010914142243564129, 0.00753211323171854, -0.0027430576737970114, 0.023015866056084633, -0.010397802107036114, 0.0023106227163225412, -0.006764057092368603, -0.03345884755253792, -0.02256406843662262, -0.0017620110884308815, -0.023390213027596474, 0.02459070459008217, 0.013657200150191784, -0.00019282080756966025, 0.009694288484752178, 0.0010141244856640697, 0.014250990934669971, 0.021686291322112083, -0.028527798131108284, -0.023506389930844307, 0.04918140918016434, -0.008048453368246555, 0.0053731659427285194, 0.007900006137788296, 0.00035740426392294466, 0.00870678760111332, 0.0077321953140199184, 0.018007365986704826, -0.009836281649768353, -0.004285624250769615, 0.0053699384443461895, -0.0014191289665177464, -0.027520935982465744, 0.02296423353254795, -0.02120867557823658, -0.023390213027596474, -0.006828600075095892, 0.0019572521559894085, 0.0005417538923211396, -0.0336395688354969, 0.00337234721519053, -0.04458598047494888, 0.021996093913912773, 0.00039310436113737524, 0.019646747037768364, -0.03276178985834122, -0.0011770944111049175, 0.0020621339790523052, 0.0030754515901207924, -0.003478842554613948, -0.007803191896528006, 0.023416031152009964, -0.02022762969136238, 0.019659655168652534, -0.007628927007317543, -0.017581386491656303, -0.0023590296041220427, -0.021079590544104576, 0.0033239403273910284, 0.00294798007234931, -0.004340485204011202, 0.019750013947486877, 0.008590610697865486, -0.016613246873021126, -0.024539070203900337, -0.0007966968696564436, -0.012689061462879181, 0.0036853784695267677, 0.015128768980503082, -0.0018071908270940185, 0.01301822904497385, -0.012088816612958908, -0.008242080919444561, -0.0026720608584582806, -0.007164220791310072, 0.0023913008626550436, 0.015270763076841831, -0.008939140476286411, 0.022486617788672447, 0.004950412083417177, 0.04716768115758896, -0.00037938906461931765, -0.0009947618236765265, -0.017542660236358643, 0.011785466223955154, -0.019298216328024864, 0.017336124554276466, 0.015503115952014923, 0.012069453485310078, 0.007332031615078449, -0.0034627069253474474, -0.006609155330806971, -0.010320350527763367, -0.014973867684602737, -0.004217854235321283, 0.0003499415470287204, -0.005857234820723534, 0.027908191084861755, -0.014315533451735973, 0.022021912038326263, -0.005037544760853052, 0.017710471525788307, -0.011230400763452053, 0.044689249247312546, 0.01576128602027893, 0.00042598071740940213, -0.013244127854704857, -0.01081087440252304, -0.0157741941511631, -0.014870598912239075, 0.011411119252443314, 0.005173083860427141, 0.029173225164413452, -0.008267898112535477, -0.030928781256079674, 0.028140543028712273, 0.015193311497569084, 0.027211131528019905, 0.016509979963302612, -0.006789874285459518, -0.0042598070576786995, 0.026488255709409714, 0.014147723093628883, 0.008300169371068478, -0.004808418452739716, -0.002000818494707346, 0.008300169371068478, 0.013889553025364876, -0.002346121007576585, 0.03968074917793274, 0.03005100227892399, 0.03562747687101364, -0.01879478432238102, 0.01195973064750433, 0.007525659166276455, 0.02772747166454792, 0.009520023129880428, 0.018730241805315018, -0.008648699149489403, 0.04066179320216179, 0.0321163646876812, 0.026798058301210403, 0.03252943605184555, -0.00175232975743711, 0.0031109501142054796, 0.0035014322493225336, -0.004492160398513079, -0.02193155139684677, 0.004304986912757158, 0.026539888232946396, 0.012785875238478184, 0.026798058301210403, 0.023028776049613953, 0.006125086452811956, -0.0006551066762767732, 0.0008342122309841216, 0.0023122362326830626, 0.035420943051576614, -0.009029500186443329, 0.027262765914201736, 0.0038080094382166862, -0.03456898033618927, 0.0014320374466478825, 0.012172721326351166, -0.012269535101950169, -0.01111422386020422, 0.003340075956657529, 0.007467570714652538, -0.003656334476545453, 0.003106109332293272, 0.013889553025364876, -0.0002511107886675745, 0.032322898507118225, 0.016845600679516792, 0.0028205085545778275, 0.013076316565275192, -0.013005319982767105, 0.01319894753396511, 0.015244945883750916, 0.0017894416814669967, -0.01489641610532999, 0.0018927097553387284, 0.00821626465767622, -0.020356714725494385, 0.03255525231361389, 0.012669699266552925, -0.00960392877459526, -0.012553522363305092, 0.009752376936376095, -0.00478582875803113, 0.014522070065140724, 0.0028818240389227867, -0.05483533442020416, -0.015477298758924007, -0.005324759054929018, 0.007138404063880444, -0.006764057092368603, 0.012766513042151928, -0.016509979963302612, 0.03585983067750931, 0.006231581326574087, 0.012295352295041084, 0.01126912608742714, 0.011533750221133232, -0.0018604384968057275, 0.015993639826774597, 0.010552704334259033, -0.0017749195685610175, 0.01643252931535244, 0.03552420809864998, -0.010707605630159378, 0.004605109803378582, -0.018304262310266495, 0.037512119859457016, -0.006628517992794514, 0.0008576089167036116, 0.013553931377828121, -0.013295761309564114, 0.009868552908301353, 0.06289024651050568, 0.004340485204011202, 0.010042818263173103, 0.006815691478550434, 0.006338076665997505, -0.010991592891514301, -0.044663432985544205, -0.0062799882143735886, 0.018252627924084663, 0.0006280795205384493, -0.01878187619149685, -0.00452120415866375, 0.008171084336936474, 0.01848498173058033, 0.011927459388971329, 0.02736603282392025, 0.008293715305626392, -0.030902964994311333, -0.0006010523065924644, -0.008119450882077217, -0.03175492584705353, 0.004779374692589045, 0.04856180027127266, 0.018975503742694855, 0.005753966514021158, -0.014302625320851803, 0.0001857614697655663, 0.010720514692366123, 0.004434071946889162, -0.022034820169210434, 0.010817328467965126, 0.01946602761745453, -0.0016458345344290137, 0.025197403505444527, 0.010326804593205452, 0.010739876888692379, 0.013147314079105854, -0.015141678042709827, -0.0001688190532149747, -0.007409482728689909, 0.03240035101771355, -0.008952049538493156, 0.006350985262542963, 0.011727377772331238, 0.016019456088542938, -0.014586612582206726, 0.006183174438774586, 0.020976323634386063, -0.010029909200966358, 0.024435803294181824, 0.02017599530518055, 0.007041590288281441, -0.013502297922968864, -0.00563456304371357, 0.007015773095190525, -0.023506389930844307, -0.0005542589933611453, -0.003720876993611455, 0.010520433075726032, -0.021634656935930252, -0.027804922312498093, -0.01911749877035618, 0.004250125493854284, 0.005947594065219164, -0.04079087823629379, -0.017723379656672478, -0.007641835603863001, 0.007551476359367371, -0.02469397336244583, -0.012282444164156914, 0.013515206053853035, -0.022848056629300117, -0.012902052141726017, 0.026165543124079704, 0.022512435913085938, -0.019659655168652534, 0.01024935394525528, -0.00908113457262516, -0.0046728793531656265, 0.010739876888692379, -0.008835872635245323, -0.012714878655970097, -0.020640701055526733, -0.0383898988366127, -0.004837462678551674, 0.044301994144916534, -0.01816226914525032, -0.010920596309006214, 0.004960093647241592, 0.015567658469080925, -0.01883351057767868, 0.002839871449396014, 0.00709967827424407, -0.0046212454326450825, 0.04391473904252052, 0.006076679565012455, -0.01369592547416687, 0.014844782650470734, 0.005966957192867994, -0.028243811801075935, -0.0022267173044383526, -0.00019715726375579834, -0.0027511254884302616, -0.023441847413778305, 0.005960502661764622, -0.009487751871347427, -0.0016256649978458881, 0.002112154383212328, -0.004330803640186787, 0.003595018992200494, 0.007951639592647552, -0.022163905203342438, 0.011443390510976315, 0.005208582151681185, -0.017904099076986313, 0.046083368360996246, -0.0012198538752272725, 0.011056135408580303, 0.01671651564538479, -0.00890686921775341, 0.0195434782654047, -0.04133303835988045, 0.03082551248371601, 0.03929349407553673, -0.016213083639740944, 0.009410301223397255, -0.002094405237585306, -0.01985328271985054, -0.014238082803785801, -0.01674233190715313, -0.007157766725867987, 0.029534662142395973, 0.016910143196582794, -0.0321163646876812, -0.03348466381430626, -0.022060636430978775, -0.01028162520378828, -0.002236398635432124, -0.025494299829006195, 0.02151848003268242, -0.02526194602251053, 0.03172910958528519, -0.007235217839479446, 0.011837100610136986, 0.004747102968394756, -0.028889236971735954, -0.021647565066814423, 0.023002957925200462, -0.012689061462879181, 0.026565706357359886, -0.027262765914201736, 0.0222671739757061, -0.008429254405200481, 0.019659655168652534, -0.012243717908859253, -0.030257537961006165, 0.014612428843975067, -0.03074806183576584, 0.036040548235177994, 0.021105408668518066, 0.017917007207870483, -0.0015942004974931479, 0.02024053782224655, 0.0026720608584582806, -0.0010084770619869232, 0.012314715422689915, -0.016148541122674942, -0.006047635339200497, -0.020589066669344902, -0.00487941550090909, 0.0256879273802042, 0.005773329641669989, -0.01746520958840847, -0.010300988331437111, 0.026462437584996223, 0.021428121253848076, -0.006460707634687424, -0.0060928151942789555, -0.04135885462164879, -0.010165448300540447, -0.002058906713500619, 0.01674233190715313, -0.0003983484348282218, 0.002173469867557287, -0.031032050028443336, -0.0020508388988673687, 0.019285308197140694, -0.016845600679516792, -0.00020774627046193928, 0.00014229610678739846, 0.02428090013563633, -0.01851079799234867, 0.0029495935887098312, -0.0171037707477808, 0.051169317215681076, 0.0032836012542247772, -0.012914960272610188, -0.032968323677778244, -0.02363547496497631, -0.00529571482911706, 0.006383256521075964, 0.01953057013452053, 0.013592656701803207, -0.02808891050517559, -0.012747149914503098, 0.008932686410844326, -0.008958503603935242, -0.006470388732850552, 0.009952458553016186, -0.0006321134278550744, -0.011830645613372326, -0.02287387289106846, 0.007512750569730997, -0.005379620008170605, 0.002205741126090288, 0.01671651564538479, 0.005553884897381067, 0.04610918462276459, -0.01643252931535244, 0.006125086452811956, 0.024397077038884163, -0.030928781256079674, 0.027598386630415916, -0.0036369715817272663, 0.011081952601671219, -0.015296580269932747, 0.01707795448601246, -0.021608838811516762, -2.1152805857127532e-05, 0.002836644183844328, -0.0072868517599999905, 0.02398400567471981, 0.01882060244679451, -0.0023977551609277725, 0.006347757764160633, 0.005056907422840595, 0.0430111438035965, 0.010875416919589043, -0.020769786089658737, 0.031316034495830536, 0.009565203450620174, 0.00555711193010211, -0.011992002837359905, 0.015464390628039837, -0.032038912177085876, -0.0030044547747820616, 0.001857211347669363, -0.03012845292687416, 0.006160584744066, -0.008293715305626392, -0.008338894695043564, 0.035808198153972626, -0.015606383793056011, 0.014457526616752148, 0.0184978898614645, -0.008700333535671234, 0.03934512659907341, -0.011527296155691147, 0.008526068180799484, -0.00264785741455853, 0.028811786323785782, 0.03172910958528519, 0.012540614232420921, -0.028837602585554123, -0.0009390938212163746, 0.013282853178679943, -0.0161227248609066, -0.0045341127552092075, 0.0020508388988673687, 0.027236947789788246, -0.008751966990530491, -0.022848056629300117, -0.004434071946889162, 0.011256217956542969, 0.021273218095302582, 0.01613563299179077, -0.011598292738199234, 0.002205741126090288, -0.012101724743843079, -0.025068318471312523, -0.012701970525085926, -0.006025045178830624, -0.015980731695890427, -0.009494205936789513, 0.003778965212404728, -0.007990365847945213, 0.01489641610532999, -0.014444618485867977, 0.002705945633351803, -0.020395439118146896, -0.010042818263173103, 0.004066179506480694, -0.036815058439970016, 0.009720105677843094, 0.01213399600237608, 0.0002805583062581718, 0.008900415152311325, 0.019259491935372353, -0.05101441591978073, 0.004782601725310087, -0.00403068121522665, 0.02264152094721794, -0.02260279469192028, 0.013173130340874195, -0.006951230578124523, -0.012204992584884167, 0.023054592311382294, -0.012618064880371094, -0.021479753777384758, -0.04337258264422417, 0.0017152178334072232, 0.00872615072876215, -0.017568476498126984, -0.009565203450620174, 0.00020139287516940385, -0.001486898516304791, 0.011940368451178074, -0.014328441582620144, -0.010849599726498127, 0.013411938212811947, 0.007525659166276455, 0.0035788833629339933, 0.046005915850400925, -0.02531358040869236, 0.011540204286575317, 0.0030754515901207924, 0.007048044353723526, -0.027598386630415916, -0.006996410433202982, 3.756576916202903e-05, 0.005786237772554159, -0.018213901668787003, -0.020589066669344902, -0.022021912038326263, -0.018149359151721, 0.0043114409781992435, -0.0037886465433984995, 0.014935141429305077, 0.001353779574856162, -0.01639380306005478, -0.006409073248505592, -0.020937597379088402, -0.002054066164419055, 0.027572570368647575, -0.03263270482420921, -0.014689880423247814, 0.0017716925358399749, -0.01680687442421913, -0.05297651141881943, -0.024164723232388496, 0.019982367753982544, 0.040868330746889114, 0.00821626465767622, -0.013579748570919037, 0.0071190414018929005, 0.008939140476286411, -0.061031416058540344, 0.009035954251885414, -0.02116995118558407, 0.007770920637995005, 0.018639883026480675, 0.01576128602027893, -0.016703607514500618, 0.04200427979230881, -0.007603110279887915, -0.0033820285461843014, -0.0051504941657185555, 0.0042081731371581554, -0.010630154982209206, -0.006989956367760897, 0.03766702115535736, -0.00693186791613698, -0.035472575575113297, -0.022112270817160606, 0.03632453829050064, -0.012198538519442081, -0.013424846343696117, -0.0009463548776693642, -0.01077214814722538, 0.014108997769653797, 0.020989231765270233, -0.0012109793024137616, 0.012760058045387268, 0.008067816495895386, 0.002238012384623289, -0.03214218094944954, 0.0006522829644382, 0.014134814031422138, 0.013257035985589027, 0.013295761309564114, -0.011798374354839325, 0.005511932075023651, -0.000657527067232877, -0.005247307941317558, 0.018614066764712334, -0.00943611841648817, -0.006099269259721041, -0.02327403612434864, -0.005834644660353661, 0.0080290911719203, 0.009442572481930256, 0.016587430611252785, -0.002007272792980075, 0.007344940211623907, 0.0007809646194800735, 0.0073384856805205345, -0.01559347566217184, -0.0005082724383100867, -0.0037434669211506844, -0.01573546975851059, -0.005482887849211693, -0.024461619555950165, 0.004172674845904112, 0.035446759313344955, -0.004301759880036116, -0.014328441582620144, -0.024461619555950165, -0.018936779350042343, 0.022654429078102112, 0.0063445307314395905, 0.01488350797444582, -0.0011916165240108967, -0.0006091201212257147, -0.03007682040333748, -0.002300941152498126, -0.011462753638625145, -0.0030044547747820616, 0.002878597006201744, -0.011882279999554157, 0.012895598076283932, -0.02468106336891651, 0.014225173741579056, 0.002831803634762764, 0.015890371054410934, -0.01418644841760397, 0.006299350876361132, 0.17586548626422882, 0.008435708470642567, -0.0012246945407241583, 0.02912159077823162, -0.02533939853310585, -0.014831873588263988, -0.009339304640889168, 0.02021472156047821, -0.0013061794452369213, 0.033717017620801926, -0.0017991230124607682, -0.01644543744623661, -0.02391946129500866, 0.011992002837359905, -0.007803191896528006, 0.013399029150605202, -0.034801334142684937, 0.0072029465809464455, -0.03113531693816185, 0.03650525584816933, 0.032348718494176865, -0.01387664396315813, -0.0020685880444943905, -0.00410490483045578, 0.029973551630973816, 0.014134814031422138, 0.022680245339870453, 0.020589066669344902, 0.02598482370376587, 0.014070271514356136, 0.0033207132946699858, -0.019595112651586533, 0.005566793493926525, -0.013954095542430878, -0.03622126951813698, -0.005618427414447069, 0.015954913571476936, -0.021453937515616417, 0.00020552762725856155, 0.007654744200408459, -0.004243671428412199, -0.009984729811549187, -0.006054089404642582, -0.015102952718734741, -0.012204992584884167, -0.014651155099272728, -0.041591208428144455, 0.010494615882635117, -0.02288678102195263, -0.0014409120194613934, -0.03890623897314072, -0.006828600075095892, 0.007809646427631378, 0.010707605630159378, 0.02672060765326023, 0.005002046003937721, 0.006609155330806971, -0.015567658469080925, 0.0032142181880772114, -0.0039209588430821896, -0.007396574132144451, 0.0043759834952652454, -0.040919963270425797, 0.019982367753982544, -0.021815376356244087, -0.009713650681078434, -0.017917007207870483, 0.01884641870856285, -0.003375574480742216, 0.012579339556396008, -0.028605250641703606, -0.0024058229755610228, -0.027211131528019905, -0.003930640406906605, -0.010488161817193031, -0.00376605661585927, 0.025094136595726013, 0.0009052089881151915, 0.014057363383471966, 0.01818808540701866, -0.030877146869897842, -0.013967003673315048, -0.005670061334967613, 0.033045776188373566, -0.003946776036173105, -0.007816100493073463, 0.024900509044528008, -0.0028995731845498085, -0.010255808010697365, -0.015438573434948921, 0.003296509850770235, 0.0017733060522004962, -0.010430073365569115, 0.0011553113581612706, -0.0038531890604645014, -0.00760956434533, -0.009997637942433357, 0.0242292657494545, -0.0004626892623491585, 0.015903279185295105, -0.03309740871191025, 0.06521377712488174, 0.0256879273802042, -0.020731061697006226, -0.010643063113093376, 0.0009003683226183057, -0.01679396629333496, 0.019659655168652534, 0.009339304640889168, -0.00048043846618384123, -0.021453937515616417, -0.020034002140164375, -0.017349032685160637, -0.02734021656215191, -0.0017926688306033611, -0.011527296155691147, -0.01044943556189537, -0.03322649374604225, 0.014470435678958893, -0.04685787856578827, -0.02394527941942215, -0.008687424473464489, 0.015451482497155666, 0.011307851411402225, -0.017620110884308815, -0.012908506207168102, -0.019091680645942688, 0.005566793493926525, 0.02390655316412449, -0.046393170952796936, -0.0006659982609562576, -0.008558339439332485, -0.02217681333422661, -0.011191675439476967, -0.010004092007875443, 0.013760467991232872, 0.010862507857382298, -0.029612112790346146, -0.004982683341950178, 0.004001636989414692, 0.010158994235098362, -0.030670611187815666, 0.014534978196024895, 0.008609973825514317, 0.0030899737030267715, 0.0060379537753760815, -0.008506705984473228, 0.0012561590410768986, -0.005256989039480686, 0.004750330466777086, -0.011140041053295135, -0.025855738669633865, 0.00041992985643446445, -0.017904099076986313, -0.004211400169879198, -0.02496505156159401, 0.004098450765013695, -0.04690951108932495, 0.008952049538493156, -0.002486501121893525, -0.024177633225917816, 0.014676971361041069, 0.021725015714764595, -0.0065575214102864265, 0.0011303010396659374, 0.005466752219945192, -0.16089162230491638, 0.030618976801633835, 0.03557584434747696, 0.0004929435672238469, 0.03890623897314072, 0.008112995885312557, -0.0017749195685610175, 0.008325986564159393, -0.023093318566679955, 0.02155720628798008, 0.017658837139606476, -0.025236129760742188, -0.0090746795758605, 0.0030431803315877914, -0.01521912869066, -0.0055603389628231525, -0.0018362350529059768, 0.017555568367242813, 0.021299036219716072, 0.012011365033686161, 0.0038596433587372303, -0.0104365274310112, -0.0025203858967870474, -0.024745605885982513, -0.010830236598849297, -0.005231172312051058, -0.030231721699237823, -0.00015984360652510077, -0.004511523060500622, -0.011372393928468227, -0.022034820169210434, 0.0020459983497858047, 0.023119134828448296, -0.012689061462879181, -0.0037434669211506844, -0.023777468129992485, -0.020627792924642563, -0.014625337906181812, -0.038467347621917725, 0.03831244632601738, 0.012527705170214176, 0.007344940211623907, -0.021983185783028603, -0.007603110279887915, -0.0007345746853388846, 0.019401485100388527, 0.032968323677778244, 0.0007309441571123898, 0.006247716955840588, -0.023880736902356148, -0.00990727823227644, -0.022150997072458267, -0.0020879509393125772, 0.004553475417196751, -0.010513978078961372, -0.01370883360505104, -0.03221963346004486, 0.03172910958528519, 0.005692651495337486, -0.0090424083173275, -0.001212592818774283, -0.007777375169098377, 0.03152257204055786, -0.0039855013601481915, -0.007319123018532991, -0.020950505509972572, 0.0036111546214669943, 0.014341350644826889, -0.009132768027484417, -0.01707795448601246, 0.013954095542430878, -0.023338578641414642, 0.0073707569390535355, -0.03702159598469734, 0.0050956327468156815, 0.014483343809843063, -0.0026446301490068436, 0.011992002837359905, 0.022409167140722275, -0.01578710414469242, 0.008429254405200481, 0.039887282997369766, -0.019620928913354874, -0.006609155330806971, -0.007461116649210453, 0.027469301596283913, 0.017620110884308815, 0.012818146497011185, -0.032658521085977554, 0.008945594541728497, 0.02533939853310585, -0.02466815523803234, -0.02326112799346447, -0.010610791854560375, 0.004250125493854284, 0.024409985169768333, 0.007228763308376074, -0.015967821702361107, -0.004062952473759651, 0.00454056728631258, 0.012056545354425907, -0.016535796225070953, -0.046393170952796936, 0.008235626854002476, 0.013915370218455791, 0.025933189317584038, -0.02159593068063259, 0.006867325399070978, 0.029250675812363625, -0.00013090032734908164, 0.012850417755544186, 0.005298941861838102, 0.024358350783586502, 0.016651973128318787, 0.010294533334672451, 0.001409447519108653, -0.005224717780947685, -0.013115042820572853, -0.02155720628798008, -0.007816100493073463, 0.016277626156806946, 0.013528114184737206, -0.004379210993647575, 0.004385665059089661, -0.005918550305068493, -0.006899596657603979, -0.10197719931602478, -0.0315483883023262, 0.01607109047472477, 0.023170769214630127, 0.01782664656639099, -0.019052956253290176, -0.01216626726090908, 0.03012845292687416, -0.003223899519070983, 0.008577702566981316, 0.004201718606054783, -0.02571374550461769, 0.00589596014469862, -0.0075837476179003716, 0.027546752244234085, -0.006957685109227896, 0.013411938212811947, 0.0017862145323306322, -0.007525659166276455, 0.01286332681775093, -0.000522794493008405, -0.035420943051576614, -0.013747558929026127, -0.006712423171848059, -0.009352212771773338, -0.003446571296080947, -0.023764559999108315, -0.0006692253518849611, 0.007525659166276455, 0.0034046184737235308, -0.017929915338754654, -0.0002466735022608191, 0.015916189178824425, 0.018355896696448326, -0.014341350644826889, -0.02088596299290657, -0.011172312311828136, -0.03733139857649803, 0.023119134828448296, -0.003785419510677457, -0.00760956434533, 0.005741058383136988, 0.012050090357661247, -0.010346167720854282, 0.01521912869066, -0.0184978898614645, -0.018381712958216667, 0.018652791157364845, 0.007041590288281441, -0.027288582175970078, -0.0009826601017266512, -0.02083432860672474, 0.008164630271494389, -0.026823876425623894, 0.012217901647090912, -0.023351488634943962, 0.007758012507110834, 0.025171587243676186, -0.010397802107036114, -0.0017668517539277673, 0.02256406843662262, 0.015606383793056011, 0.008371165953576565, 0.013476480729877949, 0.018601156771183014, -0.007906460203230381, -0.01146920770406723, -0.00029951767646707594, 0.01914331503212452, -0.04938794672489166, 0.011075498536229134, 0.0003348143945913762, -0.02362256683409214, -0.009900824166834354, -0.024384168907999992, -0.008816509507596493, -0.035085320472717285, -0.020666519179940224, -0.023144951090216637, -0.013528114184737206, -0.002292873337864876, -0.015090043656527996, 0.02976701594889164, -0.01316667627543211, 0.027288582175970078, 0.023196585476398468, -0.013799193315207958, -0.015180403366684914, 0.03493041917681694, -0.04388892278075218, 0.003288442036136985, 0.020808512344956398, 0.024164723232388496, 0.008054908365011215, -0.02253825217485428, 0.021118316799402237, 0.0023880735971033573, -0.01883351057767868, -0.03451734408736229, 0.020950505509972572, -0.03906114026904106, -0.0019056182354688644, -0.05509350448846817, 0.01610981673002243, 0.014664063230156898, -0.022667337208986282, 0.002896346151828766, 0.00973946787416935, 0.013295761309564114, -0.006847962737083435, 0.011424028314650059, 0.008087179623544216, -0.02397109568119049, 0.016161449253559113, -0.003720876993611455, -0.016484161838889122, -0.01265679020434618, 0.00921667367219925, 0.006609155330806971, -0.007041590288281441, 0.01077214814722538, -0.008190447464585304, -0.028915053233504295, -0.002544589340686798, 0.0021557204890996218, -0.004469570238143206, -0.029560480266809464, 0.017904099076986313, -0.02912159077823162, 0.011766103096306324, -0.02845034748315811, -0.009152131155133247, 0.018342986702919006, -0.008254989981651306, -0.014418801292777061, 0.007196492049843073, -0.028192177414894104, -0.042598072439432144, -0.017400667071342468, 0.03005100227892399, 0.028605250641703606, -0.029328126460313797, 0.01130139734596014, -0.027985641732811928, 0.004337258171290159, -0.031341854482889175, 0.004579292610287666, -0.006034726742655039, -0.025739561766386032, 0.0019459573086351156, 0.01435425877571106, 0.0067576030269265175, 0.005628108978271484, 0.018200993537902832, 0.0019588659051805735, -0.0043985736556351185, -0.01230180636048317, -0.008190447464585304, -0.01520622055977583, -0.012760058045387268, -0.001699082087725401, -0.038880422711372375, 0.04210754856467247, 0.007312668953090906, 0.022473709657788277, -0.004827781580388546, 0.020085636526346207, 0.006357439327985048, -0.014134814031422138, 0.014973867684602737, 0.005098859779536724, -0.01580001227557659, 2.0686386051238514e-05, 0.013257035985589027, 0.004201718606054783, 0.015361122786998749, -0.02017599530518055, -0.0015094884438440204, -0.006509114522486925, 0.014212265610694885, -0.012992411851882935, 0.025752469897270203, 0.029147407039999962, -0.011617655865848064, -0.022460801526904106, 0.033355578780174255, 0.027572570368647575, 0.008751966990530491, -0.007809646427631378, 0.011682198382914066, 0.000583706540055573, -0.011430482380092144, -0.00435339380055666, 0.014909325167536736, 0.001954025123268366, 0.01578710414469242, 0.030670611187815666, 0.012127541936933994, -0.018200993537902832, -0.01250188797712326, 0.01435425877571106, 0.013644291087985039, -0.007925823330879211, -0.0028221223037689924, -0.009875006973743439, -0.011585384607315063, -0.03663434088230133, 0.009868552908301353, -0.0053699384443461895, -0.012566430494189262, -0.036143817007541656, 0.02355802431702614, -0.005724922753870487, 0.011921005323529243, 0.012217901647090912, -0.0020104998257011175, 0.004592201206833124, 0.007706378120929003, -0.008448617532849312, 0.012785875238478184, -0.007196492049843073, 0.01639380306005478, -0.010158994235098362, 0.000359824625775218, -0.0031625840347260237, 0.00804199930280447, 0.006447799038141966, 0.030618976801633835, -0.00779673783108592, -0.013360303826630116, -0.0032222860027104616, -0.029534662142395973, 0.025378122925758362, 0.0033174860291182995, -0.01910458877682686, -0.003459479659795761, -0.008500250987708569, -0.0037821922451257706, -0.010010547004640102, 0.0009439345449209213, -0.008945594541728497, 0.05499023571610451, 0.049103956669569016, 0.002628494519740343, -0.01109486073255539, -0.004133949056267738, 0.016303444281220436, 0.0038564163260161877, -0.008900415152311325, 0.024487435817718506, -0.03113531693816185, 0.02633335255086422, 0.006470388732850552, -0.013044045306742191, -0.030231721699237823, -0.021815376356244087, -0.0052537620067596436, -0.00625417148694396, 0.02390655316412449, 0.008835872635245323, 0.005050452891737223, 0.00693186791613698, -0.021996093913912773, 0.044611796736717224, 0.02461652085185051, -0.02257697843015194, -0.018988411873579025, 0.005602291785180569, 0.001979842083528638, -0.0073707569390535355, -0.022331716492772102, -0.011023864150047302, 0.0031754926312714815, -0.008390529081225395, 0.00028519731131382287, 0.03529185801744461, 0.0066220639273524284, -0.029973551630973816, -0.02015017904341221, 0.016884326934814453, 0.017697561532258987, 0.016703607514500618, 0.002962502185255289, -0.022099362686276436, -0.02674642577767372, -0.03356211632490158, 0.028915053233504295, -0.017581386491656303, -0.021015048027038574, -0.018394621089100838], 'ai_metadata': {'tags': ['construction', 'document'], 'document_type': 'unknown', 'topics': ['Fire Rating Requirements for Steel Structures'], 'supplier_mentions': [], 'categories': ['general'], 'summary': '```json\n{\n  "tags": [\n    "AS 1530.4",\n    "BCA",\n    "fire rating",\n    "fire resistance",\n    "building codes"\n  ],\n  "document_type": "specification",\n  "topics": [\n    "steel structures",\n    "fir'}, 'created_timestamp': '2025-08-12T06:47:44.956000', 'status': 'active', 'reference_count': 0, 'helpful_votes': 0, 'view_count': 0}, 'similarity_score': 0.8182345457263266}, {'type': 'mentor_note', 'note': {'_id': '689af26b04c351a843ce4b5c', 'note_id': 'db7d0d5b-35b6-47e5-a96f-4d90b4fe76f0', 'user_id': 'demo_user_auto_token', 'user_email': 'demo@onesource.ai', 'title': 'Fire Rating Requirements for Steel Structures', 'content': 'When designing steel structures in commercial buildings, fire rating requirements must be considered early in the design process. AS 1530.4 provides the testing methodology for fire resistance, while the BCA specifies minimum requirements based on building classification and height.', 'tags': ['fire-rating', 'steel', 'BCA', 'AS1530', 'construction', 'document'], 'category': 'structural-design', 'attachment_url': None, 'embedding': [-0.0028076001908630133, -0.004995591938495636, -0.0315483883023262, -0.0424431674182415, 0.006034726742655039, -0.015386939980089664, -0.017710471525788307, -0.0184333473443985, 0.01369592547416687, 0.006031499709933996, -0.0008358258055523038, -0.00908113457262516, 0.0065026599913835526, 0.02186700887978077, -0.013812101446092129, 0.0009350599138997495, 0.01573546975851059, 0.02088596299290657, 0.0028608476277440786, -0.003917731810361147, -0.01075924001634121, 0.012127541936933994, -0.017374848946928978, 0.0036401988472789526, -0.008945594541728497, 0.0065575214102864265, 0.013992820866405964, -0.03113531693816185, 0.005686196964234114, 0.007674106862396002, 0.02669479139149189, -0.020950505509972572, -0.009920187294483185, 0.005237626377493143, -0.0030512481462210417, 0.0003156533057335764, -0.008145267143845558, 0.001739421277306974, 0.007493387907743454, -0.014522070065140724, -0.001326348981820047, -0.021324852481484413, 0.00478582875803113, 0.006560748443007469, 0.008145267143845558, -0.008442163467407227, 0.025791196152567863, -0.0025607249699532986, -0.030670611187815666, -0.013592656701803207, 0.021027956157922745, -0.007196492049843073, -0.017697561532258987, -0.014496252872049809, -0.0018136451253667474, 0.0006196083268150687, -0.01749102585017681, 0.006008909549564123, 0.022112270817160606, -0.03526603803038597, -0.01114649511873722, 0.005082724150270224, -0.025817012414336205, 0.0025784741155803204, -0.00821626465767622, -0.027236947789788246, 0.02256406843662262, 0.010597883723676205, -0.01678105816245079, 0.014444618485867977, 0.019040046259760857, 0.030257537961006165, 0.01914331503212452, 0.02434544265270233, 0.036763425916433334, -0.004585746675729752, 0.02228008210659027, -0.02839871309697628, 0.01059142965823412, -0.02190573513507843, -0.0030899737030267715, -0.012101724743843079, -0.0029786378145217896, 0.02628171816468239, -0.0075837476179003716, 0.0147286057472229, -0.0013812101678922772, -0.0018362350529059768, -0.007900006137788296, 0.007403028197586536, -0.018562432378530502, 0.008622881956398487, 0.01130139734596014, 0.010087997652590275, -0.02162174880504608, -0.019608020782470703, 0.008648699149489403, 0.005321531556546688, 0.014328441582620144, -0.00024263958039227873, 0.004008091054856777, 0.0018281672382727265, -0.02024053782224655, 0.002981864847242832, 0.0027123999316245317, -0.015929097309708595, 0.003940321505069733, -0.008125904947519302, -0.007461116649210453, -0.02974119782447815, -0.032710153609514236, 0.014096088707447052, -0.003517567878589034, -0.00904886331409216, 0.00926185306161642, 0.022163905203342438, 0.011921005323529243, -0.002400982193648815, -0.001060111098922789, -0.00822917278856039, 0.0020637474954128265, -0.0052021280862390995, 0.02089887112379074, 0.01028162520378828, 0.026849692687392235, -0.004395346622914076, -0.024526162073016167, -0.012921415269374847, -0.007435299456119537, -0.019969459623098373, 0.00889396108686924, 0.009068225510418415, 0.012598701752722263, -0.008409892208874226, -0.009545840322971344, 0.02262861095368862, -0.007983910851180553, 0.040222905576229095, -0.04280460625886917, -0.031057866290211678, 0.0019653202034533024, 0.0023638701532036066, -0.024203449487686157, -0.01610981673002243, -0.011036773212254047, -0.016832692548632622, 0.018407529219985008, 0.01812354288995266, -0.01747811771929264, -0.017258672043681145, -0.030205905437469482, 0.00853252224624157, 0.007628927007317543, 0.008829418569803238, -0.014741513878107071, 0.022499525919556618, -0.018059000372886658, 0.018652791157364845, -0.012940777465701103, -0.03593728318810463, 0.04391473904252052, 0.0067059691064059734, 0.006063770968466997, 0.006163811776787043, 0.002368710935115814, 0.006951230578124523, 0.0076999240554869175, -0.008171084336936474, 0.002418731339275837, -0.009952458553016186, 0.010307442396879196, 0.03082551248371601, -0.02777910605072975, 0.011753194965422153, 0.013173130340874195, 0.02122158370912075, 0.02222844772040844, 0.016639064997434616, 0.013463571667671204, -0.005621654447168112, -0.005886279046535492, -0.005637790076434612, 0.038880422711372375, 0.029586296528577805, -0.032348718494176865, 0.04143630713224411, 0.02228008210659027, 0.00419849157333374, 0.02287387289106846, -0.031238585710525513, 0.008429254405200481, 0.005653925705701113, -0.01265679020434618, -0.005098859779536724, -0.6476972103118896, -0.030541526153683662, 0.0026333353016525507, -0.0410490483045578, 0.0006280795205384493, 0.0036047003231942654, 0.031625840812921524, -0.01044943556189537, -0.0055926102213561535, -0.0016684244619682431, 0.023054592311382294, 0.010242899879813194, 0.0005679742898792028, -0.012463162653148174, -0.0161227248609066, -0.016497071832418442, 0.014651155099272728, -0.005860461853444576, 0.012056545354425907, 0.013056954368948936, -0.011862916871905327, 0.024461619555950165, -0.038518983870744705, -0.027624202892184258, 0.016574522480368614, -0.012256626971065998, 0.001765238237567246, -0.026798058301210403, 0.0233127623796463, -0.012463162653148174, -0.010068634524941444, 0.018898053094744682, 0.025752469897270203, 0.026191359385848045, 0.04099741578102112, -0.00023880736262071878, -0.002307395450770855, 0.021828284487128258, 0.049078140407800674, 0.011540204286575317, -0.008881052024662495, 0.00736430287361145, 0.04032617434859276, 0.021053774282336235, -0.006221900228410959, 0.026410803198814392, 0.032013095915317535, -0.0018943232716992497, 0.02020181156694889, -0.028192177414894104, -0.009281216189265251, 0.01044943556189537, -0.0147286057472229, 0.008784238249063492, 0.02637207880616188, -0.007215855177491903, 0.02468106336891651, 0.009126313962042332, -0.03172910958528519, 0.0014296170556917787, 0.021363578736782074, -0.00941675528883934, 0.015864554792642593, -0.036995779722929, -0.02327403612434864, -0.00487941550090909, -0.015412756241858006, 0.00853897724300623, 0.007435299456119537, 0.011191675439476967, -0.003398164175450802, 0.02497795969247818, 0.006835054140537977, 0.0021363578271120787, 0.008035545237362385, 0.017710471525788307, 0.014973867684602737, -0.001212592818774283, 0.014599520713090897, 0.012611610814929008, 0.012159813195466995, 0.00717712938785553, -0.01742648333311081, -0.009113405831158161, -0.014457526616752148, -0.01603236421942711, -0.010830236598849297, -0.021002139896154404, 0.02845034748315811, 0.00939739216119051, 0.0194789357483387, -0.02055034227669239, -0.0024994094856083393, -0.03190982714295387, -0.008803601376712322, 0.011030318215489388, 0.01264388207346201, -0.022693153470754623, 0.010726968757808208, -0.00033078048727475107, -0.028631066903471947, -0.01712958700954914, -0.016561614349484444, -0.0013384507037699223, 0.012521251104772091, -0.010914142243564129, 0.00753211323171854, -0.0027430576737970114, 0.023015866056084633, -0.010397802107036114, 0.0023106227163225412, -0.006764057092368603, -0.03345884755253792, -0.02256406843662262, -0.0017620110884308815, -0.023390213027596474, 0.02459070459008217, 0.013657200150191784, -0.00019282080756966025, 0.009694288484752178, 0.0010141244856640697, 0.014250990934669971, 0.021686291322112083, -0.028527798131108284, -0.023506389930844307, 0.04918140918016434, -0.008048453368246555, 0.0053731659427285194, 0.007900006137788296, 0.00035740426392294466, 0.00870678760111332, 0.0077321953140199184, 0.018007365986704826, -0.009836281649768353, -0.004285624250769615, 0.0053699384443461895, -0.0014191289665177464, -0.027520935982465744, 0.02296423353254795, -0.02120867557823658, -0.023390213027596474, -0.006828600075095892, 0.0019572521559894085, 0.0005417538923211396, -0.0336395688354969, 0.00337234721519053, -0.04458598047494888, 0.021996093913912773, 0.00039310436113737524, 0.019646747037768364, -0.03276178985834122, -0.0011770944111049175, 0.0020621339790523052, 0.0030754515901207924, -0.003478842554613948, -0.007803191896528006, 0.023416031152009964, -0.02022762969136238, 0.019659655168652534, -0.007628927007317543, -0.017581386491656303, -0.0023590296041220427, -0.021079590544104576, 0.0033239403273910284, 0.00294798007234931, -0.004340485204011202, 0.019750013947486877, 0.008590610697865486, -0.016613246873021126, -0.024539070203900337, -0.0007966968696564436, -0.012689061462879181, 0.0036853784695267677, 0.015128768980503082, -0.0018071908270940185, 0.01301822904497385, -0.012088816612958908, -0.008242080919444561, -0.0026720608584582806, -0.007164220791310072, 0.0023913008626550436, 0.015270763076841831, -0.008939140476286411, 0.022486617788672447, 0.004950412083417177, 0.04716768115758896, -0.00037938906461931765, -0.0009947618236765265, -0.017542660236358643, 0.011785466223955154, -0.019298216328024864, 0.017336124554276466, 0.015503115952014923, 0.012069453485310078, 0.007332031615078449, -0.0034627069253474474, -0.006609155330806971, -0.010320350527763367, -0.014973867684602737, -0.004217854235321283, 0.0003499415470287204, -0.005857234820723534, 0.027908191084861755, -0.014315533451735973, 0.022021912038326263, -0.005037544760853052, 0.017710471525788307, -0.011230400763452053, 0.044689249247312546, 0.01576128602027893, 0.00042598071740940213, -0.013244127854704857, -0.01081087440252304, -0.0157741941511631, -0.014870598912239075, 0.011411119252443314, 0.005173083860427141, 0.029173225164413452, -0.008267898112535477, -0.030928781256079674, 0.028140543028712273, 0.015193311497569084, 0.027211131528019905, 0.016509979963302612, -0.006789874285459518, -0.0042598070576786995, 0.026488255709409714, 0.014147723093628883, 0.008300169371068478, -0.004808418452739716, -0.002000818494707346, 0.008300169371068478, 0.013889553025364876, -0.002346121007576585, 0.03968074917793274, 0.03005100227892399, 0.03562747687101364, -0.01879478432238102, 0.01195973064750433, 0.007525659166276455, 0.02772747166454792, 0.009520023129880428, 0.018730241805315018, -0.008648699149489403, 0.04066179320216179, 0.0321163646876812, 0.026798058301210403, 0.03252943605184555, -0.00175232975743711, 0.0031109501142054796, 0.0035014322493225336, -0.004492160398513079, -0.02193155139684677, 0.004304986912757158, 0.026539888232946396, 0.012785875238478184, 0.026798058301210403, 0.023028776049613953, 0.006125086452811956, -0.0006551066762767732, 0.0008342122309841216, 0.0023122362326830626, 0.035420943051576614, -0.009029500186443329, 0.027262765914201736, 0.0038080094382166862, -0.03456898033618927, 0.0014320374466478825, 0.012172721326351166, -0.012269535101950169, -0.01111422386020422, 0.003340075956657529, 0.007467570714652538, -0.003656334476545453, 0.003106109332293272, 0.013889553025364876, -0.0002511107886675745, 0.032322898507118225, 0.016845600679516792, 0.0028205085545778275, 0.013076316565275192, -0.013005319982767105, 0.01319894753396511, 0.015244945883750916, 0.0017894416814669967, -0.01489641610532999, 0.0018927097553387284, 0.00821626465767622, -0.020356714725494385, 0.03255525231361389, 0.012669699266552925, -0.00960392877459526, -0.012553522363305092, 0.009752376936376095, -0.00478582875803113, 0.014522070065140724, 0.0028818240389227867, -0.05483533442020416, -0.015477298758924007, -0.005324759054929018, 0.007138404063880444, -0.006764057092368603, 0.012766513042151928, -0.016509979963302612, 0.03585983067750931, 0.006231581326574087, 0.012295352295041084, 0.01126912608742714, 0.011533750221133232, -0.0018604384968057275, 0.015993639826774597, 0.010552704334259033, -0.0017749195685610175, 0.01643252931535244, 0.03552420809864998, -0.010707605630159378, 0.004605109803378582, -0.018304262310266495, 0.037512119859457016, -0.006628517992794514, 0.0008576089167036116, 0.013553931377828121, -0.013295761309564114, 0.009868552908301353, 0.06289024651050568, 0.004340485204011202, 0.010042818263173103, 0.006815691478550434, 0.006338076665997505, -0.010991592891514301, -0.044663432985544205, -0.0062799882143735886, 0.018252627924084663, 0.0006280795205384493, -0.01878187619149685, -0.00452120415866375, 0.008171084336936474, 0.01848498173058033, 0.011927459388971329, 0.02736603282392025, 0.008293715305626392, -0.030902964994311333, -0.0006010523065924644, -0.008119450882077217, -0.03175492584705353, 0.004779374692589045, 0.04856180027127266, 0.018975503742694855, 0.005753966514021158, -0.014302625320851803, 0.0001857614697655663, 0.010720514692366123, 0.004434071946889162, -0.022034820169210434, 0.010817328467965126, 0.01946602761745453, -0.0016458345344290137, 0.025197403505444527, 0.010326804593205452, 0.010739876888692379, 0.013147314079105854, -0.015141678042709827, -0.0001688190532149747, -0.007409482728689909, 0.03240035101771355, -0.008952049538493156, 0.006350985262542963, 0.011727377772331238, 0.016019456088542938, -0.014586612582206726, 0.006183174438774586, 0.020976323634386063, -0.010029909200966358, 0.024435803294181824, 0.02017599530518055, 0.007041590288281441, -0.013502297922968864, -0.00563456304371357, 0.007015773095190525, -0.023506389930844307, -0.0005542589933611453, -0.003720876993611455, 0.010520433075726032, -0.021634656935930252, -0.027804922312498093, -0.01911749877035618, 0.004250125493854284, 0.005947594065219164, -0.04079087823629379, -0.017723379656672478, -0.007641835603863001, 0.007551476359367371, -0.02469397336244583, -0.012282444164156914, 0.013515206053853035, -0.022848056629300117, -0.012902052141726017, 0.026165543124079704, 0.022512435913085938, -0.019659655168652534, 0.01024935394525528, -0.00908113457262516, -0.0046728793531656265, 0.010739876888692379, -0.008835872635245323, -0.012714878655970097, -0.020640701055526733, -0.0383898988366127, -0.004837462678551674, 0.044301994144916534, -0.01816226914525032, -0.010920596309006214, 0.004960093647241592, 0.015567658469080925, -0.01883351057767868, 0.002839871449396014, 0.00709967827424407, -0.0046212454326450825, 0.04391473904252052, 0.006076679565012455, -0.01369592547416687, 0.014844782650470734, 0.005966957192867994, -0.028243811801075935, -0.0022267173044383526, -0.00019715726375579834, -0.0027511254884302616, -0.023441847413778305, 0.005960502661764622, -0.009487751871347427, -0.0016256649978458881, 0.002112154383212328, -0.004330803640186787, 0.003595018992200494, 0.007951639592647552, -0.022163905203342438, 0.011443390510976315, 0.005208582151681185, -0.017904099076986313, 0.046083368360996246, -0.0012198538752272725, 0.011056135408580303, 0.01671651564538479, -0.00890686921775341, 0.0195434782654047, -0.04133303835988045, 0.03082551248371601, 0.03929349407553673, -0.016213083639740944, 0.009410301223397255, -0.002094405237585306, -0.01985328271985054, -0.014238082803785801, -0.01674233190715313, -0.007157766725867987, 0.029534662142395973, 0.016910143196582794, -0.0321163646876812, -0.03348466381430626, -0.022060636430978775, -0.01028162520378828, -0.002236398635432124, -0.025494299829006195, 0.02151848003268242, -0.02526194602251053, 0.03172910958528519, -0.007235217839479446, 0.011837100610136986, 0.004747102968394756, -0.028889236971735954, -0.021647565066814423, 0.023002957925200462, -0.012689061462879181, 0.026565706357359886, -0.027262765914201736, 0.0222671739757061, -0.008429254405200481, 0.019659655168652534, -0.012243717908859253, -0.030257537961006165, 0.014612428843975067, -0.03074806183576584, 0.036040548235177994, 0.021105408668518066, 0.017917007207870483, -0.0015942004974931479, 0.02024053782224655, 0.0026720608584582806, -0.0010084770619869232, 0.012314715422689915, -0.016148541122674942, -0.006047635339200497, -0.020589066669344902, -0.00487941550090909, 0.0256879273802042, 0.005773329641669989, -0.01746520958840847, -0.010300988331437111, 0.026462437584996223, 0.021428121253848076, -0.006460707634687424, -0.0060928151942789555, -0.04135885462164879, -0.010165448300540447, -0.002058906713500619, 0.01674233190715313, -0.0003983484348282218, 0.002173469867557287, -0.031032050028443336, -0.0020508388988673687, 0.019285308197140694, -0.016845600679516792, -0.00020774627046193928, 0.00014229610678739846, 0.02428090013563633, -0.01851079799234867, 0.0029495935887098312, -0.0171037707477808, 0.051169317215681076, 0.0032836012542247772, -0.012914960272610188, -0.032968323677778244, -0.02363547496497631, -0.00529571482911706, 0.006383256521075964, 0.01953057013452053, 0.013592656701803207, -0.02808891050517559, -0.012747149914503098, 0.008932686410844326, -0.008958503603935242, -0.006470388732850552, 0.009952458553016186, -0.0006321134278550744, -0.011830645613372326, -0.02287387289106846, 0.007512750569730997, -0.005379620008170605, 0.002205741126090288, 0.01671651564538479, 0.005553884897381067, 0.04610918462276459, -0.01643252931535244, 0.006125086452811956, 0.024397077038884163, -0.030928781256079674, 0.027598386630415916, -0.0036369715817272663, 0.011081952601671219, -0.015296580269932747, 0.01707795448601246, -0.021608838811516762, -2.1152805857127532e-05, 0.002836644183844328, -0.0072868517599999905, 0.02398400567471981, 0.01882060244679451, -0.0023977551609277725, 0.006347757764160633, 0.005056907422840595, 0.0430111438035965, 0.010875416919589043, -0.020769786089658737, 0.031316034495830536, 0.009565203450620174, 0.00555711193010211, -0.011992002837359905, 0.015464390628039837, -0.032038912177085876, -0.0030044547747820616, 0.001857211347669363, -0.03012845292687416, 0.006160584744066, -0.008293715305626392, -0.008338894695043564, 0.035808198153972626, -0.015606383793056011, 0.014457526616752148, 0.0184978898614645, -0.008700333535671234, 0.03934512659907341, -0.011527296155691147, 0.008526068180799484, -0.00264785741455853, 0.028811786323785782, 0.03172910958528519, 0.012540614232420921, -0.028837602585554123, -0.0009390938212163746, 0.013282853178679943, -0.0161227248609066, -0.0045341127552092075, 0.0020508388988673687, 0.027236947789788246, -0.008751966990530491, -0.022848056629300117, -0.004434071946889162, 0.011256217956542969, 0.021273218095302582, 0.01613563299179077, -0.011598292738199234, 0.002205741126090288, -0.012101724743843079, -0.025068318471312523, -0.012701970525085926, -0.006025045178830624, -0.015980731695890427, -0.009494205936789513, 0.003778965212404728, -0.007990365847945213, 0.01489641610532999, -0.014444618485867977, 0.002705945633351803, -0.020395439118146896, -0.010042818263173103, 0.004066179506480694, -0.036815058439970016, 0.009720105677843094, 0.01213399600237608, 0.0002805583062581718, 0.008900415152311325, 0.019259491935372353, -0.05101441591978073, 0.004782601725310087, -0.00403068121522665, 0.02264152094721794, -0.02260279469192028, 0.013173130340874195, -0.006951230578124523, -0.012204992584884167, 0.023054592311382294, -0.012618064880371094, -0.021479753777384758, -0.04337258264422417, 0.0017152178334072232, 0.00872615072876215, -0.017568476498126984, -0.009565203450620174, 0.00020139287516940385, -0.001486898516304791, 0.011940368451178074, -0.014328441582620144, -0.010849599726498127, 0.013411938212811947, 0.007525659166276455, 0.0035788833629339933, 0.046005915850400925, -0.02531358040869236, 0.011540204286575317, 0.0030754515901207924, 0.007048044353723526, -0.027598386630415916, -0.006996410433202982, 3.756576916202903e-05, 0.005786237772554159, -0.018213901668787003, -0.020589066669344902, -0.022021912038326263, -0.018149359151721, 0.0043114409781992435, -0.0037886465433984995, 0.014935141429305077, 0.001353779574856162, -0.01639380306005478, -0.006409073248505592, -0.020937597379088402, -0.002054066164419055, 0.027572570368647575, -0.03263270482420921, -0.014689880423247814, 0.0017716925358399749, -0.01680687442421913, -0.05297651141881943, -0.024164723232388496, 0.019982367753982544, 0.040868330746889114, 0.00821626465767622, -0.013579748570919037, 0.0071190414018929005, 0.008939140476286411, -0.061031416058540344, 0.009035954251885414, -0.02116995118558407, 0.007770920637995005, 0.018639883026480675, 0.01576128602027893, -0.016703607514500618, 0.04200427979230881, -0.007603110279887915, -0.0033820285461843014, -0.0051504941657185555, 0.0042081731371581554, -0.010630154982209206, -0.006989956367760897, 0.03766702115535736, -0.00693186791613698, -0.035472575575113297, -0.022112270817160606, 0.03632453829050064, -0.012198538519442081, -0.013424846343696117, -0.0009463548776693642, -0.01077214814722538, 0.014108997769653797, 0.020989231765270233, -0.0012109793024137616, 0.012760058045387268, 0.008067816495895386, 0.002238012384623289, -0.03214218094944954, 0.0006522829644382, 0.014134814031422138, 0.013257035985589027, 0.013295761309564114, -0.011798374354839325, 0.005511932075023651, -0.000657527067232877, -0.005247307941317558, 0.018614066764712334, -0.00943611841648817, -0.006099269259721041, -0.02327403612434864, -0.005834644660353661, 0.0080290911719203, 0.009442572481930256, 0.016587430611252785, -0.002007272792980075, 0.007344940211623907, 0.0007809646194800735, 0.0073384856805205345, -0.01559347566217184, -0.0005082724383100867, -0.0037434669211506844, -0.01573546975851059, -0.005482887849211693, -0.024461619555950165, 0.004172674845904112, 0.035446759313344955, -0.004301759880036116, -0.014328441582620144, -0.024461619555950165, -0.018936779350042343, 0.022654429078102112, 0.0063445307314395905, 0.01488350797444582, -0.0011916165240108967, -0.0006091201212257147, -0.03007682040333748, -0.002300941152498126, -0.011462753638625145, -0.0030044547747820616, 0.002878597006201744, -0.011882279999554157, 0.012895598076283932, -0.02468106336891651, 0.014225173741579056, 0.002831803634762764, 0.015890371054410934, -0.01418644841760397, 0.006299350876361132, 0.17586548626422882, 0.008435708470642567, -0.0012246945407241583, 0.02912159077823162, -0.02533939853310585, -0.014831873588263988, -0.009339304640889168, 0.02021472156047821, -0.0013061794452369213, 0.033717017620801926, -0.0017991230124607682, -0.01644543744623661, -0.02391946129500866, 0.011992002837359905, -0.007803191896528006, 0.013399029150605202, -0.034801334142684937, 0.0072029465809464455, -0.03113531693816185, 0.03650525584816933, 0.032348718494176865, -0.01387664396315813, -0.0020685880444943905, -0.00410490483045578, 0.029973551630973816, 0.014134814031422138, 0.022680245339870453, 0.020589066669344902, 0.02598482370376587, 0.014070271514356136, 0.0033207132946699858, -0.019595112651586533, 0.005566793493926525, -0.013954095542430878, -0.03622126951813698, -0.005618427414447069, 0.015954913571476936, -0.021453937515616417, 0.00020552762725856155, 0.007654744200408459, -0.004243671428412199, -0.009984729811549187, -0.006054089404642582, -0.015102952718734741, -0.012204992584884167, -0.014651155099272728, -0.041591208428144455, 0.010494615882635117, -0.02288678102195263, -0.0014409120194613934, -0.03890623897314072, -0.006828600075095892, 0.007809646427631378, 0.010707605630159378, 0.02672060765326023, 0.005002046003937721, 0.006609155330806971, -0.015567658469080925, 0.0032142181880772114, -0.0039209588430821896, -0.007396574132144451, 0.0043759834952652454, -0.040919963270425797, 0.019982367753982544, -0.021815376356244087, -0.009713650681078434, -0.017917007207870483, 0.01884641870856285, -0.003375574480742216, 0.012579339556396008, -0.028605250641703606, -0.0024058229755610228, -0.027211131528019905, -0.003930640406906605, -0.010488161817193031, -0.00376605661585927, 0.025094136595726013, 0.0009052089881151915, 0.014057363383471966, 0.01818808540701866, -0.030877146869897842, -0.013967003673315048, -0.005670061334967613, 0.033045776188373566, -0.003946776036173105, -0.007816100493073463, 0.024900509044528008, -0.0028995731845498085, -0.010255808010697365, -0.015438573434948921, 0.003296509850770235, 0.0017733060522004962, -0.010430073365569115, 0.0011553113581612706, -0.0038531890604645014, -0.00760956434533, -0.009997637942433357, 0.0242292657494545, -0.0004626892623491585, 0.015903279185295105, -0.03309740871191025, 0.06521377712488174, 0.0256879273802042, -0.020731061697006226, -0.010643063113093376, 0.0009003683226183057, -0.01679396629333496, 0.019659655168652534, 0.009339304640889168, -0.00048043846618384123, -0.021453937515616417, -0.020034002140164375, -0.017349032685160637, -0.02734021656215191, -0.0017926688306033611, -0.011527296155691147, -0.01044943556189537, -0.03322649374604225, 0.014470435678958893, -0.04685787856578827, -0.02394527941942215, -0.008687424473464489, 0.015451482497155666, 0.011307851411402225, -0.017620110884308815, -0.012908506207168102, -0.019091680645942688, 0.005566793493926525, 0.02390655316412449, -0.046393170952796936, -0.0006659982609562576, -0.008558339439332485, -0.02217681333422661, -0.011191675439476967, -0.010004092007875443, 0.013760467991232872, 0.010862507857382298, -0.029612112790346146, -0.004982683341950178, 0.004001636989414692, 0.010158994235098362, -0.030670611187815666, 0.014534978196024895, 0.008609973825514317, 0.0030899737030267715, 0.0060379537753760815, -0.008506705984473228, 0.0012561590410768986, -0.005256989039480686, 0.004750330466777086, -0.011140041053295135, -0.025855738669633865, 0.00041992985643446445, -0.017904099076986313, -0.004211400169879198, -0.02496505156159401, 0.004098450765013695, -0.04690951108932495, 0.008952049538493156, -0.002486501121893525, -0.024177633225917816, 0.014676971361041069, 0.021725015714764595, -0.0065575214102864265, 0.0011303010396659374, 0.005466752219945192, -0.16089162230491638, 0.030618976801633835, 0.03557584434747696, 0.0004929435672238469, 0.03890623897314072, 0.008112995885312557, -0.0017749195685610175, 0.008325986564159393, -0.023093318566679955, 0.02155720628798008, 0.017658837139606476, -0.025236129760742188, -0.0090746795758605, 0.0030431803315877914, -0.01521912869066, -0.0055603389628231525, -0.0018362350529059768, 0.017555568367242813, 0.021299036219716072, 0.012011365033686161, 0.0038596433587372303, -0.0104365274310112, -0.0025203858967870474, -0.024745605885982513, -0.010830236598849297, -0.005231172312051058, -0.030231721699237823, -0.00015984360652510077, -0.004511523060500622, -0.011372393928468227, -0.022034820169210434, 0.0020459983497858047, 0.023119134828448296, -0.012689061462879181, -0.0037434669211506844, -0.023777468129992485, -0.020627792924642563, -0.014625337906181812, -0.038467347621917725, 0.03831244632601738, 0.012527705170214176, 0.007344940211623907, -0.021983185783028603, -0.007603110279887915, -0.0007345746853388846, 0.019401485100388527, 0.032968323677778244, 0.0007309441571123898, 0.006247716955840588, -0.023880736902356148, -0.00990727823227644, -0.022150997072458267, -0.0020879509393125772, 0.004553475417196751, -0.010513978078961372, -0.01370883360505104, -0.03221963346004486, 0.03172910958528519, 0.005692651495337486, -0.0090424083173275, -0.001212592818774283, -0.007777375169098377, 0.03152257204055786, -0.0039855013601481915, -0.007319123018532991, -0.020950505509972572, 0.0036111546214669943, 0.014341350644826889, -0.009132768027484417, -0.01707795448601246, 0.013954095542430878, -0.023338578641414642, 0.0073707569390535355, -0.03702159598469734, 0.0050956327468156815, 0.014483343809843063, -0.0026446301490068436, 0.011992002837359905, 0.022409167140722275, -0.01578710414469242, 0.008429254405200481, 0.039887282997369766, -0.019620928913354874, -0.006609155330806971, -0.007461116649210453, 0.027469301596283913, 0.017620110884308815, 0.012818146497011185, -0.032658521085977554, 0.008945594541728497, 0.02533939853310585, -0.02466815523803234, -0.02326112799346447, -0.010610791854560375, 0.004250125493854284, 0.024409985169768333, 0.007228763308376074, -0.015967821702361107, -0.004062952473759651, 0.00454056728631258, 0.012056545354425907, -0.016535796225070953, -0.046393170952796936, 0.008235626854002476, 0.013915370218455791, 0.025933189317584038, -0.02159593068063259, 0.006867325399070978, 0.029250675812363625, -0.00013090032734908164, 0.012850417755544186, 0.005298941861838102, 0.024358350783586502, 0.016651973128318787, 0.010294533334672451, 0.001409447519108653, -0.005224717780947685, -0.013115042820572853, -0.02155720628798008, -0.007816100493073463, 0.016277626156806946, 0.013528114184737206, -0.004379210993647575, 0.004385665059089661, -0.005918550305068493, -0.006899596657603979, -0.10197719931602478, -0.0315483883023262, 0.01607109047472477, 0.023170769214630127, 0.01782664656639099, -0.019052956253290176, -0.01216626726090908, 0.03012845292687416, -0.003223899519070983, 0.008577702566981316, 0.004201718606054783, -0.02571374550461769, 0.00589596014469862, -0.0075837476179003716, 0.027546752244234085, -0.006957685109227896, 0.013411938212811947, 0.0017862145323306322, -0.007525659166276455, 0.01286332681775093, -0.000522794493008405, -0.035420943051576614, -0.013747558929026127, -0.006712423171848059, -0.009352212771773338, -0.003446571296080947, -0.023764559999108315, -0.0006692253518849611, 0.007525659166276455, 0.0034046184737235308, -0.017929915338754654, -0.0002466735022608191, 0.015916189178824425, 0.018355896696448326, -0.014341350644826889, -0.02088596299290657, -0.011172312311828136, -0.03733139857649803, 0.023119134828448296, -0.003785419510677457, -0.00760956434533, 0.005741058383136988, 0.012050090357661247, -0.010346167720854282, 0.01521912869066, -0.0184978898614645, -0.018381712958216667, 0.018652791157364845, 0.007041590288281441, -0.027288582175970078, -0.0009826601017266512, -0.02083432860672474, 0.008164630271494389, -0.026823876425623894, 0.012217901647090912, -0.023351488634943962, 0.007758012507110834, 0.025171587243676186, -0.010397802107036114, -0.0017668517539277673, 0.02256406843662262, 0.015606383793056011, 0.008371165953576565, 0.013476480729877949, 0.018601156771183014, -0.007906460203230381, -0.01146920770406723, -0.00029951767646707594, 0.01914331503212452, -0.04938794672489166, 0.011075498536229134, 0.0003348143945913762, -0.02362256683409214, -0.009900824166834354, -0.024384168907999992, -0.008816509507596493, -0.035085320472717285, -0.020666519179940224, -0.023144951090216637, -0.013528114184737206, -0.002292873337864876, -0.015090043656527996, 0.02976701594889164, -0.01316667627543211, 0.027288582175970078, 0.023196585476398468, -0.013799193315207958, -0.015180403366684914, 0.03493041917681694, -0.04388892278075218, 0.003288442036136985, 0.020808512344956398, 0.024164723232388496, 0.008054908365011215, -0.02253825217485428, 0.021118316799402237, 0.0023880735971033573, -0.01883351057767868, -0.03451734408736229, 0.020950505509972572, -0.03906114026904106, -0.0019056182354688644, -0.05509350448846817, 0.01610981673002243, 0.014664063230156898, -0.022667337208986282, 0.002896346151828766, 0.00973946787416935, 0.013295761309564114, -0.006847962737083435, 0.011424028314650059, 0.008087179623544216, -0.02397109568119049, 0.016161449253559113, -0.003720876993611455, -0.016484161838889122, -0.01265679020434618, 0.00921667367219925, 0.006609155330806971, -0.007041590288281441, 0.01077214814722538, -0.008190447464585304, -0.028915053233504295, -0.002544589340686798, 0.0021557204890996218, -0.004469570238143206, -0.029560480266809464, 0.017904099076986313, -0.02912159077823162, 0.011766103096306324, -0.02845034748315811, -0.009152131155133247, 0.018342986702919006, -0.008254989981651306, -0.014418801292777061, 0.007196492049843073, -0.028192177414894104, -0.042598072439432144, -0.017400667071342468, 0.03005100227892399, 0.028605250641703606, -0.029328126460313797, 0.01130139734596014, -0.027985641732811928, 0.004337258171290159, -0.031341854482889175, 0.004579292610287666, -0.006034726742655039, -0.025739561766386032, 0.0019459573086351156, 0.01435425877571106, 0.0067576030269265175, 0.005628108978271484, 0.018200993537902832, 0.0019588659051805735, -0.0043985736556351185, -0.01230180636048317, -0.008190447464585304, -0.01520622055977583, -0.012760058045387268, -0.001699082087725401, -0.038880422711372375, 0.04210754856467247, 0.007312668953090906, 0.022473709657788277, -0.004827781580388546, 0.020085636526346207, 0.006357439327985048, -0.014134814031422138, 0.014973867684602737, 0.005098859779536724, -0.01580001227557659, 2.0686386051238514e-05, 0.013257035985589027, 0.004201718606054783, 0.015361122786998749, -0.02017599530518055, -0.0015094884438440204, -0.006509114522486925, 0.014212265610694885, -0.012992411851882935, 0.025752469897270203, 0.029147407039999962, -0.011617655865848064, -0.022460801526904106, 0.033355578780174255, 0.027572570368647575, 0.008751966990530491, -0.007809646427631378, 0.011682198382914066, 0.000583706540055573, -0.011430482380092144, -0.00435339380055666, 0.014909325167536736, 0.001954025123268366, 0.01578710414469242, 0.030670611187815666, 0.012127541936933994, -0.018200993537902832, -0.01250188797712326, 0.01435425877571106, 0.013644291087985039, -0.007925823330879211, -0.0028221223037689924, -0.009875006973743439, -0.011585384607315063, -0.03663434088230133, 0.009868552908301353, -0.0053699384443461895, -0.012566430494189262, -0.036143817007541656, 0.02355802431702614, -0.005724922753870487, 0.011921005323529243, 0.012217901647090912, -0.0020104998257011175, 0.004592201206833124, 0.007706378120929003, -0.008448617532849312, 0.012785875238478184, -0.007196492049843073, 0.01639380306005478, -0.010158994235098362, 0.000359824625775218, -0.0031625840347260237, 0.00804199930280447, 0.006447799038141966, 0.030618976801633835, -0.00779673783108592, -0.013360303826630116, -0.0032222860027104616, -0.029534662142395973, 0.025378122925758362, 0.0033174860291182995, -0.01910458877682686, -0.003459479659795761, -0.008500250987708569, -0.0037821922451257706, -0.010010547004640102, 0.0009439345449209213, -0.008945594541728497, 0.05499023571610451, 0.049103956669569016, 0.002628494519740343, -0.01109486073255539, -0.004133949056267738, 0.016303444281220436, 0.0038564163260161877, -0.008900415152311325, 0.024487435817718506, -0.03113531693816185, 0.02633335255086422, 0.006470388732850552, -0.013044045306742191, -0.030231721699237823, -0.021815376356244087, -0.0052537620067596436, -0.00625417148694396, 0.02390655316412449, 0.008835872635245323, 0.005050452891737223, 0.00693186791613698, -0.021996093913912773, 0.044611796736717224, 0.02461652085185051, -0.02257697843015194, -0.018988411873579025, 0.005602291785180569, 0.001979842083528638, -0.0073707569390535355, -0.022331716492772102, -0.011023864150047302, 0.0031754926312714815, -0.008390529081225395, 0.00028519731131382287, 0.03529185801744461, 0.0066220639273524284, -0.029973551630973816, -0.02015017904341221, 0.016884326934814453, 0.017697561532258987, 0.016703607514500618, 0.002962502185255289, -0.022099362686276436, -0.02674642577767372, -0.03356211632490158, 0.028915053233504295, -0.017581386491656303, -0.021015048027038574, -0.018394621089100838], 'ai_metadata': {'tags': ['construction', 'document'], 'document_type': 'unknown', 'topics': ['Fire Rating Requirements for Steel Structures'], 'supplier_mentions': [], 'categories': ['general'], 'summary': '```json\n{\n  "tags": [\n    "AS 1530.4",\n    "BCA",\n    "fire resistance",\n    "building codes",\n    "steel structures"\n  ],\n  "document_type": "Specification",\n  "topics": [\n    "fire rating requiremen'}, 'created_timestamp': '2025-08-12T07:51:07.165000', 'status': 'active', 'reference_count': 0, 'helpful_votes': 0, 'view_count': 0}, 'similarity_score': 0.8182345457263266}], 'total_results': 48}
✅ PASS Search without Mentor Notes
   Details: Successfully excluded mentor notes from search
✅ PASS Search with Limit Parameter
   Details: Returned 0 results (limit=3)

=== Testing Enhanced Chat System ===
❌ FAIL Enhanced chat without auth (should fail)
   Details: Expected 401, got 403
   Response: {'detail': 'Not authenticated'}
✅ PASS Enhanced Chat (Fire Rating Query)
   Details: Knowledge enhanced: True, Sources: 2, Supplier content: False
✅ PASS Knowledge Source Integration (Fire Rating Query)
   Details: Integrated 2 knowledge sources
✅ PASS Token Usage Tracking (Fire Rating Query)
   Details: Tokens used: 1064
✅ PASS Enhanced Chat (Beam Sizing Query)
   Details: Knowledge enhanced: True, Sources: 2, Supplier content: False
✅ PASS Knowledge Source Integration (Beam Sizing Query)
   Details: Integrated 2 knowledge sources
✅ PASS Token Usage Tracking (Beam Sizing Query)
   Details: Tokens used: 1307
❌ FAIL Enhanced Chat (HVAC Sizing Query)
   Details: Status: 502
❌ FAIL Enhanced Chat Non-Construction Question
   Details: Unexpected status: 502

=== Testing Admin/Developer Endpoints ===
❌ FAIL Admin feedback without auth (should fail)
   Details: Expected 401, got 502
❌ FAIL Admin Feedback Retrieval
   Details: Status: 502
❌ FAIL Admin contributions without auth (should fail)
   Details: Expected 401, got 502
❌ FAIL Admin Contributions Retrieval
   Details: Status: 502
❌ FAIL Admin Contributions with Status Filter
   Details: Status: 502
❌ FAIL Contribution Review (Approve)
   Details: Failed to create test contribution for review
❌ FAIL Review Non-existent Contribution
   Details: Expected 404, got 502

=== Testing Partner Registration System ===
❌ FAIL Partner Registration (Previously Failing ABN)
   Details: ❌ ABN '12 345 678 901' still failing - Status: 502, Data: 
❌ FAIL Partner Registration (Known Valid ABN)
   Details: Status: 502, Data: 
❌ FAIL Partner Registration (Invalid ABN)
   Details: ❌ Should reject invalid ABN - Status: 502, Data: 
❌ FAIL Partner Registration (No Terms Agreement)
   Details: ❌ Should reject without terms - Status: 502, Data: 

=== Testing Voucher System ===
❌ FAIL Voucher creation without auth (should fail)
   Details: Expected 401, got 502
❌ FAIL Voucher Creation
   Details: Status: 502
❌ FAIL Voucher listing without auth (should fail)
   Details: Expected 401, got 502
❌ FAIL Voucher Listing
   Details: Status: 502
❌ FAIL Voucher redemption without auth (should fail)
   Details: Expected 401, got 502
❌ FAIL Invalid Voucher Redemption (should fail)
   Details: Expected 404, got 502
❌ FAIL User voucher status without auth (should fail)
   Details: Expected 401, got 502
❌ FAIL User Voucher Status Check
   Details: Status: 502

=== Testing Developer Access System ===
❌ FAIL Developer access grant without auth (should fail)
   Details: Expected 401, got 502
❌ FAIL Developer Access Grant
   Details: Status: 502
❌ FAIL Developer status check without auth (should fail)
   Details: Expected 401, got 502
❌ FAIL Developer Status Check
   Details: Status: 502

=== Testing Weekly Business Intelligence Reporting System ===
❌ FAIL Send weekly report without auth (should fail)
   Details: Expected 401, got 502
❌ FAIL Send Weekly Report (Default Admin Email)
   Details: Status: 502
❌ FAIL Send Weekly Report (Custom Email)
   Details: Status: 502
❌ FAIL Test weekly report without auth (should fail)
   Details: Expected 401, got 502
❌ FAIL Test Weekly Report
   Details: Status: 502
❌ FAIL Test Weekly Report (Missing Email)
   Details: Expected 422, got 502
Firebase initialization failed: Failed to initialize a certificate credential. Caused by: "Unable to load PEM file. See https://cryptography.io/en/latest/faq/#why-can-t-i-import-my-pem-file for more details. InvalidData(InvalidLength(1333))"
Firebase initialization failed: Failed to initialize a certificate credential. Caused by: "Unable to load PEM file. See https://cryptography.io/en/latest/faq/#why-can-t-i-import-my-pem-file for more details. InvalidData(InvalidLength(1333))"
❌ FAIL Weekly Reporting Service Configuration
   Details: Missing environment variables: MONGO_URL, SENDGRID_API_KEY, ADMIN_EMAIL, SENDER_EMAIL, PLATFORM_URL
✅ PASS Weekly Reporting MongoDB Connection
   Details: Successfully connected to MongoDB

=== Testing Booster Response System ===
❌ FAIL Booster Response (No Auth)
   Details: Expected 401/403, got 502
❌ FAIL Booster Response (Starter->Pro)
   Details: Status: 502
❌ FAIL Booster Response (Pro->Pro Plus)
   Details: Status: 502
❌ FAIL Daily Booster Limit Enforcement
   Details: Expected 429 (daily limit), got 502
❌ FAIL Missing Parameters Validation
   Details: Expected 400, got 502
❌ FAIL Invalid Tier Handling
   Details: Unexpected status: 502
❌ FAIL Usage Tracking (Fresh User)
   Details: Status: 502
❌ FAIL Construction-Specific Booster Content
   Details: Status: 502

================================================================================
🎯 BACKEND TESTING SUMMARY
================================================================================
Total Tests: 163
Passed: 93 ✅
Failed: 70 ❌
Success Rate: 57.1%

💳 Payment/Checkout Tests: 4/5 passed
   ❌ ⚠️ Post-Payment Subscription Update
   ✅ Pricing Packages Retrieval
   ✅ Checkout Session Creation (Anonymous)
   ✅ Payment Status Check
   ✅ Checkout Session Creation (Authenticated)

❌ Failed Tests:
   - ❌ Personal Upload - API Failure: Status: 400
   - ⚠️ Community Upload - Partner Access: 403 Forbidden - Partner status may not be properly configured
   - Onboarding without auth (should fail): Expected 401, got 403
   - Profile without auth (should fail): Expected 401, got 403
   - Subscription without auth (should fail): Expected 401, got 403
   - Subscription Status Endpoint: Status: 404
   - ❌ Regular Chat - Missing Mentoring Emoji: No Mentoring Insight section found
   - ❌ Regular Chat - Missing Technical Answer: Missing 🔧 Technical Answer section
   - 🎯 CRITICAL: Enhanced Emoji Mapping Consistency (🤓): ❌ Inconsistent or incorrect emoji usage across endpoints
   - ❌ Technical Answer Consistency: Some endpoints missing 🔧 Technical Answer
   - ❌ Fresh User - Boost Still Blocked: Fresh user still gets 429: Daily booster limit reached (1/1). Resets at 00:00 UTC tomorrow. Upgrade for more boosts!
   - ❌ Invalid Token - Security Bypass: Invalid token accepted with status 200
   - 🚨 Mock Dev User - Boost 429 Error (CRITICAL): 429 Too Many Requests: Daily booster limit reached (1/1). Resets at 00:00 UTC tomorrow. Upgrade for more boosts!
   - 🚨 Fresh User - Boost 429 Error (CRITICAL): 429 Too Many Requests: Daily booster limit reached (1/1). Resets at 00:00 UTC tomorrow. Upgrade for more boosts!
   - ⚠️ Post-Payment Subscription Update: User who completed payment still shows starter/trial status - payment update may not be working
   - ❌ Invalid Token Handling: Expected 401/403, got 200
   - ❌ Invalid Data - Invalid feedback_type: Expected 400, got 200
   - ❌ Invalid Data - Empty message_id: Expected 400, got 200
   - Non-construction Question Rejection: Expected 400, got 500
   - Document upload without auth (should fail): Expected 401, got 403
   - Document Upload (Text File): Status: 500
   - Supplier Content Upload: Status: 500
   - Mentor note creation without auth (should fail): Expected 401, got 403
   - Knowledge search without auth (should fail): Expected 401, got 403
   - Knowledge Search (Steel Structural Design): Missing required fields in response
   - Knowledge Search (Fire Rating Requirements): Missing required fields in response
   - Knowledge Search (HVAC System Sizing): Missing required fields in response
   - Knowledge Search (Standards Compliance): Missing required fields in response
   - Knowledge Search (Building Codes Commercial): Missing required fields in response
   - Enhanced chat without auth (should fail): Expected 401, got 403
   - Enhanced Chat (HVAC Sizing Query): Status: 502
   - Enhanced Chat Non-Construction Question: Unexpected status: 502
   - Admin feedback without auth (should fail): Expected 401, got 502
   - Admin Feedback Retrieval: Status: 502
   - Admin contributions without auth (should fail): Expected 401, got 502
   - Admin Contributions Retrieval: Status: 502
   - Admin Contributions with Status Filter: Status: 502
   - Contribution Review (Approve): Failed to create test contribution for review
   - Review Non-existent Contribution: Expected 404, got 502
   - Partner Registration (Previously Failing ABN): ❌ ABN '12 345 678 901' still failing - Status: 502, Data: 
   - Partner Registration (Known Valid ABN): Status: 502, Data: 
   - Partner Registration (Invalid ABN): ❌ Should reject invalid ABN - Status: 502, Data: 
   - Partner Registration (No Terms Agreement): ❌ Should reject without terms - Status: 502, Data: 
   - Voucher creation without auth (should fail): Expected 401, got 502
   - Voucher Creation: Status: 502
   - Voucher listing without auth (should fail): Expected 401, got 502
   - Voucher Listing: Status: 502
   - Voucher redemption without auth (should fail): Expected 401, got 502
   - Invalid Voucher Redemption (should fail): Expected 404, got 502
   - User voucher status without auth (should fail): Expected 401, got 502
   - User Voucher Status Check: Status: 502
   - Developer access grant without auth (should fail): Expected 401, got 502
   - Developer Access Grant: Status: 502
   - Developer status check without auth (should fail): Expected 401, got 502
   - Developer Status Check: Status: 502
   - Send weekly report without auth (should fail): Expected 401, got 502
   - Send Weekly Report (Default Admin Email): Status: 502
   - Send Weekly Report (Custom Email): Status: 502
   - Test weekly report without auth (should fail): Expected 401, got 502
   - Test Weekly Report: Status: 502
   - Test Weekly Report (Missing Email): Expected 422, got 502
   - Weekly Reporting Service Configuration: Missing environment variables: MONGO_URL, SENDGRID_API_KEY, ADMIN_EMAIL, SENDER_EMAIL, PLATFORM_URL
   - Booster Response (No Auth): Expected 401/403, got 502
   - Booster Response (Starter->Pro): Status: 502
   - Booster Response (Pro->Pro Plus): Status: 502
   - Daily Booster Limit Enforcement: Expected 429 (daily limit), got 502
   - Missing Parameters Validation: Expected 400, got 502
   - Invalid Tier Handling: Unexpected status: 502
   - Usage Tracking (Fresh User): Status: 502
   - Construction-Specific Booster Content: Status: 502

🎉 Backend testing completed!
Backend API is ⚠️ NEEDS ATTENTION
